[2025-03-05T20:03:46.857+0000][0.035s][info][gc] Using G1
[2025-03-05T20:03:46.860+0000][0.038s][info][gc,init] Version: 17.0.12+7-Debian-2deb12u1 (release)
[2025-03-05T20:03:46.861+0000][0.038s][info][gc,init] CPUs: 8 total, 8 available
[2025-03-05T20:03:46.861+0000][0.039s][info][gc,init] Memory: 11966M
[2025-03-05T20:03:46.861+0000][0.039s][info][gc,init] Large Page Support: Disabled
[2025-03-05T20:03:46.862+0000][0.040s][info][gc,init] NUMA Support: Disabled
[2025-03-05T20:03:46.862+0000][0.040s][info][gc,init] Compressed Oops: Enabled (Zero based)
[2025-03-05T20:03:46.862+0000][0.040s][info][gc,init] Heap Region Size: 2M
[2025-03-05T20:03:46.863+0000][0.041s][info][gc,init] Heap Min Capacity: 8M
[2025-03-05T20:03:46.863+0000][0.041s][info][gc,init] Heap Initial Capacity: 188M
[2025-03-05T20:03:46.863+0000][0.041s][info][gc,init] Heap Max Capacity: 2992M
[2025-03-05T20:03:46.864+0000][0.041s][info][gc,init] Pre-touch: Disabled
[2025-03-05T20:03:46.864+0000][0.042s][info][gc,init] Parallel Workers: 8
[2025-03-05T20:03:46.864+0000][0.042s][info][gc,init] Concurrent Workers: 2
[2025-03-05T20:03:46.864+0000][0.042s][info][gc,init] Concurrent Refinement Workers: 8
[2025-03-05T20:03:46.864+0000][0.042s][info][gc,init] Periodic GC: Disabled
[2025-03-05T20:03:46.881+0000][0.059s][info][gc,metaspace] CDS archive(s) mapped at: [0x00007ffaeb000000-0x00007ffaebbc4000-0x00007ffaebbc4000), size 12337152, SharedBaseAddress: 0x00007ffaeb000000, ArchiveRelocationMode: 1.
[2025-03-05T20:03:46.882+0000][0.059s][info][gc,metaspace] Compressed class space mapped at: 0x00007ffaec000000-0x00007ffb2c000000, reserved size: 1073741824
[2025-03-05T20:03:46.882+0000][0.060s][info][gc,metaspace] Narrow klass base: 0x00007ffaeb000000, Narrow klass shift: 0, Narrow klass range: 0x100000000
[2025-03-05T20:03:46.894+0000][0.071s][info][cds,heap    ] initialize_from_archived_subgraph java.lang.Module$ArchivedData 0x00007ffaeb184780 (early)
[2025-03-05T20:03:46.895+0000][0.072s][info][cds,heap    ] initialize_from_archived_subgraph java.util.ImmutableCollections 0x00007ffaeb0722d8 (early)
[2025-03-05T20:03:46.897+0000][0.075s][info][cds,heap    ] initialize_from_archived_subgraph java.lang.Integer$IntegerCache 0x00007ffaeb037660 (early)
[2025-03-05T20:03:46.903+0000][0.080s][info][cds,heap    ] initialize_from_archived_subgraph java.lang.module.Configuration 0x00007ffaeb172700 (early)
[2025-03-05T20:03:46.903+0000][0.081s][info][cds,heap    ] initialize_from_archived_subgraph java.lang.ModuleLayer 0x00007ffaeb146b38 (early)
[2025-03-05T20:03:46.904+0000][0.082s][info][cds,heap    ] initialize_from_archived_subgraph jdk.internal.loader.ArchivedClassLoaders 0x00007ffaeb1adb70 (early)
[2025-03-05T20:03:46.905+0000][0.082s][info][cds,heap    ] initialize_from_archived_subgraph jdk.internal.module.ArchivedBootLayer 0x00007ffaeb179340 (early)
[2025-03-05T20:03:46.907+0000][0.085s][info][cds,heap    ] initialize_from_archived_subgraph sun.util.locale.BaseLocale 0x00007ffaeb26d048
[2025-03-05T20:03:46.915+0000][0.093s][info][cds,heap    ] initialize_from_archived_subgraph java.util.jar.Attributes$Name 0x00007ffaeb19f5e8
[2025-03-05T20:03:46.935+0000][0.113s][info][cds,heap    ] initialize_from_archived_subgraph java.lang.Long$LongCache 0x00007ffaeb020f98
[2025-03-05T20:03:46.993+0000][0.171s][info][cds,heap    ] initialize_from_archived_subgraph java.lang.Character$CharacterCache 0x00007ffaeb03a9e8
[2025-03-05T20:03:47.391+0000][0.569s][debug][safepoint   ] Safepoint synchronization initiated using futex wait barrier. (14 threads)
[2025-03-05T20:03:47.392+0000][0.570s][info ][safepoint   ] Safepoint "ICBufferFull", Time since last: 499238082 ns, Reaching safepoint: 558692 ns, Cleanup: 58997 ns, At safepoint: 19531 ns, Total: 637220 ns
[2025-03-05T20:03:47.440+0000][0.618s][debug][safepoint   ] Safepoint synchronization initiated using futex wait barrier. (14 threads)
[2025-03-05T20:03:47.440+0000][0.618s][info ][gc,start    ] GC(0) Pause Young (Normal) (G1 Evacuation Pause)
[2025-03-05T20:03:47.441+0000][0.619s][info ][gc,task     ] GC(0) Using 4 workers of 8 for evacuation
[2025-03-05T20:03:47.447+0000][0.625s][info ][gc,phases   ] GC(0)   Pre Evacuate Collection Set: 0.1ms
[2025-03-05T20:03:47.447+0000][0.625s][info ][gc,phases   ] GC(0)   Merge Heap Roots: 0.1ms
[2025-03-05T20:03:47.448+0000][0.625s][info ][gc,phases   ] GC(0)   Evacuate Collection Set: 4.0ms
[2025-03-05T20:03:47.448+0000][0.626s][info ][gc,phases   ] GC(0)   Post Evacuate Collection Set: 1.0ms
[2025-03-05T20:03:47.448+0000][0.626s][info ][gc,phases   ] GC(0)   Other: 1.4ms
[2025-03-05T20:03:47.448+0000][0.626s][info ][gc,heap     ] GC(0) Eden regions: 31->0(44)
[2025-03-05T20:03:47.449+0000][0.627s][info ][gc,heap     ] GC(0) Survivor regions: 0->4(4)
[2025-03-05T20:03:47.449+0000][0.627s][info ][gc,heap     ] GC(0) Old regions: 0->1
[2025-03-05T20:03:47.449+0000][0.627s][info ][gc,heap     ] GC(0) Archive regions: 2->2
[2025-03-05T20:03:47.450+0000][0.628s][info ][gc,heap     ] GC(0) Humongous regions: 0->0
[2025-03-05T20:03:47.450+0000][0.628s][info ][gc,metaspace] GC(0) Metaspace: 2507K(2688K)->2507K(2688K) NonClass: 2270K(2368K)->2270K(2368K) Class: 237K(320K)->237K(320K)
[2025-03-05T20:03:47.451+0000][0.629s][info ][gc          ] GC(0) Pause Young (Normal) (G1 Evacuation Pause) 63M->10M(192M) 10.271ms
[2025-03-05T20:03:47.451+0000][0.629s][info ][gc,cpu      ] GC(0) User=0.01s Sys=0.00s Real=0.01s
[2025-03-05T20:03:47.452+0000][0.629s][info ][safepoint   ] Safepoint "G1CollectForAllocation", Time since last: 48241976 ns, Reaching safepoint: 520925 ns, Cleanup: 21952 ns, At safepoint: 11127770 ns, Total: 11670647 ns
[2025-03-05T20:03:47.852+0000][1.030s][debug][safepoint   ] Safepoint synchronization initiated using futex wait barrier. (15 threads)
[2025-03-05T20:03:47.853+0000][1.031s][info ][gc,start    ] GC(1) Pause Young (Normal) (G1 Evacuation Pause)
[2025-03-05T20:03:47.853+0000][1.031s][info ][gc,task     ] GC(1) Using 4 workers of 8 for evacuation
[2025-03-05T20:03:47.861+0000][1.039s][info ][gc,phases   ] GC(1)   Pre Evacuate Collection Set: 0.2ms
[2025-03-05T20:03:47.861+0000][1.039s][info ][gc,phases   ] GC(1)   Merge Heap Roots: 0.1ms
[2025-03-05T20:03:47.861+0000][1.039s][info ][gc,phases   ] GC(1)   Evacuate Collection Set: 5.5ms
[2025-03-05T20:03:47.862+0000][1.040s][info ][gc,phases   ] GC(1)   Post Evacuate Collection Set: 1.2ms
[2025-03-05T20:03:47.863+0000][1.040s][info ][gc,phases   ] GC(1)   Other: 1.0ms
[2025-03-05T20:03:47.863+0000][1.041s][info ][gc,heap     ] GC(1) Eden regions: 44->0(54)
[2025-03-05T20:03:47.864+0000][1.042s][info ][gc,heap     ] GC(1) Survivor regions: 4->2(6)
[2025-03-05T20:03:47.865+0000][1.042s][info ][gc,heap     ] GC(1) Old regions: 1->5
[2025-03-05T20:03:47.865+0000][1.043s][info ][gc,heap     ] GC(1) Archive regions: 2->2
[2025-03-05T20:03:47.866+0000][1.044s][info ][gc,heap     ] GC(1) Humongous regions: 0->0
[2025-03-05T20:03:47.866+0000][1.044s][info ][gc,metaspace] GC(1) Metaspace: 6227K(6592K)->6227K(6592K) NonClass: 5462K(5632K)->5462K(5632K) Class: 765K(960K)->765K(960K)
[2025-03-05T20:03:47.867+0000][1.045s][info ][gc          ] GC(1) Pause Young (Normal) (G1 Evacuation Pause) 98M->13M(192M) 13.935ms
[2025-03-05T20:03:47.867+0000][1.045s][info ][gc,cpu      ] GC(1) User=0.05s Sys=0.01s Real=0.01s
[2025-03-05T20:03:47.868+0000][1.045s][info ][safepoint   ] Safepoint "G1CollectForAllocation", Time since last: 400399322 ns, Reaching safepoint: 598434 ns, Cleanup: 252200 ns, At safepoint: 14760104 ns, Total: 15610738 ns
[2025-03-05T20:03:48.274+0000][1.452s][debug][safepoint   ] Safepoint synchronization initiated using futex wait barrier. (15 threads)
[2025-03-05T20:03:48.275+0000][1.453s][info ][gc,start    ] GC(2) Pause Young (Normal) (G1 Evacuation Pause)
[2025-03-05T20:03:48.276+0000][1.454s][info ][gc,task     ] GC(2) Using 4 workers of 8 for evacuation
[2025-03-05T20:03:48.280+0000][1.458s][info ][gc,phases   ] GC(2)   Pre Evacuate Collection Set: 0.3ms
[2025-03-05T20:03:48.281+0000][1.459s][info ][gc,phases   ] GC(2)   Merge Heap Roots: 0.2ms
[2025-03-05T20:03:48.282+0000][1.459s][info ][gc,phases   ] GC(2)   Evacuate Collection Set: 2.4ms
[2025-03-05T20:03:48.282+0000][1.460s][info ][gc,phases   ] GC(2)   Post Evacuate Collection Set: 1.1ms
[2025-03-05T20:03:48.283+0000][1.461s][info ][gc,phases   ] GC(2)   Other: 1.2ms
[2025-03-05T20:03:48.283+0000][1.461s][info ][gc,heap     ] GC(2) Eden regions: 54->0(54)
[2025-03-05T20:03:48.284+0000][1.462s][info ][gc,heap     ] GC(2) Survivor regions: 2->2(7)
[2025-03-05T20:03:48.285+0000][1.463s][info ][gc,heap     ] GC(2) Old regions: 5->5
[2025-03-05T20:03:48.285+0000][1.463s][info ][gc,heap     ] GC(2) Archive regions: 2->2
[2025-03-05T20:03:48.286+0000][1.464s][info ][gc,heap     ] GC(2) Humongous regions: 0->0
[2025-03-05T20:03:48.286+0000][1.464s][info ][gc,metaspace] GC(2) Metaspace: 10979K(11264K)->10979K(11264K) NonClass: 9543K(9664K)->9543K(9664K) Class: 1435K(1600K)->1435K(1600K)
[2025-03-05T20:03:48.287+0000][1.465s][info ][gc          ] GC(2) Pause Young (Normal) (G1 Evacuation Pause) 121M->14M(192M) 12.068ms
[2025-03-05T20:03:48.288+0000][1.466s][info ][gc,cpu      ] GC(2) User=0.02s Sys=0.00s Real=0.01s
[2025-03-05T20:03:48.288+0000][1.466s][info ][safepoint   ] Safepoint "G1CollectForAllocation", Time since last: 406747001 ns, Reaching safepoint: 619361 ns, Cleanup: 77164 ns, At safepoint: 13302362 ns, Total: 13998887 ns
[2025-03-05T20:03:48.382+0000][1.559s][debug][safepoint   ] Safepoint synchronization initiated using futex wait barrier. (15 threads)
[2025-03-05T20:03:48.382+0000][1.560s][info ][safepoint   ] Safepoint "ICBufferFull", Time since last: 93262472 ns, Reaching safepoint: 431978 ns, Cleanup: 67430 ns, At safepoint: 1702 ns, Total: 501110 ns
[2025-03-05T20:03:48.592+0000][1.770s][debug][safepoint   ] Safepoint synchronization initiated using futex wait barrier. (16 threads)
[2025-03-05T20:03:48.593+0000][1.771s][info ][safepoint   ] Safepoint "ICBufferFull", Time since last: 210202161 ns, Reaching safepoint: 467314 ns, Cleanup: 75317 ns, At safepoint: 15103 ns, Total: 557734 ns
[2025-03-05T20:03:48.659+0000][1.837s][debug][safepoint   ] Safepoint synchronization initiated using futex wait barrier. (16 threads)
[2025-03-05T20:03:48.660+0000][1.838s][info ][gc,start    ] GC(3) Pause Young (Normal) (G1 Evacuation Pause)
[2025-03-05T20:03:48.660+0000][1.838s][info ][gc,task     ] GC(3) Using 4 workers of 8 for evacuation
[2025-03-05T20:03:48.665+0000][1.842s][info ][gc,phases   ] GC(3)   Pre Evacuate Collection Set: 0.1ms
[2025-03-05T20:03:48.665+0000][1.843s][info ][gc,phases   ] GC(3)   Merge Heap Roots: 0.1ms
[2025-03-05T20:03:48.665+0000][1.843s][info ][gc,phases   ] GC(3)   Evacuate Collection Set: 3.5ms
[2025-03-05T20:03:48.665+0000][1.843s][info ][gc,phases   ] GC(3)   Post Evacuate Collection Set: 0.6ms
[2025-03-05T20:03:48.665+0000][1.843s][info ][gc,phases   ] GC(3)   Other: 0.6ms
[2025-03-05T20:03:48.665+0000][1.843s][info ][gc,heap     ] GC(3) Eden regions: 54->0(52)
[2025-03-05T20:03:48.665+0000][1.843s][info ][gc,heap     ] GC(3) Survivor regions: 2->4(7)
[2025-03-05T20:03:48.666+0000][1.843s][info ][gc,heap     ] GC(3) Old regions: 5->5
[2025-03-05T20:03:48.666+0000][1.844s][info ][gc,heap     ] GC(3) Archive regions: 2->2
[2025-03-05T20:03:48.666+0000][1.844s][info ][gc,heap     ] GC(3) Humongous regions: 0->0
[2025-03-05T20:03:48.667+0000][1.844s][info ][gc,metaspace] GC(3) Metaspace: 14650K(14976K)->14650K(14976K) NonClass: 12746K(12928K)->12746K(12928K) Class: 1903K(2048K)->1903K(2048K)
[2025-03-05T20:03:48.667+0000][1.845s][info ][gc          ] GC(3) Pause Young (Normal) (G1 Evacuation Pause) 122M->16M(192M) 7.188ms
[2025-03-05T20:03:48.667+0000][1.845s][info ][gc,cpu      ] GC(3) User=0.02s Sys=0.00s Real=0.01s
[2025-03-05T20:03:48.667+0000][1.845s][info ][safepoint   ] Safepoint "G1CollectForAllocation", Time since last: 66422204 ns, Reaching safepoint: 399585 ns, Cleanup: 16736 ns, At safepoint: 7639628 ns, Total: 8055949 ns
[2025-03-05T20:03:48.789+0000][1.967s][info ][cds,heap    ] initialize_from_archived_subgraph java.lang.Byte$ByteCache 0x00007ffaeb03abf8
[2025-03-05T20:03:48.790+0000][1.968s][info ][cds,heap    ] initialize_from_archived_subgraph java.lang.Short$ShortCache 0x00007ffaeb0412e8
[2025-03-05T20:03:48.938+0000][2.116s][debug][safepoint   ] Safepoint synchronization initiated using futex wait barrier. (16 threads)
[2025-03-05T20:03:48.939+0000][2.116s][info ][gc,start    ] GC(4) Pause Young (Normal) (G1 Evacuation Pause)
[2025-03-05T20:03:48.939+0000][2.117s][info ][gc,task     ] GC(4) Using 4 workers of 8 for evacuation
[2025-03-05T20:03:48.944+0000][2.122s][info ][gc,phases   ] GC(4)   Pre Evacuate Collection Set: 0.2ms
[2025-03-05T20:03:48.944+0000][2.122s][info ][gc,phases   ] GC(4)   Merge Heap Roots: 0.1ms
[2025-03-05T20:03:48.945+0000][2.122s][info ][gc,phases   ] GC(4)   Evacuate Collection Set: 3.2ms
[2025-03-05T20:03:48.945+0000][2.123s][info ][gc,phases   ] GC(4)   Post Evacuate Collection Set: 0.9ms
[2025-03-05T20:03:48.945+0000][2.123s][info ][gc,phases   ] GC(4)   Other: 0.9ms
[2025-03-05T20:03:48.946+0000][2.124s][info ][gc,heap     ] GC(4) Eden regions: 52->0(52)
[2025-03-05T20:03:48.946+0000][2.124s][info ][gc,heap     ] GC(4) Survivor regions: 4->4(7)
[2025-03-05T20:03:48.946+0000][2.124s][info ][gc,heap     ] GC(4) Old regions: 5->5
[2025-03-05T20:03:48.947+0000][2.125s][info ][gc,heap     ] GC(4) Archive regions: 2->2
[2025-03-05T20:03:48.947+0000][2.125s][info ][gc,heap     ] GC(4) Humongous regions: 0->0
[2025-03-05T20:03:48.947+0000][2.125s][info ][gc,metaspace] GC(4) Metaspace: 18746K(19072K)->18746K(19072K) NonClass: 16267K(16448K)->16267K(16448K) Class: 2478K(2624K)->2478K(2624K)
[2025-03-05T20:03:48.948+0000][2.125s][info ][gc          ] GC(4) Pause Young (Normal) (G1 Evacuation Pause) 120M->18M(192M) 9.015ms
[2025-03-05T20:03:48.948+0000][2.126s][info ][gc,cpu      ] GC(4) User=0.01s Sys=0.00s Real=0.01s
[2025-03-05T20:03:48.948+0000][2.126s][info ][safepoint   ] Safepoint "G1CollectForAllocation", Time since last: 270744296 ns, Reaching safepoint: 378543 ns, Cleanup: 49408 ns, At safepoint: 9504040 ns, Total: 9931991 ns
[2025-03-05T20:03:49.074+0000][2.251s][debug][safepoint   ] Safepoint synchronization initiated using futex wait barrier. (16 threads)
[2025-03-05T20:03:49.074+0000][2.252s][info ][gc,start    ] GC(5) Pause Young (Concurrent Start) (Metadata GC Threshold)
[2025-03-05T20:03:49.074+0000][2.252s][info ][gc,task     ] GC(5) Using 4 workers of 8 for evacuation
[2025-03-05T20:03:49.079+0000][2.257s][info ][gc,phases   ] GC(5)   Pre Evacuate Collection Set: 0.2ms
[2025-03-05T20:03:49.080+0000][2.258s][info ][gc,phases   ] GC(5)   Merge Heap Roots: 0.1ms
[2025-03-05T20:03:49.080+0000][2.258s][info ][gc,phases   ] GC(5)   Evacuate Collection Set: 3.7ms
[2025-03-05T20:03:49.080+0000][2.258s][info ][gc,phases   ] GC(5)   Post Evacuate Collection Set: 0.5ms
[2025-03-05T20:03:49.081+0000][2.258s][info ][gc,phases   ] GC(5)   Other: 0.8ms
[2025-03-05T20:03:49.081+0000][2.259s][info ][gc,heap     ] GC(5) Eden regions: 31->0(51)
[2025-03-05T20:03:49.082+0000][2.260s][info ][gc,heap     ] GC(5) Survivor regions: 4->5(7)
[2025-03-05T20:03:49.082+0000][2.260s][info ][gc,heap     ] GC(5) Old regions: 5->5
[2025-03-05T20:03:49.083+0000][2.260s][info ][gc,heap     ] GC(5) Archive regions: 2->2
[2025-03-05T20:03:49.083+0000][2.261s][info ][gc,heap     ] GC(5) Humongous regions: 0->0
[2025-03-05T20:03:49.083+0000][2.261s][info ][gc,metaspace] GC(5) Metaspace: 21251K(21504K)->21251K(21504K) NonClass: 18469K(18624K)->18469K(18624K) Class: 2782K(2880K)->2782K(2880K)
[2025-03-05T20:03:49.084+0000][2.262s][info ][gc          ] GC(5) Pause Young (Concurrent Start) (Metadata GC Threshold) 78M->20M(192M) 9.948ms
[2025-03-05T20:03:49.084+0000][2.262s][info ][gc,cpu      ] GC(5) User=0.03s Sys=0.01s Real=0.01s
[2025-03-05T20:03:49.085+0000][2.263s][info ][gc          ] GC(6) Concurrent Mark Cycle
[2025-03-05T20:03:49.085+0000][2.263s][info ][gc,marking  ] GC(6) Concurrent Clear Claimed Marks
[2025-03-05T20:03:49.085+0000][2.263s][info ][safepoint   ] Safepoint "CollectForMetadataAllocation", Time since last: 125488894 ns, Reaching safepoint: 403867 ns, Cleanup: 40187 ns, At safepoint: 10785547 ns, Total: 11229601 ns
[2025-03-05T20:03:49.086+0000][2.263s][info ][gc,marking  ] GC(6) Concurrent Clear Claimed Marks 0.400ms
[2025-03-05T20:03:49.086+0000][2.264s][info ][gc,marking  ] GC(6) Concurrent Scan Root Regions
[2025-03-05T20:03:49.089+0000][2.267s][info ][gc,marking  ] GC(6) Concurrent Scan Root Regions 2.817ms
[2025-03-05T20:03:49.089+0000][2.267s][info ][gc,marking  ] GC(6) Concurrent Mark
[2025-03-05T20:03:49.090+0000][2.268s][info ][gc,marking  ] GC(6) Concurrent Mark From Roots
[2025-03-05T20:03:49.090+0000][2.268s][info ][gc,task     ] GC(6) Using 2 workers of 2 for marking
[2025-03-05T20:03:49.094+0000][2.272s][info ][gc,marking  ] GC(6) Concurrent Mark From Roots 4.383ms
[2025-03-05T20:03:49.094+0000][2.272s][info ][gc,marking  ] GC(6) Concurrent Preclean
[2025-03-05T20:03:49.095+0000][2.273s][info ][gc,marking  ] GC(6) Concurrent Preclean 0.283ms
[2025-03-05T20:03:49.095+0000][2.273s][debug][safepoint   ] Safepoint synchronization initiated using futex wait barrier. (16 threads)
[2025-03-05T20:03:49.095+0000][2.273s][info ][gc,start    ] GC(6) Pause Remark
[2025-03-05T20:03:49.098+0000][2.276s][info ][gc          ] GC(6) Pause Remark 24M->24M(94M) 2.292ms
[2025-03-05T20:03:49.098+0000][2.276s][info ][gc,cpu      ] GC(6) User=0.01s Sys=0.00s Real=0.00s
[2025-03-05T20:03:49.099+0000][2.277s][info ][safepoint   ] Safepoint "G1PauseRemark", Time since last: 10252269 ns, Reaching safepoint: 389732 ns, Cleanup: 5924 ns, At safepoint: 3447731 ns, Total: 3843387 ns
[2025-03-05T20:03:49.099+0000][2.277s][info ][gc,marking  ] GC(6) Concurrent Mark 9.684ms
[2025-03-05T20:03:49.099+0000][2.277s][info ][gc,marking  ] GC(6) Concurrent Rebuild Remembered Sets
[2025-03-05T20:03:49.101+0000][2.279s][info ][gc,marking  ] GC(6) Concurrent Rebuild Remembered Sets 1.743ms
[2025-03-05T20:03:49.101+0000][2.279s][debug][safepoint   ] Safepoint synchronization initiated using futex wait barrier. (16 threads)
[2025-03-05T20:03:49.102+0000][2.280s][info ][gc,start    ] GC(6) Pause Cleanup
[2025-03-05T20:03:49.102+0000][2.280s][info ][gc          ] GC(6) Pause Cleanup 24M->24M(94M) 0.387ms
[2025-03-05T20:03:49.103+0000][2.281s][info ][gc,cpu      ] GC(6) User=0.00s Sys=0.00s Real=0.00s
[2025-03-05T20:03:49.103+0000][2.281s][info ][safepoint   ] Safepoint "G1PauseCleanup", Time since last: 2636977 ns, Reaching safepoint: 600005 ns, Cleanup: 2931 ns, At safepoint: 1025644 ns, Total: 1628580 ns
[2025-03-05T20:03:49.103+0000][2.281s][info ][gc,marking  ] GC(6) Concurrent Cleanup for Next Mark
[2025-03-05T20:03:49.104+0000][2.282s][info ][gc,marking  ] GC(6) Concurrent Cleanup for Next Mark 1.005ms
[2025-03-05T20:03:49.105+0000][2.283s][info ][gc          ] GC(6) Concurrent Mark Cycle 19.984ms
[2025-03-05T20:03:49.286+0000][2.464s][debug][safepoint   ] Safepoint synchronization initiated using futex wait barrier. (16 threads)
[2025-03-05T20:03:49.287+0000][2.465s][info ][gc,start    ] GC(7) Pause Young (Prepare Mixed) (G1 Preventive Collection)
[2025-03-05T20:03:49.288+0000][2.466s][info ][gc,task     ] GC(7) Using 4 workers of 8 for evacuation
[2025-03-05T20:03:49.294+0000][2.472s][info ][gc,phases   ] GC(7)   Pre Evacuate Collection Set: 0.2ms
[2025-03-05T20:03:49.295+0000][2.473s][info ][gc,phases   ] GC(7)   Merge Heap Roots: 0.1ms
[2025-03-05T20:03:49.296+0000][2.474s][info ][gc,phases   ] GC(7)   Evacuate Collection Set: 5.0ms
[2025-03-05T20:03:49.297+0000][2.474s][info ][gc,phases   ] GC(7)   Post Evacuate Collection Set: 0.9ms
[2025-03-05T20:03:49.297+0000][2.475s][info ][gc,phases   ] GC(7)   Other: 1.2ms
[2025-03-05T20:03:49.298+0000][2.476s][info ][gc,heap     ] GC(7) Eden regions: 28->0(1)
[2025-03-05T20:03:49.298+0000][2.476s][info ][gc,heap     ] GC(7) Survivor regions: 5->5(7)
[2025-03-05T20:03:49.299+0000][2.477s][info ][gc,heap     ] GC(7) Old regions: 5->7
[2025-03-05T20:03:49.300+0000][2.478s][info ][gc,heap     ] GC(7) Archive regions: 2->2
[2025-03-05T20:03:49.301+0000][2.478s][info ][gc,heap     ] GC(7) Humongous regions: 0->0
[2025-03-05T20:03:49.301+0000][2.479s][info ][gc,metaspace] GC(7) Metaspace: 23600K(24000K)->23600K(24000K) NonClass: 20512K(20736K)->20512K(20736K) Class: 3088K(3264K)->3088K(3264K)
[2025-03-05T20:03:49.302+0000][2.480s][info ][gc          ] GC(7) Pause Young (Prepare Mixed) (G1 Preventive Collection) 76M->22M(114M) 14.582ms
[2025-03-05T20:03:49.302+0000][2.480s][info ][gc,cpu      ] GC(7) User=0.05s Sys=0.00s Real=0.02s
[2025-03-05T20:03:49.303+0000][2.481s][info ][safepoint   ] Safepoint "G1CollectForAllocation", Time since last: 183274423 ns, Reaching safepoint: 663634 ns, Cleanup: 46533 ns, At safepoint: 15577752 ns, Total: 16287919 ns
[2025-03-05T20:03:49.312+0000][2.490s][debug][safepoint   ] Safepoint synchronization initiated using futex wait barrier. (16 threads)
[2025-03-05T20:03:49.313+0000][2.491s][info ][gc,start    ] GC(8) Pause Young (Mixed) (G1 Evacuation Pause)
[2025-03-05T20:03:49.313+0000][2.491s][info ][gc,task     ] GC(8) Using 4 workers of 8 for evacuation
[2025-03-05T20:03:49.317+0000][2.495s][info ][gc,phases   ] GC(8)   Pre Evacuate Collection Set: 0.2ms
[2025-03-05T20:03:49.318+0000][2.496s][info ][gc,phases   ] GC(8)   Merge Heap Roots: 0.1ms
[2025-03-05T20:03:49.318+0000][2.496s][info ][gc,phases   ] GC(8)   Evacuate Collection Set: 2.7ms
[2025-03-05T20:03:49.319+0000][2.497s][info ][gc,phases   ] GC(8)   Post Evacuate Collection Set: 0.5ms
[2025-03-05T20:03:49.319+0000][2.497s][info ][gc,phases   ] GC(8)   Other: 0.8ms
[2025-03-05T20:03:49.320+0000][2.498s][info ][gc,heap     ] GC(8) Eden regions: 1->0(33)
[2025-03-05T20:03:49.321+0000][2.498s][info ][gc,heap     ] GC(8) Survivor regions: 5->1(1)
[2025-03-05T20:03:49.321+0000][2.499s][info ][gc,heap     ] GC(8) Old regions: 7->10
[2025-03-05T20:03:49.322+0000][2.499s][info ][gc,heap     ] GC(8) Archive regions: 2->2
[2025-03-05T20:03:49.322+0000][2.500s][info ][gc,heap     ] GC(8) Humongous regions: 0->0
[2025-03-05T20:03:49.323+0000][2.501s][info ][gc,metaspace] GC(8) Metaspace: 23765K(24128K)->23765K(24128K) NonClass: 20657K(20864K)->20657K(20864K) Class: 3107K(3264K)->3107K(3264K)
[2025-03-05T20:03:49.323+0000][2.501s][info ][gc          ] GC(8) Pause Young (Mixed) (G1 Evacuation Pause) 24M->23M(114M) 10.227ms
[2025-03-05T20:03:49.324+0000][2.502s][info ][gc,cpu      ] GC(8) User=0.02s Sys=0.00s Real=0.01s
[2025-03-05T20:03:49.324+0000][2.502s][info ][safepoint   ] Safepoint "G1CollectForAllocation", Time since last: 9776366 ns, Reaching safepoint: 578847 ns, Cleanup: 10948 ns, At safepoint: 11264836 ns, Total: 11854631 ns
[2025-03-05T20:03:49.474+0000][2.652s][debug][safepoint   ] Safepoint synchronization initiated using futex wait barrier. (15 threads)
[2025-03-05T20:03:49.475+0000][2.653s][info ][gc,start    ] GC(9) Pause Young (Normal) (G1 Evacuation Pause)
[2025-03-05T20:03:49.476+0000][2.654s][info ][gc,task     ] GC(9) Using 3 workers of 8 for evacuation
[2025-03-05T20:03:49.481+0000][2.659s][info ][gc,phases   ] GC(9)   Pre Evacuate Collection Set: 0.3ms
[2025-03-05T20:03:49.482+0000][2.660s][info ][gc,phases   ] GC(9)   Merge Heap Roots: 0.2ms
[2025-03-05T20:03:49.482+0000][2.660s][info ][gc,phases   ] GC(9)   Evacuate Collection Set: 3.0ms
[2025-03-05T20:03:49.483+0000][2.661s][info ][gc,phases   ] GC(9)   Post Evacuate Collection Set: 1.2ms
[2025-03-05T20:03:49.483+0000][2.661s][info ][gc,phases   ] GC(9)   Other: 1.2ms
[2025-03-05T20:03:49.484+0000][2.661s][info ][gc,heap     ] GC(9) Eden regions: 33->0(29)
[2025-03-05T20:03:49.484+0000][2.662s][info ][gc,heap     ] GC(9) Survivor regions: 1->4(5)
[2025-03-05T20:03:49.484+0000][2.662s][info ][gc,heap     ] GC(9) Old regions: 10->10
[2025-03-05T20:03:49.485+0000][2.663s][info ][gc,heap     ] GC(9) Archive regions: 2->2
[2025-03-05T20:03:49.485+0000][2.663s][info ][gc,heap     ] GC(9) Humongous regions: 0->0
[2025-03-05T20:03:49.486+0000][2.664s][info ][gc,metaspace] GC(9) Metaspace: 24431K(24832K)->24431K(24832K) NonClass: 21249K(21440K)->21249K(21440K) Class: 3182K(3392K)->3182K(3392K)
[2025-03-05T20:03:49.486+0000][2.664s][info ][gc          ] GC(9) Pause Young (Normal) (G1 Evacuation Pause) 89M->27M(114M) 10.777ms
[2025-03-05T20:03:49.487+0000][2.664s][info ][gc,cpu      ] GC(9) User=0.02s Sys=0.00s Real=0.01s
[2025-03-05T20:03:49.487+0000][2.665s][info ][safepoint   ] Safepoint "G1CollectForAllocation", Time since last: 150181533 ns, Reaching safepoint: 788375 ns, Cleanup: 58496 ns, At safepoint: 11786345 ns, Total: 12633216 ns
[2025-03-05T20:03:49.545+0000][2.723s][debug][safepoint   ] Safepoint synchronization initiated using futex wait barrier. (15 threads)
[2025-03-05T20:03:49.546+0000][2.724s][info ][gc,start    ] GC(10) Pause Young (Normal) (G1 Evacuation Pause)
[2025-03-05T20:03:49.546+0000][2.724s][info ][gc,task     ] GC(10) Using 2 workers of 8 for evacuation
[2025-03-05T20:03:49.556+0000][2.734s][info ][gc,phases   ] GC(10)   Pre Evacuate Collection Set: 0.2ms
[2025-03-05T20:03:49.557+0000][2.735s][info ][gc,phases   ] GC(10)   Merge Heap Roots: 0.2ms
[2025-03-05T20:03:49.558+0000][2.736s][info ][gc,phases   ] GC(10)   Evacuate Collection Set: 7.7ms
[2025-03-05T20:03:49.558+0000][2.736s][info ][gc,phases   ] GC(10)   Post Evacuate Collection Set: 1.5ms
[2025-03-05T20:03:49.559+0000][2.737s][info ][gc,phases   ] GC(10)   Other: 1.1ms
[2025-03-05T20:03:49.559+0000][2.737s][info ][gc,heap     ] GC(10) Eden regions: 29->0(25)
[2025-03-05T20:03:49.559+0000][2.737s][info ][gc,heap     ] GC(10) Survivor regions: 4->4(5)
[2025-03-05T20:03:49.560+0000][2.738s][info ][gc,heap     ] GC(10) Old regions: 10->13
[2025-03-05T20:03:49.560+0000][2.738s][info ][gc,heap     ] GC(10) Archive regions: 2->2
[2025-03-05T20:03:49.561+0000][2.739s][info ][gc,heap     ] GC(10) Humongous regions: 0->0
[2025-03-05T20:03:49.561+0000][2.739s][info ][gc,metaspace] GC(10) Metaspace: 24447K(24896K)->24447K(24896K) NonClass: 21259K(21504K)->21259K(21504K) Class: 3187K(3392K)->3187K(3392K)
[2025-03-05T20:03:49.562+0000][2.740s][info ][gc          ] GC(10) Pause Young (Normal) (G1 Evacuation Pause) 85M->35M(114M) 16.105ms
[2025-03-05T20:03:49.562+0000][2.740s][info ][gc,cpu      ] GC(10) User=0.06s Sys=0.00s Real=0.02s
[2025-03-05T20:03:49.562+0000][2.740s][info ][safepoint   ] Safepoint "G1CollectForAllocation", Time since last: 57779391 ns, Reaching safepoint: 732883 ns, Cleanup: 3450 ns, At safepoint: 16868053 ns, Total: 17604386 ns
[2025-03-05T20:03:49.648+0000][2.826s][debug][safepoint   ] Safepoint synchronization initiated using futex wait barrier. (15 threads)
[2025-03-05T20:03:49.649+0000][2.827s][info ][gc,start    ] GC(11) Pause Young (Normal) (G1 Evacuation Pause)
[2025-03-05T20:03:49.649+0000][2.827s][info ][gc,task     ] GC(11) Using 2 workers of 8 for evacuation
[2025-03-05T20:03:49.661+0000][2.839s][info ][gc,phases   ] GC(11)   Pre Evacuate Collection Set: 0.2ms
[2025-03-05T20:03:49.662+0000][2.840s][info ][gc,phases   ] GC(11)   Merge Heap Roots: 0.2ms
[2025-03-05T20:03:49.663+0000][2.841s][info ][gc,phases   ] GC(11)   Evacuate Collection Set: 9.8ms
[2025-03-05T20:03:49.664+0000][2.842s][info ][gc,phases   ] GC(11)   Post Evacuate Collection Set: 1.5ms
[2025-03-05T20:03:49.664+0000][2.842s][info ][gc,phases   ] GC(11)   Other: 0.9ms
[2025-03-05T20:03:49.665+0000][2.843s][info ][gc,heap     ] GC(11) Eden regions: 25->0(62)
[2025-03-05T20:03:49.666+0000][2.844s][info ][gc,heap     ] GC(11) Survivor regions: 4->3(4)
[2025-03-05T20:03:49.667+0000][2.845s][info ][gc,heap     ] GC(11) Old regions: 13->17
[2025-03-05T20:03:49.667+0000][2.845s][info ][gc,heap     ] GC(11) Archive regions: 2->2
[2025-03-05T20:03:49.668+0000][2.846s][info ][gc,heap     ] GC(11) Humongous regions: 0->0
[2025-03-05T20:03:49.668+0000][2.846s][info ][gc,metaspace] GC(11) Metaspace: 24591K(24960K)->24591K(24960K) NonClass: 21377K(21568K)->21377K(21568K) Class: 3213K(3392K)->3213K(3392K)
[2025-03-05T20:03:49.669+0000][2.847s][info ][gc          ] GC(11) Pause Young (Normal) (G1 Evacuation Pause) 85M->40M(226M) 19.974ms
[2025-03-05T20:03:49.669+0000][2.847s][info ][gc,cpu      ] GC(11) User=0.06s Sys=0.00s Real=0.02s
[2025-03-05T20:03:49.670+0000][2.848s][info ][safepoint   ] Safepoint "G1CollectForAllocation", Time since last: 85687385 ns, Reaching safepoint: 591071 ns, Cleanup: 27681 ns, At safepoint: 20988735 ns, Total: 21607487 ns
[2025-03-05T20:03:49.876+0000][3.054s][debug][safepoint   ] Safepoint synchronization initiated using futex wait barrier. (15 threads)
[2025-03-05T20:03:49.877+0000][3.054s][info ][safepoint   ] Safepoint "ICBufferFull", Time since last: 206015716 ns, Reaching safepoint: 647123 ns, Cleanup: 104281 ns, At safepoint: 2077 ns, Total: 753481 ns
[2025-03-05T20:03:49.994+0000][3.172s][debug][safepoint   ] Safepoint synchronization initiated using futex wait barrier. (15 threads)
[2025-03-05T20:03:49.995+0000][3.173s][info ][gc,start    ] GC(12) Pause Young (Normal) (G1 Evacuation Pause)
[2025-03-05T20:03:49.996+0000][3.174s][info ][gc,task     ] GC(12) Using 5 workers of 8 for evacuation
[2025-03-05T20:03:50.004+0000][3.181s][info ][gc,phases   ] GC(12)   Pre Evacuate Collection Set: 0.1ms
[2025-03-05T20:03:50.004+0000][3.182s][info ][gc,phases   ] GC(12)   Merge Heap Roots: 0.1ms
[2025-03-05T20:03:50.005+0000][3.183s][info ][gc,phases   ] GC(12)   Evacuate Collection Set: 5.6ms
[2025-03-05T20:03:50.006+0000][3.183s][info ][gc,phases   ] GC(12)   Post Evacuate Collection Set: 1.0ms
[2025-03-05T20:03:50.007+0000][3.184s][info ][gc,phases   ] GC(12)   Other: 1.6ms
[2025-03-05T20:03:50.007+0000][3.185s][info ][gc,heap     ] GC(12) Eden regions: 62->0(58)
[2025-03-05T20:03:50.008+0000][3.186s][info ][gc,heap     ] GC(12) Survivor regions: 3->8(9)
[2025-03-05T20:03:50.009+0000][3.187s][info ][gc,heap     ] GC(12) Old regions: 17->17
[2025-03-05T20:03:50.009+0000][3.187s][info ][gc,heap     ] GC(12) Archive regions: 2->2
[2025-03-05T20:03:50.010+0000][3.188s][info ][gc,heap     ] GC(12) Humongous regions: 0->0
[2025-03-05T20:03:50.010+0000][3.188s][info ][gc,metaspace] GC(12) Metaspace: 25091K(25472K)->25091K(25472K) NonClass: 21836K(22016K)->21836K(22016K) Class: 3255K(3456K)->3255K(3456K)
[2025-03-05T20:03:50.011+0000][3.189s][info ][gc          ] GC(12) Pause Young (Normal) (G1 Evacuation Pause) 164M->50M(226M) 15.588ms
[2025-03-05T20:03:50.011+0000][3.189s][info ][gc,cpu      ] GC(12) User=0.06s Sys=0.00s Real=0.01s
[2025-03-05T20:03:50.012+0000][3.190s][info ][safepoint   ] Safepoint "G1CollectForAllocation", Time since last: 117908940 ns, Reaching safepoint: 751250 ns, Cleanup: 35444 ns, At safepoint: 16653263 ns, Total: 17439957 ns
[2025-03-05T20:03:50.222+0000][3.400s][debug][safepoint   ] Safepoint synchronization initiated using futex wait barrier. (15 threads)
[2025-03-05T20:03:50.222+0000][3.400s][info ][gc,start    ] GC(13) Pause Young (Normal) (G1 Evacuation Pause)
[2025-03-05T20:03:50.223+0000][3.400s][info ][gc,task     ] GC(13) Using 5 workers of 8 for evacuation
[2025-03-05T20:03:50.231+0000][3.409s][info ][gc,phases   ] GC(13)   Pre Evacuate Collection Set: 0.1ms
[2025-03-05T20:03:50.232+0000][3.410s][info ][gc,phases   ] GC(13)   Merge Heap Roots: 0.1ms
[2025-03-05T20:03:50.232+0000][3.410s][info ][gc,phases   ] GC(13)   Evacuate Collection Set: 6.1ms
[2025-03-05T20:03:50.233+0000][3.411s][info ][gc,phases   ] GC(13)   Post Evacuate Collection Set: 1.7ms
[2025-03-05T20:03:50.234+0000][3.412s][info ][gc,phases   ] GC(13)   Other: 0.6ms
[2025-03-05T20:03:50.234+0000][3.412s][info ][gc,heap     ] GC(13) Eden regions: 58->0(59)
[2025-03-05T20:03:50.235+0000][3.413s][info ][gc,heap     ] GC(13) Survivor regions: 8->3(9)
[2025-03-05T20:03:50.235+0000][3.413s][info ][gc,heap     ] GC(13) Old regions: 17->24
[2025-03-05T20:03:50.236+0000][3.414s][info ][gc,heap     ] GC(13) Archive regions: 2->2
[2025-03-05T20:03:50.236+0000][3.414s][info ][gc,heap     ] GC(13) Humongous regions: 0->0
[2025-03-05T20:03:50.237+0000][3.415s][info ][gc,metaspace] GC(13) Metaspace: 25209K(25600K)->25209K(25600K) NonClass: 21938K(22144K)->21938K(22144K) Class: 3271K(3456K)->3271K(3456K)
[2025-03-05T20:03:50.237+0000][3.415s][info ][gc          ] GC(13) Pause Young (Normal) (G1 Evacuation Pause) 166M->55M(226M) 14.909ms
[2025-03-05T20:03:50.238+0000][3.416s][info ][gc,cpu      ] GC(13) User=0.05s Sys=0.00s Real=0.01s
[2025-03-05T20:03:50.238+0000][3.416s][info ][safepoint   ] Safepoint "G1CollectForAllocation", Time since last: 210019316 ns, Reaching safepoint: 351775 ns, Cleanup: 43704 ns, At safepoint: 15903616 ns, Total: 16299095 ns
[2025-03-05T20:03:50.468+0000][3.645s][debug][safepoint   ] Safepoint synchronization initiated using futex wait barrier. (16 threads)
[2025-03-05T20:03:50.468+0000][3.646s][info ][gc,start    ] GC(14) Pause Young (Normal) (G1 Evacuation Pause)
[2025-03-05T20:03:50.469+0000][3.647s][info ][gc,task     ] GC(14) Using 5 workers of 8 for evacuation
[2025-03-05T20:03:50.472+0000][3.650s][info ][gc,phases   ] GC(14)   Pre Evacuate Collection Set: 0.1ms
[2025-03-05T20:03:50.472+0000][3.650s][info ][gc,phases   ] GC(14)   Merge Heap Roots: 0.1ms
[2025-03-05T20:03:50.473+0000][3.650s][info ][gc,phases   ] GC(14)   Evacuate Collection Set: 1.6ms
[2025-03-05T20:03:50.473+0000][3.651s][info ][gc,phases   ] GC(14)   Post Evacuate Collection Set: 0.5ms
[2025-03-05T20:03:50.474+0000][3.652s][info ][gc,phases   ] GC(14)   Other: 1.4ms
[2025-03-05T20:03:50.475+0000][3.653s][info ][gc,heap     ] GC(14) Eden regions: 59->0(61)
[2025-03-05T20:03:50.475+0000][3.653s][info ][gc,heap     ] GC(14) Survivor regions: 3->3(8)
[2025-03-05T20:03:50.476+0000][3.654s][info ][gc,heap     ] GC(14) Old regions: 24->24
[2025-03-05T20:03:50.476+0000][3.654s][info ][gc,heap     ] GC(14) Archive regions: 2->2
[2025-03-05T20:03:50.477+0000][3.655s][info ][gc,heap     ] GC(14) Humongous regions: 0->0
[2025-03-05T20:03:50.477+0000][3.655s][info ][gc,metaspace] GC(14) Metaspace: 26811K(27200K)->26811K(27200K) NonClass: 23415K(23616K)->23415K(23616K) Class: 3395K(3584K)->3395K(3584K)
[2025-03-05T20:03:50.478+0000][3.655s][info ][gc          ] GC(14) Pause Young (Normal) (G1 Evacuation Pause) 173M->54M(226M) 9.330ms
[2025-03-05T20:03:50.478+0000][3.656s][info ][gc,cpu      ] GC(14) User=0.01s Sys=0.00s Real=0.01s
[2025-03-05T20:03:50.478+0000][3.656s][info ][safepoint   ] Safepoint "G1CollectForAllocation", Time since last: 229338351 ns, Reaching safepoint: 580710 ns, Cleanup: 25356 ns, At safepoint: 10283072 ns, Total: 10889138 ns
[2025-03-05T20:03:50.772+0000][3.950s][debug][safepoint   ] Safepoint synchronization initiated using futex wait barrier. (15 threads)
[2025-03-05T20:03:50.772+0000][3.950s][info ][gc,start    ] GC(15) Pause Young (Normal) (G1 Evacuation Pause)
[2025-03-05T20:03:50.773+0000][3.951s][info ][gc,task     ] GC(15) Using 5 workers of 8 for evacuation
[2025-03-05T20:03:50.776+0000][3.954s][info ][gc,phases   ] GC(15)   Pre Evacuate Collection Set: 0.1ms
[2025-03-05T20:03:50.777+0000][3.955s][info ][gc,phases   ] GC(15)   Merge Heap Roots: 0.1ms
[2025-03-05T20:03:50.777+0000][3.955s][info ][gc,phases   ] GC(15)   Evacuate Collection Set: 1.9ms
[2025-03-05T20:03:50.778+0000][3.956s][info ][gc,phases   ] GC(15)   Post Evacuate Collection Set: 0.6ms
[2025-03-05T20:03:50.779+0000][3.957s][info ][gc,phases   ] GC(15)   Other: 1.3ms
[2025-03-05T20:03:50.779+0000][3.957s][info ][gc,heap     ] GC(15) Eden regions: 61->0(62)
[2025-03-05T20:03:50.780+0000][3.958s][info ][gc,heap     ] GC(15) Survivor regions: 3->4(8)
[2025-03-05T20:03:50.780+0000][3.958s][info ][gc,heap     ] GC(15) Old regions: 24->24
[2025-03-05T20:03:50.781+0000][3.959s][info ][gc,heap     ] GC(15) Archive regions: 2->2
[2025-03-05T20:03:50.782+0000][3.959s][info ][gc,heap     ] GC(15) Humongous regions: 0->0
[2025-03-05T20:03:50.782+0000][3.960s][info ][gc,metaspace] GC(15) Metaspace: 31602K(31936K)->31602K(31936K) NonClass: 27672K(27840K)->27672K(27840K) Class: 3930K(4096K)->3930K(4096K)
[2025-03-05T20:03:50.782+0000][3.960s][info ][gc          ] GC(15) Pause Young (Normal) (G1 Evacuation Pause) 176M->56M(226M) 10.027ms
[2025-03-05T20:03:50.783+0000][3.961s][info ][gc,cpu      ] GC(15) User=0.01s Sys=0.00s Real=0.01s
[2025-03-05T20:03:50.784+0000][3.962s][info ][safepoint   ] Safepoint "G1CollectForAllocation", Time since last: 293184472 ns, Reaching safepoint: 669692 ns, Cleanup: 50600 ns, At safepoint: 11353254 ns, Total: 12073546 ns
[2025-03-05T20:03:51.080+0000][4.257s][debug][safepoint   ] Safepoint synchronization initiated using futex wait barrier. (15 threads)
[2025-03-05T20:03:51.080+0000][4.258s][info ][gc,start    ] GC(16) Pause Young (Normal) (G1 Evacuation Pause)
[2025-03-05T20:03:51.081+0000][4.259s][info ][gc,task     ] GC(16) Using 5 workers of 8 for evacuation
[2025-03-05T20:03:51.084+0000][4.262s][info ][gc,phases   ] GC(16)   Pre Evacuate Collection Set: 0.1ms
[2025-03-05T20:03:51.085+0000][4.263s][info ][gc,phases   ] GC(16)   Merge Heap Roots: 0.2ms
[2025-03-05T20:03:51.085+0000][4.263s][info ][gc,phases   ] GC(16)   Evacuate Collection Set: 2.2ms
[2025-03-05T20:03:51.086+0000][4.264s][info ][gc,phases   ] GC(16)   Post Evacuate Collection Set: 0.6ms
[2025-03-05T20:03:51.086+0000][4.264s][info ][gc,phases   ] GC(16)   Other: 1.1ms
[2025-03-05T20:03:51.087+0000][4.264s][info ][gc,heap     ] GC(16) Eden regions: 62->0(62)
[2025-03-05T20:03:51.087+0000][4.265s][info ][gc,heap     ] GC(16) Survivor regions: 4->5(9)
[2025-03-05T20:03:51.087+0000][4.265s][info ][gc,heap     ] GC(16) Old regions: 24->24
[2025-03-05T20:03:51.088+0000][4.266s][info ][gc,heap     ] GC(16) Archive regions: 2->2
[2025-03-05T20:03:51.088+0000][4.266s][info ][gc,heap     ] GC(16) Humongous regions: 0->0
[2025-03-05T20:03:51.088+0000][4.266s][info ][gc,metaspace] GC(16) Metaspace: 34257K(34688K)->34257K(34688K) NonClass: 30003K(30208K)->30003K(30208K) Class: 4254K(4480K)->4254K(4480K)
[2025-03-05T20:03:51.089+0000][4.267s][info ][gc          ] GC(16) Pause Young (Normal) (G1 Evacuation Pause) 180M->58M(226M) 8.602ms
[2025-03-05T20:03:51.089+0000][4.267s][info ][gc,cpu      ] GC(16) User=0.03s Sys=0.00s Real=0.01s
[2025-03-05T20:03:51.090+0000][4.267s][info ][safepoint   ] Safepoint "G1CollectForAllocation", Time since last: 295821818 ns, Reaching safepoint: 518906 ns, Cleanup: 73507 ns, At safepoint: 9388479 ns, Total: 9980892 ns
[2025-03-05T20:03:51.414+0000][4.592s][debug][safepoint   ] Safepoint synchronization initiated using futex wait barrier. (15 threads)
[2025-03-05T20:03:51.415+0000][4.593s][info ][gc,start    ] GC(17) Pause Young (Concurrent Start) (Metadata GC Threshold)
[2025-03-05T20:03:51.415+0000][4.593s][info ][gc,task     ] GC(17) Using 5 workers of 8 for evacuation
[2025-03-05T20:03:51.419+0000][4.597s][info ][gc,phases   ] GC(17)   Pre Evacuate Collection Set: 0.1ms
[2025-03-05T20:03:51.419+0000][4.597s][info ][gc,phases   ] GC(17)   Merge Heap Roots: 0.1ms
[2025-03-05T20:03:51.420+0000][4.598s][info ][gc,phases   ] GC(17)   Evacuate Collection Set: 2.5ms
[2025-03-05T20:03:51.420+0000][4.598s][info ][gc,phases   ] GC(17)   Post Evacuate Collection Set: 0.5ms
[2025-03-05T20:03:51.420+0000][4.598s][info ][gc,phases   ] GC(17)   Other: 0.8ms
[2025-03-05T20:03:51.421+0000][4.599s][info ][gc,heap     ] GC(17) Eden regions: 55->0(63)
[2025-03-05T20:03:51.421+0000][4.599s][info ][gc,heap     ] GC(17) Survivor regions: 5->4(9)
[2025-03-05T20:03:51.422+0000][4.600s][info ][gc,heap     ] GC(17) Old regions: 24->24
[2025-03-05T20:03:51.422+0000][4.600s][info ][gc,heap     ] GC(17) Archive regions: 2->2
[2025-03-05T20:03:51.423+0000][4.601s][info ][gc,heap     ] GC(17) Humongous regions: 0->0
[2025-03-05T20:03:51.423+0000][4.601s][info ][gc,metaspace] GC(17) Metaspace: 35908K(36288K)->35908K(36288K) NonClass: 31448K(31616K)->31448K(31616K) Class: 4460K(4672K)->4460K(4672K)
[2025-03-05T20:03:51.424+0000][4.601s][info ][gc          ] GC(17) Pause Young (Concurrent Start) (Metadata GC Threshold) 167M->57M(226M) 8.530ms
[2025-03-05T20:03:51.424+0000][4.602s][info ][gc,cpu      ] GC(17) User=0.02s Sys=0.00s Real=0.01s
[2025-03-05T20:03:51.425+0000][4.602s][info ][safepoint   ] Safepoint "CollectForMetadataAllocation", Time since last: 324982116 ns, Reaching safepoint: 446224 ns, Cleanup: 77790 ns, At safepoint: 9584676 ns, Total: 10108690 ns
[2025-03-05T20:03:51.425+0000][4.603s][info ][gc          ] GC(18) Concurrent Mark Cycle
[2025-03-05T20:03:51.425+0000][4.603s][info ][gc,marking  ] GC(18) Concurrent Clear Claimed Marks
[2025-03-05T20:03:51.426+0000][4.603s][info ][gc,marking  ] GC(18) Concurrent Clear Claimed Marks 0.271ms
[2025-03-05T20:03:51.426+0000][4.604s][info ][gc,marking  ] GC(18) Concurrent Scan Root Regions
[2025-03-05T20:03:51.428+0000][4.606s][info ][gc,marking  ] GC(18) Concurrent Scan Root Regions 2.497ms
[2025-03-05T20:03:51.429+0000][4.607s][info ][gc,marking  ] GC(18) Concurrent Mark
[2025-03-05T20:03:51.429+0000][4.607s][info ][gc,marking  ] GC(18) Concurrent Mark From Roots
[2025-03-05T20:03:51.430+0000][4.608s][info ][gc,task     ] GC(18) Using 2 workers of 2 for marking
[2025-03-05T20:03:51.452+0000][4.630s][info ][gc,marking  ] GC(18) Concurrent Mark From Roots 23.053ms
[2025-03-05T20:03:51.453+0000][4.631s][info ][gc,marking  ] GC(18) Concurrent Preclean
[2025-03-05T20:03:51.454+0000][4.632s][info ][gc,marking  ] GC(18) Concurrent Preclean 0.708ms
[2025-03-05T20:03:51.454+0000][4.632s][debug][safepoint   ] Safepoint synchronization initiated using futex wait barrier. (15 threads)
[2025-03-05T20:03:51.455+0000][4.633s][info ][gc,start    ] GC(18) Pause Remark
[2025-03-05T20:03:51.458+0000][4.636s][info ][gc          ] GC(18) Pause Remark 63M->63M(220M) 3.079ms
[2025-03-05T20:03:51.458+0000][4.636s][info ][gc,cpu      ] GC(18) User=0.01s Sys=0.00s Real=0.00s
[2025-03-05T20:03:51.459+0000][4.637s][info ][safepoint   ] Safepoint "G1PauseRemark", Time since last: 29703331 ns, Reaching safepoint: 622206 ns, Cleanup: 9348 ns, At safepoint: 3978449 ns, Total: 4610003 ns
[2025-03-05T20:03:51.459+0000][4.637s][info ][gc,marking  ] GC(18) Concurrent Mark 30.442ms
[2025-03-05T20:03:51.460+0000][4.638s][info ][gc,marking  ] GC(18) Concurrent Rebuild Remembered Sets
[2025-03-05T20:03:51.472+0000][4.650s][info ][gc,marking  ] GC(18) Concurrent Rebuild Remembered Sets 12.126ms
[2025-03-05T20:03:51.472+0000][4.650s][debug][safepoint   ] Safepoint synchronization initiated using futex wait barrier. (15 threads)
[2025-03-05T20:03:51.473+0000][4.651s][info ][gc,start    ] GC(18) Pause Cleanup
[2025-03-05T20:03:51.473+0000][4.651s][info ][gc          ] GC(18) Pause Cleanup 65M->65M(220M) 0.380ms
[2025-03-05T20:03:51.473+0000][4.651s][info ][gc,cpu      ] GC(18) User=0.00s Sys=0.00s Real=0.00s
[2025-03-05T20:03:51.474+0000][4.652s][info ][safepoint   ] Safepoint "G1PauseCleanup", Time since last: 13443664 ns, Reaching safepoint: 463378 ns, Cleanup: 3815 ns, At safepoint: 840257 ns, Total: 1307450 ns
[2025-03-05T20:03:51.474+0000][4.652s][info ][gc,marking  ] GC(18) Concurrent Cleanup for Next Mark
[2025-03-05T20:03:51.477+0000][4.654s][info ][gc,marking  ] GC(18) Concurrent Cleanup for Next Mark 2.583ms
[2025-03-05T20:03:51.477+0000][4.655s][info ][gc          ] GC(18) Concurrent Mark Cycle 52.175ms
[2025-03-05T20:03:51.941+0000][5.119s][debug][safepoint   ] Safepoint synchronization initiated using futex wait barrier. (15 threads)
[2025-03-05T20:03:51.941+0000][5.119s][info ][gc,start    ] GC(19) Pause Young (Prepare Mixed) (G1 Evacuation Pause)
[2025-03-05T20:03:51.942+0000][5.119s][info ][gc,task     ] GC(19) Using 5 workers of 8 for evacuation
[2025-03-05T20:03:51.947+0000][5.125s][info ][gc,phases   ] GC(19)   Pre Evacuate Collection Set: 0.1ms
[2025-03-05T20:03:51.947+0000][5.125s][info ][gc,phases   ] GC(19)   Merge Heap Roots: 0.2ms
[2025-03-05T20:03:51.947+0000][5.125s][info ][gc,phases   ] GC(19)   Evacuate Collection Set: 3.9ms
[2025-03-05T20:03:51.947+0000][5.125s][info ][gc,phases   ] GC(19)   Post Evacuate Collection Set: 0.8ms
[2025-03-05T20:03:51.947+0000][5.125s][info ][gc,phases   ] GC(19)   Other: 0.5ms
[2025-03-05T20:03:51.948+0000][5.125s][info ][gc,heap     ] GC(19) Eden regions: 62->0(1)
[2025-03-05T20:03:51.948+0000][5.126s][info ][gc,heap     ] GC(19) Survivor regions: 4->5(9)
[2025-03-05T20:03:51.948+0000][5.126s][info ][gc,heap     ] GC(19) Old regions: 24->24
[2025-03-05T20:03:51.948+0000][5.126s][info ][gc,heap     ] GC(19) Archive regions: 2->2
[2025-03-05T20:03:51.948+0000][5.126s][info ][gc,heap     ] GC(19) Humongous regions: 0->0
[2025-03-05T20:03:51.948+0000][5.126s][info ][gc,metaspace] GC(19) Metaspace: 38771K(39232K)->38771K(39232K) NonClass: 33878K(34112K)->33878K(34112K) Class: 4893K(5120K)->4893K(5120K)
[2025-03-05T20:03:51.948+0000][5.126s][info ][gc          ] GC(19) Pause Young (Prepare Mixed) (G1 Evacuation Pause) 181M->58M(220M) 7.158ms
[2025-03-05T20:03:51.949+0000][5.127s][info ][gc,cpu      ] GC(19) User=0.02s Sys=0.00s Real=0.01s
[2025-03-05T20:03:51.949+0000][5.127s][info ][safepoint   ] Safepoint "G1CollectForAllocation", Time since last: 467174490 ns, Reaching safepoint: 360732 ns, Cleanup: 99877 ns, At safepoint: 7578823 ns, Total: 8039432 ns
[2025-03-05T20:03:51.966+0000][5.144s][debug][safepoint   ] Safepoint synchronization initiated using futex wait barrier. (15 threads)
[2025-03-05T20:03:51.966+0000][5.144s][info ][gc,start    ] GC(20) Pause Young (Mixed) (G1 Evacuation Pause)
[2025-03-05T20:03:51.966+0000][5.144s][info ][gc,task     ] GC(20) Using 5 workers of 8 for evacuation
[2025-03-05T20:03:51.971+0000][5.149s][info ][gc,phases   ] GC(20)   Pre Evacuate Collection Set: 0.1ms
[2025-03-05T20:03:51.972+0000][5.150s][info ][gc,phases   ] GC(20)   Merge Heap Roots: 0.1ms
[2025-03-05T20:03:51.972+0000][5.150s][info ][gc,phases   ] GC(20)   Evacuate Collection Set: 4.0ms
[2025-03-05T20:03:51.972+0000][5.150s][info ][gc,phases   ] GC(20)   Post Evacuate Collection Set: 0.6ms
[2025-03-05T20:03:51.972+0000][5.150s][info ][gc,phases   ] GC(20)   Other: 0.3ms
[2025-03-05T20:03:51.972+0000][5.150s][info ][gc,heap     ] GC(20) Eden regions: 1->0(62)
[2025-03-05T20:03:51.973+0000][5.150s][info ][gc,heap     ] GC(20) Survivor regions: 5->1(1)
[2025-03-05T20:03:51.973+0000][5.151s][info ][gc,heap     ] GC(20) Old regions: 24->28
[2025-03-05T20:03:51.973+0000][5.151s][info ][gc,heap     ] GC(20) Archive regions: 2->2
[2025-03-05T20:03:51.973+0000][5.151s][info ][gc,heap     ] GC(20) Humongous regions: 0->0
[2025-03-05T20:03:51.973+0000][5.151s][info ][gc,metaspace] GC(20) Metaspace: 38821K(39232K)->38821K(39232K) NonClass: 33924K(34112K)->33924K(34112K) Class: 4897K(5120K)->4897K(5120K)
[2025-03-05T20:03:51.973+0000][5.151s][info ][gc          ] GC(20) Pause Young (Mixed) (G1 Evacuation Pause) 60M->58M(220M) 7.296ms
[2025-03-05T20:03:51.974+0000][5.151s][info ][gc,cpu      ] GC(20) User=0.04s Sys=0.00s Real=0.01s
[2025-03-05T20:03:51.974+0000][5.152s][info ][safepoint   ] Safepoint "G1CollectForAllocation", Time since last: 16914004 ns, Reaching safepoint: 297327 ns, Cleanup: 19838 ns, At safepoint: 7722304 ns, Total: 8039469 ns
[2025-03-05T20:03:52.416+0000][5.594s][debug][safepoint   ] Safepoint synchronization initiated using futex wait barrier. (15 threads)
[2025-03-05T20:03:52.417+0000][5.595s][info ][gc,start    ] GC(21) Pause Young (Normal) (G1 Evacuation Pause)
[2025-03-05T20:03:52.418+0000][5.595s][info ][gc,task     ] GC(21) Using 5 workers of 8 for evacuation
[2025-03-05T20:03:52.422+0000][5.600s][info ][gc,phases   ] GC(21)   Pre Evacuate Collection Set: 0.2ms
[2025-03-05T20:03:52.422+0000][5.600s][info ][gc,phases   ] GC(21)   Merge Heap Roots: 0.2ms
[2025-03-05T20:03:52.423+0000][5.601s][info ][gc,phases   ] GC(21)   Evacuate Collection Set: 1.3ms
[2025-03-05T20:03:52.424+0000][5.602s][info ][gc,phases   ] GC(21)   Post Evacuate Collection Set: 1.5ms
[2025-03-05T20:03:52.425+0000][5.603s][info ][gc,phases   ] GC(21)   Other: 1.7ms
[2025-03-05T20:03:52.426+0000][5.603s][info ][gc,heap     ] GC(21) Eden regions: 62->0(131)
[2025-03-05T20:03:52.426+0000][5.604s][info ][gc,heap     ] GC(21) Survivor regions: 1->1(8)
[2025-03-05T20:03:52.427+0000][5.605s][info ][gc,heap     ] GC(21) Old regions: 28->28
[2025-03-05T20:03:52.427+0000][5.605s][info ][gc,heap     ] GC(21) Archive regions: 2->2
[2025-03-05T20:03:52.428+0000][5.606s][info ][gc,heap     ] GC(21) Humongous regions: 0->0
[2025-03-05T20:03:52.429+0000][5.606s][info ][gc,metaspace] GC(21) Metaspace: 41157K(41536K)->41157K(41536K) NonClass: 35934K(36096K)->35934K(36096K) Class: 5222K(5440K)->5222K(5440K)
[2025-03-05T20:03:52.429+0000][5.607s][info ][gc          ] GC(21) Pause Young (Normal) (G1 Evacuation Pause) 182M->59M(440M) 12.557ms
[2025-03-05T20:03:52.430+0000][5.608s][info ][gc,cpu      ] GC(21) User=0.03s Sys=0.00s Real=0.01s
[2025-03-05T20:03:52.430+0000][5.608s][info ][safepoint   ] Safepoint "G1CollectForAllocation", Time since last: 441954867 ns, Reaching safepoint: 854712 ns, Cleanup: 69531 ns, At safepoint: 13639156 ns, Total: 14563399 ns
[2025-03-05T20:03:52.875+0000][6.053s][debug][safepoint   ] Safepoint synchronization initiated using futex wait barrier. (15 threads)
[2025-03-05T20:03:52.876+0000][6.054s][info ][safepoint   ] Safepoint "ICBufferFull", Time since last: 445096097 ns, Reaching safepoint: 501543 ns, Cleanup: 112737 ns, At safepoint: 2173 ns, Total: 616453 ns
[2025-03-05T20:03:53.403+0000][6.581s][debug][safepoint   ] Safepoint synchronization initiated using futex wait barrier. (15 threads)
[2025-03-05T20:03:53.404+0000][6.582s][info ][safepoint   ] Safepoint "ICBufferFull", Time since last: 526970119 ns, Reaching safepoint: 752077 ns, Cleanup: 116181 ns, At safepoint: 1667 ns, Total: 869925 ns
[2025-03-05T20:03:53.519+0000][6.697s][debug][safepoint   ] Safepoint synchronization initiated using futex wait barrier. (15 threads)
[2025-03-05T20:03:53.520+0000][6.698s][info ][gc,start    ] GC(22) Pause Young (Normal) (G1 Evacuation Pause)
[2025-03-05T20:03:53.521+0000][6.698s][info ][gc,task     ] GC(22) Using 8 workers of 8 for evacuation
[2025-03-05T20:03:53.526+0000][6.704s][info ][gc,phases   ] GC(22)   Pre Evacuate Collection Set: 0.2ms
[2025-03-05T20:03:53.527+0000][6.705s][info ][gc,phases   ] GC(22)   Merge Heap Roots: 0.1ms
[2025-03-05T20:03:53.527+0000][6.705s][info ][gc,phases   ] GC(22)   Evacuate Collection Set: 3.7ms
[2025-03-05T20:03:53.528+0000][6.706s][info ][gc,phases   ] GC(22)   Post Evacuate Collection Set: 1.0ms
[2025-03-05T20:03:53.528+0000][6.706s][info ][gc,phases   ] GC(22)   Other: 1.3ms
[2025-03-05T20:03:53.529+0000][6.707s][info ][gc,heap     ] GC(22) Eden regions: 131->0(128)
[2025-03-05T20:03:53.529+0000][6.707s][info ][gc,heap     ] GC(22) Survivor regions: 1->4(17)
[2025-03-05T20:03:53.530+0000][6.708s][info ][gc,heap     ] GC(22) Old regions: 28->28
[2025-03-05T20:03:53.531+0000][6.708s][info ][gc,heap     ] GC(22) Archive regions: 2->2
[2025-03-05T20:03:53.531+0000][6.709s][info ][gc,heap     ] GC(22) Humongous regions: 0->0
[2025-03-05T20:03:53.531+0000][6.709s][info ][gc,metaspace] GC(22) Metaspace: 48935K(49408K)->48935K(49408K) NonClass: 42641K(42880K)->42641K(42880K) Class: 6294K(6528K)->6294K(6528K)
[2025-03-05T20:03:53.532+0000][6.710s][info ][gc          ] GC(22) Pause Young (Normal) (G1 Evacuation Pause) 321M->64M(440M) 12.011ms
[2025-03-05T20:03:53.532+0000][6.710s][info ][gc,cpu      ] GC(22) User=0.07s Sys=0.00s Real=0.02s
[2025-03-05T20:03:53.533+0000][6.711s][info ][safepoint   ] Safepoint "G1CollectForAllocation", Time since last: 115295674 ns, Reaching safepoint: 680474 ns, Cleanup: 56014 ns, At safepoint: 12920104 ns, Total: 13656592 ns
[2025-03-05T20:03:54.785+0000][7.965s][debug][safepoint   ] Safepoint synchronization initiated using futex wait barrier. (17 threads)
[2025-03-05T20:03:54.786+0000][7.966s][info ][safepoint   ] Safepoint "Cleanup", Time since last: 1253867411 ns, Reaching safepoint: 841664 ns, Cleanup: 113142 ns, At safepoint: 1884 ns, Total: 956690 ns
[2025-03-05T20:03:55.022+0000][8.202s][debug][safepoint   ] Safepoint synchronization initiated using futex wait barrier. (17 threads)
[2025-03-05T20:03:55.023+0000][8.203s][info ][safepoint   ] Safepoint "ICBufferFull", Time since last: 236444763 ns, Reaching safepoint: 640623 ns, Cleanup: 96584 ns, At safepoint: 23780 ns, Total: 760987 ns
[2025-03-05T20:03:55.477+0000][8.657s][debug][safepoint   ] Safepoint synchronization initiated using futex wait barrier. (17 threads)
[2025-03-05T20:03:55.478+0000][8.658s][info ][gc,start    ] GC(23) Pause Young (Normal) (G1 Evacuation Pause)
[2025-03-05T20:03:55.478+0000][8.658s][info ][gc,task     ] GC(23) Using 8 workers of 8 for evacuation
[2025-03-05T20:03:55.483+0000][8.663s][info ][gc,phases   ] GC(23)   Pre Evacuate Collection Set: 0.1ms
[2025-03-05T20:03:55.484+0000][8.663s][info ][gc,phases   ] GC(23)   Merge Heap Roots: 0.1ms
[2025-03-05T20:03:55.484+0000][8.664s][info ][gc,phases   ] GC(23)   Evacuate Collection Set: 3.1ms
[2025-03-05T20:03:55.485+0000][8.664s][info ][gc,phases   ] GC(23)   Post Evacuate Collection Set: 0.8ms
[2025-03-05T20:03:55.485+0000][8.665s][info ][gc,phases   ] GC(23)   Other: 0.8ms
[2025-03-05T20:03:55.486+0000][8.666s][info ][gc,heap     ] GC(23) Eden regions: 128->0(126)
[2025-03-05T20:03:55.486+0000][8.666s][info ][gc,heap     ] GC(23) Survivor regions: 4->6(17)
[2025-03-05T20:03:55.487+0000][8.667s][info ][gc,heap     ] GC(23) Old regions: 28->28
[2025-03-05T20:03:55.488+0000][8.667s][info ][gc,heap     ] GC(23) Archive regions: 2->2
[2025-03-05T20:03:55.488+0000][8.668s][info ][gc,heap     ] GC(23) Humongous regions: 0->0
[2025-03-05T20:03:55.488+0000][8.668s][info ][gc,metaspace] GC(23) Metaspace: 59255K(59712K)->59255K(59712K) NonClass: 51672K(51904K)->51672K(51904K) Class: 7582K(7808K)->7582K(7808K)
[2025-03-05T20:03:55.489+0000][8.669s][info ][gc          ] GC(23) Pause Young (Normal) (G1 Evacuation Pause) 320M->67M(440M) 10.880ms
[2025-03-05T20:03:55.489+0000][8.669s][info ][gc,cpu      ] GC(23) User=0.02s Sys=0.00s Real=0.01s
[2025-03-05T20:03:55.490+0000][8.670s][info ][safepoint   ] Safepoint "G1CollectForAllocation", Time since last: 454485128 ns, Reaching safepoint: 604727 ns, Cleanup: 53145 ns, At safepoint: 11716805 ns, Total: 12374677 ns
[2025-03-05T20:03:55.865+0000][9.045s][debug][safepoint   ] Safepoint synchronization initiated using futex wait barrier. (17 threads)
[2025-03-05T20:03:55.865+0000][9.045s][info ][gc,start    ] GC(24) Pause Young (Concurrent Start) (Metadata GC Threshold)
[2025-03-05T20:03:55.866+0000][9.046s][info ][gc,task     ] GC(24) Using 8 workers of 8 for evacuation
[2025-03-05T20:03:55.870+0000][9.050s][info ][gc,phases   ] GC(24)   Pre Evacuate Collection Set: 0.1ms
[2025-03-05T20:03:55.871+0000][9.051s][info ][gc,phases   ] GC(24)   Merge Heap Roots: 0.1ms
[2025-03-05T20:03:55.871+0000][9.051s][info ][gc,phases   ] GC(24)   Evacuate Collection Set: 3.0ms
[2025-03-05T20:03:55.871+0000][9.051s][info ][gc,phases   ] GC(24)   Post Evacuate Collection Set: 0.6ms
[2025-03-05T20:03:55.872+0000][9.052s][info ][gc,phases   ] GC(24)   Other: 1.1ms
[2025-03-05T20:03:55.872+0000][9.052s][info ][gc,heap     ] GC(24) Eden regions: 11->0(126)
[2025-03-05T20:03:55.873+0000][9.053s][info ][gc,heap     ] GC(24) Survivor regions: 6->6(17)
[2025-03-05T20:03:55.874+0000][9.053s][info ][gc,heap     ] GC(24) Old regions: 28->28
[2025-03-05T20:03:55.874+0000][9.054s][info ][gc,heap     ] GC(24) Archive regions: 2->2
[2025-03-05T20:03:55.875+0000][9.054s][info ][gc,heap     ] GC(24) Humongous regions: 0->0
[2025-03-05T20:03:55.875+0000][9.055s][info ][gc,metaspace] GC(24) Metaspace: 60540K(61056K)->60540K(61056K) NonClass: 52825K(53056K)->52825K(53056K) Class: 7715K(8000K)->7715K(8000K)
[2025-03-05T20:03:55.876+0000][9.055s][info ][gc          ] GC(24) Pause Young (Concurrent Start) (Metadata GC Threshold) 88M->68M(440M) 10.081ms
[2025-03-05T20:03:55.876+0000][9.056s][info ][gc,cpu      ] GC(24) User=0.02s Sys=0.00s Real=0.01s
[2025-03-05T20:03:55.876+0000][9.056s][info ][gc          ] GC(25) Concurrent Mark Cycle
[2025-03-05T20:03:55.876+0000][9.056s][info ][safepoint   ] Safepoint "CollectForMetadataAllocation", Time since last: 375019444 ns, Reaching safepoint: 612938 ns, Cleanup: 14609 ns, At safepoint: 11023570 ns, Total: 11651117 ns
[2025-03-05T20:03:55.877+0000][9.057s][info ][gc,marking  ] GC(25) Concurrent Clear Claimed Marks
[2025-03-05T20:03:55.878+0000][9.058s][info ][gc,marking  ] GC(25) Concurrent Clear Claimed Marks 0.954ms
[2025-03-05T20:03:55.878+0000][9.058s][info ][gc,marking  ] GC(25) Concurrent Scan Root Regions
[2025-03-05T20:03:55.882+0000][9.062s][info ][gc,marking  ] GC(25) Concurrent Scan Root Regions 3.557ms
[2025-03-05T20:03:55.882+0000][9.062s][info ][gc,marking  ] GC(25) Concurrent Mark
[2025-03-05T20:03:55.883+0000][9.063s][info ][gc,marking  ] GC(25) Concurrent Mark From Roots
[2025-03-05T20:03:55.883+0000][9.063s][info ][gc,task     ] GC(25) Using 2 workers of 2 for marking
[2025-03-05T20:03:55.910+0000][9.089s][info ][gc,marking  ] GC(25) Concurrent Mark From Roots 26.753ms
[2025-03-05T20:03:55.910+0000][9.090s][info ][gc,marking  ] GC(25) Concurrent Preclean
[2025-03-05T20:03:55.911+0000][9.091s][info ][gc,marking  ] GC(25) Concurrent Preclean 0.622ms
[2025-03-05T20:03:55.911+0000][9.091s][debug][safepoint   ] Safepoint synchronization initiated using futex wait barrier. (18 threads)
[2025-03-05T20:03:55.912+0000][9.092s][info ][gc,start    ] GC(25) Pause Remark
[2025-03-05T20:03:55.914+0000][9.094s][info ][gc          ] GC(25) Pause Remark 82M->82M(288M) 2.823ms
[2025-03-05T20:03:55.915+0000][9.095s][info ][gc,cpu      ] GC(25) User=0.01s Sys=0.00s Real=0.00s
[2025-03-05T20:03:55.915+0000][9.095s][info ][safepoint   ] Safepoint "G1PauseRemark", Time since last: 34776376 ns, Reaching safepoint: 441117 ns, Cleanup: 12425 ns, At safepoint: 3684098 ns, Total: 4137640 ns
[2025-03-05T20:03:55.916+0000][9.096s][info ][gc,marking  ] GC(25) Concurrent Mark 33.730ms
[2025-03-05T20:03:55.916+0000][9.096s][info ][gc,marking  ] GC(25) Concurrent Rebuild Remembered Sets
[2025-03-05T20:03:55.931+0000][9.111s][info ][gc,marking  ] GC(25) Concurrent Rebuild Remembered Sets 14.455ms
[2025-03-05T20:03:55.931+0000][9.111s][debug][safepoint   ] Safepoint synchronization initiated using futex wait barrier. (18 threads)
[2025-03-05T20:03:55.932+0000][9.112s][info ][gc,start    ] GC(25) Pause Cleanup
[2025-03-05T20:03:55.933+0000][9.113s][info ][gc          ] GC(25) Pause Cleanup 87M->87M(288M) 0.748ms
[2025-03-05T20:03:55.933+0000][9.113s][info ][gc,cpu      ] GC(25) User=0.00s Sys=0.00s Real=0.00s
[2025-03-05T20:03:55.933+0000][9.113s][info ][safepoint   ] Safepoint "G1PauseCleanup", Time since last: 16113770 ns, Reaching safepoint: 639363 ns, Cleanup: 12254 ns, At safepoint: 1247329 ns, Total: 1898946 ns
[2025-03-05T20:03:55.934+0000][9.114s][info ][gc,marking  ] GC(25) Concurrent Cleanup for Next Mark
[2025-03-05T20:03:55.935+0000][9.115s][info ][gc,marking  ] GC(25) Concurrent Cleanup for Next Mark 1.343ms
[2025-03-05T20:03:55.936+0000][9.115s][info ][gc          ] GC(25) Concurrent Mark Cycle 59.107ms
[2025-03-05T20:03:56.304+0000][9.484s][debug][safepoint   ] Safepoint synchronization initiated using futex wait barrier. (20 threads)
[2025-03-05T20:03:56.306+0000][9.486s][info ][gc,start    ] GC(26) Pause Young (Prepare Mixed) (G1 Evacuation Pause)
[2025-03-05T20:03:56.307+0000][9.487s][info ][gc,task     ] GC(26) Using 7 workers of 8 for evacuation
[2025-03-05T20:03:56.312+0000][9.491s][info ][gc,phases   ] GC(26)   Pre Evacuate Collection Set: 0.1ms
[2025-03-05T20:03:56.312+0000][9.492s][info ][gc,phases   ] GC(26)   Merge Heap Roots: 0.1ms
[2025-03-05T20:03:56.312+0000][9.492s][info ][gc,phases   ] GC(26)   Evacuate Collection Set: 3.1ms
[2025-03-05T20:03:56.313+0000][9.493s][info ][gc,phases   ] GC(26)   Post Evacuate Collection Set: 0.7ms
[2025-03-05T20:03:56.313+0000][9.493s][info ][gc,phases   ] GC(26)   Other: 1.8ms
[2025-03-05T20:03:56.314+0000][9.494s][info ][gc,heap     ] GC(26) Eden regions: 80->0(1)
[2025-03-05T20:03:56.314+0000][9.494s][info ][gc,heap     ] GC(26) Survivor regions: 6->6(11)
[2025-03-05T20:03:56.314+0000][9.494s][info ][gc,heap     ] GC(26) Old regions: 28->28
[2025-03-05T20:03:56.315+0000][9.495s][info ][gc,heap     ] GC(26) Archive regions: 2->2
[2025-03-05T20:03:56.315+0000][9.495s][info ][gc,heap     ] GC(26) Humongous regions: 0->0
[2025-03-05T20:03:56.315+0000][9.495s][info ][gc,metaspace] GC(26) Metaspace: 63593K(64064K)->63593K(64064K) NonClass: 55444K(55680K)->55444K(55680K) Class: 8149K(8384K)->8149K(8384K)
[2025-03-05T20:03:56.316+0000][9.496s][info ][gc          ] GC(26) Pause Young (Prepare Mixed) (G1 Evacuation Pause) 228M->68M(288M) 9.955ms
[2025-03-05T20:03:56.316+0000][9.496s][info ][gc,cpu      ] GC(26) User=0.02s Sys=0.00s Real=0.01s
[2025-03-05T20:03:56.316+0000][9.496s][info ][safepoint   ] Safepoint "G1CollectForAllocation", Time since last: 370692262 ns, Reaching safepoint: 324071 ns, Cleanup: 1317341 ns, At safepoint: 10697802 ns, Total: 12339214 ns
[2025-03-05T20:03:56.321+0000][9.501s][debug][safepoint   ] Safepoint synchronization initiated using futex wait barrier. (19 threads)
[2025-03-05T20:03:56.322+0000][9.501s][info ][gc,start    ] GC(27) Pause Young (Mixed) (G1 Evacuation Pause)
[2025-03-05T20:03:56.322+0000][9.502s][info ][gc,task     ] GC(27) Using 6 workers of 8 for evacuation
[2025-03-05T20:03:56.327+0000][9.507s][info ][gc,phases   ] GC(27)   Pre Evacuate Collection Set: 0.1ms
[2025-03-05T20:03:56.328+0000][9.507s][info ][gc,phases   ] GC(27)   Merge Heap Roots: 0.1ms
[2025-03-05T20:03:56.328+0000][9.508s][info ][gc,phases   ] GC(27)   Evacuate Collection Set: 3.8ms
[2025-03-05T20:03:56.328+0000][9.508s][info ][gc,phases   ] GC(27)   Post Evacuate Collection Set: 0.5ms
[2025-03-05T20:03:56.329+0000][9.509s][info ][gc,phases   ] GC(27)   Other: 1.1ms
[2025-03-05T20:03:56.330+0000][9.509s][info ][gc,heap     ] GC(27) Eden regions: 1->0(85)
[2025-03-05T20:03:56.330+0000][9.510s][info ][gc,heap     ] GC(27) Survivor regions: 6->1(1)
[2025-03-05T20:03:56.330+0000][9.510s][info ][gc,heap     ] GC(27) Old regions: 28->33
[2025-03-05T20:03:56.331+0000][9.511s][info ][gc,heap     ] GC(27) Archive regions: 2->2
[2025-03-05T20:03:56.331+0000][9.511s][info ][gc,heap     ] GC(27) Humongous regions: 0->0
[2025-03-05T20:03:56.332+0000][9.511s][info ][gc,metaspace] GC(27) Metaspace: 63645K(64128K)->63645K(64128K) NonClass: 55486K(55744K)->55486K(55744K) Class: 8159K(8384K)->8159K(8384K)
[2025-03-05T20:03:56.332+0000][9.512s][info ][gc          ] GC(27) Pause Young (Mixed) (G1 Evacuation Pause) 70M->68M(288M) 10.608ms
[2025-03-05T20:03:56.333+0000][9.513s][info ][gc,cpu      ] GC(27) User=0.02s Sys=0.00s Real=0.01s
[2025-03-05T20:03:56.333+0000][9.513s][info ][safepoint   ] Safepoint "G1CollectForAllocation", Time since last: 4643941 ns, Reaching safepoint: 463389 ns, Cleanup: 2335 ns, At safepoint: 11695335 ns, Total: 12161059 ns
[2025-03-05T20:03:56.674+0000][9.853s][debug][safepoint   ] Safepoint synchronization initiated using futex wait barrier. (20 threads)
[2025-03-05T20:03:56.674+0000][9.854s][info ][safepoint   ] Safepoint "ICBufferFull", Time since last: 340399577 ns, Reaching safepoint: 588979 ns, Cleanup: 75252 ns, At safepoint: 2298 ns, Total: 666529 ns
[2025-03-05T20:03:56.776+0000][9.956s][debug][safepoint   ] Safepoint synchronization initiated using futex wait barrier. (20 threads)
[2025-03-05T20:03:56.776+0000][9.956s][info ][gc,start    ] GC(28) Pause Young (Normal) (G1 Evacuation Pause)
[2025-03-05T20:03:56.777+0000][9.957s][info ][gc,task     ] GC(28) Using 6 workers of 8 for evacuation
[2025-03-05T20:03:56.782+0000][9.962s][info ][gc,phases   ] GC(28)   Pre Evacuate Collection Set: 0.2ms
[2025-03-05T20:03:56.783+0000][9.963s][info ][gc,phases   ] GC(28)   Merge Heap Roots: 0.2ms
[2025-03-05T20:03:56.783+0000][9.963s][info ][gc,phases   ] GC(28)   Evacuate Collection Set: 3.0ms
[2025-03-05T20:03:56.783+0000][9.963s][info ][gc,phases   ] GC(28)   Post Evacuate Collection Set: 0.9ms
[2025-03-05T20:03:56.784+0000][9.963s][info ][gc,phases   ] GC(28)   Other: 1.6ms
[2025-03-05T20:03:56.784+0000][9.964s][info ][gc,heap     ] GC(28) Eden regions: 85->0(83)
[2025-03-05T20:03:56.784+0000][9.964s][info ][gc,heap     ] GC(28) Survivor regions: 1->3(11)
[2025-03-05T20:03:56.784+0000][9.964s][info ][gc,heap     ] GC(28) Old regions: 33->33
[2025-03-05T20:03:56.785+0000][9.965s][info ][gc,heap     ] GC(28) Archive regions: 2->2
[2025-03-05T20:03:56.785+0000][9.965s][info ][gc,heap     ] GC(28) Humongous regions: 0->0
[2025-03-05T20:03:56.785+0000][9.965s][info ][gc,metaspace] GC(28) Metaspace: 67826K(68288K)->67826K(68288K) NonClass: 59112K(59328K)->59112K(59328K) Class: 8714K(8960K)->8714K(8960K)
[2025-03-05T20:03:56.785+0000][9.965s][info ][gc          ] GC(28) Pause Young (Normal) (G1 Evacuation Pause) 238M->71M(288M) 8.915ms
[2025-03-05T20:03:56.786+0000][9.966s][info ][gc,cpu      ] GC(28) User=0.03s Sys=0.00s Real=0.01s
[2025-03-05T20:03:56.786+0000][9.966s][info ][safepoint   ] Safepoint "G1CollectForAllocation", Time since last: 101560772 ns, Reaching safepoint: 488280 ns, Cleanup: 37366 ns, At safepoint: 9783602 ns, Total: 10309248 ns
[2025-03-05T20:03:56.846+0000][10.026s][debug][safepoint   ] ... found polling page loop exception at pc = 0x00007ffb5163dd3d, stub =0x00007ffb50b10400
[2025-03-05T20:03:56.933+0000][10.113s][debug][safepoint   ] Safepoint synchronization initiated using futex wait barrier. (20 threads)
[2025-03-05T20:03:56.934+0000][10.114s][debug][safepoint   ] ... found polling page loop exception at pc = 0x00007ffb5137a056, stub =0x00007ffb50b10400
[2025-03-05T20:03:56.935+0000][10.114s][info ][safepoint   ] Safepoint "ICBufferFull", Time since last: 147327711 ns, Reaching safepoint: 999039 ns, Cleanup: 84224 ns, At safepoint: 12539 ns, Total: 1095802 ns
[2025-03-05T20:03:57.123+0000][10.303s][debug][safepoint   ] Safepoint synchronization initiated using futex wait barrier. (20 threads)
[2025-03-05T20:03:57.123+0000][10.303s][info ][safepoint   ] Safepoint "ICBufferFull", Time since last: 188362096 ns, Reaching safepoint: 366255 ns, Cleanup: 104805 ns, At safepoint: 11352 ns, Total: 482412 ns
[2025-03-05T20:03:57.281+0000][10.461s][debug][safepoint   ] Safepoint synchronization initiated using futex wait barrier. (20 threads)
[2025-03-05T20:03:57.282+0000][10.462s][info ][gc,start    ] GC(29) Pause Young (Normal) (G1 Evacuation Pause)
[2025-03-05T20:03:57.283+0000][10.462s][info ][gc,task     ] GC(29) Using 6 workers of 8 for evacuation
[2025-03-05T20:03:57.287+0000][10.467s][info ][gc,phases   ] GC(29)   Pre Evacuate Collection Set: 0.1ms
[2025-03-05T20:03:57.287+0000][10.467s][info ][gc,phases   ] GC(29)   Merge Heap Roots: 0.2ms
[2025-03-05T20:03:57.287+0000][10.467s][info ][gc,phases   ] GC(29)   Evacuate Collection Set: 2.7ms
[2025-03-05T20:03:57.288+0000][10.468s][info ][gc,phases   ] GC(29)   Post Evacuate Collection Set: 0.7ms
[2025-03-05T20:03:57.288+0000][10.468s][info ][gc,phases   ] GC(29)   Other: 1.6ms
[2025-03-05T20:03:57.289+0000][10.469s][info ][gc,heap     ] GC(29) Eden regions: 83->0(82)
[2025-03-05T20:03:57.289+0000][10.469s][info ][gc,heap     ] GC(29) Survivor regions: 3->4(11)
[2025-03-05T20:03:57.289+0000][10.469s][info ][gc,heap     ] GC(29) Old regions: 33->33
[2025-03-05T20:03:57.289+0000][10.469s][info ][gc,heap     ] GC(29) Archive regions: 2->2
[2025-03-05T20:03:57.290+0000][10.470s][info ][gc,heap     ] GC(29) Humongous regions: 0->0
[2025-03-05T20:03:57.290+0000][10.470s][info ][gc,metaspace] GC(29) Metaspace: 72713K(73216K)->72713K(73216K) NonClass: 63378K(63616K)->63378K(63616K) Class: 9334K(9600K)->9334K(9600K)
[2025-03-05T20:03:57.291+0000][10.470s][info ][gc          ] GC(29) Pause Young (Normal) (G1 Evacuation Pause) 237M->74M(288M) 8.976ms
[2025-03-05T20:03:57.291+0000][10.471s][info ][gc,cpu      ] GC(29) User=0.03s Sys=0.00s Real=0.01s
[2025-03-05T20:03:57.291+0000][10.471s][info ][safepoint   ] Safepoint "G1CollectForAllocation", Time since last: 157741994 ns, Reaching safepoint: 402653 ns, Cleanup: 83324 ns, At safepoint: 9582839 ns, Total: 10068816 ns
[2025-03-05T20:03:57.654+0000][10.834s][debug][safepoint   ] Safepoint synchronization initiated using futex wait barrier. (19 threads)
[2025-03-05T20:03:57.655+0000][10.835s][info ][gc,start    ] GC(30) Pause Young (Normal) (G1 Evacuation Pause)
[2025-03-05T20:03:57.655+0000][10.835s][info ][gc,task     ] GC(30) Using 6 workers of 8 for evacuation
[2025-03-05T20:03:57.659+0000][10.838s][info ][gc,phases   ] GC(30)   Pre Evacuate Collection Set: 0.1ms
[2025-03-05T20:03:57.659+0000][10.839s][info ][gc,phases   ] GC(30)   Merge Heap Roots: 0.1ms
[2025-03-05T20:03:57.659+0000][10.839s][info ][gc,phases   ] GC(30)   Evacuate Collection Set: 2.4ms
[2025-03-05T20:03:57.659+0000][10.839s][info ][gc,phases   ] GC(30)   Post Evacuate Collection Set: 0.7ms
[2025-03-05T20:03:57.659+0000][10.839s][info ][gc,phases   ] GC(30)   Other: 0.5ms
[2025-03-05T20:03:57.660+0000][10.840s][info ][gc,heap     ] GC(30) Eden regions: 82->0(81)
[2025-03-05T20:03:57.660+0000][10.840s][info ][gc,heap     ] GC(30) Survivor regions: 4->5(11)
[2025-03-05T20:03:57.661+0000][10.840s][info ][gc,heap     ] GC(30) Old regions: 33->33
[2025-03-05T20:03:57.661+0000][10.841s][info ][gc,heap     ] GC(30) Archive regions: 2->2
[2025-03-05T20:03:57.661+0000][10.841s][info ][gc,heap     ] GC(30) Humongous regions: 0->0
[2025-03-05T20:03:57.661+0000][10.841s][info ][gc,metaspace] GC(30) Metaspace: 77540K(78016K)->77540K(78016K) NonClass: 67364K(67584K)->67364K(67584K) Class: 10176K(10432K)->10176K(10432K)
[2025-03-05T20:03:57.662+0000][10.841s][info ][gc          ] GC(30) Pause Young (Normal) (G1 Evacuation Pause) 238M->75M(288M) 6.924ms
[2025-03-05T20:03:57.662+0000][10.842s][info ][gc,cpu      ] GC(30) User=0.02s Sys=0.00s Real=0.01s
[2025-03-05T20:03:57.662+0000][10.842s][info ][safepoint   ] Safepoint "G1CollectForAllocation", Time since last: 363034371 ns, Reaching safepoint: 355342 ns, Cleanup: 47010 ns, At safepoint: 7747713 ns, Total: 8150065 ns
[2025-03-05T20:03:57.781+0000][10.961s][debug][safepoint   ] Safepoint synchronization initiated using futex wait barrier. (20 threads)
[2025-03-05T20:03:57.782+0000][10.962s][info ][safepoint   ] Safepoint "ICBufferFull", Time since last: 118912914 ns, Reaching safepoint: 856937 ns, Cleanup: 70442 ns, At safepoint: 1929 ns, Total: 929308 ns
[2025-03-05T20:03:57.828+0000][11.008s][debug][safepoint   ] Safepoint synchronization initiated using futex wait barrier. (20 threads)
[2025-03-05T20:03:57.828+0000][11.008s][info ][safepoint   ] Safepoint "ICBufferFull", Time since last: 45449404 ns, Reaching safepoint: 434276 ns, Cleanup: 64766 ns, At safepoint: 10410 ns, Total: 509452 ns
[2025-03-05T20:03:57.861+0000][11.041s][debug][safepoint   ] Safepoint synchronization initiated using futex wait barrier. (20 threads)
[2025-03-05T20:03:57.861+0000][11.041s][info ][safepoint   ] Safepoint "ICBufferFull", Time since last: 32528744 ns, Reaching safepoint: 542143 ns, Cleanup: 67430 ns, At safepoint: 40033 ns, Total: 649606 ns
[2025-03-05T20:03:57.935+0000][11.115s][debug][safepoint   ] Safepoint synchronization initiated using futex wait barrier. (20 threads)
[2025-03-05T20:03:57.936+0000][11.116s][info ][safepoint   ] Safepoint "ICBufferFull", Time since last: 73883667 ns, Reaching safepoint: 588037 ns, Cleanup: 96526 ns, At safepoint: 3177 ns, Total: 687740 ns
[2025-03-05T20:03:58.020+0000][11.200s][debug][safepoint   ] Safepoint synchronization initiated using futex wait barrier. (20 threads)
[2025-03-05T20:03:58.021+0000][11.201s][info ][safepoint   ] Safepoint "ICBufferFull", Time since last: 84297149 ns, Reaching safepoint: 586113 ns, Cleanup: 130276 ns, At safepoint: 3684 ns, Total: 720073 ns
[2025-03-05T20:03:58.190+0000][11.370s][debug][safepoint   ] Safepoint synchronization initiated using futex wait barrier. (20 threads)
[2025-03-05T20:03:58.191+0000][11.371s][info ][gc,start    ] GC(31) Pause Young (Normal) (G1 Evacuation Pause)
[2025-03-05T20:03:58.192+0000][11.372s][info ][gc,task     ] GC(31) Using 6 workers of 8 for evacuation
[2025-03-05T20:03:58.197+0000][11.377s][info ][gc,phases   ] GC(31)   Pre Evacuate Collection Set: 0.2ms
[2025-03-05T20:03:58.198+0000][11.378s][info ][gc,phases   ] GC(31)   Merge Heap Roots: 0.4ms
[2025-03-05T20:03:58.199+0000][11.378s][info ][gc,phases   ] GC(31)   Evacuate Collection Set: 3.0ms
[2025-03-05T20:03:58.199+0000][11.379s][info ][gc,phases   ] GC(31)   Post Evacuate Collection Set: 1.2ms
[2025-03-05T20:03:58.200+0000][11.380s][info ][gc,phases   ] GC(31)   Other: 1.6ms
[2025-03-05T20:03:58.200+0000][11.380s][info ][gc,heap     ] GC(31) Eden regions: 81->0(80)
[2025-03-05T20:03:58.201+0000][11.381s][info ][gc,heap     ] GC(31) Survivor regions: 5->6(11)
[2025-03-05T20:03:58.202+0000][11.381s][info ][gc,heap     ] GC(31) Old regions: 33->33
[2025-03-05T20:03:58.202+0000][11.382s][info ][gc,heap     ] GC(31) Archive regions: 2->2
[2025-03-05T20:03:58.203+0000][11.383s][info ][gc,heap     ] GC(31) Humongous regions: 0->0
[2025-03-05T20:03:58.203+0000][11.383s][info ][gc,metaspace] GC(31) Metaspace: 81277K(81728K)->81277K(81728K) NonClass: 70627K(70848K)->70627K(70848K) Class: 10649K(10880K)->10649K(10880K)
[2025-03-05T20:03:58.204+0000][11.384s][info ][gc          ] GC(31) Pause Young (Normal) (G1 Evacuation Pause) 237M->77M(288M) 12.893ms
[2025-03-05T20:03:58.204+0000][11.384s][info ][gc,cpu      ] GC(31) User=0.03s Sys=0.00s Real=0.01s
[2025-03-05T20:03:58.205+0000][11.385s][info ][safepoint   ] Safepoint "G1CollectForAllocation", Time since last: 169059831 ns, Reaching safepoint: 809940 ns, Cleanup: 53119 ns, At safepoint: 14096006 ns, Total: 14959065 ns
[2025-03-05T20:03:58.478+0000][11.658s][debug][safepoint   ] Safepoint synchronization initiated using futex wait barrier. (21 threads)
[2025-03-05T20:03:58.479+0000][11.659s][info ][safepoint   ] Safepoint "ICBufferFull", Time since last: 272972418 ns, Reaching safepoint: 561391 ns, Cleanup: 96642 ns, At safepoint: 26554 ns, Total: 684587 ns
[2025-03-05T20:03:58.606+0000][11.786s][debug][safepoint   ] Safepoint synchronization initiated using futex wait barrier. (21 threads)
[2025-03-05T20:03:58.606+0000][11.786s][info ][gc,start    ] GC(32) Pause Young (Normal) (G1 Evacuation Pause)
[2025-03-05T20:03:58.607+0000][11.787s][info ][gc,task     ] GC(32) Using 6 workers of 8 for evacuation
[2025-03-05T20:03:58.614+0000][11.794s][info ][gc,phases   ] GC(32)   Pre Evacuate Collection Set: 0.1ms
[2025-03-05T20:03:58.615+0000][11.795s][info ][gc,phases   ] GC(32)   Merge Heap Roots: 0.1ms
[2025-03-05T20:03:58.616+0000][11.796s][info ][gc,phases   ] GC(32)   Evacuate Collection Set: 4.6ms
[2025-03-05T20:03:58.617+0000][11.796s][info ][gc,phases   ] GC(32)   Post Evacuate Collection Set: 1.4ms
[2025-03-05T20:03:58.617+0000][11.797s][info ][gc,phases   ] GC(32)   Other: 1.5ms
[2025-03-05T20:03:58.618+0000][11.798s][info ][gc,heap     ] GC(32) Eden regions: 80->0(80)
[2025-03-05T20:03:58.618+0000][11.798s][info ][gc,heap     ] GC(32) Survivor regions: 6->6(11)
[2025-03-05T20:03:58.619+0000][11.799s][info ][gc,heap     ] GC(32) Old regions: 33->33
[2025-03-05T20:03:58.619+0000][11.799s][info ][gc,heap     ] GC(32) Archive regions: 2->2
[2025-03-05T20:03:58.620+0000][11.800s][info ][gc,heap     ] GC(32) Humongous regions: 0->0
[2025-03-05T20:03:58.620+0000][11.800s][info ][gc,metaspace] GC(32) Metaspace: 84209K(84736K)->84209K(84736K) NonClass: 73203K(73472K)->73203K(73472K) Class: 11005K(11264K)->11005K(11264K)
[2025-03-05T20:03:58.620+0000][11.800s][info ][gc          ] GC(32) Pause Young (Normal) (G1 Evacuation Pause) 237M->78M(288M) 13.970ms
[2025-03-05T20:03:58.621+0000][11.801s][info ][gc,cpu      ] GC(32) User=0.06s Sys=0.00s Real=0.02s
[2025-03-05T20:03:58.621+0000][11.801s][info ][safepoint   ] Safepoint "G1CollectForAllocation", Time since last: 127101510 ns, Reaching safepoint: 627641 ns, Cleanup: 82690 ns, At safepoint: 14814991 ns, Total: 15525322 ns
[2025-03-05T20:03:58.961+0000][12.141s][debug][safepoint   ] Safepoint synchronization initiated using futex wait barrier. (21 threads)
[2025-03-05T20:03:58.962+0000][12.142s][info ][safepoint   ] Safepoint "ICBufferFull", Time since last: 340029022 ns, Reaching safepoint: 507332 ns, Cleanup: 174098 ns, At safepoint: 34385 ns, Total: 715815 ns
[2025-03-05T20:03:59.215+0000][12.395s][debug][safepoint   ] Safepoint synchronization initiated using futex wait barrier. (21 threads)
[2025-03-05T20:03:59.216+0000][12.396s][info ][gc,start    ] GC(33) Pause Young (Normal) (G1 Evacuation Pause)
[2025-03-05T20:03:59.217+0000][12.397s][info ][gc,task     ] GC(33) Using 6 workers of 8 for evacuation
[2025-03-05T20:03:59.224+0000][12.404s][info ][gc,phases   ] GC(33)   Pre Evacuate Collection Set: 0.1ms
[2025-03-05T20:03:59.224+0000][12.404s][info ][gc,phases   ] GC(33)   Merge Heap Roots: 0.1ms
[2025-03-05T20:03:59.225+0000][12.405s][info ][gc,phases   ] GC(33)   Evacuate Collection Set: 4.9ms
[2025-03-05T20:03:59.225+0000][12.405s][info ][gc,phases   ] GC(33)   Post Evacuate Collection Set: 1.3ms
[2025-03-05T20:03:59.226+0000][12.406s][info ][gc,phases   ] GC(33)   Other: 1.2ms
[2025-03-05T20:03:59.227+0000][12.406s][info ][gc,heap     ] GC(33) Eden regions: 80->0(78)
[2025-03-05T20:03:59.227+0000][12.407s][info ][gc,heap     ] GC(33) Survivor regions: 6->8(11)
[2025-03-05T20:03:59.228+0000][12.407s][info ][gc,heap     ] GC(33) Old regions: 33->33
[2025-03-05T20:03:59.228+0000][12.408s][info ][gc,heap     ] GC(33) Archive regions: 2->2
[2025-03-05T20:03:59.229+0000][12.408s][info ][gc,heap     ] GC(33) Humongous regions: 0->0
[2025-03-05T20:03:59.229+0000][12.409s][info ][gc,metaspace] GC(33) Metaspace: 87258K(87872K)->87258K(87872K) NonClass: 76033K(76352K)->76033K(76352K) Class: 11224K(11520K)->11224K(11520K)
[2025-03-05T20:03:59.229+0000][12.409s][info ][gc          ] GC(33) Pause Young (Normal) (G1 Evacuation Pause) 238M->83M(288M) 13.151ms
[2025-03-05T20:03:59.230+0000][12.410s][info ][gc,cpu      ] GC(33) User=0.04s Sys=0.00s Real=0.01s
[2025-03-05T20:03:59.230+0000][12.410s][info ][safepoint   ] Safepoint "G1CollectForAllocation", Time since last: 252867372 ns, Reaching safepoint: 1281147 ns, Cleanup: 65620 ns, At safepoint: 13848227 ns, Total: 15194994 ns
[2025-03-05T20:03:59.753+0000][12.933s][debug][safepoint   ] Safepoint synchronization initiated using futex wait barrier. (25 threads)
[2025-03-05T20:03:59.754+0000][12.933s][info ][safepoint   ] Safepoint "ICBufferFull", Time since last: 522894454 ns, Reaching safepoint: 532327 ns, Cleanup: 110443 ns, At safepoint: 1648 ns, Total: 644418 ns
[2025-03-05T20:03:59.806+0000][12.986s][debug][safepoint   ] Safepoint synchronization initiated using futex wait barrier. (25 threads)
[2025-03-05T20:03:59.807+0000][12.987s][info ][gc,start    ] GC(34) Pause Young (Normal) (G1 Evacuation Pause)
[2025-03-05T20:03:59.807+0000][12.987s][info ][gc,task     ] GC(34) Using 8 workers of 8 for evacuation
[2025-03-05T20:03:59.816+0000][12.995s][info ][gc,phases   ] GC(34)   Pre Evacuate Collection Set: 0.1ms
[2025-03-05T20:03:59.816+0000][12.996s][info ][gc,phases   ] GC(34)   Merge Heap Roots: 0.1ms
[2025-03-05T20:03:59.816+0000][12.996s][info ][gc,phases   ] GC(34)   Evacuate Collection Set: 6.6ms
[2025-03-05T20:03:59.817+0000][12.997s][info ][gc,phases   ] GC(34)   Post Evacuate Collection Set: 1.3ms
[2025-03-05T20:03:59.817+0000][12.997s][info ][gc,phases   ] GC(34)   Other: 0.6ms
[2025-03-05T20:03:59.818+0000][12.998s][info ][gc,heap     ] GC(34) Eden regions: 78->0(75)
[2025-03-05T20:03:59.818+0000][12.998s][info ][gc,heap     ] GC(34) Survivor regions: 8->8(11)
[2025-03-05T20:03:59.818+0000][12.998s][info ][gc,heap     ] GC(34) Old regions: 33->36
[2025-03-05T20:03:59.819+0000][12.999s][info ][gc,heap     ] GC(34) Archive regions: 2->2
[2025-03-05T20:03:59.819+0000][12.999s][info ][gc,heap     ] GC(34) Humongous regions: 0->0
[2025-03-05T20:03:59.820+0000][12.999s][info ][gc,metaspace] GC(34) Metaspace: 90973K(91584K)->90973K(91584K) NonClass: 79307K(79616K)->79307K(79616K) Class: 11666K(11968K)->11666K(11968K)
[2025-03-05T20:03:59.820+0000][13.000s][info ][gc          ] GC(34) Pause Young (Normal) (G1 Evacuation Pause) 239M->87M(288M) 13.135ms
[2025-03-05T20:03:59.820+0000][13.000s][info ][gc,cpu      ] GC(34) User=0.08s Sys=0.00s Real=0.02s
[2025-03-05T20:03:59.821+0000][13.001s][info ][safepoint   ] Safepoint "G1CollectForAllocation", Time since last: 52195838 ns, Reaching safepoint: 949849 ns, Cleanup: 74789 ns, At safepoint: 14110583 ns, Total: 15135221 ns
[2025-03-05T20:03:59.927+0000][13.106s][debug][safepoint   ] ... found polling page loop exception at pc = 0x00007ffb495ae329, stub =0x00007ffb50b10400
[2025-03-05T20:04:00.273+0000][13.453s][debug][safepoint   ] Safepoint synchronization initiated using futex wait barrier. (25 threads)
[2025-03-05T20:04:00.292+0000][13.472s][info ][safepoint   ] Safepoint "ICBufferFull", Time since last: 452495711 ns, Reaching safepoint: 18263282 ns, Cleanup: 127494 ns, At safepoint: 3306 ns, Total: 18394082 ns
[2025-03-05T20:04:00.311+0000][13.491s][debug][safepoint   ] Safepoint synchronization initiated using futex wait barrier. (25 threads)
[2025-03-05T20:04:00.324+0000][13.504s][info ][gc,start    ] GC(35) Pause Young (Normal) (G1 Evacuation Pause)
[2025-03-05T20:04:00.330+0000][13.510s][info ][gc,task     ] GC(35) Using 8 workers of 8 for evacuation
[2025-03-05T20:04:00.340+0000][13.520s][info ][gc,phases   ] GC(35)   Pre Evacuate Collection Set: 0.1ms
[2025-03-05T20:04:00.344+0000][13.524s][info ][gc,phases   ] GC(35)   Merge Heap Roots: 0.1ms
[2025-03-05T20:04:00.345+0000][13.525s][info ][gc,phases   ] GC(35)   Evacuate Collection Set: 6.9ms
[2025-03-05T20:04:00.346+0000][13.526s][info ][gc,phases   ] GC(35)   Post Evacuate Collection Set: 0.9ms
[2025-03-05T20:04:00.348+0000][13.528s][info ][gc,phases   ] GC(35)   Other: 8.2ms
[2025-03-05T20:04:00.352+0000][13.532s][info ][gc,heap     ] GC(35) Eden regions: 75->0(72)
[2025-03-05T20:04:00.360+0000][13.540s][info ][gc,heap     ] GC(35) Survivor regions: 8->9(11)
[2025-03-05T20:04:00.362+0000][13.542s][info ][gc,heap     ] GC(35) Old regions: 36->37
[2025-03-05T20:04:00.363+0000][13.543s][info ][gc,heap     ] GC(35) Archive regions: 2->2
[2025-03-05T20:04:00.363+0000][13.543s][info ][gc,heap     ] GC(35) Humongous regions: 0->0
[2025-03-05T20:04:00.364+0000][13.544s][info ][gc,metaspace] GC(35) Metaspace: 95378K(96000K)->95378K(96000K) NonClass: 82869K(83200K)->82869K(83200K) Class: 12509K(12800K)->12509K(12800K)
[2025-03-05T20:04:00.364+0000][13.544s][info ][gc          ] GC(35) Pause Young (Normal) (G1 Evacuation Pause) 237M->93M(288M) 40.681ms
[2025-03-05T20:04:00.365+0000][13.545s][info ][gc,cpu      ] GC(35) User=0.15s Sys=0.01s Real=0.04s
[2025-03-05T20:04:00.366+0000][13.545s][info ][safepoint   ] Safepoint "G1CollectForAllocation", Time since last: 19342931 ns, Reaching safepoint: 12483949 ns, Cleanup: 17941 ns, At safepoint: 41944208 ns, Total: 54446098 ns
[2025-03-05T20:04:00.747+0000][13.926s][debug][safepoint   ] Safepoint synchronization initiated using futex wait barrier. (26 threads)
[2025-03-05T20:04:00.747+0000][13.927s][info ][gc,start    ] GC(36) Pause Young (Normal) (G1 Evacuation Pause)
[2025-03-05T20:04:00.748+0000][13.928s][info ][gc,task     ] GC(36) Using 8 workers of 8 for evacuation
[2025-03-05T20:04:00.753+0000][13.933s][info ][gc,phases   ] GC(36)   Pre Evacuate Collection Set: 0.1ms
[2025-03-05T20:04:00.754+0000][13.934s][info ][gc,phases   ] GC(36)   Merge Heap Roots: 0.1ms
[2025-03-05T20:04:00.754+0000][13.934s][info ][gc,phases   ] GC(36)   Evacuate Collection Set: 4.3ms
[2025-03-05T20:04:00.754+0000][13.934s][info ][gc,phases   ] GC(36)   Post Evacuate Collection Set: 0.8ms
[2025-03-05T20:04:00.755+0000][13.935s][info ][gc,phases   ] GC(36)   Other: 1.1ms
[2025-03-05T20:04:00.755+0000][13.935s][info ][gc,heap     ] GC(36) Eden regions: 72->0(75)
[2025-03-05T20:04:00.755+0000][13.935s][info ][gc,heap     ] GC(36) Survivor regions: 9->5(11)
[2025-03-05T20:04:00.756+0000][13.935s][info ][gc,heap     ] GC(36) Old regions: 37->41
[2025-03-05T20:04:00.756+0000][13.936s][info ][gc,heap     ] GC(36) Archive regions: 2->2
[2025-03-05T20:04:00.756+0000][13.936s][info ][gc,heap     ] GC(36) Humongous regions: 0->0
[2025-03-05T20:04:00.756+0000][13.936s][info ][gc,metaspace] GC(36) Metaspace: 99602K(100160K)->99602K(100160K) NonClass: 86531K(86848K)->86531K(86848K) Class: 13071K(13312K)->13071K(13312K)
[2025-03-05T20:04:00.757+0000][13.936s][info ][gc          ] GC(36) Pause Young (Normal) (G1 Evacuation Pause) 237M->92M(288M) 9.439ms
[2025-03-05T20:04:00.757+0000][13.937s][info ][gc,cpu      ] GC(36) User=0.03s Sys=0.00s Real=0.01s
[2025-03-05T20:04:00.757+0000][13.937s][info ][safepoint   ] Safepoint "G1CollectForAllocation", Time since last: 380914890 ns, Reaching safepoint: 481328 ns, Cleanup: 67186 ns, At safepoint: 10132289 ns, Total: 10680803 ns
[2025-03-05T20:04:01.069+0000][14.249s][debug][safepoint   ] Safepoint synchronization initiated using futex wait barrier. (28 threads)
[2025-03-05T20:04:01.070+0000][14.250s][info ][gc,start    ] GC(37) Pause Young (Concurrent Start) (Metadata GC Threshold)
[2025-03-05T20:04:01.070+0000][14.250s][info ][gc,task     ] GC(37) Using 8 workers of 8 for evacuation
[2025-03-05T20:04:01.076+0000][14.255s][info ][gc,phases   ] GC(37)   Pre Evacuate Collection Set: 0.2ms
[2025-03-05T20:04:01.077+0000][14.257s][info ][gc,phases   ] GC(37)   Merge Heap Roots: 0.1ms
[2025-03-05T20:04:01.078+0000][14.258s][info ][gc,phases   ] GC(37)   Evacuate Collection Set: 3.7ms
[2025-03-05T20:04:01.078+0000][14.258s][info ][gc,phases   ] GC(37)   Post Evacuate Collection Set: 0.8ms
[2025-03-05T20:04:01.079+0000][14.258s][info ][gc,phases   ] GC(37)   Other: 0.7ms
[2025-03-05T20:04:01.079+0000][14.259s][info ][gc,heap     ] GC(37) Eden regions: 36->0(74)
[2025-03-05T20:04:01.079+0000][14.259s][info ][gc,heap     ] GC(37) Survivor regions: 5->6(10)
[2025-03-05T20:04:01.079+0000][14.259s][info ][gc,heap     ] GC(37) Old regions: 41->41
[2025-03-05T20:04:01.080+0000][14.260s][info ][gc,heap     ] GC(37) Archive regions: 2->2
[2025-03-05T20:04:01.080+0000][14.260s][info ][gc,heap     ] GC(37) Humongous regions: 0->0
[2025-03-05T20:04:01.080+0000][14.260s][info ][gc,metaspace] GC(37) Metaspace: 101780K(102336K)->101780K(102336K) NonClass: 88430K(88704K)->88430K(88704K) Class: 13349K(13632K)->13349K(13632K)
[2025-03-05T20:04:01.080+0000][14.260s][info ][gc          ] GC(37) Pause Young (Concurrent Start) (Metadata GC Threshold) 164M->93M(288M) 10.144ms
[2025-03-05T20:04:01.080+0000][14.260s][info ][gc,cpu      ] GC(37) User=0.03s Sys=0.00s Real=0.01s
[2025-03-05T20:04:01.081+0000][14.261s][info ][gc          ] GC(38) Concurrent Mark Cycle
[2025-03-05T20:04:01.081+0000][14.261s][info ][gc,marking  ] GC(38) Concurrent Clear Claimed Marks
[2025-03-05T20:04:01.081+0000][14.261s][info ][safepoint   ] Safepoint "CollectForMetadataAllocation", Time since last: 312176006 ns, Reaching safepoint: 570948 ns, Cleanup: 68493 ns, At safepoint: 10807504 ns, Total: 11446945 ns
[2025-03-05T20:04:01.081+0000][14.261s][info ][gc,marking  ] GC(38) Concurrent Clear Claimed Marks 0.278ms
[2025-03-05T20:04:01.082+0000][14.262s][info ][gc,marking  ] GC(38) Concurrent Scan Root Regions
[2025-03-05T20:04:01.085+0000][14.265s][info ][gc,marking  ] GC(38) Concurrent Scan Root Regions 3.180ms
[2025-03-05T20:04:01.085+0000][14.265s][info ][gc,marking  ] GC(38) Concurrent Mark
[2025-03-05T20:04:01.086+0000][14.266s][info ][gc,marking  ] GC(38) Concurrent Mark From Roots
[2025-03-05T20:04:01.086+0000][14.266s][info ][gc,task     ] GC(38) Using 2 workers of 2 for marking
[2025-03-05T20:04:01.134+0000][14.314s][info ][gc,marking  ] GC(38) Concurrent Mark From Roots 48.142ms
[2025-03-05T20:04:01.134+0000][14.314s][info ][gc,marking  ] GC(38) Concurrent Preclean
[2025-03-05T20:04:01.134+0000][14.314s][debug][safepoint   ] Safepoint synchronization initiated using futex wait barrier. (28 threads)
[2025-03-05T20:04:01.135+0000][14.315s][info ][safepoint   ] Safepoint "CollectForMetadataAllocation", Time since last: 53512486 ns, Reaching safepoint: 310884 ns, Cleanup: 17082 ns, At safepoint: 33669 ns, Total: 361635 ns
[2025-03-05T20:04:01.135+0000][14.315s][info ][gc,marking  ] GC(38) Concurrent Preclean 0.642ms
[2025-03-05T20:04:01.135+0000][14.315s][debug][safepoint   ] Safepoint synchronization initiated using futex wait barrier. (28 threads)
[2025-03-05T20:04:01.135+0000][14.315s][info ][gc,start    ] GC(38) Pause Remark
[2025-03-05T20:04:01.139+0000][14.319s][info ][gc          ] GC(38) Pause Remark 106M->106M(288M) 3.553ms
[2025-03-05T20:04:01.139+0000][14.319s][info ][gc,cpu      ] GC(38) User=0.02s Sys=0.00s Real=0.00s
[2025-03-05T20:04:01.140+0000][14.319s][info ][safepoint   ] Safepoint "G1PauseRemark", Time since last: 436648 ns, Reaching safepoint: 162175 ns, Cleanup: 2349 ns, At safepoint: 4253170 ns, Total: 4417694 ns
[2025-03-05T20:04:01.140+0000][14.320s][info ][gc,marking  ] GC(38) Concurrent Mark 54.508ms
[2025-03-05T20:04:01.140+0000][14.320s][info ][gc,marking  ] GC(38) Concurrent Rebuild Remembered Sets
[2025-03-05T20:04:01.166+0000][14.346s][info ][gc,marking  ] GC(38) Concurrent Rebuild Remembered Sets 25.672ms
[2025-03-05T20:04:01.166+0000][14.346s][debug][safepoint   ] Safepoint synchronization initiated using futex wait barrier. (28 threads)
[2025-03-05T20:04:01.166+0000][14.346s][debug][safepoint   ] ... found polling page loop exception at pc = 0x00007ffb51730204, stub =0x00007ffb50b10400
[2025-03-05T20:04:01.167+0000][14.347s][info ][gc,start    ] GC(38) Pause Cleanup
[2025-03-05T20:04:01.167+0000][14.347s][info ][gc          ] GC(38) Pause Cleanup 110M->110M(288M) 0.293ms
[2025-03-05T20:04:01.167+0000][14.347s][info ][gc,cpu      ] GC(38) User=0.00s Sys=0.00s Real=0.00s
[2025-03-05T20:04:01.167+0000][14.347s][info ][safepoint   ] Safepoint "G1PauseCleanup", Time since last: 26489956 ns, Reaching safepoint: 567712 ns, Cleanup: 21834 ns, At safepoint: 673035 ns, Total: 1262581 ns
[2025-03-05T20:04:01.168+0000][14.348s][info ][gc,marking  ] GC(38) Concurrent Cleanup for Next Mark
[2025-03-05T20:04:01.169+0000][14.349s][info ][gc,marking  ] GC(38) Concurrent Cleanup for Next Mark 1.018ms
[2025-03-05T20:04:01.169+0000][14.349s][info ][gc          ] GC(38) Concurrent Mark Cycle 88.282ms
[2025-03-05T20:04:01.681+0000][14.861s][debug][safepoint   ] Safepoint synchronization initiated using futex wait barrier. (28 threads)
[2025-03-05T20:04:01.682+0000][14.862s][info ][gc,start    ] GC(39) Pause Young (Prepare Mixed) (G1 Evacuation Pause)
[2025-03-05T20:04:01.682+0000][14.862s][info ][gc,task     ] GC(39) Using 8 workers of 8 for evacuation
[2025-03-05T20:04:01.690+0000][14.869s][info ][gc,phases   ] GC(39)   Pre Evacuate Collection Set: 0.2ms
[2025-03-05T20:04:01.690+0000][14.870s][info ][gc,phases   ] GC(39)   Merge Heap Roots: 0.2ms
[2025-03-05T20:04:01.690+0000][14.870s][info ][gc,phases   ] GC(39)   Evacuate Collection Set: 5.7ms
[2025-03-05T20:04:01.691+0000][14.870s][info ][gc,phases   ] GC(39)   Post Evacuate Collection Set: 1.0ms
[2025-03-05T20:04:01.691+0000][14.871s][info ][gc,phases   ] GC(39)   Other: 0.6ms
[2025-03-05T20:04:01.691+0000][14.871s][info ][gc,heap     ] GC(39) Eden regions: 74->0(2)
[2025-03-05T20:04:01.691+0000][14.871s][info ][gc,heap     ] GC(39) Survivor regions: 6->5(10)
[2025-03-05T20:04:01.691+0000][14.871s][info ][gc,heap     ] GC(39) Old regions: 41->42
[2025-03-05T20:04:01.692+0000][14.872s][info ][gc,heap     ] GC(39) Archive regions: 2->2
[2025-03-05T20:04:01.692+0000][14.872s][info ][gc,heap     ] GC(39) Humongous regions: 0->0
[2025-03-05T20:04:01.692+0000][14.872s][info ][gc,metaspace] GC(39) Metaspace: 104894K(105536K)->104894K(105536K) NonClass: 91055K(91392K)->91055K(91392K) Class: 13839K(14144K)->13839K(14144K)
[2025-03-05T20:04:01.692+0000][14.872s][info ][gc          ] GC(39) Pause Young (Prepare Mixed) (G1 Evacuation Pause) 241M->95M(288M) 10.557ms
[2025-03-05T20:04:01.693+0000][14.873s][info ][gc,cpu      ] GC(39) User=0.06s Sys=0.01s Real=0.01s
[2025-03-05T20:04:01.693+0000][14.873s][info ][safepoint   ] Safepoint "G1CollectForAllocation", Time since last: 514044462 ns, Reaching safepoint: 359246 ns, Cleanup: 104388 ns, At safepoint: 11163278 ns, Total: 11626912 ns
[2025-03-05T20:04:01.712+0000][14.892s][debug][safepoint   ] Safepoint synchronization initiated using futex wait barrier. (28 threads)
[2025-03-05T20:04:01.713+0000][14.893s][info ][gc,start    ] GC(40) Pause Young (Mixed) (G1 Evacuation Pause)
[2025-03-05T20:04:01.713+0000][14.893s][info ][gc,task     ] GC(40) Using 8 workers of 8 for evacuation
[2025-03-05T20:04:01.721+0000][14.900s][info ][gc,phases   ] GC(40)   Pre Evacuate Collection Set: 0.1ms
[2025-03-05T20:04:01.721+0000][14.901s][info ][gc,phases   ] GC(40)   Merge Heap Roots: 0.2ms
[2025-03-05T20:04:01.721+0000][14.901s][info ][gc,phases   ] GC(40)   Evacuate Collection Set: 5.6ms
[2025-03-05T20:04:01.722+0000][14.902s][info ][gc,phases   ] GC(40)   Post Evacuate Collection Set: 0.6ms
[2025-03-05T20:04:01.722+0000][14.902s][info ][gc,phases   ] GC(40)   Other: 1.2ms
[2025-03-05T20:04:01.723+0000][14.903s][info ][gc,heap     ] GC(40) Eden regions: 2->0(75)
[2025-03-05T20:04:01.723+0000][14.903s][info ][gc,heap     ] GC(40) Survivor regions: 5->1(1)
[2025-03-05T20:04:01.724+0000][14.904s][info ][gc,heap     ] GC(40) Old regions: 42->46
[2025-03-05T20:04:01.724+0000][14.904s][info ][gc,heap     ] GC(40) Archive regions: 2->2
[2025-03-05T20:04:01.725+0000][14.905s][info ][gc,heap     ] GC(40) Humongous regions: 0->0
[2025-03-05T20:04:01.725+0000][14.905s][info ][gc,metaspace] GC(40) Metaspace: 104953K(105600K)->104953K(105600K) NonClass: 91107K(91456K)->91107K(91456K) Class: 13846K(14144K)->13846K(14144K)
[2025-03-05T20:04:01.725+0000][14.905s][info ][gc          ] GC(40) Pause Young (Mixed) (G1 Evacuation Pause) 99M->94M(288M) 12.454ms
[2025-03-05T20:04:01.726+0000][14.905s][info ][gc,cpu      ] GC(40) User=0.06s Sys=0.00s Real=0.01s
[2025-03-05T20:04:01.726+0000][14.906s][info ][safepoint   ] Safepoint "G1CollectForAllocation", Time since last: 19255913 ns, Reaching safepoint: 587067 ns, Cleanup: 10826 ns, At safepoint: 13319960 ns, Total: 13917853 ns
[2025-03-05T20:04:02.264+0000][15.444s][debug][safepoint   ] Safepoint synchronization initiated using futex wait barrier. (37 threads)
[2025-03-05T20:04:02.265+0000][15.445s][info ][gc,start    ] GC(41) Pause Young (Concurrent Start) (G1 Evacuation Pause)
[2025-03-05T20:04:02.265+0000][15.445s][info ][gc,task     ] GC(41) Using 8 workers of 8 for evacuation
[2025-03-05T20:04:02.269+0000][15.449s][info ][gc,phases   ] GC(41)   Pre Evacuate Collection Set: 0.2ms
[2025-03-05T20:04:02.270+0000][15.450s][info ][gc,phases   ] GC(41)   Merge Heap Roots: 0.1ms
[2025-03-05T20:04:02.270+0000][15.450s][info ][gc,phases   ] GC(41)   Evacuate Collection Set: 2.8ms
[2025-03-05T20:04:02.271+0000][15.450s][info ][gc,phases   ] GC(41)   Post Evacuate Collection Set: 0.7ms
[2025-03-05T20:04:02.271+0000][15.451s][info ][gc,phases   ] GC(41)   Other: 0.8ms
[2025-03-05T20:04:02.271+0000][15.451s][info ][gc,heap     ] GC(41) Eden regions: 75->0(72)
[2025-03-05T20:04:02.272+0000][15.452s][info ][gc,heap     ] GC(41) Survivor regions: 1->3(10)
[2025-03-05T20:04:02.272+0000][15.452s][info ][gc,heap     ] GC(41) Old regions: 46->46
[2025-03-05T20:04:02.273+0000][15.452s][info ][gc,heap     ] GC(41) Archive regions: 2->2
[2025-03-05T20:04:02.273+0000][15.453s][info ][gc,heap     ] GC(41) Humongous regions: 0->0
[2025-03-05T20:04:02.273+0000][15.453s][info ][gc,metaspace] GC(41) Metaspace: 107525K(108224K)->107525K(108224K) NonClass: 93469K(93824K)->93469K(93824K) Class: 14056K(14400K)->14056K(14400K)
[2025-03-05T20:04:02.273+0000][15.453s][info ][gc          ] GC(41) Pause Young (Concurrent Start) (G1 Evacuation Pause) 244M->97M(288M) 8.429ms
[2025-03-05T20:04:02.274+0000][15.453s][info ][gc,cpu      ] GC(41) User=0.03s Sys=0.00s Real=0.01s
[2025-03-05T20:04:02.274+0000][15.454s][info ][gc          ] GC(42) Concurrent Mark Cycle
[2025-03-05T20:04:02.274+0000][15.454s][info ][safepoint   ] Safepoint "G1CollectForAllocation", Time since last: 537917203 ns, Reaching safepoint: 731334 ns, Cleanup: 93297 ns, At safepoint: 9211562 ns, Total: 10036193 ns
[2025-03-05T20:04:02.274+0000][15.454s][info ][gc,marking  ] GC(42) Concurrent Clear Claimed Marks
[2025-03-05T20:04:02.275+0000][15.455s][info ][gc,marking  ] GC(42) Concurrent Clear Claimed Marks 0.612ms
[2025-03-05T20:04:02.275+0000][15.455s][info ][gc,marking  ] GC(42) Concurrent Scan Root Regions
[2025-03-05T20:04:02.278+0000][15.458s][info ][gc,marking  ] GC(42) Concurrent Scan Root Regions 2.311ms
[2025-03-05T20:04:02.278+0000][15.458s][info ][gc,marking  ] GC(42) Concurrent Mark
[2025-03-05T20:04:02.279+0000][15.459s][info ][gc,marking  ] GC(42) Concurrent Mark From Roots
[2025-03-05T20:04:02.279+0000][15.459s][info ][gc,task     ] GC(42) Using 2 workers of 2 for marking
[2025-03-05T20:04:02.331+0000][15.511s][info ][gc,marking  ] GC(42) Concurrent Mark From Roots 51.975ms
[2025-03-05T20:04:02.332+0000][15.511s][info ][gc,marking  ] GC(42) Concurrent Preclean
[2025-03-05T20:04:02.332+0000][15.512s][info ][gc,marking  ] GC(42) Concurrent Preclean 0.717ms
[2025-03-05T20:04:02.333+0000][15.512s][debug][safepoint   ] Safepoint synchronization initiated using futex wait barrier. (37 threads)
[2025-03-05T20:04:02.333+0000][15.513s][info ][gc,start    ] GC(42) Pause Remark
[2025-03-05T20:04:02.336+0000][15.516s][info ][gc          ] GC(42) Pause Remark 121M->121M(288M) 3.187ms
[2025-03-05T20:04:02.337+0000][15.517s][info ][gc,cpu      ] GC(42) User=0.01s Sys=0.00s Real=0.00s
[2025-03-05T20:04:02.337+0000][15.517s][info ][safepoint   ] Safepoint "G1PauseRemark", Time since last: 58452359 ns, Reaching safepoint: 338389 ns, Cleanup: 9236 ns, At safepoint: 4565402 ns, Total: 4913027 ns
[2025-03-05T20:04:02.338+0000][15.518s][info ][gc,marking  ] GC(42) Concurrent Mark 59.657ms
[2025-03-05T20:04:02.339+0000][15.518s][info ][gc,marking  ] GC(42) Concurrent Rebuild Remembered Sets
[2025-03-05T20:04:02.366+0000][15.546s][info ][gc,marking  ] GC(42) Concurrent Rebuild Remembered Sets 27.141ms
[2025-03-05T20:04:02.366+0000][15.546s][debug][safepoint   ] Safepoint synchronization initiated using futex wait barrier. (37 threads)
[2025-03-05T20:04:02.367+0000][15.547s][info ][gc,start    ] GC(42) Pause Cleanup
[2025-03-05T20:04:02.368+0000][15.548s][info ][gc          ] GC(42) Pause Cleanup 135M->135M(288M) 0.732ms
[2025-03-05T20:04:02.368+0000][15.548s][info ][gc,cpu      ] GC(42) User=0.00s Sys=0.00s Real=0.00s
[2025-03-05T20:04:02.369+0000][15.548s][info ][safepoint   ] Safepoint "G1PauseCleanup", Time since last: 28956401 ns, Reaching safepoint: 476873 ns, Cleanup: 2679 ns, At safepoint: 1687495 ns, Total: 2167047 ns
[2025-03-05T20:04:02.369+0000][15.549s][info ][gc,marking  ] GC(42) Concurrent Cleanup for Next Mark
[2025-03-05T20:04:02.370+0000][15.549s][info ][gc,marking  ] GC(42) Concurrent Cleanup for Next Mark 0.493ms
[2025-03-05T20:04:02.370+0000][15.550s][info ][gc          ] GC(42) Concurrent Mark Cycle 95.771ms
[2025-03-05T20:04:02.745+0000][15.925s][debug][safepoint   ] Safepoint synchronization initiated using futex wait barrier. (41 threads)
[2025-03-05T20:04:02.746+0000][15.925s][info ][gc,start    ] GC(43) Pause Young (Prepare Mixed) (G1 Evacuation Pause)
[2025-03-05T20:04:02.746+0000][15.926s][info ][gc,task     ] GC(43) Using 8 workers of 8 for evacuation
[2025-03-05T20:04:02.750+0000][15.930s][info ][gc,phases   ] GC(43)   Pre Evacuate Collection Set: 0.2ms
[2025-03-05T20:04:02.750+0000][15.930s][info ][gc,phases   ] GC(43)   Merge Heap Roots: 0.1ms
[2025-03-05T20:04:02.751+0000][15.931s][info ][gc,phases   ] GC(43)   Evacuate Collection Set: 2.8ms
[2025-03-05T20:04:02.751+0000][15.931s][info ][gc,phases   ] GC(43)   Post Evacuate Collection Set: 0.8ms
[2025-03-05T20:04:02.752+0000][15.932s][info ][gc,phases   ] GC(43)   Other: 0.6ms
[2025-03-05T20:04:02.752+0000][15.932s][info ][gc,heap     ] GC(43) Eden regions: 72->0(3)
[2025-03-05T20:04:02.753+0000][15.932s][info ][gc,heap     ] GC(43) Survivor regions: 3->4(10)
[2025-03-05T20:04:02.753+0000][15.933s][info ][gc,heap     ] GC(43) Old regions: 46->46
[2025-03-05T20:04:02.753+0000][15.933s][info ][gc,heap     ] GC(43) Archive regions: 2->2
[2025-03-05T20:04:02.753+0000][15.933s][info ][gc,heap     ] GC(43) Humongous regions: 0->0
[2025-03-05T20:04:02.754+0000][15.933s][info ][gc,metaspace] GC(43) Metaspace: 110163K(110784K)->110163K(110784K) NonClass: 95807K(96128K)->95807K(96128K) Class: 14355K(14656K)->14355K(14656K)
[2025-03-05T20:04:02.754+0000][15.934s][info ][gc          ] GC(43) Pause Young (Prepare Mixed) (G1 Evacuation Pause) 241M->101M(288M) 8.266ms
[2025-03-05T20:04:02.754+0000][15.934s][info ][gc,cpu      ] GC(43) User=0.03s Sys=0.00s Real=0.01s
[2025-03-05T20:04:02.755+0000][15.935s][info ][safepoint   ] Safepoint "G1CollectForAllocation", Time since last: 376443468 ns, Reaching safepoint: 376855 ns, Cleanup: 95955 ns, At safepoint: 9193634 ns, Total: 9666444 ns
[2025-03-05T20:04:02.785+0000][15.965s][debug][safepoint   ] Safepoint synchronization initiated using futex wait barrier. (41 threads)
[2025-03-05T20:04:02.786+0000][15.966s][info ][gc,start    ] GC(44) Pause Young (Mixed) (G1 Evacuation Pause)
[2025-03-05T20:04:02.787+0000][15.966s][info ][gc,task     ] GC(44) Using 8 workers of 8 for evacuation
[2025-03-05T20:04:02.791+0000][15.971s][info ][gc,phases   ] GC(44)   Pre Evacuate Collection Set: 0.1ms
[2025-03-05T20:04:02.791+0000][15.971s][info ][gc,phases   ] GC(44)   Merge Heap Roots: 0.1ms
[2025-03-05T20:04:02.792+0000][15.972s][info ][gc,phases   ] GC(44)   Evacuate Collection Set: 2.7ms
[2025-03-05T20:04:02.792+0000][15.972s][info ][gc,phases   ] GC(44)   Post Evacuate Collection Set: 0.6ms
[2025-03-05T20:04:02.793+0000][15.972s][info ][gc,phases   ] GC(44)   Other: 1.1ms
[2025-03-05T20:04:02.793+0000][15.973s][info ][gc,heap     ] GC(44) Eden regions: 3->0(71)
[2025-03-05T20:04:02.794+0000][15.974s][info ][gc,heap     ] GC(44) Survivor regions: 4->1(1)
[2025-03-05T20:04:02.794+0000][15.974s][info ][gc,heap     ] GC(44) Old regions: 46->49
[2025-03-05T20:04:02.794+0000][15.974s][info ][gc,heap     ] GC(44) Archive regions: 2->2
[2025-03-05T20:04:02.795+0000][15.975s][info ][gc,heap     ] GC(44) Humongous regions: 0->0
[2025-03-05T20:04:02.795+0000][15.975s][info ][gc,metaspace] GC(44) Metaspace: 110549K(111168K)->110549K(111168K) NonClass: 96155K(96448K)->96155K(96448K) Class: 14393K(14720K)->14393K(14720K)
[2025-03-05T20:04:02.795+0000][15.975s][info ][gc          ] GC(44) Pause Young (Mixed) (G1 Evacuation Pause) 107M->100M(288M) 9.255ms
[2025-03-05T20:04:02.796+0000][15.976s][info ][gc,cpu      ] GC(44) User=0.02s Sys=0.00s Real=0.01s
[2025-03-05T20:04:02.796+0000][15.976s][info ][safepoint   ] Safepoint "G1CollectForAllocation", Time since last: 30622405 ns, Reaching safepoint: 790348 ns, Cleanup: 18757 ns, At safepoint: 9769115 ns, Total: 10578220 ns
[2025-03-05T20:04:03.075+0000][16.254s][debug][safepoint   ] Safepoint synchronization initiated using futex wait barrier. (40 threads)
[2025-03-05T20:04:03.075+0000][16.255s][info ][safepoint   ] Safepoint "ICBufferFull", Time since last: 278717820 ns, Reaching safepoint: 345141 ns, Cleanup: 96529 ns, At safepoint: 2036 ns, Total: 443706 ns
[2025-03-05T20:04:03.374+0000][16.554s][debug][safepoint   ] Safepoint synchronization initiated using futex wait barrier. (40 threads)
[2025-03-05T20:04:03.375+0000][16.555s][info ][safepoint   ] Safepoint "ICBufferFull", Time since last: 299259042 ns, Reaching safepoint: 776195 ns, Cleanup: 91865 ns, At safepoint: 1688 ns, Total: 869748 ns
[2025-03-05T20:04:03.575+0000][16.755s][debug][safepoint   ] Safepoint synchronization initiated using futex wait barrier. (40 threads)
[2025-03-05T20:04:03.576+0000][16.756s][info ][gc,start    ] GC(45) Pause Young (Normal) (G1 Evacuation Pause)
[2025-03-05T20:04:03.583+0000][16.763s][info ][gc,task     ] GC(45) Using 8 workers of 8 for evacuation
[2025-03-05T20:04:03.589+0000][16.768s][info ][gc,phases   ] GC(45)   Pre Evacuate Collection Set: 0.1ms
[2025-03-05T20:04:03.589+0000][16.769s][info ][gc,phases   ] GC(45)   Merge Heap Roots: 0.1ms
[2025-03-05T20:04:03.589+0000][16.769s][info ][gc,phases   ] GC(45)   Evacuate Collection Set: 2.7ms
[2025-03-05T20:04:03.589+0000][16.769s][info ][gc,phases   ] GC(45)   Post Evacuate Collection Set: 0.8ms
[2025-03-05T20:04:03.589+0000][16.769s][info ][gc,phases   ] GC(45)   Other: 9.1ms
[2025-03-05T20:04:03.589+0000][16.769s][info ][gc,heap     ] GC(45) Eden regions: 71->0(69)
[2025-03-05T20:04:03.590+0000][16.770s][info ][gc,heap     ] GC(45) Survivor regions: 1->3(9)
[2025-03-05T20:04:03.590+0000][16.770s][info ][gc,heap     ] GC(45) Old regions: 49->49
[2025-03-05T20:04:03.590+0000][16.770s][info ][gc,heap     ] GC(45) Archive regions: 2->2
[2025-03-05T20:04:03.591+0000][16.770s][info ][gc,heap     ] GC(45) Humongous regions: 0->0
[2025-03-05T20:04:03.591+0000][16.771s][info ][gc,metaspace] GC(45) Metaspace: 114535K(115200K)->114535K(115200K) NonClass: 99758K(100096K)->99758K(100096K) Class: 14777K(15104K)->14777K(15104K)
[2025-03-05T20:04:03.591+0000][16.771s][info ][gc          ] GC(45) Pause Young (Normal) (G1 Evacuation Pause) 242M->103M(288M) 15.424ms
[2025-03-05T20:04:03.591+0000][16.771s][info ][gc,cpu      ] GC(45) User=0.05s Sys=0.00s Real=0.02s
[2025-03-05T20:04:03.592+0000][16.772s][info ][safepoint   ] Safepoint "G1CollectForAllocation", Time since last: 199794031 ns, Reaching safepoint: 563987 ns, Cleanup: 49714 ns, At safepoint: 16260456 ns, Total: 16874157 ns
[2025-03-05T20:04:04.066+0000][17.245s][debug][safepoint   ] Safepoint synchronization initiated using futex wait barrier. (41 threads)
[2025-03-05T20:04:04.066+0000][17.246s][info ][gc,start    ] GC(46) Pause Young (Normal) (G1 Evacuation Pause)
[2025-03-05T20:04:04.066+0000][17.246s][info ][gc,task     ] GC(46) Using 8 workers of 8 for evacuation
[2025-03-05T20:04:04.071+0000][17.251s][info ][gc,phases   ] GC(46)   Pre Evacuate Collection Set: 0.1ms
[2025-03-05T20:04:04.072+0000][17.252s][info ][gc,phases   ] GC(46)   Merge Heap Roots: 0.1ms
[2025-03-05T20:04:04.072+0000][17.252s][info ][gc,phases   ] GC(46)   Evacuate Collection Set: 3.4ms
[2025-03-05T20:04:04.072+0000][17.252s][info ][gc,phases   ] GC(46)   Post Evacuate Collection Set: 0.8ms
[2025-03-05T20:04:04.073+0000][17.253s][info ][gc,phases   ] GC(46)   Other: 0.8ms
[2025-03-05T20:04:04.073+0000][17.253s][info ][gc,heap     ] GC(46) Eden regions: 69->0(69)
[2025-03-05T20:04:04.073+0000][17.253s][info ][gc,heap     ] GC(46) Survivor regions: 3->4(9)
[2025-03-05T20:04:04.073+0000][17.253s][info ][gc,heap     ] GC(46) Old regions: 49->49
[2025-03-05T20:04:04.073+0000][17.253s][info ][gc,heap     ] GC(46) Archive regions: 2->2
[2025-03-05T20:04:04.074+0000][17.253s][info ][gc,heap     ] GC(46) Humongous regions: 0->0
[2025-03-05T20:04:04.074+0000][17.254s][info ][gc,metaspace] GC(46) Metaspace: 116066K(116736K)->116066K(116736K) NonClass: 101098K(101440K)->101098K(101440K) Class: 14968K(15296K)->14968K(15296K)
[2025-03-05T20:04:04.074+0000][17.254s][info ][gc          ] GC(46) Pause Young (Normal) (G1 Evacuation Pause) 241M->105M(288M) 7.698ms
[2025-03-05T20:04:04.074+0000][17.254s][info ][gc,cpu      ] GC(46) User=0.03s Sys=0.00s Real=0.01s
[2025-03-05T20:04:04.074+0000][17.254s][info ][safepoint   ] Safepoint "G1CollectForAllocation", Time since last: 473756327 ns, Reaching safepoint: 474246 ns, Cleanup: 77638 ns, At safepoint: 8178789 ns, Total: 8730673 ns
[2025-03-05T20:04:04.710+0000][17.890s][debug][safepoint   ] Safepoint synchronization initiated using futex wait barrier. (44 threads)
[2025-03-05T20:04:04.711+0000][17.891s][info ][gc,start    ] GC(47) Pause Young (Normal) (G1 Evacuation Pause)
[2025-03-05T20:04:04.711+0000][17.891s][info ][gc,task     ] GC(47) Using 8 workers of 8 for evacuation
[2025-03-05T20:04:04.718+0000][17.898s][info ][gc,phases   ] GC(47)   Pre Evacuate Collection Set: 0.2ms
[2025-03-05T20:04:04.718+0000][17.898s][info ][gc,phases   ] GC(47)   Merge Heap Roots: 0.1ms
[2025-03-05T20:04:04.719+0000][17.899s][info ][gc,phases   ] GC(47)   Evacuate Collection Set: 4.4ms
[2025-03-05T20:04:04.719+0000][17.899s][info ][gc,phases   ] GC(47)   Post Evacuate Collection Set: 1.1ms
[2025-03-05T20:04:04.720+0000][17.900s][info ][gc,phases   ] GC(47)   Other: 1.1ms
[2025-03-05T20:04:04.721+0000][17.901s][info ][gc,heap     ] GC(47) Eden regions: 69->0(66)
[2025-03-05T20:04:04.721+0000][17.901s][info ][gc,heap     ] GC(47) Survivor regions: 4->6(10)
[2025-03-05T20:04:04.722+0000][17.902s][info ][gc,heap     ] GC(47) Old regions: 49->49
[2025-03-05T20:04:04.723+0000][17.902s][info ][gc,heap     ] GC(47) Archive regions: 2->2
[2025-03-05T20:04:04.723+0000][17.903s][info ][gc,heap     ] GC(47) Humongous regions: 0->0
[2025-03-05T20:04:04.724+0000][17.904s][info ][gc,metaspace] GC(47) Metaspace: 122864K(123840K)->122864K(123840K) NonClass: 107072K(107584K)->107072K(107584K) Class: 15792K(16256K)->15792K(16256K)
[2025-03-05T20:04:04.724+0000][17.904s][info ][gc          ] GC(47) Pause Young (Normal) (G1 Evacuation Pause) 243M->111M(288M) 13.580ms
[2025-03-05T20:04:04.725+0000][17.905s][info ][gc,cpu      ] GC(47) User=0.03s Sys=0.00s Real=0.01s
[2025-03-05T20:04:04.726+0000][17.905s][info ][safepoint   ] Safepoint "G1CollectForAllocation", Time since last: 636007185 ns, Reaching safepoint: 444808 ns, Cleanup: 78355 ns, At safepoint: 14714240 ns, Total: 15237403 ns
[2025-03-05T20:04:05.265+0000][18.445s][debug][safepoint   ] Safepoint synchronization initiated using futex wait barrier. (52 threads)
[2025-03-05T20:04:05.266+0000][18.445s][info ][gc,start    ] GC(48) Pause Young (Normal) (G1 Evacuation Pause)
[2025-03-05T20:04:05.266+0000][18.446s][info ][gc,task     ] GC(48) Using 8 workers of 8 for evacuation
[2025-03-05T20:04:05.272+0000][18.451s][info ][gc,phases   ] GC(48)   Pre Evacuate Collection Set: 0.1ms
[2025-03-05T20:04:05.272+0000][18.452s][info ][gc,phases   ] GC(48)   Merge Heap Roots: 0.1ms
[2025-03-05T20:04:05.272+0000][18.452s][info ][gc,phases   ] GC(48)   Evacuate Collection Set: 4.4ms
[2025-03-05T20:04:05.273+0000][18.453s][info ][gc,phases   ] GC(48)   Post Evacuate Collection Set: 0.8ms
[2025-03-05T20:04:05.273+0000][18.453s][info ][gc,phases   ] GC(48)   Other: 0.7ms
[2025-03-05T20:04:05.273+0000][18.453s][info ][gc,heap     ] GC(48) Eden regions: 66->0(64)
[2025-03-05T20:04:05.273+0000][18.453s][info ][gc,heap     ] GC(48) Survivor regions: 6->6(9)
[2025-03-05T20:04:05.274+0000][18.453s][info ][gc,heap     ] GC(48) Old regions: 49->51
[2025-03-05T20:04:05.274+0000][18.454s][info ][gc,heap     ] GC(48) Archive regions: 2->2
[2025-03-05T20:04:05.274+0000][18.454s][info ][gc,heap     ] GC(48) Humongous regions: 0->0
[2025-03-05T20:04:05.275+0000][18.454s][info ][gc,metaspace] GC(48) Metaspace: 128998K(129984K)->128998K(129984K) NonClass: 112645K(113152K)->112645K(113152K) Class: 16353K(16832K)->16353K(16832K)
[2025-03-05T20:04:05.275+0000][18.455s][info ][gc          ] GC(48) Pause Young (Normal) (G1 Evacuation Pause) 243M->113M(288M) 9.326ms
[2025-03-05T20:04:05.275+0000][18.455s][info ][gc,cpu      ] GC(48) User=0.04s Sys=0.00s Real=0.01s
[2025-03-05T20:04:05.275+0000][18.455s][info ][safepoint   ] Safepoint "G1CollectForAllocation", Time since last: 539191955 ns, Reaching safepoint: 606171 ns, Cleanup: 106977 ns, At safepoint: 9806028 ns, Total: 10519176 ns
[2025-03-05T20:04:05.540+0000][18.720s][debug][safepoint   ] Safepoint synchronization initiated using futex wait barrier. (51 threads)
[2025-03-05T20:04:05.540+0000][18.720s][info ][gc,start    ] GC(49) Pause Young (Normal) (G1 Evacuation Pause)
[2025-03-05T20:04:05.541+0000][18.721s][info ][gc,task     ] GC(49) Using 8 workers of 8 for evacuation
[2025-03-05T20:04:05.546+0000][18.725s][info ][gc,phases   ] GC(49)   Pre Evacuate Collection Set: 0.1ms
[2025-03-05T20:04:05.546+0000][18.726s][info ][gc,phases   ] GC(49)   Merge Heap Roots: 0.1ms
[2025-03-05T20:04:05.547+0000][18.726s][info ][gc,phases   ] GC(49)   Evacuate Collection Set: 3.5ms
[2025-03-05T20:04:05.547+0000][18.727s][info ][gc,phases   ] GC(49)   Post Evacuate Collection Set: 0.7ms
[2025-03-05T20:04:05.548+0000][18.727s][info ][gc,phases   ] GC(49)   Other: 0.8ms
[2025-03-05T20:04:05.548+0000][18.728s][info ][gc,heap     ] GC(49) Eden regions: 64->0(65)
[2025-03-05T20:04:05.549+0000][18.728s][info ][gc,heap     ] GC(49) Survivor regions: 6->5(9)
[2025-03-05T20:04:05.549+0000][18.729s][info ][gc,heap     ] GC(49) Old regions: 51->52
[2025-03-05T20:04:05.549+0000][18.729s][info ][gc,heap     ] GC(49) Archive regions: 2->2
[2025-03-05T20:04:05.550+0000][18.729s][info ][gc,heap     ] GC(49) Humongous regions: 0->0
[2025-03-05T20:04:05.550+0000][18.730s][info ][gc,metaspace] GC(49) Metaspace: 132129K(133184K)->132129K(133184K) NonClass: 115382K(115968K)->115382K(115968K) Class: 16747K(17216K)->16747K(17216K)
[2025-03-05T20:04:05.550+0000][18.730s][info ][gc          ] GC(49) Pause Young (Normal) (G1 Evacuation Pause) 241M->114M(288M) 9.571ms
[2025-03-05T20:04:05.550+0000][18.730s][info ][gc,cpu      ] GC(49) User=0.02s Sys=0.00s Real=0.01s
[2025-03-05T20:04:05.550+0000][18.730s][info ][safepoint   ] Safepoint "G1CollectForAllocation", Time since last: 264432087 ns, Reaching safepoint: 571514 ns, Cleanup: 15490 ns, At safepoint: 9913502 ns, Total: 10500506 ns
[2025-03-05T20:04:05.932+0000][19.112s][debug][safepoint   ] Safepoint synchronization initiated using futex wait barrier. (56 threads)
[2025-03-05T20:04:05.932+0000][19.112s][info ][gc,start    ] GC(50) Pause Young (Normal) (G1 Evacuation Pause)
[2025-03-05T20:04:05.933+0000][19.112s][info ][gc,task     ] GC(50) Using 8 workers of 8 for evacuation
[2025-03-05T20:04:05.938+0000][19.118s][info ][gc,phases   ] GC(50)   Pre Evacuate Collection Set: 0.1ms
[2025-03-05T20:04:05.939+0000][19.119s][info ][gc,phases   ] GC(50)   Merge Heap Roots: 0.1ms
[2025-03-05T20:04:05.939+0000][19.119s][info ][gc,phases   ] GC(50)   Evacuate Collection Set: 4.3ms
[2025-03-05T20:04:05.939+0000][19.119s][info ][gc,phases   ] GC(50)   Post Evacuate Collection Set: 1.1ms
[2025-03-05T20:04:05.940+0000][19.120s][info ][gc,phases   ] GC(50)   Other: 0.8ms
[2025-03-05T20:04:05.940+0000][19.120s][info ][gc,heap     ] GC(50) Eden regions: 65->0(61)
[2025-03-05T20:04:05.940+0000][19.120s][info ][gc,heap     ] GC(50) Survivor regions: 5->7(9)
[2025-03-05T20:04:05.941+0000][19.121s][info ][gc,heap     ] GC(50) Old regions: 52->52
[2025-03-05T20:04:05.941+0000][19.121s][info ][gc,heap     ] GC(50) Archive regions: 2->2
[2025-03-05T20:04:05.941+0000][19.121s][info ][gc,heap     ] GC(50) Humongous regions: 0->0
[2025-03-05T20:04:05.942+0000][19.122s][info ][gc,metaspace] GC(50) Metaspace: 134724K(135744K)->134724K(135744K) NonClass: 117753K(118272K)->117753K(118272K) Class: 16971K(17472K)->16971K(17472K)
[2025-03-05T20:04:05.942+0000][19.122s][info ][gc          ] GC(50) Pause Young (Normal) (G1 Evacuation Pause) 244M->118M(288M) 10.273ms
[2025-03-05T20:04:05.943+0000][19.123s][info ][gc,cpu      ] GC(50) User=0.03s Sys=0.01s Real=0.01s
[2025-03-05T20:04:05.943+0000][19.123s][info ][safepoint   ] Safepoint "G1CollectForAllocation", Time since last: 381451544 ns, Reaching safepoint: 274689 ns, Cleanup: 59673 ns, At safepoint: 10954230 ns, Total: 11288592 ns
[2025-03-05T20:04:06.301+0000][19.481s][debug][safepoint   ] Safepoint synchronization initiated using futex wait barrier. (56 threads)
[2025-03-05T20:04:06.301+0000][19.481s][info ][gc,start    ] GC(51) Pause Young (Normal) (G1 Evacuation Pause)
[2025-03-05T20:04:06.301+0000][19.481s][info ][gc,task     ] GC(51) Using 8 workers of 8 for evacuation
[2025-03-05T20:04:06.310+0000][19.490s][info ][gc,phases   ] GC(51)   Pre Evacuate Collection Set: 0.1ms
[2025-03-05T20:04:06.311+0000][19.490s][info ][gc,phases   ] GC(51)   Merge Heap Roots: 0.1ms
[2025-03-05T20:04:06.311+0000][19.491s][info ][gc,phases   ] GC(51)   Evacuate Collection Set: 7.4ms
[2025-03-05T20:04:06.311+0000][19.491s][info ][gc,phases   ] GC(51)   Post Evacuate Collection Set: 0.8ms
[2025-03-05T20:04:06.311+0000][19.491s][info ][gc,phases   ] GC(51)   Other: 0.5ms
[2025-03-05T20:04:06.311+0000][19.491s][info ][gc,heap     ] GC(51) Eden regions: 61->0(58)
[2025-03-05T20:04:06.312+0000][19.492s][info ][gc,heap     ] GC(51) Survivor regions: 7->7(9)
[2025-03-05T20:04:06.312+0000][19.492s][info ][gc,heap     ] GC(51) Old regions: 52->55
[2025-03-05T20:04:06.312+0000][19.492s][info ][gc,heap     ] GC(51) Archive regions: 2->2
[2025-03-05T20:04:06.312+0000][19.492s][info ][gc,heap     ] GC(51) Humongous regions: 0->0
[2025-03-05T20:04:06.313+0000][19.492s][info ][gc,metaspace] GC(51) Metaspace: 136756K(137792K)->136756K(137792K) NonClass: 119705K(120256K)->119705K(120256K) Class: 17050K(17536K)->17050K(17536K)
[2025-03-05T20:04:06.313+0000][19.493s][info ][gc          ] GC(51) Pause Young (Normal) (G1 Evacuation Pause) 240M->123M(288M) 11.712ms
[2025-03-05T20:04:06.313+0000][19.493s][info ][gc,cpu      ] GC(51) User=0.04s Sys=0.03s Real=0.01s
[2025-03-05T20:04:06.313+0000][19.493s][info ][safepoint   ] Safepoint "G1CollectForAllocation", Time since last: 357651414 ns, Reaching safepoint: 432408 ns, Cleanup: 50842 ns, At safepoint: 12244409 ns, Total: 12727659 ns
[2025-03-05T20:04:06.754+0000][19.934s][debug][safepoint   ] Safepoint synchronization initiated using futex wait barrier. (57 threads)
[2025-03-05T20:04:06.759+0000][19.939s][info ][gc,start    ] GC(52) Pause Young (Normal) (G1 Evacuation Pause)
[2025-03-05T20:04:06.760+0000][19.940s][info ][gc,task     ] GC(52) Using 8 workers of 8 for evacuation
[2025-03-05T20:04:06.768+0000][19.947s][info ][gc,phases   ] GC(52)   Pre Evacuate Collection Set: 0.3ms
[2025-03-05T20:04:06.768+0000][19.948s][info ][gc,phases   ] GC(52)   Merge Heap Roots: 0.1ms
[2025-03-05T20:04:06.768+0000][19.948s][info ][gc,phases   ] GC(52)   Evacuate Collection Set: 5.5ms
[2025-03-05T20:04:06.768+0000][19.948s][info ][gc,phases   ] GC(52)   Post Evacuate Collection Set: 1.7ms
[2025-03-05T20:04:06.769+0000][19.949s][info ][gc,phases   ] GC(52)   Other: 0.7ms
[2025-03-05T20:04:06.769+0000][19.949s][info ][gc,heap     ] GC(52) Eden regions: 58->0(82)
[2025-03-05T20:04:06.769+0000][19.949s][info ][gc,heap     ] GC(52) Survivor regions: 7->7(9)
[2025-03-05T20:04:06.769+0000][19.949s][info ][gc,heap     ] GC(52) Old regions: 55->56
[2025-03-05T20:04:06.770+0000][19.949s][info ][gc,heap     ] GC(52) Archive regions: 2->2
[2025-03-05T20:04:06.770+0000][19.950s][info ][gc,heap     ] GC(52) Humongous regions: 0->0
[2025-03-05T20:04:06.770+0000][19.950s][info ][gc,metaspace] GC(52) Metaspace: 139094K(140160K)->139094K(140160K) NonClass: 121909K(122496K)->121909K(122496K) Class: 17185K(17664K)->17185K(17664K)
[2025-03-05T20:04:06.770+0000][19.950s][info ][gc          ] GC(52) Pause Young (Normal) (G1 Evacuation Pause) 239M->127M(346M) 11.036ms
[2025-03-05T20:04:06.771+0000][19.950s][info ][gc,cpu      ] GC(52) User=0.05s Sys=0.00s Real=0.02s
[2025-03-05T20:04:06.771+0000][19.951s][info ][safepoint   ] Safepoint "G1CollectForAllocation", Time since last: 440718602 ns, Reaching safepoint: 5165429 ns, Cleanup: 58651 ns, At safepoint: 11467700 ns, Total: 16691780 ns
[2025-03-05T20:04:07.192+0000][20.371s][debug][safepoint   ] ... found polling page loop exception at pc = 0x00007ffb51779896, stub =0x00007ffb50b10400
[2025-03-05T20:04:07.524+0000][20.704s][info ][cds,heap    ] initialize_from_archived_subgraph jdk.internal.math.FDBigInteger 0x00007ffaeb14ece8
[2025-03-05T20:04:07.594+0000][20.774s][debug][safepoint   ] Safepoint synchronization initiated using futex wait barrier. (63 threads)
[2025-03-05T20:04:07.594+0000][20.774s][info ][gc,start    ] GC(53) Pause Young (Normal) (G1 Evacuation Pause)
[2025-03-05T20:04:07.594+0000][20.774s][info ][gc,task     ] GC(53) Using 8 workers of 8 for evacuation
[2025-03-05T20:04:07.602+0000][20.782s][info ][gc,phases   ] GC(53)   Pre Evacuate Collection Set: 0.1ms
[2025-03-05T20:04:07.602+0000][20.782s][info ][gc,phases   ] GC(53)   Merge Heap Roots: 0.1ms
[2025-03-05T20:04:07.603+0000][20.782s][info ][gc,phases   ] GC(53)   Evacuate Collection Set: 5.7ms
[2025-03-05T20:04:07.603+0000][20.783s][info ][gc,phases   ] GC(53)   Post Evacuate Collection Set: 1.3ms
[2025-03-05T20:04:07.603+0000][20.783s][info ][gc,phases   ] GC(53)   Other: 0.6ms
[2025-03-05T20:04:07.603+0000][20.783s][info ][gc,heap     ] GC(53) Eden regions: 82->0(79)
[2025-03-05T20:04:07.603+0000][20.783s][info ][gc,heap     ] GC(53) Survivor regions: 7->7(12)
[2025-03-05T20:04:07.604+0000][20.783s][info ][gc,heap     ] GC(53) Old regions: 56->59
[2025-03-05T20:04:07.604+0000][20.784s][info ][gc,heap     ] GC(53) Archive regions: 2->2
[2025-03-05T20:04:07.604+0000][20.784s][info ][gc,heap     ] GC(53) Humongous regions: 0->0
[2025-03-05T20:04:07.604+0000][20.784s][info ][gc,metaspace] GC(53) Metaspace: 145106K(146176K)->145106K(146176K) NonClass: 127287K(127808K)->127287K(127808K) Class: 17818K(18368K)->17818K(18368K)
[2025-03-05T20:04:07.604+0000][20.784s][info ][gc          ] GC(53) Pause Young (Normal) (G1 Evacuation Pause) 291M->131M(346M) 10.150ms
[2025-03-05T20:04:07.605+0000][20.784s][info ][gc,cpu      ] GC(53) User=0.04s Sys=0.01s Real=0.01s
[2025-03-05T20:04:07.605+0000][20.785s][info ][safepoint   ] Safepoint "G1CollectForAllocation", Time since last: 823054218 ns, Reaching safepoint: 296392 ns, Cleanup: 88969 ns, At safepoint: 10691655 ns, Total: 11077016 ns
[2025-03-05T20:04:08.127+0000][21.307s][debug][safepoint   ] Safepoint synchronization initiated using futex wait barrier. (77 threads)
[2025-03-05T20:04:08.128+0000][21.308s][info ][gc,start    ] GC(54) Pause Young (Normal) (G1 Evacuation Pause)
[2025-03-05T20:04:08.128+0000][21.308s][info ][gc,task     ] GC(54) Using 8 workers of 8 for evacuation
[2025-03-05T20:04:08.134+0000][21.313s][info ][gc,phases   ] GC(54)   Pre Evacuate Collection Set: 0.1ms
[2025-03-05T20:04:08.134+0000][21.314s][info ][gc,phases   ] GC(54)   Merge Heap Roots: 0.1ms
[2025-03-05T20:04:08.134+0000][21.314s][info ][gc,phases   ] GC(54)   Evacuate Collection Set: 4.0ms
[2025-03-05T20:04:08.134+0000][21.314s][info ][gc,phases   ] GC(54)   Post Evacuate Collection Set: 1.0ms
[2025-03-05T20:04:08.135+0000][21.315s][info ][gc,phases   ] GC(54)   Other: 0.6ms
[2025-03-05T20:04:08.135+0000][21.315s][info ][gc,heap     ] GC(54) Eden regions: 79->0(79)
[2025-03-05T20:04:08.136+0000][21.316s][info ][gc,heap     ] GC(54) Survivor regions: 7->6(11)
[2025-03-05T20:04:08.136+0000][21.316s][info ][gc,heap     ] GC(54) Old regions: 59->61
[2025-03-05T20:04:08.137+0000][21.316s][info ][gc,heap     ] GC(54) Archive regions: 2->2
[2025-03-05T20:04:08.137+0000][21.317s][info ][gc,heap     ] GC(54) Humongous regions: 0->0
[2025-03-05T20:04:08.137+0000][21.317s][info ][gc,metaspace] GC(54) Metaspace: 148450K(149568K)->148450K(149568K) NonClass: 130223K(130816K)->130223K(130816K) Class: 18227K(18752K)->18227K(18752K)
[2025-03-05T20:04:08.138+0000][21.318s][info ][gc          ] GC(54) Pause Young (Normal) (G1 Evacuation Pause) 289M->134M(346M) 9.963ms
[2025-03-05T20:04:08.138+0000][21.318s][info ][gc,cpu      ] GC(54) User=0.03s Sys=0.00s Real=0.01s
[2025-03-05T20:04:08.139+0000][21.319s][info ][safepoint   ] Safepoint "G1CollectForAllocation", Time since last: 522168421 ns, Reaching safepoint: 625132 ns, Cleanup: 68843 ns, At safepoint: 10917842 ns, Total: 11611817 ns
[2025-03-05T20:04:08.495+0000][21.675s][debug][safepoint   ] Safepoint synchronization initiated using futex wait barrier. (78 threads)
[2025-03-05T20:04:08.496+0000][21.675s][info ][gc,start    ] GC(55) Pause Young (Normal) (G1 Evacuation Pause)
[2025-03-05T20:04:08.496+0000][21.676s][info ][gc,task     ] GC(55) Using 8 workers of 8 for evacuation
[2025-03-05T20:04:08.504+0000][21.684s][info ][gc,phases   ] GC(55)   Pre Evacuate Collection Set: 0.1ms
[2025-03-05T20:04:08.505+0000][21.684s][info ][gc,phases   ] GC(55)   Merge Heap Roots: 0.1ms
[2025-03-05T20:04:08.505+0000][21.685s][info ][gc,phases   ] GC(55)   Evacuate Collection Set: 6.4ms
[2025-03-05T20:04:08.505+0000][21.685s][info ][gc,phases   ] GC(55)   Post Evacuate Collection Set: 0.9ms
[2025-03-05T20:04:08.506+0000][21.685s][info ][gc,phases   ] GC(55)   Other: 1.0ms
[2025-03-05T20:04:08.506+0000][21.686s][info ][gc,heap     ] GC(55) Eden regions: 79->0(76)
[2025-03-05T20:04:08.506+0000][21.686s][info ][gc,heap     ] GC(55) Survivor regions: 6->8(11)
[2025-03-05T20:04:08.506+0000][21.686s][info ][gc,heap     ] GC(55) Old regions: 61->61
[2025-03-05T20:04:08.506+0000][21.686s][info ][gc,heap     ] GC(55) Archive regions: 2->2
[2025-03-05T20:04:08.507+0000][21.686s][info ][gc,heap     ] GC(55) Humongous regions: 0->0
[2025-03-05T20:04:08.507+0000][21.687s][info ][gc,metaspace] GC(55) Metaspace: 150043K(151104K)->150043K(151104K) NonClass: 131606K(132160K)->131606K(132160K) Class: 18437K(18944K)->18437K(18944K)
[2025-03-05T20:04:08.507+0000][21.687s][info ][gc          ] GC(55) Pause Young (Normal) (G1 Evacuation Pause) 292M->138M(346M) 11.570ms
[2025-03-05T20:04:08.507+0000][21.687s][info ][gc,cpu      ] GC(55) User=0.06s Sys=0.00s Real=0.01s
[2025-03-05T20:04:08.508+0000][21.688s][info ][safepoint   ] Safepoint "G1CollectForAllocation", Time since last: 356141346 ns, Reaching safepoint: 646975 ns, Cleanup: 44986 ns, At safepoint: 12212744 ns, Total: 12904705 ns
[2025-03-05T20:04:08.932+0000][22.112s][debug][safepoint   ] Safepoint synchronization initiated using futex wait barrier. (78 threads)
[2025-03-05T20:04:08.934+0000][22.114s][info ][gc,start    ] GC(56) Pause Young (Normal) (G1 Evacuation Pause)
[2025-03-05T20:04:08.934+0000][22.114s][info ][gc,task     ] GC(56) Using 8 workers of 8 for evacuation
[2025-03-05T20:04:08.944+0000][22.124s][info ][gc,phases   ] GC(56)   Pre Evacuate Collection Set: 0.2ms
[2025-03-05T20:04:08.946+0000][22.126s][info ][gc,phases   ] GC(56)   Merge Heap Roots: 0.1ms
[2025-03-05T20:04:08.946+0000][22.126s][info ][gc,phases   ] GC(56)   Evacuate Collection Set: 7.2ms
[2025-03-05T20:04:08.946+0000][22.126s][info ][gc,phases   ] GC(56)   Post Evacuate Collection Set: 1.4ms
[2025-03-05T20:04:08.947+0000][22.127s][info ][gc,phases   ] GC(56)   Other: 1.7ms
[2025-03-05T20:04:08.947+0000][22.127s][info ][gc,heap     ] GC(56) Eden regions: 76->0(76)
[2025-03-05T20:04:08.948+0000][22.127s][info ][gc,heap     ] GC(56) Survivor regions: 8->6(11)
[2025-03-05T20:04:08.948+0000][22.128s][info ][gc,heap     ] GC(56) Old regions: 61->65
[2025-03-05T20:04:08.948+0000][22.128s][info ][gc,heap     ] GC(56) Archive regions: 2->2
[2025-03-05T20:04:08.948+0000][22.128s][info ][gc,heap     ] GC(56) Humongous regions: 0->0
[2025-03-05T20:04:08.949+0000][22.128s][info ][gc,metaspace] GC(56) Metaspace: 151161K(152192K)->151161K(152192K) NonClass: 132514K(133056K)->132514K(133056K) Class: 18646K(19136K)->18646K(19136K)
[2025-03-05T20:04:08.949+0000][22.129s][info ][gc          ] GC(56) Pause Young (Normal) (G1 Evacuation Pause) 290M->141M(346M) 15.177ms
[2025-03-05T20:04:08.949+0000][22.129s][info ][gc,cpu      ] GC(56) User=0.05s Sys=0.00s Real=0.01s
[2025-03-05T20:04:08.949+0000][22.129s][info ][safepoint   ] Safepoint "G1CollectForAllocation", Time since last: 424651112 ns, Reaching safepoint: 1166752 ns, Cleanup: 78610 ns, At safepoint: 15754350 ns, Total: 16999712 ns
[2025-03-05T20:04:09.336+0000][22.516s][debug][safepoint   ] Safepoint synchronization initiated using futex wait barrier. (78 threads)
[2025-03-05T20:04:09.337+0000][22.517s][info ][gc,start    ] GC(57) Pause Young (Normal) (G1 Evacuation Pause)
[2025-03-05T20:04:09.337+0000][22.517s][info ][gc,task     ] GC(57) Using 8 workers of 8 for evacuation
[2025-03-05T20:04:09.345+0000][22.525s][info ][gc,phases   ] GC(57)   Pre Evacuate Collection Set: 0.2ms
[2025-03-05T20:04:09.345+0000][22.525s][info ][gc,phases   ] GC(57)   Merge Heap Roots: 0.2ms
[2025-03-05T20:04:09.346+0000][22.526s][info ][gc,phases   ] GC(57)   Evacuate Collection Set: 4.8ms
[2025-03-05T20:04:09.346+0000][22.526s][info ][gc,phases   ] GC(57)   Post Evacuate Collection Set: 1.6ms
[2025-03-05T20:04:09.347+0000][22.527s][info ][gc,phases   ] GC(57)   Other: 1.4ms
[2025-03-05T20:04:09.347+0000][22.527s][info ][gc,heap     ] GC(57) Eden regions: 76->0(74)
[2025-03-05T20:04:09.348+0000][22.528s][info ][gc,heap     ] GC(57) Survivor regions: 6->7(11)
[2025-03-05T20:04:09.348+0000][22.528s][info ][gc,heap     ] GC(57) Old regions: 65->65
[2025-03-05T20:04:09.349+0000][22.528s][info ][gc,heap     ] GC(57) Archive regions: 2->2
[2025-03-05T20:04:09.349+0000][22.529s][info ][gc,heap     ] GC(57) Humongous regions: 0->0
[2025-03-05T20:04:09.349+0000][22.529s][info ][gc,metaspace] GC(57) Metaspace: 152434K(153536K)->152434K(153536K) NonClass: 133618K(134208K)->133618K(134208K) Class: 18815K(19328K)->18815K(19328K)
[2025-03-05T20:04:09.349+0000][22.529s][info ][gc          ] GC(57) Pause Young (Normal) (G1 Evacuation Pause) 293M->143M(346M) 12.721ms
[2025-03-05T20:04:09.350+0000][22.530s][info ][gc,cpu      ] GC(57) User=0.05s Sys=0.00s Real=0.02s
[2025-03-05T20:04:09.350+0000][22.530s][info ][safepoint   ] Safepoint "G1CollectForAllocation", Time since last: 386577476 ns, Reaching safepoint: 719914 ns, Cleanup: 59676 ns, At safepoint: 13429008 ns, Total: 14208598 ns
[2025-03-05T20:04:09.781+0000][22.961s][debug][safepoint   ] Safepoint synchronization initiated using futex wait barrier. (87 threads)
[2025-03-05T20:04:09.782+0000][22.962s][info ][gc,start    ] GC(58) Pause Young (Normal) (G1 Evacuation Pause)
[2025-03-05T20:04:09.782+0000][22.962s][info ][gc,task     ] GC(58) Using 8 workers of 8 for evacuation
[2025-03-05T20:04:09.790+0000][22.970s][info ][gc,phases   ] GC(58)   Pre Evacuate Collection Set: 0.1ms
[2025-03-05T20:04:09.790+0000][22.970s][info ][gc,phases   ] GC(58)   Merge Heap Roots: 0.1ms
[2025-03-05T20:04:09.790+0000][22.970s][info ][gc,phases   ] GC(58)   Evacuate Collection Set: 5.7ms
[2025-03-05T20:04:09.791+0000][22.971s][info ][gc,phases   ] GC(58)   Post Evacuate Collection Set: 1.2ms
[2025-03-05T20:04:09.791+0000][22.971s][info ][gc,phases   ] GC(58)   Other: 0.8ms
[2025-03-05T20:04:09.792+0000][22.972s][info ][gc,heap     ] GC(58) Eden regions: 74->0(71)
[2025-03-05T20:04:09.792+0000][22.972s][info ][gc,heap     ] GC(58) Survivor regions: 7->8(11)
[2025-03-05T20:04:09.793+0000][22.972s][info ][gc,heap     ] GC(58) Old regions: 65->66
[2025-03-05T20:04:09.793+0000][22.973s][info ][gc,heap     ] GC(58) Archive regions: 2->2
[2025-03-05T20:04:09.793+0000][22.973s][info ][gc,heap     ] GC(58) Humongous regions: 0->0
[2025-03-05T20:04:09.794+0000][22.974s][info ][gc,metaspace] GC(58) Metaspace: 154602K(155648K)->154602K(155648K) NonClass: 135445K(136000K)->135445K(136000K) Class: 19156K(19648K)->19156K(19648K)
[2025-03-05T20:04:09.794+0000][22.974s][info ][gc          ] GC(58) Pause Young (Normal) (G1 Evacuation Pause) 291M->147M(346M) 12.408ms
[2025-03-05T20:04:09.794+0000][22.974s][info ][gc,cpu      ] GC(58) User=0.04s Sys=0.00s Real=0.01s
[2025-03-05T20:04:09.795+0000][22.975s][info ][safepoint   ] Safepoint "G1CollectForAllocation", Time since last: 430505656 ns, Reaching safepoint: 931688 ns, Cleanup: 67615 ns, At safepoint: 13141972 ns, Total: 14141275 ns
[2025-03-05T20:04:10.398+0000][23.578s][debug][safepoint   ] Safepoint synchronization initiated using futex wait barrier. (88 threads)
[2025-03-05T20:04:10.399+0000][23.579s][info ][gc,start    ] GC(59) Pause Young (Normal) (G1 Evacuation Pause)
[2025-03-05T20:04:10.399+0000][23.579s][info ][gc,task     ] GC(59) Using 8 workers of 8 for evacuation
[2025-03-05T20:04:10.407+0000][23.587s][info ][gc,phases   ] GC(59)   Pre Evacuate Collection Set: 0.2ms
[2025-03-05T20:04:10.407+0000][23.587s][info ][gc,phases   ] GC(59)   Merge Heap Roots: 0.1ms
[2025-03-05T20:04:10.408+0000][23.588s][info ][gc,phases   ] GC(59)   Evacuate Collection Set: 5.2ms
[2025-03-05T20:04:10.408+0000][23.588s][info ][gc,phases   ] GC(59)   Post Evacuate Collection Set: 1.4ms
[2025-03-05T20:04:10.409+0000][23.589s][info ][gc,phases   ] GC(59)   Other: 1.1ms
[2025-03-05T20:04:10.410+0000][23.589s][info ][gc,heap     ] GC(59) Eden regions: 71->0(71)
[2025-03-05T20:04:10.410+0000][23.590s][info ][gc,heap     ] GC(59) Survivor regions: 8->7(10)
[2025-03-05T20:04:10.411+0000][23.590s][info ][gc,heap     ] GC(59) Old regions: 66->68
[2025-03-05T20:04:10.411+0000][23.591s][info ][gc,heap     ] GC(59) Archive regions: 2->2
[2025-03-05T20:04:10.412+0000][23.592s][info ][gc,heap     ] GC(59) Humongous regions: 0->0
[2025-03-05T20:04:10.412+0000][23.592s][info ][gc,metaspace] GC(59) Metaspace: 156853K(158016K)->156853K(158016K) NonClass: 137370K(137984K)->137370K(137984K) Class: 19483K(20032K)->19483K(20032K)
[2025-03-05T20:04:10.413+0000][23.593s][info ][gc          ] GC(59) Pause Young (Normal) (G1 Evacuation Pause) 289M->150M(346M) 14.147ms
[2025-03-05T20:04:10.413+0000][23.593s][info ][gc,cpu      ] GC(59) User=0.03s Sys=0.01s Real=0.02s
[2025-03-05T20:04:10.414+0000][23.594s][info ][safepoint   ] Safepoint "G1CollectForAllocation", Time since last: 603131463 ns, Reaching safepoint: 692155 ns, Cleanup: 48614 ns, At safepoint: 15089461 ns, Total: 15830230 ns
[2025-03-05T20:04:10.816+0000][23.996s][debug][safepoint   ] Safepoint synchronization initiated using futex wait barrier. (157 threads)
[2025-03-05T20:04:10.816+0000][23.996s][info ][safepoint   ] Safepoint "ICBufferFull", Time since last: 401992640 ns, Reaching safepoint: 360358 ns, Cleanup: 120017 ns, At safepoint: 98923 ns, Total: 579298 ns
[2025-03-05T20:04:10.886+0000][24.065s][debug][safepoint   ] Safepoint synchronization initiated using futex wait barrier. (168 threads)
[2025-03-05T20:04:10.886+0000][24.066s][info ][gc,start    ] GC(60) Pause Young (Normal) (G1 Evacuation Pause)
[2025-03-05T20:04:10.886+0000][24.066s][info ][gc,task     ] GC(60) Using 8 workers of 8 for evacuation
[2025-03-05T20:04:10.898+0000][24.078s][info ][gc,phases   ] GC(60)   Pre Evacuate Collection Set: 0.2ms
[2025-03-05T20:04:10.899+0000][24.078s][info ][gc,phases   ] GC(60)   Merge Heap Roots: 0.2ms
[2025-03-05T20:04:10.899+0000][24.079s][info ][gc,phases   ] GC(60)   Evacuate Collection Set: 9.5ms
[2025-03-05T20:04:10.899+0000][24.079s][info ][gc,phases   ] GC(60)   Post Evacuate Collection Set: 1.6ms
[2025-03-05T20:04:10.899+0000][24.079s][info ][gc,phases   ] GC(60)   Other: 0.5ms
[2025-03-05T20:04:10.899+0000][24.079s][info ][gc,heap     ] GC(60) Eden regions: 71->0(65)
[2025-03-05T20:04:10.900+0000][24.079s][info ][gc,heap     ] GC(60) Survivor regions: 7->9(10)
[2025-03-05T20:04:10.900+0000][24.080s][info ][gc,heap     ] GC(60) Old regions: 68->70
[2025-03-05T20:04:10.900+0000][24.080s][info ][gc,heap     ] GC(60) Archive regions: 2->2
[2025-03-05T20:04:10.900+0000][24.080s][info ][gc,heap     ] GC(60) Humongous regions: 0->0
[2025-03-05T20:04:10.901+0000][24.081s][info ][gc,metaspace] GC(60) Metaspace: 161455K(162624K)->161455K(162624K) NonClass: 141413K(142016K)->141413K(142016K) Class: 20041K(20608K)->20041K(20608K)
[2025-03-05T20:04:10.901+0000][24.081s][info ][gc          ] GC(60) Pause Young (Normal) (G1 Evacuation Pause) 292M->156M(346M) 14.792ms
[2025-03-05T20:04:10.901+0000][24.081s][info ][gc,cpu      ] GC(60) User=0.09s Sys=0.00s Real=0.02s
[2025-03-05T20:04:10.902+0000][24.082s][info ][safepoint   ] Safepoint "G1CollectForAllocation", Time since last: 69269126 ns, Reaching safepoint: 510309 ns, Cleanup: 49876 ns, At safepoint: 15465617 ns, Total: 16025802 ns
[2025-03-05T20:04:11.106+0000][24.286s][debug][safepoint   ] Safepoint synchronization initiated using futex wait barrier. (187 threads)
[2025-03-05T20:04:11.107+0000][24.287s][info ][gc,start    ] GC(61) Pause Young (Normal) (G1 Evacuation Pause)
[2025-03-05T20:04:11.107+0000][24.287s][info ][gc,task     ] GC(61) Using 8 workers of 8 for evacuation
[2025-03-05T20:04:11.118+0000][24.298s][info ][gc,phases   ] GC(61)   Pre Evacuate Collection Set: 0.2ms
[2025-03-05T20:04:11.119+0000][24.298s][info ][gc,phases   ] GC(61)   Merge Heap Roots: 0.1ms
[2025-03-05T20:04:11.119+0000][24.299s][info ][gc,phases   ] GC(61)   Evacuate Collection Set: 9.1ms
[2025-03-05T20:04:11.119+0000][24.299s][info ][gc,phases   ] GC(61)   Post Evacuate Collection Set: 1.0ms
[2025-03-05T20:04:11.120+0000][24.300s][info ][gc,phases   ] GC(61)   Other: 0.8ms
[2025-03-05T20:04:11.120+0000][24.300s][info ][gc,heap     ] GC(61) Eden regions: 65->0(67)
[2025-03-05T20:04:11.121+0000][24.300s][info ][gc,heap     ] GC(61) Survivor regions: 9->6(10)
[2025-03-05T20:04:11.121+0000][24.301s][info ][gc,heap     ] GC(61) Old regions: 70->73
[2025-03-05T20:04:11.122+0000][24.301s][info ][gc,heap     ] GC(61) Archive regions: 2->2
[2025-03-05T20:04:11.122+0000][24.302s][info ][gc,heap     ] GC(61) Humongous regions: 0->0
[2025-03-05T20:04:11.122+0000][24.302s][info ][gc,metaspace] GC(61) Metaspace: 162714K(163968K)->162714K(163968K) NonClass: 142500K(143168K)->142500K(143168K) Class: 20213K(20800K)->20213K(20800K)
[2025-03-05T20:04:11.123+0000][24.303s][info ][gc          ] GC(61) Pause Young (Normal) (G1 Evacuation Pause) 286M->157M(346M) 16.044ms
[2025-03-05T20:04:11.123+0000][24.303s][info ][gc,cpu      ] GC(61) User=0.07s Sys=0.00s Real=0.02s
[2025-03-05T20:04:11.124+0000][24.304s][info ][safepoint   ] Safepoint "G1CollectForAllocation", Time since last: 204566676 ns, Reaching safepoint: 453501 ns, Cleanup: 105449 ns, At safepoint: 17047569 ns, Total: 17606519 ns
[2025-03-05T20:04:11.244+0000][24.424s][debug][safepoint   ] ... found polling page loop exception at pc = 0x00007ffb5170c1a9, stub =0x00007ffb50b10400
[2025-03-05T20:04:11.290+0000][24.470s][debug][safepoint   ] Safepoint synchronization initiated using futex wait barrier. (189 threads)
[2025-03-05T20:04:11.291+0000][24.470s][info ][safepoint   ] Safepoint "ICBufferFull", Time since last: 166077474 ns, Reaching safepoint: 580022 ns, Cleanup: 83788 ns, At safepoint: 61749 ns, Total: 725559 ns
[2025-03-05T20:04:11.379+0000][24.558s][debug][safepoint   ] Safepoint synchronization initiated using futex wait barrier. (192 threads)
[2025-03-05T20:04:11.379+0000][24.559s][info ][gc,start    ] GC(62) Pause Young (Normal) (G1 Evacuation Pause)
[2025-03-05T20:04:11.380+0000][24.559s][info ][gc,task     ] GC(62) Using 8 workers of 8 for evacuation
[2025-03-05T20:04:11.388+0000][24.568s][info ][gc,phases   ] GC(62)   Pre Evacuate Collection Set: 0.1ms
[2025-03-05T20:04:11.389+0000][24.569s][info ][gc,phases   ] GC(62)   Merge Heap Roots: 0.1ms
[2025-03-05T20:04:11.389+0000][24.569s][info ][gc,phases   ] GC(62)   Evacuate Collection Set: 6.5ms
[2025-03-05T20:04:11.389+0000][24.569s][info ][gc,phases   ] GC(62)   Post Evacuate Collection Set: 1.2ms
[2025-03-05T20:04:11.390+0000][24.569s][info ][gc,phases   ] GC(62)   Other: 0.8ms
[2025-03-05T20:04:11.390+0000][24.570s][info ][gc,heap     ] GC(62) Eden regions: 67->0(96)
[2025-03-05T20:04:11.390+0000][24.570s][info ][gc,heap     ] GC(62) Survivor regions: 6->8(10)
[2025-03-05T20:04:11.391+0000][24.570s][info ][gc,heap     ] GC(62) Old regions: 73->73
[2025-03-05T20:04:11.391+0000][24.571s][info ][gc,heap     ] GC(62) Archive regions: 2->2
[2025-03-05T20:04:11.391+0000][24.571s][info ][gc,heap     ] GC(62) Humongous regions: 0->0
[2025-03-05T20:04:11.391+0000][24.571s][info ][gc,metaspace] GC(62) Metaspace: 166320K(167552K)->166320K(167552K) NonClass: 145640K(146304K)->145640K(146304K) Class: 20680K(21248K)->20680K(21248K)
[2025-03-05T20:04:11.391+0000][24.571s][info ][gc          ] GC(62) Pause Young (Normal) (G1 Evacuation Pause) 291M->161M(416M) 12.026ms
[2025-03-05T20:04:11.392+0000][24.571s][info ][gc,cpu      ] GC(62) User=0.07s Sys=0.00s Real=0.02s
[2025-03-05T20:04:11.392+0000][24.572s][info ][safepoint   ] Safepoint "G1CollectForAllocation", Time since last: 87945069 ns, Reaching safepoint: 567148 ns, Cleanup: 54819 ns, At safepoint: 12634333 ns, Total: 13256300 ns
[2025-03-05T20:04:11.543+0000][24.723s][debug][safepoint   ] Safepoint synchronization initiated using futex wait barrier. (196 threads)
[2025-03-05T20:04:11.544+0000][24.724s][info ][safepoint   ] Safepoint "ICBufferFull", Time since last: 151473243 ns, Reaching safepoint: 690430 ns, Cleanup: 101334 ns, At safepoint: 90997 ns, Total: 882761 ns
[2025-03-05T20:04:11.930+0000][25.110s][debug][safepoint   ] Safepoint synchronization initiated using futex wait barrier. (216 threads)
[2025-03-05T20:04:11.931+0000][25.110s][info ][safepoint   ] Safepoint "ICBufferFull", Time since last: 385857880 ns, Reaching safepoint: 364480 ns, Cleanup: 105136 ns, At safepoint: 32231 ns, Total: 501847 ns
[2025-03-05T20:04:11.937+0000][25.117s][debug][safepoint   ] Safepoint synchronization initiated using futex wait barrier. (216 threads)
[2025-03-05T20:04:11.938+0000][25.118s][info ][gc,start    ] GC(63) Pause Young (Normal) (G1 Evacuation Pause)
[2025-03-05T20:04:11.938+0000][25.118s][info ][gc,task     ] GC(63) Using 8 workers of 8 for evacuation
[2025-03-05T20:04:11.946+0000][25.125s][info ][gc,phases   ] GC(63)   Pre Evacuate Collection Set: 0.2ms
[2025-03-05T20:04:11.946+0000][25.126s][info ][gc,phases   ] GC(63)   Merge Heap Roots: 0.1ms
[2025-03-05T20:04:11.946+0000][25.126s][info ][gc,phases   ] GC(63)   Evacuate Collection Set: 6.0ms
[2025-03-05T20:04:11.947+0000][25.126s][info ][gc,phases   ] GC(63)   Post Evacuate Collection Set: 1.1ms
[2025-03-05T20:04:11.947+0000][25.127s][info ][gc,phases   ] GC(63)   Other: 0.5ms
[2025-03-05T20:04:11.947+0000][25.127s][info ][gc,heap     ] GC(63) Eden regions: 96->0(93)
[2025-03-05T20:04:11.948+0000][25.128s][info ][gc,heap     ] GC(63) Survivor regions: 8->9(13)
[2025-03-05T20:04:11.948+0000][25.128s][info ][gc,heap     ] GC(63) Old regions: 73->74
[2025-03-05T20:04:11.949+0000][25.128s][info ][gc,heap     ] GC(63) Archive regions: 2->2
[2025-03-05T20:04:11.949+0000][25.129s][info ][gc,heap     ] GC(63) Humongous regions: 0->0
[2025-03-05T20:04:11.949+0000][25.129s][info ][gc,metaspace] GC(63) Metaspace: 171963K(173184K)->171963K(173184K) NonClass: 150585K(151232K)->150585K(151232K) Class: 21378K(21952K)->21378K(21952K)
[2025-03-05T20:04:11.949+0000][25.129s][info ][gc          ] GC(63) Pause Young (Normal) (G1 Evacuation Pause) 353M->165M(416M) 11.459ms
[2025-03-05T20:04:11.950+0000][25.130s][info ][gc,cpu      ] GC(63) User=0.06s Sys=0.00s Real=0.01s
[2025-03-05T20:04:11.950+0000][25.130s][info ][safepoint   ] Safepoint "G1CollectForAllocation", Time since last: 6861106 ns, Reaching safepoint: 320001 ns, Cleanup: 17046 ns, At safepoint: 12339249 ns, Total: 12676296 ns
[2025-03-05T20:04:12.149+0000][25.328s][debug][safepoint   ] Safepoint synchronization initiated using futex wait barrier. (217 threads)
[2025-03-05T20:04:12.149+0000][25.329s][info ][safepoint   ] Safepoint "ICBufferFull", Time since last: 198480938 ns, Reaching safepoint: 466636 ns, Cleanup: 90656 ns, At safepoint: 47507 ns, Total: 604799 ns
[2025-03-05T20:04:12.216+0000][25.395s][debug][safepoint   ] Safepoint synchronization initiated using futex wait barrier. (217 threads)
[2025-03-05T20:04:12.216+0000][25.396s][info ][gc,start    ] GC(64) Pause Young (Normal) (G1 Evacuation Pause)
[2025-03-05T20:04:12.216+0000][25.396s][info ][gc,task     ] GC(64) Using 8 workers of 8 for evacuation
[2025-03-05T20:04:12.224+0000][25.404s][info ][gc,phases   ] GC(64)   Pre Evacuate Collection Set: 0.1ms
[2025-03-05T20:04:12.225+0000][25.404s][info ][gc,phases   ] GC(64)   Merge Heap Roots: 0.1ms
[2025-03-05T20:04:12.225+0000][25.405s][info ][gc,phases   ] GC(64)   Evacuate Collection Set: 5.8ms
[2025-03-05T20:04:12.225+0000][25.405s][info ][gc,phases   ] GC(64)   Post Evacuate Collection Set: 1.3ms
[2025-03-05T20:04:12.225+0000][25.405s][info ][gc,phases   ] GC(64)   Other: 0.9ms
[2025-03-05T20:04:12.226+0000][25.406s][info ][gc,heap     ] GC(64) Eden regions: 93->0(91)
[2025-03-05T20:04:12.226+0000][25.406s][info ][gc,heap     ] GC(64) Survivor regions: 9->9(13)
[2025-03-05T20:04:12.227+0000][25.407s][info ][gc,heap     ] GC(64) Old regions: 74->76
[2025-03-05T20:04:12.227+0000][25.407s][info ][gc,heap     ] GC(64) Archive regions: 2->2
[2025-03-05T20:04:12.228+0000][25.407s][info ][gc,heap     ] GC(64) Humongous regions: 0->0
[2025-03-05T20:04:12.228+0000][25.408s][info ][gc,metaspace] GC(64) Metaspace: 174889K(176192K)->174889K(176192K) NonClass: 153183K(153856K)->153183K(153856K) Class: 21706K(22336K)->21706K(22336K)
[2025-03-05T20:04:12.229+0000][25.408s][info ][gc          ] GC(64) Pause Young (Normal) (G1 Evacuation Pause) 351M->170M(416M) 12.538ms
[2025-03-05T20:04:12.229+0000][25.409s][info ][gc,cpu      ] GC(64) User=0.04s Sys=0.00s Real=0.01s
[2025-03-05T20:04:12.230+0000][25.409s][info ][safepoint   ] Safepoint "G1CollectForAllocation", Time since last: 66361127 ns, Reaching safepoint: 433450 ns, Cleanup: 30296 ns, At safepoint: 13631139 ns, Total: 14094885 ns
[2025-03-05T20:04:12.382+0000][25.561s][debug][safepoint   ] Safepoint synchronization initiated using futex wait barrier. (222 threads)
[2025-03-05T20:04:12.382+0000][25.562s][info ][safepoint   ] Safepoint "ICBufferFull", Time since last: 151874189 ns, Reaching safepoint: 669169 ns, Cleanup: 105699 ns, At safepoint: 30942 ns, Total: 805810 ns
[2025-03-05T20:04:12.665+0000][25.845s][debug][safepoint   ] Safepoint synchronization initiated using futex wait barrier. (223 threads)
[2025-03-05T20:04:12.666+0000][25.846s][info ][safepoint   ] Safepoint "ICBufferFull", Time since last: 282797276 ns, Reaching safepoint: 364296 ns, Cleanup: 127711 ns, At safepoint: 57137 ns, Total: 549144 ns
[2025-03-05T20:04:12.767+0000][25.947s][debug][safepoint   ] Safepoint synchronization initiated using futex wait barrier. (223 threads)
[2025-03-05T20:04:12.767+0000][25.947s][info ][gc,start    ] GC(65) Pause Young (Concurrent Start) (Metadata GC Threshold)
[2025-03-05T20:04:12.767+0000][25.947s][info ][gc,task     ] GC(65) Using 8 workers of 8 for evacuation
[2025-03-05T20:04:12.775+0000][25.955s][info ][gc,phases   ] GC(65)   Pre Evacuate Collection Set: 0.4ms
[2025-03-05T20:04:12.776+0000][25.956s][info ][gc,phases   ] GC(65)   Merge Heap Roots: 0.2ms
[2025-03-05T20:04:12.776+0000][25.956s][info ][gc,phases   ] GC(65)   Evacuate Collection Set: 6.3ms
[2025-03-05T20:04:12.776+0000][25.956s][info ][gc,phases   ] GC(65)   Post Evacuate Collection Set: 0.9ms
[2025-03-05T20:04:12.777+0000][25.956s][info ][gc,phases   ] GC(65)   Other: 0.5ms
[2025-03-05T20:04:12.777+0000][25.957s][info ][gc,heap     ] GC(65) Eden regions: 64->0(89)
[2025-03-05T20:04:12.777+0000][25.957s][info ][gc,heap     ] GC(65) Survivor regions: 9->8(13)
[2025-03-05T20:04:12.777+0000][25.957s][info ][gc,heap     ] GC(65) Old regions: 76->80
[2025-03-05T20:04:12.778+0000][25.958s][info ][gc,heap     ] GC(65) Archive regions: 2->2
[2025-03-05T20:04:12.778+0000][25.958s][info ][gc,heap     ] GC(65) Humongous regions: 0->0
[2025-03-05T20:04:12.778+0000][25.958s][info ][gc,metaspace] GC(65) Metaspace: 179611K(180928K)->179611K(180928K) NonClass: 157272K(157952K)->157272K(157952K) Class: 22338K(22976K)->22338K(22976K)
[2025-03-05T20:04:12.778+0000][25.958s][info ][gc          ] GC(65) Pause Young (Concurrent Start) (Metadata GC Threshold) 298M->175M(416M) 11.121ms
[2025-03-05T20:04:12.779+0000][25.958s][info ][gc,cpu      ] GC(65) User=0.08s Sys=0.00s Real=0.01s
[2025-03-05T20:04:12.779+0000][25.959s][info ][gc          ] GC(66) Concurrent Mark Cycle
[2025-03-05T20:04:12.779+0000][25.959s][info ][gc,marking  ] GC(66) Concurrent Clear Claimed Marks
[2025-03-05T20:04:12.779+0000][25.959s][info ][safepoint   ] Safepoint "CollectForMetadataAllocation", Time since last: 101250701 ns, Reaching safepoint: 282037 ns, Cleanup: 15670 ns, At safepoint: 11753785 ns, Total: 12051492 ns
[2025-03-05T20:04:12.780+0000][25.959s][info ][gc,marking  ] GC(66) Concurrent Clear Claimed Marks 0.522ms
[2025-03-05T20:04:12.780+0000][25.960s][info ][gc,marking  ] GC(66) Concurrent Scan Root Regions
[2025-03-05T20:04:12.789+0000][25.969s][info ][gc,marking  ] GC(66) Concurrent Scan Root Regions 9.026ms
[2025-03-05T20:04:12.789+0000][25.969s][info ][gc,marking  ] GC(66) Concurrent Mark
[2025-03-05T20:04:12.789+0000][25.969s][info ][gc,marking  ] GC(66) Concurrent Mark From Roots
[2025-03-05T20:04:12.790+0000][25.969s][info ][gc,task     ] GC(66) Using 2 workers of 2 for marking
[2025-03-05T20:04:12.872+0000][26.052s][info ][gc,marking  ] GC(66) Concurrent Mark From Roots 82.988ms
[2025-03-05T20:04:12.873+0000][26.053s][info ][gc,marking  ] GC(66) Concurrent Preclean
[2025-03-05T20:04:12.873+0000][26.053s][info ][gc,marking  ] GC(66) Concurrent Preclean 0.369ms
[2025-03-05T20:04:12.873+0000][26.053s][debug][safepoint   ] Safepoint synchronization initiated using futex wait barrier. (223 threads)
[2025-03-05T20:04:12.873+0000][26.053s][info ][gc,start    ] GC(66) Pause Remark
[2025-03-05T20:04:12.886+0000][26.066s][info ][gc          ] GC(66) Pause Remark 178M->178M(416M) 12.655ms
[2025-03-05T20:04:12.887+0000][26.067s][info ][gc,cpu      ] GC(66) User=0.08s Sys=0.00s Real=0.01s
[2025-03-05T20:04:12.888+0000][26.068s][info ][safepoint   ] Safepoint "G1PauseRemark", Time since last: 94294606 ns, Reaching safepoint: 187460 ns, Cleanup: 16454 ns, At safepoint: 14269694 ns, Total: 14473608 ns
[2025-03-05T20:04:12.888+0000][26.068s][info ][gc,marking  ] GC(66) Concurrent Mark 99.065ms
[2025-03-05T20:04:12.889+0000][26.068s][info ][gc,marking  ] GC(66) Concurrent Rebuild Remembered Sets
[2025-03-05T20:04:12.940+0000][26.120s][info ][gc,marking  ] GC(66) Concurrent Rebuild Remembered Sets 51.286ms
[2025-03-05T20:04:12.940+0000][26.120s][debug][safepoint   ] Safepoint synchronization initiated using futex wait barrier. (223 threads)
[2025-03-05T20:04:12.945+0000][26.125s][info ][gc,start    ] GC(66) Pause Cleanup
[2025-03-05T20:04:12.946+0000][26.125s][info ][gc          ] GC(66) Pause Cleanup 178M->178M(416M) 0.633ms
[2025-03-05T20:04:12.946+0000][26.126s][info ][gc,cpu      ] GC(66) User=0.00s Sys=0.00s Real=0.00s
[2025-03-05T20:04:12.946+0000][26.126s][info ][safepoint   ] Safepoint "G1PauseCleanup", Time since last: 52638274 ns, Reaching safepoint: 4570956 ns, Cleanup: 6068 ns, At safepoint: 1131406 ns, Total: 5708430 ns
[2025-03-05T20:04:12.946+0000][26.126s][info ][gc,marking  ] GC(66) Concurrent Cleanup for Next Mark
[2025-03-05T20:04:12.948+0000][26.127s][info ][gc,marking  ] GC(66) Concurrent Cleanup for Next Mark 1.207ms
[2025-03-05T20:04:12.948+0000][26.128s][info ][gc          ] GC(66) Concurrent Mark Cycle 168.933ms
[2025-03-05T20:04:13.947+0000][27.126s][debug][safepoint   ] Safepoint synchronization initiated using futex wait barrier. (222 threads)
[2025-03-05T20:04:14.060+0000][27.240s][info ][safepoint   ] Safepoint "Cleanup", Time since last: 1000455601 ns, Reaching safepoint: 113682799 ns, Cleanup: 30260 ns, At safepoint: 28481 ns, Total: 113741540 ns
[2025-03-05T20:04:15.097+0000][28.277s][debug][safepoint   ] Safepoint synchronization initiated using futex wait barrier. (222 threads)
[2025-03-05T20:04:15.097+0000][28.277s][info ][safepoint   ] Safepoint "Cleanup", Time since last: 1036712414 ns, Reaching safepoint: 468676 ns, Cleanup: 25139 ns, At safepoint: 4034 ns, Total: 497849 ns
[2025-03-05T20:04:16.098+0000][29.278s][debug][safepoint   ] Safepoint synchronization initiated using futex wait barrier. (222 threads)
[2025-03-05T20:04:16.099+0000][29.279s][info ][safepoint   ] Safepoint "Cleanup", Time since last: 1000620967 ns, Reaching safepoint: 1053899 ns, Cleanup: 9611 ns, At safepoint: 3497 ns, Total: 1067007 ns
[2025-03-05T20:04:17.100+0000][30.280s][debug][safepoint   ] Safepoint synchronization initiated using futex wait barrier. (222 threads)
[2025-03-05T20:04:17.101+0000][30.281s][info ][safepoint   ] Safepoint "Cleanup", Time since last: 1000962174 ns, Reaching safepoint: 758778 ns, Cleanup: 11296 ns, At safepoint: 4084 ns, Total: 774158 ns
[2025-03-05T20:04:20.102+0000][33.282s][debug][safepoint   ] Safepoint synchronization initiated using futex wait barrier. (223 threads)
[2025-03-05T20:04:20.102+0000][33.282s][info ][safepoint   ] Safepoint "Cleanup", Time since last: 3000999546 ns, Reaching safepoint: 568517 ns, Cleanup: 13248 ns, At safepoint: 4555 ns, Total: 586320 ns
[2025-03-05T20:04:22.103+0000][35.283s][debug][safepoint   ] Safepoint synchronization initiated using futex wait barrier. (223 threads)
[2025-03-05T20:04:22.104+0000][35.284s][info ][safepoint   ] Safepoint "Cleanup", Time since last: 2000773752 ns, Reaching safepoint: 772084 ns, Cleanup: 12519 ns, At safepoint: 4439 ns, Total: 789042 ns
[2025-03-05T20:04:23.105+0000][36.285s][debug][safepoint   ] Safepoint synchronization initiated using futex wait barrier. (223 threads)
[2025-03-05T20:04:23.106+0000][36.286s][info ][safepoint   ] Safepoint "Cleanup", Time since last: 1000650655 ns, Reaching safepoint: 1023675 ns, Cleanup: 10050 ns, At safepoint: 3545 ns, Total: 1037270 ns
[2025-03-05T20:04:24.105+0000][37.287s][debug][safepoint   ] Safepoint synchronization initiated using futex wait barrier. (223 threads)
[2025-03-05T20:04:24.106+0000][37.287s][info ][safepoint   ] Safepoint "Cleanup", Time since last: 1001223383 ns, Reaching safepoint: 507068 ns, Cleanup: 16911 ns, At safepoint: 3800 ns, Total: 527779 ns
[2025-03-05T20:04:26.107+0000][39.289s][debug][safepoint   ] Safepoint synchronization initiated using futex wait barrier. (223 threads)
[2025-03-05T20:04:26.108+0000][39.289s][info ][safepoint   ] Safepoint "Cleanup", Time since last: 2001138702 ns, Reaching safepoint: 622670 ns, Cleanup: 20442 ns, At safepoint: 4753 ns, Total: 647865 ns
[2025-03-05T20:04:27.108+0000][40.290s][debug][safepoint   ] Safepoint synchronization initiated using futex wait barrier. (223 threads)
[2025-03-05T20:04:27.110+0000][40.291s][info ][safepoint   ] Safepoint "Cleanup", Time since last: 1000879082 ns, Reaching safepoint: 1175411 ns, Cleanup: 14391 ns, At safepoint: 3595 ns, Total: 1193397 ns
[2025-03-05T20:04:31.450+0000][44.631s][debug][safepoint   ] Safepoint synchronization initiated using futex wait barrier. (225 threads)
[2025-03-05T20:04:31.450+0000][44.632s][info ][safepoint   ] Safepoint "Cleanup", Time since last: 4340026650 ns, Reaching safepoint: 298807 ns, Cleanup: 38888 ns, At safepoint: 32682 ns, Total: 370377 ns
[2025-03-05T20:04:32.451+0000][45.632s][debug][safepoint   ] Safepoint synchronization initiated using futex wait barrier. (226 threads)
[2025-03-05T20:04:32.451+0000][45.633s][info ][safepoint   ] Safepoint "Cleanup", Time since last: 1000543452 ns, Reaching safepoint: 639734 ns, Cleanup: 33598 ns, At safepoint: 4522 ns, Total: 677854 ns
[2025-03-05T20:04:33.452+0000][46.634s][debug][safepoint   ] Safepoint synchronization initiated using futex wait barrier. (226 threads)
[2025-03-05T20:04:33.453+0000][46.634s][info ][safepoint   ] Safepoint "Cleanup", Time since last: 1000952030 ns, Reaching safepoint: 691750 ns, Cleanup: 14815 ns, At safepoint: 7204 ns, Total: 713769 ns
[2025-03-05T20:04:34.454+0000][47.635s][debug][safepoint   ] Safepoint synchronization initiated using futex wait barrier. (226 threads)
[2025-03-05T20:04:34.454+0000][47.636s][info ][safepoint   ] Safepoint "Cleanup", Time since last: 1000948486 ns, Reaching safepoint: 577680 ns, Cleanup: 13905 ns, At safepoint: 7594 ns, Total: 599179 ns
[2025-03-05T20:04:42.457+0000][55.638s][debug][safepoint   ] Safepoint synchronization initiated using futex wait barrier. (226 threads)
[2025-03-05T20:04:42.458+0000][55.639s][info ][safepoint   ] Safepoint "Cleanup", Time since last: 8002312601 ns, Reaching safepoint: 948550 ns, Cleanup: 10593 ns, At safepoint: 3877 ns, Total: 963020 ns
[2025-03-05T20:04:43.459+0000][56.641s][debug][safepoint   ] Safepoint synchronization initiated using futex wait barrier. (226 threads)
[2025-03-05T20:04:43.460+0000][56.642s][info ][safepoint   ] Safepoint "Cleanup", Time since last: 1001303082 ns, Reaching safepoint: 1059082 ns, Cleanup: 13006 ns, At safepoint: 3169 ns, Total: 1075257 ns
[2025-03-05T20:04:47.944+0000][61.126s][debug][safepoint   ] Safepoint synchronization initiated using futex wait barrier. (226 threads)
[2025-03-05T20:04:47.945+0000][61.127s][info ][safepoint   ] Safepoint "Cleanup", Time since last: 4484161845 ns, Reaching safepoint: 845374 ns, Cleanup: 22520 ns, At safepoint: 3926 ns, Total: 871820 ns
[2025-03-05T20:04:50.946+0000][64.128s][debug][safepoint   ] Safepoint synchronization initiated using futex wait barrier. (226 threads)
[2025-03-05T20:04:50.947+0000][64.128s][info ][safepoint   ] Safepoint "Cleanup", Time since last: 3000843586 ns, Reaching safepoint: 550839 ns, Cleanup: 10827 ns, At safepoint: 3710 ns, Total: 565376 ns
[2025-03-05T20:04:52.947+0000][66.129s][debug][safepoint   ] Safepoint synchronization initiated using futex wait barrier. (226 threads)
[2025-03-05T20:04:52.948+0000][66.129s][info ][safepoint   ] Safepoint "Cleanup", Time since last: 2000583987 ns, Reaching safepoint: 713723 ns, Cleanup: 10282 ns, At safepoint: 17377 ns, Total: 741382 ns
[2025-03-05T20:04:56.947+0000][70.130s][debug][safepoint   ] Safepoint synchronization initiated using futex wait barrier. (225 threads)
[2025-03-05T20:04:56.947+0000][70.131s][info ][safepoint   ] Safepoint "Cleanup", Time since last: 4000992918 ns, Reaching safepoint: 622511 ns, Cleanup: 12960 ns, At safepoint: 4223 ns, Total: 639694 ns
[2025-03-05T20:05:07.950+0000][81.134s][debug][safepoint   ] Safepoint synchronization initiated using futex wait barrier. (225 threads)
[2025-03-05T20:05:07.951+0000][81.135s][info ][safepoint   ] Safepoint "Cleanup", Time since last: 11002976938 ns, Reaching safepoint: 668944 ns, Cleanup: 10982 ns, At safepoint: 4808 ns, Total: 684734 ns
[2025-03-05T20:05:10.952+0000][84.136s][debug][safepoint   ] Safepoint synchronization initiated using futex wait barrier. (222 threads)
[2025-03-05T20:05:10.953+0000][84.137s][info ][safepoint   ] Safepoint "Cleanup", Time since last: 3001087477 ns, Reaching safepoint: 867873 ns, Cleanup: 30775 ns, At safepoint: 4001 ns, Total: 902649 ns
[2025-03-05T20:05:12.954+0000][86.138s][debug][safepoint   ] Safepoint synchronization initiated using futex wait barrier. (218 threads)
[2025-03-05T20:05:12.955+0000][86.139s][info ][safepoint   ] Safepoint "Cleanup", Time since last: 2001285706 ns, Reaching safepoint: 704215 ns, Cleanup: 12722 ns, At safepoint: 7262 ns, Total: 724199 ns
[2025-03-05T20:05:13.956+0000][87.140s][debug][safepoint   ] Safepoint synchronization initiated using futex wait barrier. (218 threads)
[2025-03-05T20:05:13.957+0000][87.141s][info ][safepoint   ] Safepoint "Cleanup", Time since last: 1001037398 ns, Reaching safepoint: 921476 ns, Cleanup: 10944 ns, At safepoint: 3697 ns, Total: 936117 ns
[2025-03-05T20:05:15.958+0000][89.142s][debug][safepoint   ] Safepoint synchronization initiated using futex wait barrier. (218 threads)
[2025-03-05T20:05:15.959+0000][89.143s][info ][safepoint   ] Safepoint "Cleanup", Time since last: 2001201408 ns, Reaching safepoint: 681635 ns, Cleanup: 10054 ns, At safepoint: 3841 ns, Total: 695530 ns
[2025-03-05T20:05:16.960+0000][90.143s][debug][safepoint   ] Safepoint synchronization initiated using futex wait barrier. (218 threads)
[2025-03-05T20:05:16.960+0000][90.144s][info ][safepoint   ] Safepoint "Cleanup", Time since last: 1000670919 ns, Reaching safepoint: 273368 ns, Cleanup: 9523 ns, At safepoint: 3414 ns, Total: 286305 ns
[2025-03-05T20:05:27.961+0000][101.146s][debug][safepoint   ] Safepoint synchronization initiated using futex wait barrier. (218 threads)
[2025-03-05T20:05:27.962+0000][101.147s][info ][safepoint   ] Safepoint "Cleanup", Time since last: 11002684380 ns, Reaching safepoint: 690330 ns, Cleanup: 9812 ns, At safepoint: 3893 ns, Total: 704035 ns
[2025-03-05T20:05:32.963+0000][106.148s][debug][safepoint   ] Safepoint synchronization initiated using futex wait barrier. (213 threads)
[2025-03-05T20:05:32.964+0000][106.149s][info ][safepoint   ] Safepoint "Cleanup", Time since last: 5001498514 ns, Reaching safepoint: 637745 ns, Cleanup: 11064 ns, At safepoint: 3500 ns, Total: 652309 ns
[2025-03-05T20:05:35.965+0000][109.151s][debug][safepoint   ] Safepoint synchronization initiated using futex wait barrier. (210 threads)
[2025-03-05T20:05:35.966+0000][109.151s][info ][safepoint   ] Safepoint "Cleanup", Time since last: 3001399908 ns, Reaching safepoint: 739482 ns, Cleanup: 13543 ns, At safepoint: 4757 ns, Total: 757782 ns
[2025-03-05T20:05:40.968+0000][114.153s][debug][safepoint   ] Safepoint synchronization initiated using futex wait barrier. (210 threads)
[2025-03-05T20:05:40.969+0000][114.154s][info ][safepoint   ] Safepoint "Cleanup", Time since last: 5001728985 ns, Reaching safepoint: 780424 ns, Cleanup: 13083 ns, At safepoint: 3933 ns, Total: 797440 ns
[2025-03-05T20:05:50.992+0000][124.178s][debug][safepoint   ] Safepoint synchronization initiated using futex wait barrier. (210 threads)
[2025-03-05T20:05:50.993+0000][124.178s][info ][safepoint   ] Safepoint "Cleanup", Time since last: 10023738768 ns, Reaching safepoint: 701635 ns, Cleanup: 10810 ns, At safepoint: 4127 ns, Total: 716572 ns
[2025-03-05T20:06:03.995+0000][137.182s][debug][safepoint   ] Safepoint synchronization initiated using futex wait barrier. (210 threads)
[2025-03-05T20:06:03.996+0000][137.183s][info ][safepoint   ] Safepoint "Cleanup", Time since last: 13003583988 ns, Reaching safepoint: 694208 ns, Cleanup: 8164 ns, At safepoint: 190407 ns, Total: 892779 ns
[2025-03-05T20:06:10.939+0000][144.126s][debug][safepoint   ] Safepoint synchronization initiated using futex wait barrier. (209 threads)
[2025-03-05T20:06:10.940+0000][144.126s][info ][gc,start    ] GC(67) Pause Young (Prepare Mixed) (G1 Evacuation Pause)
[2025-03-05T20:06:10.940+0000][144.127s][info ][gc,task     ] GC(67) Using 8 workers of 8 for evacuation
[2025-03-05T20:06:10.948+0000][144.135s][info ][gc,phases   ] GC(67)   Pre Evacuate Collection Set: 0.3ms
[2025-03-05T20:06:10.949+0000][144.136s][info ][gc,phases   ] GC(67)   Merge Heap Roots: 0.3ms
[2025-03-05T20:06:10.950+0000][144.136s][info ][gc,phases   ] GC(67)   Evacuate Collection Set: 4.6ms
[2025-03-05T20:06:10.950+0000][144.137s][info ][gc,phases   ] GC(67)   Post Evacuate Collection Set: 1.8ms
[2025-03-05T20:06:10.951+0000][144.138s][info ][gc,phases   ] GC(67)   Other: 1.6ms
[2025-03-05T20:06:10.951+0000][144.138s][info ][gc,heap     ] GC(67) Eden regions: 89->0(4)
[2025-03-05T20:06:10.952+0000][144.139s][info ][gc,heap     ] GC(67) Survivor regions: 8->6(13)
[2025-03-05T20:06:10.953+0000][144.140s][info ][gc,heap     ] GC(67) Old regions: 80->82
[2025-03-05T20:06:10.954+0000][144.140s][info ][gc,heap     ] GC(67) Archive regions: 2->2
[2025-03-05T20:06:10.954+0000][144.141s][info ][gc,heap     ] GC(67) Humongous regions: 0->0
[2025-03-05T20:06:10.955+0000][144.142s][info ][gc,metaspace] GC(67) Metaspace: 180229K(181568K)->180229K(181568K) NonClass: 157816K(158528K)->157816K(158528K) Class: 22413K(23040K)->22413K(23040K)
[2025-03-05T20:06:10.956+0000][144.143s][info ][gc          ] GC(67) Pause Young (Prepare Mixed) (G1 Evacuation Pause) 353M->177M(416M) 16.042ms
[2025-03-05T20:06:10.956+0000][144.143s][info ][gc,cpu      ] GC(67) User=0.04s Sys=0.00s Real=0.02s
[2025-03-05T20:06:10.957+0000][144.144s][info ][safepoint   ] Safepoint "G1CollectForAllocation", Time since last: 6943162611 ns, Reaching safepoint: 496308 ns, Cleanup: 12546 ns, At safepoint: 17589943 ns, Total: 18098797 ns
[2025-03-05T20:06:13.959+0000][147.146s][debug][safepoint   ] Safepoint synchronization initiated using futex wait barrier. (208 threads)
[2025-03-05T20:06:13.960+0000][147.147s][info ][safepoint   ] Safepoint "Cleanup", Time since last: 3001787042 ns, Reaching safepoint: 832323 ns, Cleanup: 11320 ns, At safepoint: 4589 ns, Total: 848232 ns
[2025-03-05T20:06:16.030+0000][149.217s][debug][safepoint   ] Safepoint synchronization initiated using futex wait barrier. (208 threads)
[2025-03-05T20:06:16.031+0000][149.217s][info ][gc,start    ] GC(68) Pause Young (Mixed) (G1 Evacuation Pause)
[2025-03-05T20:06:16.031+0000][149.218s][info ][gc,task     ] GC(68) Using 8 workers of 8 for evacuation
[2025-03-05T20:06:16.038+0000][149.225s][info ][gc,phases   ] GC(68)   Pre Evacuate Collection Set: 0.1ms
[2025-03-05T20:06:16.039+0000][149.226s][info ][gc,phases   ] GC(68)   Merge Heap Roots: 0.2ms
[2025-03-05T20:06:16.039+0000][149.226s][info ][gc,phases   ] GC(68)   Evacuate Collection Set: 5.8ms
[2025-03-05T20:06:16.040+0000][149.227s][info ][gc,phases   ] GC(68)   Post Evacuate Collection Set: 0.8ms
[2025-03-05T20:06:16.040+0000][149.227s][info ][gc,phases   ] GC(68)   Other: 0.9ms
[2025-03-05T20:06:16.041+0000][149.227s][info ][gc,heap     ] GC(68) Eden regions: 4->0(99)
[2025-03-05T20:06:16.041+0000][149.228s][info ][gc,heap     ] GC(68) Survivor regions: 6->2(2)
[2025-03-05T20:06:16.041+0000][149.228s][info ][gc,heap     ] GC(68) Old regions: 82->77
[2025-03-05T20:06:16.041+0000][149.228s][info ][gc,heap     ] GC(68) Archive regions: 2->2
[2025-03-05T20:06:16.041+0000][149.228s][info ][gc,heap     ] GC(68) Humongous regions: 0->0
[2025-03-05T20:06:16.042+0000][149.229s][info ][gc,metaspace] GC(68) Metaspace: 180291K(181632K)->180291K(181632K) NonClass: 157876K(158528K)->157876K(158528K) Class: 22414K(23104K)->22414K(23104K)
[2025-03-05T20:06:16.042+0000][149.229s][info ][gc          ] GC(68) Pause Young (Mixed) (G1 Evacuation Pause) 185M->158M(416M) 11.395ms
[2025-03-05T20:06:16.042+0000][149.229s][info ][gc,cpu      ] GC(68) User=0.04s Sys=0.00s Real=0.01s
[2025-03-05T20:06:16.043+0000][149.230s][info ][safepoint   ] Safepoint "G1CollectForAllocation", Time since last: 2070179943 ns, Reaching safepoint: 580952 ns, Cleanup: 4833 ns, At safepoint: 12186122 ns, Total: 12771907 ns
[2025-03-05T20:06:18.043+0000][151.230s][debug][safepoint   ] Safepoint synchronization initiated using futex wait barrier. (208 threads)
[2025-03-05T20:06:18.044+0000][151.231s][info ][safepoint   ] Safepoint "Cleanup", Time since last: 2000765341 ns, Reaching safepoint: 263154 ns, Cleanup: 21807 ns, At safepoint: 12594 ns, Total: 297555 ns
