[2025-03-05T19:23:39.846+0000][0.010s][info][gc] Using G1
[2025-03-05T19:23:39.848+0000][0.013s][info][gc,init] Version: 17.0.12+7-Debian-2deb12u1 (release)
[2025-03-05T19:23:39.849+0000][0.013s][info][gc,init] CPUs: 8 total, 8 available
[2025-03-05T19:23:39.849+0000][0.013s][info][gc,init] Memory: 11966M
[2025-03-05T19:23:39.849+0000][0.013s][info][gc,init] Large Page Support: Disabled
[2025-03-05T19:23:39.849+0000][0.013s][info][gc,init] NUMA Support: Disabled
[2025-03-05T19:23:39.850+0000][0.014s][info][gc,init] Compressed Oops: Enabled (Zero based)
[2025-03-05T19:23:39.850+0000][0.014s][info][gc,init] Heap Region Size: 2M
[2025-03-05T19:23:39.852+0000][0.016s][info][gc,init] Heap Min Capacity: 8M
[2025-03-05T19:23:39.852+0000][0.016s][info][gc,init] Heap Initial Capacity: 188M
[2025-03-05T19:23:39.852+0000][0.017s][info][gc,init] Heap Max Capacity: 2992M
[2025-03-05T19:23:39.853+0000][0.017s][info][gc,init] Pre-touch: Disabled
[2025-03-05T19:23:39.853+0000][0.017s][info][gc,init] Parallel Workers: 8
[2025-03-05T19:23:39.854+0000][0.018s][info][gc,init] Concurrent Workers: 2
[2025-03-05T19:23:39.854+0000][0.018s][info][gc,init] Concurrent Refinement Workers: 8
[2025-03-05T19:23:39.854+0000][0.018s][info][gc,init] Periodic GC: Disabled
[2025-03-05T19:23:39.861+0000][0.025s][info][gc,metaspace] CDS archive(s) mapped at: [0x00007fb86f000000-0x00007fb86fbc4000-0x00007fb86fbc4000), size 12337152, SharedBaseAddress: 0x00007fb86f000000, ArchiveRelocationMode: 1.
[2025-03-05T19:23:39.861+0000][0.025s][info][gc,metaspace] Compressed class space mapped at: 0x00007fb870000000-0x00007fb8b0000000, reserved size: 1073741824
[2025-03-05T19:23:39.862+0000][0.026s][info][gc,metaspace] Narrow klass base: 0x00007fb86f000000, Narrow klass shift: 0, Narrow klass range: 0x100000000
[2025-03-05T19:23:39.867+0000][0.031s][info][cds,heap    ] initialize_from_archived_subgraph java.lang.Module$ArchivedData 0x00007fb86f184780 (early)
[2025-03-05T19:23:39.868+0000][0.032s][info][cds,heap    ] initialize_from_archived_subgraph java.util.ImmutableCollections 0x00007fb86f0722d8 (early)
[2025-03-05T19:23:39.869+0000][0.034s][info][cds,heap    ] initialize_from_archived_subgraph java.lang.Integer$IntegerCache 0x00007fb86f037660 (early)
[2025-03-05T19:23:39.872+0000][0.036s][info][cds,heap    ] initialize_from_archived_subgraph java.lang.module.Configuration 0x00007fb86f172700 (early)
[2025-03-05T19:23:39.873+0000][0.037s][info][cds,heap    ] initialize_from_archived_subgraph java.lang.ModuleLayer 0x00007fb86f146b38 (early)
[2025-03-05T19:23:39.873+0000][0.038s][info][cds,heap    ] initialize_from_archived_subgraph jdk.internal.loader.ArchivedClassLoaders 0x00007fb86f1adb70 (early)
[2025-03-05T19:23:39.874+0000][0.038s][info][cds,heap    ] initialize_from_archived_subgraph jdk.internal.module.ArchivedBootLayer 0x00007fb86f179340 (early)
[2025-03-05T19:23:39.876+0000][0.040s][info][cds,heap    ] initialize_from_archived_subgraph sun.util.locale.BaseLocale 0x00007fb86f26d048
[2025-03-05T19:23:39.881+0000][0.045s][info][cds,heap    ] initialize_from_archived_subgraph java.util.jar.Attributes$Name 0x00007fb86f19f5e8
[2025-03-05T19:23:39.897+0000][0.062s][info][cds,heap    ] initialize_from_archived_subgraph java.lang.Long$LongCache 0x00007fb86f020f98
[2025-03-05T19:23:39.946+0000][0.110s][info][cds,heap    ] initialize_from_archived_subgraph java.lang.Character$CharacterCache 0x00007fb86f03a9e8
[2025-03-05T19:23:40.162+0000][0.326s][debug][safepoint   ] Safepoint synchronization initiated using futex wait barrier. (14 threads)
[2025-03-05T19:23:40.163+0000][0.327s][info ][safepoint   ] Safepoint "ICBufferFull", Time since last: 295789838 ns, Reaching safepoint: 474109 ns, Cleanup: 83234 ns, At safepoint: 15105 ns, Total: 572448 ns
[2025-03-05T19:23:40.221+0000][0.385s][debug][safepoint   ] Safepoint synchronization initiated using futex wait barrier. (14 threads)
[2025-03-05T19:23:40.222+0000][0.386s][info ][gc,start    ] GC(0) Pause Young (Normal) (G1 Evacuation Pause)
[2025-03-05T19:23:40.223+0000][0.387s][info ][gc,task     ] GC(0) Using 4 workers of 8 for evacuation
[2025-03-05T19:23:40.228+0000][0.392s][info ][gc,phases   ] GC(0)   Pre Evacuate Collection Set: 0.2ms
[2025-03-05T19:23:40.229+0000][0.393s][info ][gc,phases   ] GC(0)   Merge Heap Roots: 0.1ms
[2025-03-05T19:23:40.229+0000][0.393s][info ][gc,phases   ] GC(0)   Evacuate Collection Set: 3.4ms
[2025-03-05T19:23:40.229+0000][0.393s][info ][gc,phases   ] GC(0)   Post Evacuate Collection Set: 1.3ms
[2025-03-05T19:23:40.230+0000][0.394s][info ][gc,phases   ] GC(0)   Other: 1.6ms
[2025-03-05T19:23:40.230+0000][0.394s][info ][gc,heap     ] GC(0) Eden regions: 31->0(44)
[2025-03-05T19:23:40.230+0000][0.395s][info ][gc,heap     ] GC(0) Survivor regions: 0->4(4)
[2025-03-05T19:23:40.231+0000][0.395s][info ][gc,heap     ] GC(0) Old regions: 0->1
[2025-03-05T19:23:40.231+0000][0.395s][info ][gc,heap     ] GC(0) Archive regions: 2->2
[2025-03-05T19:23:40.232+0000][0.396s][info ][gc,heap     ] GC(0) Humongous regions: 0->0
[2025-03-05T19:23:40.232+0000][0.396s][info ][gc,metaspace] GC(0) Metaspace: 2490K(2688K)->2490K(2688K) NonClass: 2253K(2368K)->2253K(2368K) Class: 237K(320K)->237K(320K)
[2025-03-05T19:23:40.233+0000][0.397s][info ][gc          ] GC(0) Pause Young (Normal) (G1 Evacuation Pause) 63M->10M(192M) 10.705ms
[2025-03-05T19:23:40.233+0000][0.397s][info ][gc,cpu      ] GC(0) User=0.02s Sys=0.01s Real=0.01s
[2025-03-05T19:23:40.233+0000][0.398s][info ][safepoint   ] Safepoint "G1CollectForAllocation", Time since last: 58266710 ns, Reaching safepoint: 655720 ns, Cleanup: 21923 ns, At safepoint: 11647919 ns, Total: 12325562 ns
[2025-03-05T19:23:40.604+0000][0.768s][debug][safepoint   ] Safepoint synchronization initiated using futex wait barrier. (15 threads)
[2025-03-05T19:23:40.605+0000][0.769s][info ][gc,start    ] GC(1) Pause Young (Normal) (G1 Evacuation Pause)
[2025-03-05T19:23:40.605+0000][0.769s][info ][gc,task     ] GC(1) Using 4 workers of 8 for evacuation
[2025-03-05T19:23:40.611+0000][0.775s][info ][gc,phases   ] GC(1)   Pre Evacuate Collection Set: 0.2ms
[2025-03-05T19:23:40.612+0000][0.776s][info ][gc,phases   ] GC(1)   Merge Heap Roots: 0.1ms
[2025-03-05T19:23:40.612+0000][0.776s][info ][gc,phases   ] GC(1)   Evacuate Collection Set: 4.0ms
[2025-03-05T19:23:40.612+0000][0.777s][info ][gc,phases   ] GC(1)   Post Evacuate Collection Set: 1.4ms
[2025-03-05T19:23:40.613+0000][0.777s][info ][gc,phases   ] GC(1)   Other: 0.6ms
[2025-03-05T19:23:40.613+0000][0.777s][info ][gc,heap     ] GC(1) Eden regions: 44->0(54)
[2025-03-05T19:23:40.614+0000][0.778s][info ][gc,heap     ] GC(1) Survivor regions: 4->2(6)
[2025-03-05T19:23:40.614+0000][0.778s][info ][gc,heap     ] GC(1) Old regions: 1->5
[2025-03-05T19:23:40.615+0000][0.779s][info ][gc,heap     ] GC(1) Archive regions: 2->2
[2025-03-05T19:23:40.615+0000][0.779s][info ][gc,heap     ] GC(1) Humongous regions: 0->0
[2025-03-05T19:23:40.616+0000][0.780s][info ][gc,metaspace] GC(1) Metaspace: 6224K(6592K)->6224K(6592K) NonClass: 5462K(5632K)->5462K(5632K) Class: 761K(960K)->761K(960K)
[2025-03-05T19:23:40.616+0000][0.780s][info ][gc          ] GC(1) Pause Young (Normal) (G1 Evacuation Pause) 98M->14M(192M) 11.209ms
[2025-03-05T19:23:40.616+0000][0.781s][info ][gc,cpu      ] GC(1) User=0.01s Sys=0.03s Real=0.01s
[2025-03-05T19:23:40.617+0000][0.781s][info ][safepoint   ] Safepoint "G1CollectForAllocation", Time since last: 370741732 ns, Reaching safepoint: 328613 ns, Cleanup: 212405 ns, At safepoint: 12118866 ns, Total: 12659884 ns
[2025-03-05T19:23:40.969+0000][1.133s][debug][safepoint   ] Safepoint synchronization initiated using futex wait barrier. (15 threads)
[2025-03-05T19:23:40.970+0000][1.134s][info ][gc,start    ] GC(2) Pause Young (Normal) (G1 Evacuation Pause)
[2025-03-05T19:23:40.971+0000][1.135s][info ][gc,task     ] GC(2) Using 4 workers of 8 for evacuation
[2025-03-05T19:23:40.975+0000][1.139s][info ][gc,phases   ] GC(2)   Pre Evacuate Collection Set: 0.1ms
[2025-03-05T19:23:40.975+0000][1.139s][info ][gc,phases   ] GC(2)   Merge Heap Roots: 0.1ms
[2025-03-05T19:23:40.976+0000][1.140s][info ][gc,phases   ] GC(2)   Evacuate Collection Set: 2.4ms
[2025-03-05T19:23:40.976+0000][1.140s][info ][gc,phases   ] GC(2)   Post Evacuate Collection Set: 0.9ms
[2025-03-05T19:23:40.977+0000][1.141s][info ][gc,phases   ] GC(2)   Other: 1.2ms
[2025-03-05T19:23:40.977+0000][1.141s][info ][gc,heap     ] GC(2) Eden regions: 54->0(54)
[2025-03-05T19:23:40.978+0000][1.142s][info ][gc,heap     ] GC(2) Survivor regions: 2->2(7)
[2025-03-05T19:23:40.978+0000][1.142s][info ][gc,heap     ] GC(2) Old regions: 5->5
[2025-03-05T19:23:40.978+0000][1.142s][info ][gc,heap     ] GC(2) Archive regions: 2->2
[2025-03-05T19:23:40.979+0000][1.143s][info ][gc,heap     ] GC(2) Humongous regions: 0->0
[2025-03-05T19:23:40.979+0000][1.143s][info ][gc,metaspace] GC(2) Metaspace: 10981K(11264K)->10981K(11264K) NonClass: 9546K(9664K)->9546K(9664K) Class: 1435K(1600K)->1435K(1600K)
[2025-03-05T19:23:40.980+0000][1.144s][info ][gc          ] GC(2) Pause Young (Normal) (G1 Evacuation Pause) 122M->14M(192M) 9.642ms
[2025-03-05T19:23:40.980+0000][1.144s][info ][gc,cpu      ] GC(2) User=0.01s Sys=0.01s Real=0.01s
[2025-03-05T19:23:40.981+0000][1.145s][info ][safepoint   ] Safepoint "G1CollectForAllocation", Time since last: 352387854 ns, Reaching safepoint: 656436 ns, Cleanup: 59202 ns, At safepoint: 10531298 ns, Total: 11246936 ns
[2025-03-05T19:23:41.104+0000][1.268s][debug][safepoint   ] ... found polling page loop exception at pc = 0x00007fb8d514ef9f, stub =0x00007fb8d4b10400
[2025-03-05T19:23:41.105+0000][1.269s][debug][safepoint   ] Safepoint synchronization initiated using futex wait barrier. (15 threads)
[2025-03-05T19:23:41.106+0000][1.270s][info ][safepoint   ] Safepoint "ICBufferFull", Time since last: 124898453 ns, Reaching safepoint: 354593 ns, Cleanup: 70414 ns, At safepoint: 1572 ns, Total: 426579 ns
[2025-03-05T19:23:41.106+0000][1.270s][debug][safepoint   ] Safepoint synchronization initiated using futex wait barrier. (15 threads)
[2025-03-05T19:23:41.107+0000][1.271s][info ][safepoint   ] Safepoint "ICBufferFull", Time since last: 410214 ns, Reaching safepoint: 505210 ns, Cleanup: 16799 ns, At safepoint: 18163 ns, Total: 540172 ns
[2025-03-05T19:23:41.337+0000][1.501s][debug][safepoint   ] Safepoint synchronization initiated using futex wait barrier. (16 threads)
[2025-03-05T19:23:41.337+0000][1.501s][info ][gc,start    ] GC(3) Pause Young (Normal) (G1 Evacuation Pause)
[2025-03-05T19:23:41.338+0000][1.502s][info ][gc,task     ] GC(3) Using 4 workers of 8 for evacuation
[2025-03-05T19:23:41.342+0000][1.506s][info ][gc,phases   ] GC(3)   Pre Evacuate Collection Set: 0.1ms
[2025-03-05T19:23:41.342+0000][1.506s][info ][gc,phases   ] GC(3)   Merge Heap Roots: 0.1ms
[2025-03-05T19:23:41.342+0000][1.506s][info ][gc,phases   ] GC(3)   Evacuate Collection Set: 3.0ms
[2025-03-05T19:23:41.342+0000][1.507s][info ][gc,phases   ] GC(3)   Post Evacuate Collection Set: 0.6ms
[2025-03-05T19:23:41.343+0000][1.507s][info ][gc,phases   ] GC(3)   Other: 0.7ms
[2025-03-05T19:23:41.343+0000][1.507s][info ][gc,heap     ] GC(3) Eden regions: 54->0(52)
[2025-03-05T19:23:41.344+0000][1.508s][info ][gc,heap     ] GC(3) Survivor regions: 2->4(7)
[2025-03-05T19:23:41.344+0000][1.508s][info ][gc,heap     ] GC(3) Old regions: 5->5
[2025-03-05T19:23:41.344+0000][1.509s][info ][gc,heap     ] GC(3) Archive regions: 2->2
[2025-03-05T19:23:41.345+0000][1.509s][info ][gc,heap     ] GC(3) Humongous regions: 0->0
[2025-03-05T19:23:41.345+0000][1.509s][info ][gc,metaspace] GC(3) Metaspace: 14683K(14976K)->14683K(14976K) NonClass: 12782K(12928K)->12782K(12928K) Class: 1901K(2048K)->1901K(2048K)
[2025-03-05T19:23:41.345+0000][1.509s][info ][gc          ] GC(3) Pause Young (Normal) (G1 Evacuation Pause) 122M->17M(192M) 7.988ms
[2025-03-05T19:23:41.346+0000][1.510s][info ][gc,cpu      ] GC(3) User=0.02s Sys=0.00s Real=0.01s
[2025-03-05T19:23:41.346+0000][1.510s][info ][safepoint   ] Safepoint "G1CollectForAllocation", Time since last: 230269511 ns, Reaching safepoint: 246075 ns, Cleanup: 92546 ns, At safepoint: 8851977 ns, Total: 9190598 ns
[2025-03-05T19:23:41.505+0000][1.669s][info ][cds,heap    ] initialize_from_archived_subgraph java.lang.Byte$ByteCache 0x00007fb86f03abf8
[2025-03-05T19:23:41.505+0000][1.669s][info ][cds,heap    ] initialize_from_archived_subgraph java.lang.Short$ShortCache 0x00007fb86f0412e8
[2025-03-05T19:23:41.612+0000][1.776s][debug][safepoint   ] Safepoint synchronization initiated using futex wait barrier. (16 threads)
[2025-03-05T19:23:41.612+0000][1.776s][info ][gc,start    ] GC(4) Pause Young (Normal) (G1 Evacuation Pause)
[2025-03-05T19:23:41.613+0000][1.777s][info ][gc,task     ] GC(4) Using 4 workers of 8 for evacuation
[2025-03-05T19:23:41.617+0000][1.781s][info ][gc,phases   ] GC(4)   Pre Evacuate Collection Set: 0.1ms
[2025-03-05T19:23:41.617+0000][1.781s][info ][gc,phases   ] GC(4)   Merge Heap Roots: 0.0ms
[2025-03-05T19:23:41.617+0000][1.781s][info ][gc,phases   ] GC(4)   Evacuate Collection Set: 2.8ms
[2025-03-05T19:23:41.618+0000][1.782s][info ][gc,phases   ] GC(4)   Post Evacuate Collection Set: 0.6ms
[2025-03-05T19:23:41.618+0000][1.782s][info ][gc,phases   ] GC(4)   Other: 1.0ms
[2025-03-05T19:23:41.619+0000][1.783s][info ][gc,heap     ] GC(4) Eden regions: 52->0(52)
[2025-03-05T19:23:41.619+0000][1.783s][info ][gc,heap     ] GC(4) Survivor regions: 4->4(7)
[2025-03-05T19:23:41.620+0000][1.784s][info ][gc,heap     ] GC(4) Old regions: 5->5
[2025-03-05T19:23:41.620+0000][1.784s][info ][gc,heap     ] GC(4) Archive regions: 2->2
[2025-03-05T19:23:41.621+0000][1.785s][info ][gc,heap     ] GC(4) Humongous regions: 0->0
[2025-03-05T19:23:41.621+0000][1.785s][info ][gc,metaspace] GC(4) Metaspace: 18765K(19072K)->18765K(19072K) NonClass: 16283K(16448K)->16283K(16448K) Class: 2481K(2624K)->2481K(2624K)
[2025-03-05T19:23:41.621+0000][1.785s][info ][gc          ] GC(4) Pause Young (Normal) (G1 Evacuation Pause) 121M->18M(192M) 8.952ms
[2025-03-05T19:23:41.621+0000][1.785s][info ][gc,cpu      ] GC(4) User=0.02s Sys=0.00s Real=0.01s
[2025-03-05T19:23:41.622+0000][1.786s][info ][safepoint   ] Safepoint "G1CollectForAllocation", Time since last: 265334569 ns, Reaching safepoint: 571879 ns, Cleanup: 49485 ns, At safepoint: 9499446 ns, Total: 10120810 ns
[2025-03-05T19:23:41.726+0000][1.891s][debug][safepoint   ] Safepoint synchronization initiated using futex wait barrier. (16 threads)
[2025-03-05T19:23:41.727+0000][1.891s][info ][gc,start    ] GC(5) Pause Young (Concurrent Start) (Metadata GC Threshold)
[2025-03-05T19:23:41.728+0000][1.892s][info ][gc,task     ] GC(5) Using 4 workers of 8 for evacuation
[2025-03-05T19:23:41.733+0000][1.897s][info ][gc,phases   ] GC(5)   Pre Evacuate Collection Set: 0.1ms
[2025-03-05T19:23:41.733+0000][1.897s][info ][gc,phases   ] GC(5)   Merge Heap Roots: 0.1ms
[2025-03-05T19:23:41.734+0000][1.898s][info ][gc,phases   ] GC(5)   Evacuate Collection Set: 4.1ms
[2025-03-05T19:23:41.734+0000][1.898s][info ][gc,phases   ] GC(5)   Post Evacuate Collection Set: 0.7ms
[2025-03-05T19:23:41.734+0000][1.898s][info ][gc,phases   ] GC(5)   Other: 0.8ms
[2025-03-05T19:23:41.735+0000][1.899s][info ][gc,heap     ] GC(5) Eden regions: 31->0(64)
[2025-03-05T19:23:41.735+0000][1.899s][info ][gc,heap     ] GC(5) Survivor regions: 4->5(7)
[2025-03-05T19:23:41.736+0000][1.900s][info ][gc,heap     ] GC(5) Old regions: 5->5
[2025-03-05T19:23:41.736+0000][1.900s][info ][gc,heap     ] GC(5) Archive regions: 2->2
[2025-03-05T19:23:41.737+0000][1.901s][info ][gc,heap     ] GC(5) Humongous regions: 0->0
[2025-03-05T19:23:41.737+0000][1.901s][info ][gc,metaspace] GC(5) Metaspace: 21240K(21504K)->21240K(21504K) NonClass: 18455K(18624K)->18455K(18624K) Class: 2785K(2880K)->2785K(2880K)
[2025-03-05T19:23:41.738+0000][1.902s][info ][gc          ] GC(5) Pause Young (Concurrent Start) (Metadata GC Threshold) 79M->20M(232M) 10.331ms
[2025-03-05T19:23:41.738+0000][1.902s][info ][gc,cpu      ] GC(5) User=0.04s Sys=0.00s Real=0.01s
[2025-03-05T19:23:41.738+0000][1.902s][info ][gc          ] GC(6) Concurrent Mark Cycle
[2025-03-05T19:23:41.739+0000][1.903s][info ][gc,marking  ] GC(6) Concurrent Clear Claimed Marks
[2025-03-05T19:23:41.738+0000][1.902s][info ][safepoint   ] Safepoint "CollectForMetadataAllocation", Time since last: 104740292 ns, Reaching safepoint: 738382 ns, Cleanup: 59348 ns, At safepoint: 11003094 ns, Total: 11800824 ns
[2025-03-05T19:23:41.739+0000][1.903s][info ][gc,marking  ] GC(6) Concurrent Clear Claimed Marks 0.319ms
[2025-03-05T19:23:41.740+0000][1.904s][info ][gc,marking  ] GC(6) Concurrent Scan Root Regions
[2025-03-05T19:23:41.743+0000][1.907s][info ][gc,marking  ] GC(6) Concurrent Scan Root Regions 2.812ms
[2025-03-05T19:23:41.743+0000][1.907s][info ][gc,marking  ] GC(6) Concurrent Mark
[2025-03-05T19:23:41.744+0000][1.908s][info ][gc,marking  ] GC(6) Concurrent Mark From Roots
[2025-03-05T19:23:41.744+0000][1.908s][info ][gc,task     ] GC(6) Using 2 workers of 2 for marking
[2025-03-05T19:23:41.749+0000][1.913s][info ][gc,marking  ] GC(6) Concurrent Mark From Roots 5.474ms
[2025-03-05T19:23:41.749+0000][1.914s][info ][gc,marking  ] GC(6) Concurrent Preclean
[2025-03-05T19:23:41.750+0000][1.914s][info ][gc,marking  ] GC(6) Concurrent Preclean 0.292ms
[2025-03-05T19:23:41.750+0000][1.914s][debug][safepoint   ] Safepoint synchronization initiated using futex wait barrier. (16 threads)
[2025-03-05T19:23:41.750+0000][1.915s][info ][gc,start    ] GC(6) Pause Remark
[2025-03-05T19:23:41.752+0000][1.917s][info ][gc          ] GC(6) Pause Remark 24M->24M(94M) 2.012ms
[2025-03-05T19:23:41.753+0000][1.917s][info ][gc,cpu      ] GC(6) User=0.01s Sys=0.00s Real=0.00s
[2025-03-05T19:23:41.753+0000][1.917s][info ][safepoint   ] Safepoint "G1PauseRemark", Time since last: 11873614 ns, Reaching safepoint: 319481 ns, Cleanup: 11759 ns, At safepoint: 2448699 ns, Total: 2779939 ns
[2025-03-05T19:23:41.753+0000][1.917s][info ][gc,marking  ] GC(6) Concurrent Mark 10.112ms
[2025-03-05T19:23:41.753+0000][1.917s][info ][gc,marking  ] GC(6) Concurrent Rebuild Remembered Sets
[2025-03-05T19:23:41.755+0000][1.919s][info ][gc,marking  ] GC(6) Concurrent Rebuild Remembered Sets 1.771ms
[2025-03-05T19:23:41.755+0000][1.920s][debug][safepoint   ] Safepoint synchronization initiated using futex wait barrier. (16 threads)
[2025-03-05T19:23:41.756+0000][1.920s][info ][gc,start    ] GC(6) Pause Cleanup
[2025-03-05T19:23:41.756+0000][1.920s][info ][gc          ] GC(6) Pause Cleanup 24M->24M(94M) 0.372ms
[2025-03-05T19:23:41.756+0000][1.920s][info ][gc,cpu      ] GC(6) User=0.00s Sys=0.00s Real=0.00s
[2025-03-05T19:23:41.757+0000][1.921s][info ][safepoint   ] Safepoint "G1PauseCleanup", Time since last: 2510813 ns, Reaching safepoint: 346918 ns, Cleanup: 2782 ns, At safepoint: 935829 ns, Total: 1285529 ns
[2025-03-05T19:23:41.757+0000][1.921s][info ][gc,marking  ] GC(6) Concurrent Cleanup for Next Mark
[2025-03-05T19:23:41.758+0000][1.922s][info ][gc,marking  ] GC(6) Concurrent Cleanup for Next Mark 0.617ms
[2025-03-05T19:23:41.758+0000][1.922s][info ][gc          ] GC(6) Concurrent Mark Cycle 19.673ms
[2025-03-05T19:23:41.950+0000][2.114s][debug][safepoint   ] Safepoint synchronization initiated using futex wait barrier. (15 threads)
[2025-03-05T19:23:41.951+0000][2.115s][info ][gc,start    ] GC(7) Pause Young (Prepare Mixed) (G1 Preventive Collection)
[2025-03-05T19:23:41.951+0000][2.115s][info ][gc,task     ] GC(7) Using 3 workers of 8 for evacuation
[2025-03-05T19:23:41.960+0000][2.124s][info ][gc,phases   ] GC(7)   Pre Evacuate Collection Set: 0.2ms
[2025-03-05T19:23:41.961+0000][2.125s][info ][gc,phases   ] GC(7)   Merge Heap Roots: 0.2ms
[2025-03-05T19:23:41.962+0000][2.126s][info ][gc,phases   ] GC(7)   Evacuate Collection Set: 7.2ms
[2025-03-05T19:23:41.963+0000][2.127s][info ][gc,phases   ] GC(7)   Post Evacuate Collection Set: 1.1ms
[2025-03-05T19:23:41.963+0000][2.127s][info ][gc,phases   ] GC(7)   Other: 0.9ms
[2025-03-05T19:23:41.963+0000][2.128s][info ][gc,heap     ] GC(7) Eden regions: 28->0(1)
[2025-03-05T19:23:41.964+0000][2.128s][info ][gc,heap     ] GC(7) Survivor regions: 5->6(9)
[2025-03-05T19:23:41.964+0000][2.128s][info ][gc,heap     ] GC(7) Old regions: 5->7
[2025-03-05T19:23:41.964+0000][2.128s][info ][gc,heap     ] GC(7) Archive regions: 2->2
[2025-03-05T19:23:41.965+0000][2.129s][info ][gc,heap     ] GC(7) Humongous regions: 0->0
[2025-03-05T19:23:41.965+0000][2.129s][info ][gc,metaspace] GC(7) Metaspace: 23934K(24320K)->23934K(24320K) NonClass: 20798K(20992K)->20798K(20992K) Class: 3136K(3328K)->3136K(3328K)
[2025-03-05T19:23:41.966+0000][2.130s][info ][gc          ] GC(7) Pause Young (Prepare Mixed) (G1 Preventive Collection) 76M->23M(96M) 15.052ms
[2025-03-05T19:23:41.966+0000][2.130s][info ][gc,cpu      ] GC(7) User=0.04s Sys=0.01s Real=0.01s
[2025-03-05T19:23:41.966+0000][2.131s][info ][safepoint   ] Safepoint "G1CollectForAllocation", Time since last: 193290048 ns, Reaching safepoint: 476637 ns, Cleanup: 67390 ns, At safepoint: 15944159 ns, Total: 16488186 ns
[2025-03-05T19:23:41.979+0000][2.143s][debug][safepoint   ] Safepoint synchronization initiated using futex wait barrier. (15 threads)
[2025-03-05T19:23:41.980+0000][2.144s][info ][gc,start    ] GC(8) Pause Young (Mixed) (G1 Evacuation Pause)
[2025-03-05T19:23:41.980+0000][2.144s][info ][gc,task     ] GC(8) Using 2 workers of 8 for evacuation
[2025-03-05T19:23:41.988+0000][2.152s][info ][gc,phases   ] GC(8)   Pre Evacuate Collection Set: 0.1ms
[2025-03-05T19:23:41.989+0000][2.153s][info ][gc,phases   ] GC(8)   Merge Heap Roots: 0.1ms
[2025-03-05T19:23:41.989+0000][2.153s][info ][gc,phases   ] GC(8)   Evacuate Collection Set: 6.7ms
[2025-03-05T19:23:41.990+0000][2.154s][info ][gc,phases   ] GC(8)   Post Evacuate Collection Set: 0.7ms
[2025-03-05T19:23:41.990+0000][2.154s][info ][gc,phases   ] GC(8)   Other: 0.9ms
[2025-03-05T19:23:41.991+0000][2.155s][info ][gc,heap     ] GC(8) Eden regions: 1->0(24)
[2025-03-05T19:23:41.991+0000][2.155s][info ][gc,heap     ] GC(8) Survivor regions: 6->1(1)
[2025-03-05T19:23:41.991+0000][2.156s][info ][gc,heap     ] GC(8) Old regions: 7->11
[2025-03-05T19:23:41.992+0000][2.156s][info ][gc,heap     ] GC(8) Archive regions: 2->2
[2025-03-05T19:23:41.992+0000][2.156s][info ][gc,heap     ] GC(8) Humongous regions: 0->0
[2025-03-05T19:23:41.993+0000][2.157s][info ][gc,metaspace] GC(8) Metaspace: 24021K(24448K)->24021K(24448K) NonClass: 20875K(21120K)->20875K(21120K) Class: 3145K(3328K)->3145K(3328K)
[2025-03-05T19:23:41.993+0000][2.157s][info ][gc          ] GC(8) Pause Young (Mixed) (G1 Evacuation Pause) 25M->23M(96M) 13.083ms
[2025-03-05T19:23:41.993+0000][2.157s][info ][gc,cpu      ] GC(8) User=0.02s Sys=0.00s Real=0.01s
[2025-03-05T19:23:41.994+0000][2.158s][info ][safepoint   ] Safepoint "G1CollectForAllocation", Time since last: 12505201 ns, Reaching safepoint: 777709 ns, Cleanup: 21402 ns, At safepoint: 13883997 ns, Total: 14683108 ns
[2025-03-05T19:23:42.131+0000][2.295s][debug][safepoint   ] Safepoint synchronization initiated using futex wait barrier. (15 threads)
[2025-03-05T19:23:42.132+0000][2.296s][info ][gc,start    ] GC(9) Pause Young (Normal) (G1 Evacuation Pause)
[2025-03-05T19:23:42.132+0000][2.296s][info ][gc,task     ] GC(9) Using 2 workers of 8 for evacuation
[2025-03-05T19:23:42.136+0000][2.300s][info ][gc,phases   ] GC(9)   Pre Evacuate Collection Set: 0.1ms
[2025-03-05T19:23:42.137+0000][2.301s][info ][gc,phases   ] GC(9)   Merge Heap Roots: 0.1ms
[2025-03-05T19:23:42.137+0000][2.301s][info ][gc,phases   ] GC(9)   Evacuate Collection Set: 3.2ms
[2025-03-05T19:23:42.137+0000][2.302s][info ][gc,phases   ] GC(9)   Post Evacuate Collection Set: 0.7ms
[2025-03-05T19:23:42.138+0000][2.302s][info ][gc,phases   ] GC(9)   Other: 0.8ms
[2025-03-05T19:23:42.138+0000][2.302s][info ][gc,heap     ] GC(9) Eden regions: 24->0(23)
[2025-03-05T19:23:42.138+0000][2.302s][info ][gc,heap     ] GC(9) Survivor regions: 1->2(4)
[2025-03-05T19:23:42.139+0000][2.303s][info ][gc,heap     ] GC(9) Old regions: 11->11
[2025-03-05T19:23:42.139+0000][2.303s][info ][gc,heap     ] GC(9) Archive regions: 2->2
[2025-03-05T19:23:42.139+0000][2.303s][info ][gc,heap     ] GC(9) Humongous regions: 0->0
[2025-03-05T19:23:42.140+0000][2.304s][info ][gc,metaspace] GC(9) Metaspace: 24398K(24768K)->24398K(24768K) NonClass: 21223K(21376K)->21223K(21376K) Class: 3174K(3392K)->3174K(3392K)
[2025-03-05T19:23:42.140+0000][2.304s][info ][gc          ] GC(9) Pause Young (Normal) (G1 Evacuation Pause) 71M->26M(96M) 8.427ms
[2025-03-05T19:23:42.141+0000][2.305s][info ][gc,cpu      ] GC(9) User=0.02s Sys=0.00s Real=0.01s
[2025-03-05T19:23:42.141+0000][2.305s][info ][safepoint   ] Safepoint "G1CollectForAllocation", Time since last: 137216596 ns, Reaching safepoint: 586201 ns, Cleanup: 47551 ns, At safepoint: 9338015 ns, Total: 9971767 ns
[2025-03-05T19:23:42.222+0000][2.386s][debug][safepoint   ] Safepoint synchronization initiated using futex wait barrier. (15 threads)
[2025-03-05T19:23:42.223+0000][2.387s][info ][gc,start    ] GC(10) Pause Young (Normal) (G1 Evacuation Pause)
[2025-03-05T19:23:42.223+0000][2.387s][info ][gc,task     ] GC(10) Using 2 workers of 8 for evacuation
[2025-03-05T19:23:42.231+0000][2.395s][info ][gc,phases   ] GC(10)   Pre Evacuate Collection Set: 0.1ms
[2025-03-05T19:23:42.232+0000][2.396s][info ][gc,phases   ] GC(10)   Merge Heap Roots: 0.1ms
[2025-03-05T19:23:42.232+0000][2.396s][info ][gc,phases   ] GC(10)   Evacuate Collection Set: 6.2ms
[2025-03-05T19:23:42.232+0000][2.396s][info ][gc,phases   ] GC(10)   Post Evacuate Collection Set: 0.9ms
[2025-03-05T19:23:42.233+0000][2.397s][info ][gc,phases   ] GC(10)   Other: 1.4ms
[2025-03-05T19:23:42.233+0000][2.397s][info ][gc,heap     ] GC(10) Eden regions: 23->0(53)
[2025-03-05T19:23:42.234+0000][2.398s][info ][gc,heap     ] GC(10) Survivor regions: 2->4(4)
[2025-03-05T19:23:42.234+0000][2.398s][info ][gc,heap     ] GC(10) Old regions: 11->11
[2025-03-05T19:23:42.235+0000][2.399s][info ][gc,heap     ] GC(10) Archive regions: 2->2
[2025-03-05T19:23:42.235+0000][2.399s][info ][gc,heap     ] GC(10) Humongous regions: 0->0
[2025-03-05T19:23:42.236+0000][2.400s][info ][gc,metaspace] GC(10) Metaspace: 24449K(24832K)->24449K(24832K) NonClass: 21262K(21440K)->21262K(21440K) Class: 3187K(3392K)->3187K(3392K)
[2025-03-05T19:23:42.236+0000][2.400s][info ][gc          ] GC(10) Pause Young (Normal) (G1 Evacuation Pause) 72M->31M(192M) 13.520ms
[2025-03-05T19:23:42.237+0000][2.401s][info ][gc,cpu      ] GC(10) User=0.03s Sys=0.00s Real=0.01s
[2025-03-05T19:23:42.237+0000][2.401s][info ][safepoint   ] Safepoint "G1CollectForAllocation", Time since last: 81032683 ns, Reaching safepoint: 693243 ns, Cleanup: 18680 ns, At safepoint: 14734067 ns, Total: 15445990 ns
[2025-03-05T19:23:42.406+0000][2.570s][debug][safepoint   ] Safepoint synchronization initiated using futex wait barrier. (15 threads)
[2025-03-05T19:23:42.407+0000][2.571s][info ][gc,start    ] GC(11) Pause Young (Normal) (G1 Evacuation Pause)
[2025-03-05T19:23:42.408+0000][2.572s][info ][gc,task     ] GC(11) Using 4 workers of 8 for evacuation
[2025-03-05T19:23:42.418+0000][2.582s][info ][gc,phases   ] GC(11)   Pre Evacuate Collection Set: 0.2ms
[2025-03-05T19:23:42.419+0000][2.583s][info ][gc,phases   ] GC(11)   Merge Heap Roots: 0.2ms
[2025-03-05T19:23:42.419+0000][2.583s][info ][gc,phases   ] GC(11)   Evacuate Collection Set: 8.3ms
[2025-03-05T19:23:42.420+0000][2.584s][info ][gc,phases   ] GC(11)   Post Evacuate Collection Set: 1.3ms
[2025-03-05T19:23:42.420+0000][2.584s][info ][gc,phases   ] GC(11)   Other: 1.0ms
[2025-03-05T19:23:42.420+0000][2.584s][info ][gc,heap     ] GC(11) Eden regions: 53->0(49)
[2025-03-05T19:23:42.421+0000][2.585s][info ][gc,heap     ] GC(11) Survivor regions: 4->8(8)
[2025-03-05T19:23:42.421+0000][2.585s][info ][gc,heap     ] GC(11) Old regions: 11->13
[2025-03-05T19:23:42.421+0000][2.585s][info ][gc,heap     ] GC(11) Archive regions: 2->2
[2025-03-05T19:23:42.421+0000][2.585s][info ][gc,heap     ] GC(11) Humongous regions: 0->0
[2025-03-05T19:23:42.421+0000][2.586s][info ][gc,metaspace] GC(11) Metaspace: 24623K(25024K)->24623K(25024K) NonClass: 21404K(21632K)->21404K(21632K) Class: 3219K(3392K)->3219K(3392K)
[2025-03-05T19:23:42.422+0000][2.586s][info ][gc          ] GC(11) Pause Young (Normal) (G1 Evacuation Pause) 137M->42M(192M) 14.722ms
[2025-03-05T19:23:42.422+0000][2.586s][info ][gc,cpu      ] GC(11) User=0.08s Sys=0.00s Real=0.02s
[2025-03-05T19:23:42.422+0000][2.586s][info ][safepoint   ] Safepoint "G1CollectForAllocation", Time since last: 168871391 ns, Reaching safepoint: 810422 ns, Cleanup: 34371 ns, At safepoint: 15304710 ns, Total: 16149503 ns
[2025-03-05T19:23:42.648+0000][2.812s][debug][safepoint   ] Safepoint synchronization initiated using futex wait barrier. (15 threads)
[2025-03-05T19:23:42.649+0000][2.813s][info ][safepoint   ] Safepoint "ICBufferFull", Time since last: 226018720 ns, Reaching safepoint: 510651 ns, Cleanup: 113034 ns, At safepoint: 12707 ns, Total: 636392 ns
[2025-03-05T19:23:42.656+0000][2.820s][debug][safepoint   ] Safepoint synchronization initiated using futex wait barrier. (15 threads)
[2025-03-05T19:23:42.657+0000][2.821s][info ][gc,start    ] GC(12) Pause Young (Normal) (G1 Evacuation Pause)
[2025-03-05T19:23:42.657+0000][2.822s][info ][gc,task     ] GC(12) Using 4 workers of 8 for evacuation
[2025-03-05T19:23:42.668+0000][2.832s][info ][gc,phases   ] GC(12)   Pre Evacuate Collection Set: 0.2ms
[2025-03-05T19:23:42.669+0000][2.833s][info ][gc,phases   ] GC(12)   Merge Heap Roots: 0.1ms
[2025-03-05T19:23:42.669+0000][2.833s][info ][gc,phases   ] GC(12)   Evacuate Collection Set: 8.0ms
[2025-03-05T19:23:42.670+0000][2.834s][info ][gc,phases   ] GC(12)   Post Evacuate Collection Set: 1.4ms
[2025-03-05T19:23:42.670+0000][2.834s][info ][gc,phases   ] GC(12)   Other: 1.8ms
[2025-03-05T19:23:42.671+0000][2.835s][info ][gc,heap     ] GC(12) Eden regions: 49->0(48)
[2025-03-05T19:23:42.671+0000][2.835s][info ][gc,heap     ] GC(12) Survivor regions: 8->4(8)
[2025-03-05T19:23:42.672+0000][2.836s][info ][gc,heap     ] GC(12) Old regions: 13->21
[2025-03-05T19:23:42.672+0000][2.837s][info ][gc,heap     ] GC(12) Archive regions: 2->2
[2025-03-05T19:23:42.673+0000][2.837s][info ][gc,heap     ] GC(12) Humongous regions: 0->0
[2025-03-05T19:23:42.673+0000][2.837s][info ][gc,metaspace] GC(12) Metaspace: 25090K(25472K)->25090K(25472K) NonClass: 21833K(22016K)->21833K(22016K) Class: 3257K(3456K)->3257K(3456K)
[2025-03-05T19:23:42.674+0000][2.838s][info ][gc          ] GC(12) Pause Young (Normal) (G1 Evacuation Pause) 140M->50M(192M) 17.375ms
[2025-03-05T19:23:42.674+0000][2.839s][info ][gc,cpu      ] GC(12) User=0.08s Sys=0.00s Real=0.02s
[2025-03-05T19:23:42.675+0000][2.839s][info ][safepoint   ] Safepoint "G1CollectForAllocation", Time since last: 6666191 ns, Reaching safepoint: 890232 ns, Cleanup: 14409 ns, At safepoint: 18451611 ns, Total: 19356252 ns
[2025-03-05T19:23:42.878+0000][3.042s][debug][safepoint   ] Safepoint synchronization initiated using futex wait barrier. (15 threads)
[2025-03-05T19:23:42.879+0000][3.043s][info ][gc,start    ] GC(13) Pause Young (Normal) (G1 Evacuation Pause)
[2025-03-05T19:23:42.879+0000][3.043s][info ][gc,task     ] GC(13) Using 4 workers of 8 for evacuation
[2025-03-05T19:23:42.886+0000][3.050s][info ][gc,phases   ] GC(13)   Pre Evacuate Collection Set: 0.2ms
[2025-03-05T19:23:42.889+0000][3.053s][info ][gc,phases   ] GC(13)   Merge Heap Roots: 0.2ms
[2025-03-05T19:23:42.889+0000][3.053s][info ][gc,phases   ] GC(13)   Evacuate Collection Set: 4.7ms
[2025-03-05T19:23:42.890+0000][3.054s][info ][gc,phases   ] GC(13)   Post Evacuate Collection Set: 0.9ms
[2025-03-05T19:23:42.891+0000][3.055s][info ][gc,phases   ] GC(13)   Other: 1.5ms
[2025-03-05T19:23:42.891+0000][3.055s][info ][gc,heap     ] GC(13) Eden regions: 48->0(49)
[2025-03-05T19:23:42.892+0000][3.056s][info ][gc,heap     ] GC(13) Survivor regions: 4->2(7)
[2025-03-05T19:23:42.893+0000][3.057s][info ][gc,heap     ] GC(13) Old regions: 21->24
[2025-03-05T19:23:42.893+0000][3.057s][info ][gc,heap     ] GC(13) Archive regions: 2->2
[2025-03-05T19:23:42.894+0000][3.058s][info ][gc,heap     ] GC(13) Humongous regions: 0->0
[2025-03-05T19:23:42.894+0000][3.058s][info ][gc,metaspace] GC(13) Metaspace: 25126K(25472K)->25126K(25472K) NonClass: 21866K(22016K)->21866K(22016K) Class: 3259K(3456K)->3259K(3456K)
[2025-03-05T19:23:42.894+0000][3.058s][info ][gc          ] GC(13) Pause Young (Normal) (G1 Evacuation Pause) 146M->53M(192M) 15.761ms
[2025-03-05T19:23:42.895+0000][3.059s][info ][gc,cpu      ] GC(13) User=0.03s Sys=0.00s Real=0.02s
[2025-03-05T19:23:42.895+0000][3.059s][info ][safepoint   ] Safepoint "G1CollectForAllocation", Time since last: 202666257 ns, Reaching safepoint: 784864 ns, Cleanup: 56823 ns, At safepoint: 16483608 ns, Total: 17325295 ns
[2025-03-05T19:23:43.118+0000][3.282s][debug][safepoint   ] Safepoint synchronization initiated using futex wait barrier. (16 threads)
[2025-03-05T19:23:43.119+0000][3.283s][info ][gc,start    ] GC(14) Pause Young (Normal) (G1 Evacuation Pause)
[2025-03-05T19:23:43.119+0000][3.283s][info ][gc,task     ] GC(14) Using 4 workers of 8 for evacuation
[2025-03-05T19:23:43.122+0000][3.286s][info ][gc,phases   ] GC(14)   Pre Evacuate Collection Set: 0.1ms
[2025-03-05T19:23:43.123+0000][3.287s][info ][gc,phases   ] GC(14)   Merge Heap Roots: 0.1ms
[2025-03-05T19:23:43.123+0000][3.287s][info ][gc,phases   ] GC(14)   Evacuate Collection Set: 2.1ms
[2025-03-05T19:23:43.123+0000][3.288s][info ][gc,phases   ] GC(14)   Post Evacuate Collection Set: 0.7ms
[2025-03-05T19:23:43.124+0000][3.288s][info ][gc,phases   ] GC(14)   Other: 0.7ms
[2025-03-05T19:23:43.124+0000][3.288s][info ][gc,heap     ] GC(14) Eden regions: 49->0(84)
[2025-03-05T19:23:43.125+0000][3.289s][info ][gc,heap     ] GC(14) Survivor regions: 2->3(7)
[2025-03-05T19:23:43.125+0000][3.289s][info ][gc,heap     ] GC(14) Old regions: 24->24
[2025-03-05T19:23:43.125+0000][3.289s][info ][gc,heap     ] GC(14) Archive regions: 2->2
[2025-03-05T19:23:43.126+0000][3.290s][info ][gc,heap     ] GC(14) Humongous regions: 0->0
[2025-03-05T19:23:43.126+0000][3.290s][info ][gc,metaspace] GC(14) Metaspace: 26547K(26880K)->26547K(26880K) NonClass: 23174K(23296K)->23174K(23296K) Class: 3372K(3584K)->3372K(3584K)
[2025-03-05T19:23:43.127+0000][3.291s][info ][gc          ] GC(14) Pause Young (Normal) (G1 Evacuation Pause) 151M->54M(292M) 7.943ms
[2025-03-05T19:23:43.127+0000][3.291s][info ][gc,cpu      ] GC(14) User=0.02s Sys=0.00s Real=0.01s
[2025-03-05T19:23:43.127+0000][3.291s][info ][safepoint   ] Safepoint "G1CollectForAllocation", Time since last: 223195408 ns, Reaching safepoint: 383375 ns, Cleanup: 42238 ns, At safepoint: 8776270 ns, Total: 9201883 ns
[2025-03-05T19:23:43.532+0000][3.696s][debug][safepoint   ] Safepoint synchronization initiated using futex wait barrier. (15 threads)
[2025-03-05T19:23:43.533+0000][3.697s][info ][gc,start    ] GC(15) Pause Young (Normal) (G1 Evacuation Pause)
[2025-03-05T19:23:43.533+0000][3.697s][info ][gc,task     ] GC(15) Using 7 workers of 8 for evacuation
[2025-03-05T19:23:43.537+0000][3.701s][info ][gc,phases   ] GC(15)   Pre Evacuate Collection Set: 0.1ms
[2025-03-05T19:23:43.537+0000][3.701s][info ][gc,phases   ] GC(15)   Merge Heap Roots: 0.1ms
[2025-03-05T19:23:43.537+0000][3.702s][info ][gc,phases   ] GC(15)   Evacuate Collection Set: 1.9ms
[2025-03-05T19:23:43.538+0000][3.702s][info ][gc,phases   ] GC(15)   Post Evacuate Collection Set: 0.8ms
[2025-03-05T19:23:43.539+0000][3.703s][info ][gc,phases   ] GC(15)   Other: 0.9ms
[2025-03-05T19:23:43.539+0000][3.703s][info ][gc,heap     ] GC(15) Eden regions: 84->0(83)
[2025-03-05T19:23:43.539+0000][3.704s][info ][gc,heap     ] GC(15) Survivor regions: 3->4(11)
[2025-03-05T19:23:43.540+0000][3.704s][info ][gc,heap     ] GC(15) Old regions: 24->24
[2025-03-05T19:23:43.541+0000][3.705s][info ][gc,heap     ] GC(15) Archive regions: 2->2
[2025-03-05T19:23:43.541+0000][3.705s][info ][gc,heap     ] GC(15) Humongous regions: 0->0
[2025-03-05T19:23:43.542+0000][3.706s][info ][gc,metaspace] GC(15) Metaspace: 31859K(32256K)->31859K(32256K) NonClass: 27906K(28096K)->27906K(28096K) Class: 3952K(4160K)->3952K(4160K)
[2025-03-05T19:23:43.542+0000][3.706s][info ][gc          ] GC(15) Pause Young (Normal) (G1 Evacuation Pause) 222M->57M(292M) 8.965ms
[2025-03-05T19:23:43.542+0000][3.706s][info ][gc,cpu      ] GC(15) User=0.03s Sys=0.00s Real=0.01s
[2025-03-05T19:23:43.542+0000][3.706s][info ][safepoint   ] Safepoint "G1CollectForAllocation", Time since last: 405004863 ns, Reaching safepoint: 438332 ns, Cleanup: 77530 ns, At safepoint: 9328448 ns, Total: 9844310 ns
[2025-03-05T19:23:43.940+0000][4.104s][debug][safepoint   ] Safepoint synchronization initiated using futex wait barrier. (15 threads)
[2025-03-05T19:23:43.941+0000][4.105s][info ][gc,start    ] GC(16) Pause Young (Normal) (G1 Evacuation Pause)
[2025-03-05T19:23:43.941+0000][4.105s][info ][gc,task     ] GC(16) Using 7 workers of 8 for evacuation
[2025-03-05T19:23:43.945+0000][4.109s][info ][gc,phases   ] GC(16)   Pre Evacuate Collection Set: 0.1ms
[2025-03-05T19:23:43.946+0000][4.110s][info ][gc,phases   ] GC(16)   Merge Heap Roots: 0.1ms
[2025-03-05T19:23:43.946+0000][4.110s][info ][gc,phases   ] GC(16)   Evacuate Collection Set: 2.9ms
[2025-03-05T19:23:43.946+0000][4.110s][info ][gc,phases   ] GC(16)   Post Evacuate Collection Set: 0.8ms
[2025-03-05T19:23:43.946+0000][4.110s][info ][gc,phases   ] GC(16)   Other: 0.7ms
[2025-03-05T19:23:43.947+0000][4.111s][info ][gc,heap     ] GC(16) Eden regions: 83->0(82)
[2025-03-05T19:23:43.947+0000][4.111s][info ][gc,heap     ] GC(16) Survivor regions: 4->5(11)
[2025-03-05T19:23:43.947+0000][4.111s][info ][gc,heap     ] GC(16) Old regions: 24->24
[2025-03-05T19:23:43.948+0000][4.112s][info ][gc,heap     ] GC(16) Archive regions: 2->2
[2025-03-05T19:23:43.948+0000][4.112s][info ][gc,heap     ] GC(16) Humongous regions: 0->0
[2025-03-05T19:23:43.948+0000][4.112s][info ][gc,metaspace] GC(16) Metaspace: 34586K(35008K)->34586K(35008K) NonClass: 30279K(30528K)->30279K(30528K) Class: 4307K(4480K)->4307K(4480K)
[2025-03-05T19:23:43.948+0000][4.113s][info ][gc          ] GC(16) Pause Young (Normal) (G1 Evacuation Pause) 223M->59M(292M) 7.691ms
[2025-03-05T19:23:43.949+0000][4.113s][info ][gc,cpu      ] GC(16) User=0.02s Sys=0.01s Real=0.00s
[2025-03-05T19:23:43.949+0000][4.113s][info ][safepoint   ] Safepoint "G1CollectForAllocation", Time since last: 397971953 ns, Reaching safepoint: 426005 ns, Cleanup: 87917 ns, At safepoint: 8382448 ns, Total: 8896370 ns
[2025-03-05T19:23:44.105+0000][4.270s][debug][safepoint   ] Safepoint synchronization initiated using futex wait barrier. (15 threads)
[2025-03-05T19:23:44.106+0000][4.270s][info ][gc,start    ] GC(17) Pause Young (Concurrent Start) (Metadata GC Threshold)
[2025-03-05T19:23:44.106+0000][4.271s][info ][gc,task     ] GC(17) Using 7 workers of 8 for evacuation
[2025-03-05T19:23:44.111+0000][4.275s][info ][gc,phases   ] GC(17)   Pre Evacuate Collection Set: 0.2ms
[2025-03-05T19:23:44.112+0000][4.276s][info ][gc,phases   ] GC(17)   Merge Heap Roots: 0.1ms
[2025-03-05T19:23:44.112+0000][4.276s][info ][gc,phases   ] GC(17)   Evacuate Collection Set: 2.4ms
[2025-03-05T19:23:44.112+0000][4.276s][info ][gc,phases   ] GC(17)   Post Evacuate Collection Set: 0.6ms
[2025-03-05T19:23:44.113+0000][4.277s][info ][gc,phases   ] GC(17)   Other: 1.7ms
[2025-03-05T19:23:44.113+0000][4.277s][info ][gc,heap     ] GC(17) Eden regions: 29->0(83)
[2025-03-05T19:23:44.113+0000][4.277s][info ][gc,heap     ] GC(17) Survivor regions: 5->4(11)
[2025-03-05T19:23:44.114+0000][4.278s][info ][gc,heap     ] GC(17) Old regions: 24->24
[2025-03-05T19:23:44.115+0000][4.279s][info ][gc,heap     ] GC(17) Archive regions: 2->2
[2025-03-05T19:23:44.116+0000][4.280s][info ][gc,heap     ] GC(17) Humongous regions: 0->0
[2025-03-05T19:23:44.116+0000][4.280s][info ][gc,metaspace] GC(17) Metaspace: 35769K(36160K)->35769K(36160K) NonClass: 31323K(31488K)->31323K(31488K) Class: 4445K(4672K)->4445K(4672K)
[2025-03-05T19:23:44.116+0000][4.280s][info ][gc          ] GC(17) Pause Young (Concurrent Start) (Metadata GC Threshold) 117M->57M(292M) 9.951ms
[2025-03-05T19:23:44.116+0000][4.280s][info ][gc,cpu      ] GC(17) User=0.02s Sys=0.00s Real=0.01s
[2025-03-05T19:23:44.117+0000][4.281s][info ][gc          ] GC(18) Concurrent Mark Cycle
[2025-03-05T19:23:44.117+0000][4.281s][info ][gc,marking  ] GC(18) Concurrent Clear Claimed Marks
[2025-03-05T19:23:44.117+0000][4.281s][info ][gc,marking  ] GC(18) Concurrent Clear Claimed Marks 0.268ms
[2025-03-05T19:23:44.117+0000][4.281s][info ][safepoint   ] Safepoint "CollectForMetadataAllocation", Time since last: 156340207 ns, Reaching safepoint: 590455 ns, Cleanup: 51322 ns, At safepoint: 10760930 ns, Total: 11402707 ns
[2025-03-05T19:23:44.118+0000][4.282s][info ][gc,marking  ] GC(18) Concurrent Scan Root Regions
[2025-03-05T19:23:44.120+0000][4.284s][info ][gc,marking  ] GC(18) Concurrent Scan Root Regions 2.601ms
[2025-03-05T19:23:44.121+0000][4.285s][info ][gc,marking  ] GC(18) Concurrent Mark
[2025-03-05T19:23:44.121+0000][4.285s][info ][gc,marking  ] GC(18) Concurrent Mark From Roots
[2025-03-05T19:23:44.121+0000][4.285s][info ][gc,task     ] GC(18) Using 2 workers of 2 for marking
[2025-03-05T19:23:44.151+0000][4.315s][info ][gc,marking  ] GC(18) Concurrent Mark From Roots 30.254ms
[2025-03-05T19:23:44.152+0000][4.316s][info ][gc,marking  ] GC(18) Concurrent Preclean
[2025-03-05T19:23:44.152+0000][4.316s][info ][gc,marking  ] GC(18) Concurrent Preclean 0.319ms
[2025-03-05T19:23:44.152+0000][4.316s][debug][safepoint   ] Safepoint synchronization initiated using futex wait barrier. (15 threads)
[2025-03-05T19:23:44.153+0000][4.317s][info ][gc,start    ] GC(18) Pause Remark
[2025-03-05T19:23:44.156+0000][4.320s][info ][gc          ] GC(18) Pause Remark 64M->64M(228M) 3.245ms
[2025-03-05T19:23:44.156+0000][4.320s][info ][gc,cpu      ] GC(18) User=0.02s Sys=0.00s Real=0.00s
[2025-03-05T19:23:44.157+0000][4.321s][info ][safepoint   ] Safepoint "G1PauseRemark", Time since last: 35296070 ns, Reaching safepoint: 428121 ns, Cleanup: 21481 ns, At safepoint: 3889447 ns, Total: 4339049 ns
[2025-03-05T19:23:44.157+0000][4.321s][info ][gc,marking  ] GC(18) Concurrent Mark 36.233ms
[2025-03-05T19:23:44.157+0000][4.321s][info ][gc,marking  ] GC(18) Concurrent Rebuild Remembered Sets
[2025-03-05T19:23:44.171+0000][4.335s][info ][gc,marking  ] GC(18) Concurrent Rebuild Remembered Sets 13.722ms
[2025-03-05T19:23:44.171+0000][4.335s][debug][safepoint   ] Safepoint synchronization initiated using futex wait barrier. (15 threads)
[2025-03-05T19:23:44.171+0000][4.335s][info ][gc,start    ] GC(18) Pause Cleanup
[2025-03-05T19:23:44.172+0000][4.336s][info ][gc          ] GC(18) Pause Cleanup 68M->68M(228M) 0.422ms
[2025-03-05T19:23:44.172+0000][4.336s][info ][gc,cpu      ] GC(18) User=0.00s Sys=0.00s Real=0.00s
[2025-03-05T19:23:44.172+0000][4.336s][info ][safepoint   ] Safepoint "G1PauseCleanup", Time since last: 14535208 ns, Reaching safepoint: 237360 ns, Cleanup: 3005 ns, At safepoint: 726147 ns, Total: 966512 ns
[2025-03-05T19:23:44.172+0000][4.336s][info ][gc,marking  ] GC(18) Concurrent Cleanup for Next Mark
[2025-03-05T19:23:44.175+0000][4.339s][info ][gc,marking  ] GC(18) Concurrent Cleanup for Next Mark 2.802ms
[2025-03-05T19:23:44.175+0000][4.339s][info ][gc          ] GC(18) Concurrent Mark Cycle 58.708ms
[2025-03-05T19:23:44.458+0000][4.622s][debug][safepoint   ] Safepoint synchronization initiated using futex wait barrier. (15 threads)
[2025-03-05T19:23:44.459+0000][4.623s][info ][gc,start    ] GC(19) Pause Young (Prepare Mixed) (G1 Evacuation Pause)
[2025-03-05T19:23:44.459+0000][4.624s][info ][gc,task     ] GC(19) Using 6 workers of 8 for evacuation
[2025-03-05T19:23:44.464+0000][4.628s][info ][gc,phases   ] GC(19)   Pre Evacuate Collection Set: 0.1ms
[2025-03-05T19:23:44.465+0000][4.629s][info ][gc,phases   ] GC(19)   Merge Heap Roots: 0.1ms
[2025-03-05T19:23:44.465+0000][4.629s][info ][gc,phases   ] GC(19)   Evacuate Collection Set: 3.2ms
[2025-03-05T19:23:44.466+0000][4.630s][info ][gc,phases   ] GC(19)   Post Evacuate Collection Set: 0.7ms
[2025-03-05T19:23:44.466+0000][4.630s][info ][gc,phases   ] GC(19)   Other: 1.1ms
[2025-03-05T19:23:44.466+0000][4.630s][info ][gc,heap     ] GC(19) Eden regions: 64->0(1)
[2025-03-05T19:23:44.466+0000][4.631s][info ][gc,heap     ] GC(19) Survivor regions: 4->5(9)
[2025-03-05T19:23:44.467+0000][4.631s][info ][gc,heap     ] GC(19) Old regions: 24->24
[2025-03-05T19:23:44.467+0000][4.631s][info ][gc,heap     ] GC(19) Archive regions: 2->2
[2025-03-05T19:23:44.468+0000][4.632s][info ][gc,heap     ] GC(19) Humongous regions: 0->0
[2025-03-05T19:23:44.469+0000][4.633s][info ][gc,metaspace] GC(19) Metaspace: 38774K(39232K)->38774K(39232K) NonClass: 33876K(34112K)->33876K(34112K) Class: 4898K(5120K)->4898K(5120K)
[2025-03-05T19:23:44.469+0000][4.633s][info ][gc          ] GC(19) Pause Young (Prepare Mixed) (G1 Evacuation Pause) 185M->58M(228M) 10.071ms
[2025-03-05T19:23:44.469+0000][4.633s][info ][gc,cpu      ] GC(19) User=0.06s Sys=0.00s Real=0.02s
[2025-03-05T19:23:44.470+0000][4.634s][info ][safepoint   ] Safepoint "G1CollectForAllocation", Time since last: 286104075 ns, Reaching safepoint: 791754 ns, Cleanup: 69426 ns, At safepoint: 11321631 ns, Total: 12182811 ns
[2025-03-05T19:23:44.483+0000][4.647s][debug][safepoint   ] Safepoint synchronization initiated using futex wait barrier. (15 threads)
[2025-03-05T19:23:44.487+0000][4.651s][info ][gc,start    ] GC(20) Pause Young (Mixed) (G1 Evacuation Pause)
[2025-03-05T19:23:44.488+0000][4.652s][info ][gc,task     ] GC(20) Using 5 workers of 8 for evacuation
[2025-03-05T19:23:44.495+0000][4.659s][info ][gc,phases   ] GC(20)   Pre Evacuate Collection Set: 0.2ms
[2025-03-05T19:23:44.495+0000][4.659s][info ][gc,phases   ] GC(20)   Merge Heap Roots: 0.1ms
[2025-03-05T19:23:44.496+0000][4.660s][info ][gc,phases   ] GC(20)   Evacuate Collection Set: 4.4ms
[2025-03-05T19:23:44.496+0000][4.660s][info ][gc,phases   ] GC(20)   Post Evacuate Collection Set: 0.7ms
[2025-03-05T19:23:44.497+0000][4.661s][info ][gc,phases   ] GC(20)   Other: 2.6ms
[2025-03-05T19:23:44.497+0000][4.661s][info ][gc,heap     ] GC(20) Eden regions: 1->0(66)
[2025-03-05T19:23:44.497+0000][4.661s][info ][gc,heap     ] GC(20) Survivor regions: 5->1(1)
[2025-03-05T19:23:44.497+0000][4.661s][info ][gc,heap     ] GC(20) Old regions: 24->28
[2025-03-05T19:23:44.498+0000][4.662s][info ][gc,heap     ] GC(20) Archive regions: 2->2
[2025-03-05T19:23:44.498+0000][4.663s][info ][gc,heap     ] GC(20) Humongous regions: 0->0
[2025-03-05T19:23:44.499+0000][4.663s][info ][gc,metaspace] GC(20) Metaspace: 38828K(39232K)->38828K(39232K) NonClass: 33925K(34112K)->33925K(34112K) Class: 4903K(5120K)->4903K(5120K)
[2025-03-05T19:23:44.499+0000][4.663s][info ][gc          ] GC(20) Pause Young (Mixed) (G1 Evacuation Pause) 60M->58M(228M) 12.439ms
[2025-03-05T19:23:44.500+0000][4.664s][info ][gc,cpu      ] GC(20) User=0.06s Sys=0.00s Real=0.02s
[2025-03-05T19:23:44.500+0000][4.664s][info ][safepoint   ] Safepoint "G1CollectForAllocation", Time since last: 12853260 ns, Reaching safepoint: 3558424 ns, Cleanup: 33425 ns, At safepoint: 13254868 ns, Total: 16846717 ns
[2025-03-05T19:23:44.935+0000][5.099s][debug][safepoint   ] Safepoint synchronization initiated using futex wait barrier. (15 threads)
[2025-03-05T19:23:44.936+0000][5.100s][info ][gc,start    ] GC(21) Pause Young (Normal) (G1 Evacuation Pause)
[2025-03-05T19:23:44.936+0000][5.100s][info ][gc,task     ] GC(21) Using 5 workers of 8 for evacuation
[2025-03-05T19:23:44.939+0000][5.104s][info ][gc,phases   ] GC(21)   Pre Evacuate Collection Set: 0.2ms
[2025-03-05T19:23:44.940+0000][5.104s][info ][gc,phases   ] GC(21)   Merge Heap Roots: 0.1ms
[2025-03-05T19:23:44.940+0000][5.104s][info ][gc,phases   ] GC(21)   Evacuate Collection Set: 1.8ms
[2025-03-05T19:23:44.940+0000][5.104s][info ][gc,phases   ] GC(21)   Post Evacuate Collection Set: 0.6ms
[2025-03-05T19:23:44.941+0000][5.105s][info ][gc,phases   ] GC(21)   Other: 0.9ms
[2025-03-05T19:23:44.941+0000][5.106s][info ][gc,heap     ] GC(21) Eden regions: 66->0(65)
[2025-03-05T19:23:44.942+0000][5.106s][info ][gc,heap     ] GC(21) Survivor regions: 1->2(9)
[2025-03-05T19:23:44.942+0000][5.106s][info ][gc,heap     ] GC(21) Old regions: 28->28
[2025-03-05T19:23:44.943+0000][5.107s][info ][gc,heap     ] GC(21) Archive regions: 2->2
[2025-03-05T19:23:44.943+0000][5.107s][info ][gc,heap     ] GC(21) Humongous regions: 0->0
[2025-03-05T19:23:44.943+0000][5.107s][info ][gc,metaspace] GC(21) Metaspace: 41332K(41728K)->41332K(41728K) NonClass: 36086K(36288K)->36086K(36288K) Class: 5246K(5440K)->5246K(5440K)
[2025-03-05T19:23:44.944+0000][5.108s][info ][gc          ] GC(21) Pause Young (Normal) (G1 Evacuation Pause) 190M->59M(228M) 8.125ms
[2025-03-05T19:23:44.945+0000][5.109s][info ][gc,cpu      ] GC(21) User=0.02s Sys=0.01s Real=0.01s
[2025-03-05T19:23:44.945+0000][5.109s][info ][safepoint   ] Safepoint "G1CollectForAllocation", Time since last: 435280291 ns, Reaching safepoint: 566407 ns, Cleanup: 82065 ns, At safepoint: 9364576 ns, Total: 10013048 ns
[2025-03-05T19:23:45.169+0000][5.333s][debug][safepoint   ] ... found polling page loop exception at pc = 0x00007fb8d50e896d, stub =0x00007fb8d4b10400
[2025-03-05T19:23:45.305+0000][5.469s][debug][safepoint   ] Safepoint synchronization initiated using futex wait barrier. (15 threads)
[2025-03-05T19:23:45.306+0000][5.470s][info ][safepoint   ] Safepoint "ICBufferFull", Time since last: 359744412 ns, Reaching safepoint: 666988 ns, Cleanup: 100725 ns, At safepoint: 1408 ns, Total: 769121 ns
[2025-03-05T19:23:45.399+0000][5.563s][debug][safepoint   ] Safepoint synchronization initiated using futex wait barrier. (15 threads)
[2025-03-05T19:23:45.401+0000][5.565s][info ][gc,start    ] GC(22) Pause Young (Normal) (G1 Evacuation Pause)
[2025-03-05T19:23:45.402+0000][5.566s][info ][gc,task     ] GC(22) Using 5 workers of 8 for evacuation
[2025-03-05T19:23:45.405+0000][5.569s][info ][gc,phases   ] GC(22)   Pre Evacuate Collection Set: 0.1ms
[2025-03-05T19:23:45.406+0000][5.570s][info ][gc,phases   ] GC(22)   Merge Heap Roots: 0.1ms
[2025-03-05T19:23:45.406+0000][5.570s][info ][gc,phases   ] GC(22)   Evacuate Collection Set: 2.1ms
[2025-03-05T19:23:45.406+0000][5.570s][info ][gc,phases   ] GC(22)   Post Evacuate Collection Set: 0.5ms
[2025-03-05T19:23:45.406+0000][5.571s][info ][gc,phases   ] GC(22)   Other: 1.3ms
[2025-03-05T19:23:45.407+0000][5.571s][info ][gc,heap     ] GC(22) Eden regions: 65->0(64)
[2025-03-05T19:23:45.407+0000][5.571s][info ][gc,heap     ] GC(22) Survivor regions: 2->3(9)
[2025-03-05T19:23:45.407+0000][5.571s][info ][gc,heap     ] GC(22) Old regions: 28->28
[2025-03-05T19:23:45.407+0000][5.571s][info ][gc,heap     ] GC(22) Archive regions: 2->2
[2025-03-05T19:23:45.408+0000][5.572s][info ][gc,heap     ] GC(22) Humongous regions: 0->0
[2025-03-05T19:23:45.408+0000][5.572s][info ][gc,metaspace] GC(22) Metaspace: 44535K(44992K)->44535K(44992K) NonClass: 38836K(39104K)->38836K(39104K) Class: 5698K(5888K)->5698K(5888K)
[2025-03-05T19:23:45.408+0000][5.572s][info ][gc          ] GC(22) Pause Young (Normal) (G1 Evacuation Pause) 189M->61M(228M) 7.271ms
[2025-03-05T19:23:45.409+0000][5.573s][info ][gc,cpu      ] GC(22) User=0.02s Sys=0.00s Real=0.00s
[2025-03-05T19:23:45.409+0000][5.573s][info ][safepoint   ] Safepoint "G1CollectForAllocation", Time since last: 93556906 ns, Reaching safepoint: 1598600 ns, Cleanup: 46994 ns, At safepoint: 8104879 ns, Total: 9750473 ns
[2025-03-05T19:23:45.842+0000][6.006s][debug][safepoint   ] Safepoint synchronization initiated using futex wait barrier. (15 threads)
[2025-03-05T19:23:45.842+0000][6.007s][info ][gc,start    ] GC(23) Pause Young (Normal) (G1 Evacuation Pause)
[2025-03-05T19:23:45.843+0000][6.007s][info ][gc,task     ] GC(23) Using 5 workers of 8 for evacuation
[2025-03-05T19:23:45.848+0000][6.012s][info ][gc,phases   ] GC(23)   Pre Evacuate Collection Set: 0.1ms
[2025-03-05T19:23:45.848+0000][6.012s][info ][gc,phases   ] GC(23)   Merge Heap Roots: 0.1ms
[2025-03-05T19:23:45.848+0000][6.013s][info ][gc,phases   ] GC(23)   Evacuate Collection Set: 2.9ms
[2025-03-05T19:23:45.849+0000][6.013s][info ][gc,phases   ] GC(23)   Post Evacuate Collection Set: 0.6ms
[2025-03-05T19:23:45.849+0000][6.013s][info ][gc,phases   ] GC(23)   Other: 1.5ms
[2025-03-05T19:23:45.850+0000][6.014s][info ][gc,heap     ] GC(23) Eden regions: 64->0(63)
[2025-03-05T19:23:45.850+0000][6.014s][info ][gc,heap     ] GC(23) Survivor regions: 3->4(9)
[2025-03-05T19:23:45.850+0000][6.015s][info ][gc,heap     ] GC(23) Old regions: 28->28
[2025-03-05T19:23:45.851+0000][6.015s][info ][gc,heap     ] GC(23) Archive regions: 2->2
[2025-03-05T19:23:45.852+0000][6.016s][info ][gc,heap     ] GC(23) Humongous regions: 0->0
[2025-03-05T19:23:45.852+0000][6.016s][info ][gc,metaspace] GC(23) Metaspace: 49143K(49600K)->49143K(49600K) NonClass: 42824K(43072K)->42824K(43072K) Class: 6319K(6528K)->6319K(6528K)
[2025-03-05T19:23:45.853+0000][6.017s][info ][gc          ] GC(23) Pause Young (Normal) (G1 Evacuation Pause) 189M->64M(228M) 10.186ms
[2025-03-05T19:23:45.853+0000][6.017s][info ][gc,cpu      ] GC(23) User=0.03s Sys=0.00s Real=0.01s
[2025-03-05T19:23:45.854+0000][6.018s][info ][safepoint   ] Safepoint "G1CollectForAllocation", Time since last: 432681632 ns, Reaching safepoint: 544045 ns, Cleanup: 103706 ns, At safepoint: 11073659 ns, Total: 11721410 ns
[2025-03-05T19:23:47.045+0000][7.209s][debug][safepoint   ] Safepoint synchronization initiated using futex wait barrier. (17 threads)
[2025-03-05T19:23:47.046+0000][7.210s][info ][safepoint   ] Safepoint "Cleanup", Time since last: 1191152019 ns, Reaching safepoint: 782277 ns, Cleanup: 69012 ns, At safepoint: 26359 ns, Total: 877648 ns
[2025-03-05T19:23:47.148+0000][7.312s][debug][safepoint   ] Safepoint synchronization initiated using futex wait barrier. (17 threads)
[2025-03-05T19:23:47.149+0000][7.313s][info ][safepoint   ] Safepoint "ICBufferFull", Time since last: 102436383 ns, Reaching safepoint: 683305 ns, Cleanup: 87815 ns, At safepoint: 37959 ns, Total: 809079 ns
[2025-03-05T19:23:47.353+0000][7.517s][debug][safepoint   ] Safepoint synchronization initiated using futex wait barrier. (17 threads)
[2025-03-05T19:23:47.354+0000][7.518s][info ][gc,start    ] GC(24) Pause Young (Normal) (G1 Evacuation Pause)
[2025-03-05T19:23:47.354+0000][7.518s][info ][gc,task     ] GC(24) Using 5 workers of 8 for evacuation
[2025-03-05T19:23:47.360+0000][7.524s][info ][gc,phases   ] GC(24)   Pre Evacuate Collection Set: 0.1ms
[2025-03-05T19:23:47.360+0000][7.524s][info ][gc,phases   ] GC(24)   Merge Heap Roots: 0.1ms
[2025-03-05T19:23:47.361+0000][7.525s][info ][gc,phases   ] GC(24)   Evacuate Collection Set: 4.8ms
[2025-03-05T19:23:47.361+0000][7.525s][info ][gc,phases   ] GC(24)   Post Evacuate Collection Set: 0.7ms
[2025-03-05T19:23:47.361+0000][7.525s][info ][gc,phases   ] GC(24)   Other: 0.5ms
[2025-03-05T19:23:47.361+0000][7.525s][info ][gc,heap     ] GC(24) Eden regions: 63->0(62)
[2025-03-05T19:23:47.362+0000][7.526s][info ][gc,heap     ] GC(24) Survivor regions: 4->5(9)
[2025-03-05T19:23:47.362+0000][7.526s][info ][gc,heap     ] GC(24) Old regions: 28->28
[2025-03-05T19:23:47.362+0000][7.526s][info ][gc,heap     ] GC(24) Archive regions: 2->2
[2025-03-05T19:23:47.362+0000][7.526s][info ][gc,heap     ] GC(24) Humongous regions: 0->0
[2025-03-05T19:23:47.363+0000][7.527s][info ][gc,metaspace] GC(24) Metaspace: 55116K(55616K)->55116K(55616K) NonClass: 48124K(48384K)->48124K(48384K) Class: 6991K(7232K)->6991K(7232K)
[2025-03-05T19:23:47.363+0000][7.527s][info ][gc          ] GC(24) Pause Young (Normal) (G1 Evacuation Pause) 190M->67M(228M) 9.182ms
[2025-03-05T19:23:47.363+0000][7.527s][info ][gc,cpu      ] GC(24) User=0.04s Sys=0.00s Real=0.01s
[2025-03-05T19:23:47.363+0000][7.528s][info ][safepoint   ] Safepoint "G1CollectForAllocation", Time since last: 204481854 ns, Reaching safepoint: 411937 ns, Cleanup: 83783 ns, At safepoint: 9711622 ns, Total: 10207342 ns
[2025-03-05T19:23:47.675+0000][7.839s][debug][safepoint   ] Safepoint synchronization initiated using futex wait barrier. (17 threads)
[2025-03-05T19:23:47.675+0000][7.839s][info ][gc,start    ] GC(25) Pause Young (Normal) (G1 Evacuation Pause)
[2025-03-05T19:23:47.676+0000][7.840s][info ][gc,task     ] GC(25) Using 5 workers of 8 for evacuation
[2025-03-05T19:23:47.681+0000][7.845s][info ][gc,phases   ] GC(25)   Pre Evacuate Collection Set: 0.1ms
[2025-03-05T19:23:47.681+0000][7.845s][info ][gc,phases   ] GC(25)   Merge Heap Roots: 0.1ms
[2025-03-05T19:23:47.682+0000][7.846s][info ][gc,phases   ] GC(25)   Evacuate Collection Set: 4.2ms
[2025-03-05T19:23:47.682+0000][7.846s][info ][gc,phases   ] GC(25)   Post Evacuate Collection Set: 0.6ms
[2025-03-05T19:23:47.682+0000][7.846s][info ][gc,phases   ] GC(25)   Other: 0.6ms
[2025-03-05T19:23:47.683+0000][7.847s][info ][gc,heap     ] GC(25) Eden regions: 62->0(61)
[2025-03-05T19:23:47.683+0000][7.847s][info ][gc,heap     ] GC(25) Survivor regions: 5->5(9)
[2025-03-05T19:23:47.684+0000][7.848s][info ][gc,heap     ] GC(25) Old regions: 28->29
[2025-03-05T19:23:47.684+0000][7.848s][info ][gc,heap     ] GC(25) Archive regions: 2->2
[2025-03-05T19:23:47.685+0000][7.849s][info ][gc,heap     ] GC(25) Humongous regions: 0->0
[2025-03-05T19:23:47.685+0000][7.849s][info ][gc,metaspace] GC(25) Metaspace: 58672K(59136K)->58672K(59136K) NonClass: 51161K(51392K)->51161K(51392K) Class: 7511K(7744K)->7511K(7744K)
[2025-03-05T19:23:47.685+0000][7.849s][info ][gc          ] GC(25) Pause Young (Normal) (G1 Evacuation Pause) 191M->68M(228M) 9.689ms
[2025-03-05T19:23:47.685+0000][7.849s][info ][gc,cpu      ] GC(25) User=0.05s Sys=0.00s Real=0.01s
[2025-03-05T19:23:47.686+0000][7.850s][info ][safepoint   ] Safepoint "G1CollectForAllocation", Time since last: 311247138 ns, Reaching safepoint: 547163 ns, Cleanup: 32299 ns, At safepoint: 10309367 ns, Total: 10888829 ns
[2025-03-05T19:23:47.909+0000][8.073s][debug][safepoint   ] Safepoint synchronization initiated using futex wait barrier. (18 threads)
[2025-03-05T19:23:47.909+0000][8.074s][info ][gc,start    ] GC(26) Pause Young (Concurrent Start) (Metadata GC Threshold)
[2025-03-05T19:23:47.910+0000][8.074s][info ][gc,task     ] GC(26) Using 5 workers of 8 for evacuation
[2025-03-05T19:23:47.914+0000][8.078s][info ][gc,phases   ] GC(26)   Pre Evacuate Collection Set: 0.1ms
[2025-03-05T19:23:47.914+0000][8.078s][info ][gc,phases   ] GC(26)   Merge Heap Roots: 0.1ms
[2025-03-05T19:23:47.915+0000][8.079s][info ][gc,phases   ] GC(26)   Evacuate Collection Set: 3.2ms
[2025-03-05T19:23:47.915+0000][8.079s][info ][gc,phases   ] GC(26)   Post Evacuate Collection Set: 0.4ms
[2025-03-05T19:23:47.915+0000][8.080s][info ][gc,phases   ] GC(26)   Other: 0.4ms
[2025-03-05T19:23:47.916+0000][8.080s][info ][gc,heap     ] GC(26) Eden regions: 10->0(61)
[2025-03-05T19:23:47.916+0000][8.080s][info ][gc,heap     ] GC(26) Survivor regions: 5->5(9)
[2025-03-05T19:23:47.916+0000][8.080s][info ][gc,heap     ] GC(26) Old regions: 29->29
[2025-03-05T19:23:47.916+0000][8.080s][info ][gc,heap     ] GC(26) Archive regions: 2->2
[2025-03-05T19:23:47.916+0000][8.080s][info ][gc,heap     ] GC(26) Humongous regions: 0->0
[2025-03-05T19:23:47.916+0000][8.080s][info ][gc,metaspace] GC(26) Metaspace: 60376K(60800K)->60376K(60800K) NonClass: 52682K(52864K)->52682K(52864K) Class: 7693K(7936K)->7693K(7936K)
[2025-03-05T19:23:47.917+0000][8.081s][info ][gc          ] GC(26) Pause Young (Concurrent Start) (Metadata GC Threshold) 87M->68M(228M) 7.155ms
[2025-03-05T19:23:47.917+0000][8.081s][info ][gc,cpu      ] GC(26) User=0.01s Sys=0.00s Real=0.00s
[2025-03-05T19:23:47.917+0000][8.081s][info ][gc          ] GC(27) Concurrent Mark Cycle
[2025-03-05T19:23:47.917+0000][8.081s][info ][safepoint   ] Safepoint "CollectForMetadataAllocation", Time since last: 223431359 ns, Reaching safepoint: 429228 ns, Cleanup: 15348 ns, At safepoint: 7663157 ns, Total: 8107733 ns
[2025-03-05T19:23:47.917+0000][8.081s][info ][gc,marking  ] GC(27) Concurrent Clear Claimed Marks
[2025-03-05T19:23:47.918+0000][8.082s][info ][gc,marking  ] GC(27) Concurrent Clear Claimed Marks 0.801ms
[2025-03-05T19:23:47.919+0000][8.083s][info ][gc,marking  ] GC(27) Concurrent Scan Root Regions
[2025-03-05T19:23:47.922+0000][8.086s][info ][gc,marking  ] GC(27) Concurrent Scan Root Regions 3.134ms
[2025-03-05T19:23:47.922+0000][8.087s][info ][gc,marking  ] GC(27) Concurrent Mark
[2025-03-05T19:23:47.923+0000][8.087s][info ][gc,marking  ] GC(27) Concurrent Mark From Roots
[2025-03-05T19:23:47.923+0000][8.087s][info ][gc,task     ] GC(27) Using 2 workers of 2 for marking
[2025-03-05T19:23:47.944+0000][8.108s][debug][safepoint   ] Safepoint synchronization initiated using futex wait barrier. (18 threads)
[2025-03-05T19:23:48.105+0000][8.269s][info ][safepoint   ] Safepoint "CollectForMetadataAllocation", Time since last: 26349066 ns, Reaching safepoint: 161619766 ns, Cleanup: 16007 ns, At safepoint: 67216 ns, Total: 161702989 ns
[2025-03-05T19:23:48.112+0000][8.276s][info ][gc,marking  ] GC(27) Concurrent Mark From Roots 189.295ms
[2025-03-05T19:23:48.166+0000][8.330s][info ][gc,marking  ] GC(27) Concurrent Preclean
[2025-03-05T19:23:48.159+0000][8.323s][debug][safepoint   ] Safepoint synchronization initiated using futex wait barrier. (18 threads)
[2025-03-05T19:23:48.178+0000][8.343s][info ][safepoint   ] Safepoint "CollectForMetadataAllocation", Time since last: 53702246 ns, Reaching safepoint: 19555925 ns, Cleanup: 14470 ns, At safepoint: 23431 ns, Total: 19593826 ns
[2025-03-05T19:23:48.179+0000][8.343s][info ][gc,marking  ] GC(27) Concurrent Preclean 12.376ms
[2025-03-05T19:23:48.188+0000][8.352s][debug][safepoint   ] Safepoint synchronization initiated using futex wait barrier. (19 threads)
[2025-03-05T19:23:48.191+0000][8.355s][info ][gc,start    ] GC(27) Pause Remark
[2025-03-05T19:23:48.197+0000][8.361s][info ][gc          ] GC(27) Pause Remark 82M->82M(228M) 5.739ms
[2025-03-05T19:23:48.198+0000][8.362s][info ][gc,cpu      ] GC(27) User=0.01s Sys=0.00s Real=0.00s
[2025-03-05T19:23:48.199+0000][8.363s][info ][safepoint   ] Safepoint "G1PauseRemark", Time since last: 9157969 ns, Reaching safepoint: 3588544 ns, Cleanup: 10176 ns, At safepoint: 7951203 ns, Total: 11549923 ns
[2025-03-05T19:23:48.200+0000][8.364s][info ][gc,marking  ] GC(27) Concurrent Mark 277.416ms
[2025-03-05T19:23:48.200+0000][8.364s][info ][gc,marking  ] GC(27) Concurrent Rebuild Remembered Sets
[2025-03-05T19:23:48.217+0000][8.381s][info ][gc,marking  ] GC(27) Concurrent Rebuild Remembered Sets 16.264ms
[2025-03-05T19:23:48.217+0000][8.381s][debug][safepoint   ] Safepoint synchronization initiated using futex wait barrier. (18 threads)
[2025-03-05T19:23:48.219+0000][8.383s][info ][gc,start    ] GC(27) Pause Cleanup
[2025-03-05T19:23:48.219+0000][8.383s][info ][gc          ] GC(27) Pause Cleanup 88M->88M(228M) 0.501ms
[2025-03-05T19:23:48.219+0000][8.384s][info ][gc,cpu      ] GC(27) User=0.00s Sys=0.00s Real=0.01s
[2025-03-05T19:23:48.220+0000][8.384s][info ][safepoint   ] Safepoint "G1PauseCleanup", Time since last: 17858276 ns, Reaching safepoint: 1576117 ns, Cleanup: 8172 ns, At safepoint: 1385946 ns, Total: 2970235 ns
[2025-03-05T19:23:48.221+0000][8.385s][info ][gc,marking  ] GC(27) Concurrent Cleanup for Next Mark
[2025-03-05T19:23:48.222+0000][8.386s][info ][gc,marking  ] GC(27) Concurrent Cleanup for Next Mark 1.392ms
[2025-03-05T19:23:48.223+0000][8.387s][info ][gc          ] GC(27) Concurrent Mark Cycle 305.585ms
[2025-03-05T19:23:48.506+0000][8.670s][debug][safepoint   ] Safepoint synchronization initiated using futex wait barrier. (20 threads)
[2025-03-05T19:23:48.508+0000][8.672s][info ][gc,start    ] GC(28) Pause Young (Prepare Mixed) (G1 Evacuation Pause)
[2025-03-05T19:23:48.508+0000][8.672s][info ][gc,task     ] GC(28) Using 5 workers of 8 for evacuation
[2025-03-05T19:23:48.513+0000][8.677s][info ][gc,phases   ] GC(28)   Pre Evacuate Collection Set: 0.1ms
[2025-03-05T19:23:48.513+0000][8.677s][info ][gc,phases   ] GC(28)   Merge Heap Roots: 0.1ms
[2025-03-05T19:23:48.513+0000][8.678s][info ][gc,phases   ] GC(28)   Evacuate Collection Set: 3.7ms
[2025-03-05T19:23:48.514+0000][8.678s][info ][gc,phases   ] GC(28)   Post Evacuate Collection Set: 0.6ms
[2025-03-05T19:23:48.514+0000][8.678s][info ][gc,phases   ] GC(28)   Other: 0.7ms
[2025-03-05T19:23:48.514+0000][8.678s][info ][gc,heap     ] GC(28) Eden regions: 61->0(1)
[2025-03-05T19:23:48.515+0000][8.679s][info ][gc,heap     ] GC(28) Survivor regions: 5->5(9)
[2025-03-05T19:23:48.515+0000][8.679s][info ][gc,heap     ] GC(28) Old regions: 29->29
[2025-03-05T19:23:48.515+0000][8.679s][info ][gc,heap     ] GC(28) Archive regions: 2->2
[2025-03-05T19:23:48.515+0000][8.680s][info ][gc,heap     ] GC(28) Humongous regions: 0->0
[2025-03-05T19:23:48.516+0000][8.680s][info ][gc,metaspace] GC(28) Metaspace: 63010K(63488K)->63010K(63488K) NonClass: 54971K(55232K)->54971K(55232K) Class: 8038K(8256K)->8038K(8256K)
[2025-03-05T19:23:48.516+0000][8.680s][info ][gc          ] GC(28) Pause Young (Prepare Mixed) (G1 Evacuation Pause) 190M->68M(228M) 7.953ms
[2025-03-05T19:23:48.517+0000][8.681s][info ][gc,cpu      ] GC(28) User=0.03s Sys=0.00s Real=0.01s
[2025-03-05T19:23:48.517+0000][8.681s][info ][safepoint   ] Safepoint "G1CollectForAllocation", Time since last: 286278030 ns, Reaching safepoint: 188377 ns, Cleanup: 1418960 ns, At safepoint: 9251489 ns, Total: 10858826 ns
[2025-03-05T19:23:48.522+0000][8.686s][debug][safepoint   ] Safepoint synchronization initiated using futex wait barrier. (20 threads)
[2025-03-05T19:23:48.523+0000][8.687s][info ][gc,start    ] GC(29) Pause Young (Mixed) (G1 Evacuation Pause)
[2025-03-05T19:23:48.523+0000][8.687s][info ][gc,task     ] GC(29) Using 5 workers of 8 for evacuation
[2025-03-05T19:23:48.529+0000][8.693s][info ][gc,phases   ] GC(29)   Pre Evacuate Collection Set: 0.1ms
[2025-03-05T19:23:48.530+0000][8.694s][info ][gc,phases   ] GC(29)   Merge Heap Roots: 0.2ms
[2025-03-05T19:23:48.530+0000][8.694s][info ][gc,phases   ] GC(29)   Evacuate Collection Set: 4.8ms
[2025-03-05T19:23:48.530+0000][8.694s][info ][gc,phases   ] GC(29)   Post Evacuate Collection Set: 1.2ms
[2025-03-05T19:23:48.530+0000][8.694s][info ][gc,phases   ] GC(29)   Other: 0.7ms
[2025-03-05T19:23:48.531+0000][8.695s][info ][gc,heap     ] GC(29) Eden regions: 1->0(106)
[2025-03-05T19:23:48.531+0000][8.695s][info ][gc,heap     ] GC(29) Survivor regions: 5->1(1)
[2025-03-05T19:23:48.531+0000][8.695s][info ][gc,heap     ] GC(29) Old regions: 29->33
[2025-03-05T19:23:48.531+0000][8.695s][info ][gc,heap     ] GC(29) Archive regions: 2->2
[2025-03-05T19:23:48.532+0000][8.696s][info ][gc,heap     ] GC(29) Humongous regions: 0->0
[2025-03-05T19:23:48.532+0000][8.696s][info ][gc,metaspace] GC(29) Metaspace: 63039K(63488K)->63039K(63488K) NonClass: 54996K(55232K)->54996K(55232K) Class: 8043K(8256K)->8043K(8256K)
[2025-03-05T19:23:48.532+0000][8.696s][info ][gc          ] GC(29) Pause Young (Mixed) (G1 Evacuation Pause) 70M->67M(358M) 9.498ms
[2025-03-05T19:23:48.532+0000][8.696s][info ][gc,cpu      ] GC(29) User=0.03s Sys=0.00s Real=0.01s
[2025-03-05T19:23:48.533+0000][8.697s][info ][safepoint   ] Safepoint "G1CollectForAllocation", Time since last: 5166613 ns, Reaching safepoint: 201670 ns, Cleanup: 2758 ns, At safepoint: 9983506 ns, Total: 10187934 ns
[2025-03-05T19:23:48.916+0000][9.080s][debug][safepoint   ] Safepoint synchronization initiated using futex wait barrier. (20 threads)
[2025-03-05T19:23:48.916+0000][9.080s][info ][safepoint   ] Safepoint "ICBufferFull", Time since last: 383279982 ns, Reaching safepoint: 246549 ns, Cleanup: 84398 ns, At safepoint: 1653 ns, Total: 332600 ns
[2025-03-05T19:23:48.949+0000][9.113s][debug][safepoint   ] ... found polling page loop exception at pc = 0x00007fb8d5355f6c, stub =0x00007fb8d4b10400
[2025-03-05T19:23:49.107+0000][9.271s][debug][safepoint   ] Safepoint synchronization initiated using futex wait barrier. (20 threads)
[2025-03-05T19:23:49.108+0000][9.272s][info ][gc,start    ] GC(30) Pause Young (Concurrent Start) (G1 Evacuation Pause)
[2025-03-05T19:23:49.108+0000][9.272s][info ][gc,task     ] GC(30) Using 8 workers of 8 for evacuation
[2025-03-05T19:23:49.111+0000][9.275s][info ][gc,phases   ] GC(30)   Pre Evacuate Collection Set: 0.1ms
[2025-03-05T19:23:49.111+0000][9.275s][info ][gc,phases   ] GC(30)   Merge Heap Roots: 0.1ms
[2025-03-05T19:23:49.111+0000][9.276s][info ][gc,phases   ] GC(30)   Evacuate Collection Set: 2.0ms
[2025-03-05T19:23:49.112+0000][9.276s][info ][gc,phases   ] GC(30)   Post Evacuate Collection Set: 0.7ms
[2025-03-05T19:23:49.112+0000][9.276s][info ][gc,phases   ] GC(30)   Other: 0.5ms
[2025-03-05T19:23:49.112+0000][9.276s][info ][gc,heap     ] GC(30) Eden regions: 106->0(104)
[2025-03-05T19:23:49.112+0000][9.276s][info ][gc,heap     ] GC(30) Survivor regions: 1->3(14)
[2025-03-05T19:23:49.112+0000][9.277s][info ][gc,heap     ] GC(30) Old regions: 33->33
[2025-03-05T19:23:49.113+0000][9.277s][info ][gc,heap     ] GC(30) Archive regions: 2->2
[2025-03-05T19:23:49.113+0000][9.277s][info ][gc,heap     ] GC(30) Humongous regions: 0->0
[2025-03-05T19:23:49.113+0000][9.277s][info ][gc,metaspace] GC(30) Metaspace: 67810K(68352K)->67810K(68352K) NonClass: 59093K(59392K)->59093K(59392K) Class: 8717K(8960K)->8717K(8960K)
[2025-03-05T19:23:49.114+0000][9.278s][info ][gc          ] GC(30) Pause Young (Concurrent Start) (G1 Evacuation Pause) 279M->70M(358M) 6.002ms
[2025-03-05T19:23:49.114+0000][9.278s][info ][gc,cpu      ] GC(30) User=0.03s Sys=0.00s Real=0.01s
[2025-03-05T19:23:49.114+0000][9.278s][info ][gc          ] GC(31) Concurrent Mark Cycle
[2025-03-05T19:23:49.114+0000][9.278s][info ][safepoint   ] Safepoint "G1CollectForAllocation", Time since last: 191250444 ns, Reaching safepoint: 186081 ns, Cleanup: 88585 ns, At safepoint: 6577939 ns, Total: 6852605 ns
[2025-03-05T19:23:49.115+0000][9.279s][info ][gc,marking  ] GC(31) Concurrent Clear Claimed Marks
[2025-03-05T19:23:49.115+0000][9.279s][info ][gc,marking  ] GC(31) Concurrent Clear Claimed Marks 0.430ms
[2025-03-05T19:23:49.115+0000][9.279s][info ][gc,marking  ] GC(31) Concurrent Scan Root Regions
[2025-03-05T19:23:49.117+0000][9.281s][info ][gc,marking  ] GC(31) Concurrent Scan Root Regions 1.537ms
[2025-03-05T19:23:49.117+0000][9.281s][info ][gc,marking  ] GC(31) Concurrent Mark
[2025-03-05T19:23:49.117+0000][9.281s][info ][gc,marking  ] GC(31) Concurrent Mark From Roots
[2025-03-05T19:23:49.118+0000][9.282s][info ][gc,task     ] GC(31) Using 2 workers of 2 for marking
[2025-03-05T19:23:49.153+0000][9.317s][info ][gc,marking  ] GC(31) Concurrent Mark From Roots 35.861ms
[2025-03-05T19:23:49.153+0000][9.318s][info ][gc,marking  ] GC(31) Concurrent Preclean
[2025-03-05T19:23:49.154+0000][9.318s][info ][gc,marking  ] GC(31) Concurrent Preclean 0.348ms
[2025-03-05T19:23:49.154+0000][9.318s][debug][safepoint   ] Safepoint synchronization initiated using futex wait barrier. (20 threads)
[2025-03-05T19:23:49.154+0000][9.318s][info ][gc,start    ] GC(31) Pause Remark
[2025-03-05T19:23:49.157+0000][9.321s][info ][gc          ] GC(31) Pause Remark 84M->84M(300M) 2.453ms
[2025-03-05T19:23:49.157+0000][9.321s][info ][gc,cpu      ] GC(31) User=0.01s Sys=0.00s Real=0.00s
[2025-03-05T19:23:49.157+0000][9.321s][info ][safepoint   ] Safepoint "G1PauseRemark", Time since last: 39737849 ns, Reaching safepoint: 215596 ns, Cleanup: 28530 ns, At safepoint: 2997215 ns, Total: 3241341 ns
[2025-03-05T19:23:49.158+0000][9.322s][info ][gc,marking  ] GC(31) Concurrent Mark 40.374ms
[2025-03-05T19:23:49.158+0000][9.322s][info ][gc,marking  ] GC(31) Concurrent Rebuild Remembered Sets
[2025-03-05T19:23:49.177+0000][9.341s][info ][gc,marking  ] GC(31) Concurrent Rebuild Remembered Sets 19.557ms
[2025-03-05T19:23:49.178+0000][9.342s][debug][safepoint   ] Safepoint synchronization initiated using futex wait barrier. (20 threads)
[2025-03-05T19:23:49.178+0000][9.342s][info ][gc,start    ] GC(31) Pause Cleanup
[2025-03-05T19:23:49.179+0000][9.343s][info ][gc          ] GC(31) Pause Cleanup 92M->92M(300M) 0.495ms
[2025-03-05T19:23:49.179+0000][9.343s][info ][gc,cpu      ] GC(31) User=0.00s Sys=0.00s Real=0.00s
[2025-03-05T19:23:49.179+0000][9.344s][info ][safepoint   ] Safepoint "G1PauseCleanup", Time since last: 20744129 ns, Reaching safepoint: 379787 ns, Cleanup: 12761 ns, At safepoint: 1083234 ns, Total: 1475782 ns
[2025-03-05T19:23:49.180+0000][9.344s][info ][gc,marking  ] GC(31) Concurrent Cleanup for Next Mark
[2025-03-05T19:23:49.181+0000][9.345s][info ][gc,marking  ] GC(31) Concurrent Cleanup for Next Mark 1.189ms
[2025-03-05T19:23:49.181+0000][9.345s][info ][gc          ] GC(31) Concurrent Mark Cycle 66.970ms
[2025-03-05T19:23:49.433+0000][9.597s][debug][safepoint   ] Safepoint synchronization initiated using futex wait barrier. (20 threads)
[2025-03-05T19:23:49.433+0000][9.597s][info ][safepoint   ] Safepoint "ICBufferFull", Time since last: 253606833 ns, Reaching safepoint: 153546 ns, Cleanup: 82994 ns, At safepoint: 31216 ns, Total: 267756 ns
[2025-03-05T19:23:49.510+0000][9.674s][debug][safepoint   ] Safepoint synchronization initiated using futex wait barrier. (20 threads)
[2025-03-05T19:23:49.511+0000][9.675s][info ][safepoint   ] Safepoint "ICBufferFull", Time since last: 77044255 ns, Reaching safepoint: 219115 ns, Cleanup: 81501 ns, At safepoint: 24683 ns, Total: 325299 ns
[2025-03-05T19:23:49.734+0000][9.898s][debug][safepoint   ] Safepoint synchronization initiated using futex wait barrier. (20 threads)
[2025-03-05T19:23:49.734+0000][9.898s][info ][gc,start    ] GC(32) Pause Young (Prepare Mixed) (G1 Evacuation Pause)
[2025-03-05T19:23:49.735+0000][9.899s][info ][gc,task     ] GC(32) Using 7 workers of 8 for evacuation
[2025-03-05T19:23:49.739+0000][9.903s][info ][gc,phases   ] GC(32)   Pre Evacuate Collection Set: 0.1ms
[2025-03-05T19:23:49.739+0000][9.903s][info ][gc,phases   ] GC(32)   Merge Heap Roots: 0.1ms
[2025-03-05T19:23:49.739+0000][9.904s][info ][gc,phases   ] GC(32)   Evacuate Collection Set: 2.6ms
[2025-03-05T19:23:49.740+0000][9.904s][info ][gc,phases   ] GC(32)   Post Evacuate Collection Set: 0.7ms
[2025-03-05T19:23:49.740+0000][9.904s][info ][gc,phases   ] GC(32)   Other: 1.0ms
[2025-03-05T19:23:49.741+0000][9.905s][info ][gc,heap     ] GC(32) Eden regions: 104->0(3)
[2025-03-05T19:23:49.741+0000][9.905s][info ][gc,heap     ] GC(32) Survivor regions: 3->4(14)
[2025-03-05T19:23:49.742+0000][9.906s][info ][gc,heap     ] GC(32) Old regions: 33->33
[2025-03-05T19:23:49.742+0000][9.906s][info ][gc,heap     ] GC(32) Archive regions: 2->2
[2025-03-05T19:23:49.743+0000][9.907s][info ][gc,heap     ] GC(32) Humongous regions: 0->0
[2025-03-05T19:23:49.743+0000][9.907s][info ][gc,metaspace] GC(32) Metaspace: 75370K(75840K)->75370K(75840K) NonClass: 65605K(65856K)->65605K(65856K) Class: 9764K(9984K)->9764K(9984K)
[2025-03-05T19:23:49.744+0000][9.908s][info ][gc          ] GC(32) Pause Young (Prepare Mixed) (G1 Evacuation Pause) 278M->73M(300M) 9.460ms
[2025-03-05T19:23:49.744+0000][9.908s][info ][gc,cpu      ] GC(32) User=0.02s Sys=0.00s Real=0.01s
[2025-03-05T19:23:49.745+0000][9.909s][info ][safepoint   ] Safepoint "G1CollectForAllocation", Time since last: 222883760 ns, Reaching safepoint: 615705 ns, Cleanup: 45431 ns, At safepoint: 10284457 ns, Total: 10945593 ns
[2025-03-05T19:23:49.759+0000][9.923s][debug][safepoint   ] Safepoint synchronization initiated using futex wait barrier. (20 threads)
[2025-03-05T19:23:49.760+0000][9.924s][info ][gc,start    ] GC(33) Pause Young (Mixed) (G1 Evacuation Pause)
[2025-03-05T19:23:49.760+0000][9.924s][info ][gc,task     ] GC(33) Using 7 workers of 8 for evacuation
[2025-03-05T19:23:49.763+0000][9.927s][info ][gc,phases   ] GC(33)   Pre Evacuate Collection Set: 0.1ms
[2025-03-05T19:23:49.764+0000][9.928s][info ][gc,phases   ] GC(33)   Merge Heap Roots: 0.1ms
[2025-03-05T19:23:49.764+0000][9.928s][info ][gc,phases   ] GC(33)   Evacuate Collection Set: 2.2ms
[2025-03-05T19:23:49.764+0000][9.928s][info ][gc,phases   ] GC(33)   Post Evacuate Collection Set: 0.6ms
[2025-03-05T19:23:49.765+0000][9.929s][info ][gc,phases   ] GC(33)   Other: 0.5ms
[2025-03-05T19:23:49.765+0000][9.929s][info ][gc,heap     ] GC(33) Eden regions: 3->0(89)
[2025-03-05T19:23:49.765+0000][9.929s][info ][gc,heap     ] GC(33) Survivor regions: 4->1(1)
[2025-03-05T19:23:49.766+0000][9.930s][info ][gc,heap     ] GC(33) Old regions: 33->36
[2025-03-05T19:23:49.766+0000][9.930s][info ][gc,heap     ] GC(33) Archive regions: 2->2
[2025-03-05T19:23:49.766+0000][9.930s][info ][gc,heap     ] GC(33) Humongous regions: 0->0
[2025-03-05T19:23:49.767+0000][9.931s][info ][gc,metaspace] GC(33) Metaspace: 75595K(76096K)->75595K(76096K) NonClass: 65805K(66048K)->65805K(66048K) Class: 9789K(10048K)->9789K(10048K)
[2025-03-05T19:23:49.767+0000][9.931s][info ][gc          ] GC(33) Pause Young (Mixed) (G1 Evacuation Pause) 79M->74M(300M) 7.190ms
[2025-03-05T19:23:49.768+0000][9.932s][info ][gc,cpu      ] GC(33) User=0.01s Sys=0.00s Real=0.00s
[2025-03-05T19:23:49.768+0000][9.932s][info ][safepoint   ] Safepoint "G1CollectForAllocation", Time since last: 14917548 ns, Reaching safepoint: 524034 ns, Cleanup: 3593 ns, At safepoint: 8078287 ns, Total: 8605914 ns
[2025-03-05T19:23:50.067+0000][10.231s][debug][safepoint   ] Safepoint synchronization initiated using futex wait barrier. (20 threads)
[2025-03-05T19:23:50.068+0000][10.232s][info ][safepoint   ] Safepoint "ICBufferFull", Time since last: 299005996 ns, Reaching safepoint: 586530 ns, Cleanup: 77731 ns, At safepoint: 1803 ns, Total: 666064 ns
[2025-03-05T19:23:50.117+0000][10.281s][debug][safepoint   ] Safepoint synchronization initiated using futex wait barrier. (20 threads)
[2025-03-05T19:23:50.118+0000][10.282s][info ][safepoint   ] Safepoint "ICBufferFull", Time since last: 49642700 ns, Reaching safepoint: 775194 ns, Cleanup: 75025 ns, At safepoint: 26794 ns, Total: 877013 ns
[2025-03-05T19:23:50.154+0000][10.318s][debug][safepoint   ] Safepoint synchronization initiated using futex wait barrier. (20 threads)
[2025-03-05T19:23:50.154+0000][10.318s][info ][safepoint   ] Safepoint "ICBufferFull", Time since last: 35343089 ns, Reaching safepoint: 499186 ns, Cleanup: 97890 ns, At safepoint: 37000 ns, Total: 634076 ns
[2025-03-05T19:23:50.195+0000][10.359s][debug][safepoint   ] Safepoint synchronization initiated using futex wait barrier. (20 threads)
[2025-03-05T19:23:50.196+0000][10.360s][info ][safepoint   ] Safepoint "ICBufferFull", Time since last: 40624912 ns, Reaching safepoint: 894788 ns, Cleanup: 76230 ns, At safepoint: 33553 ns, Total: 1004571 ns
[2025-03-05T19:23:50.199+0000][10.363s][debug][safepoint   ] Safepoint synchronization initiated using futex wait barrier. (20 threads)
[2025-03-05T19:23:50.200+0000][10.364s][info ][gc,start    ] GC(34) Pause Young (Normal) (G1 Evacuation Pause)
[2025-03-05T19:23:50.200+0000][10.364s][info ][gc,task     ] GC(34) Using 7 workers of 8 for evacuation
[2025-03-05T19:23:50.204+0000][10.368s][info ][gc,phases   ] GC(34)   Pre Evacuate Collection Set: 0.2ms
[2025-03-05T19:23:50.205+0000][10.369s][info ][gc,phases   ] GC(34)   Merge Heap Roots: 0.3ms
[2025-03-05T19:23:50.206+0000][10.370s][info ][gc,phases   ] GC(34)   Evacuate Collection Set: 1.5ms
[2025-03-05T19:23:50.207+0000][10.371s][info ][gc,phases   ] GC(34)   Post Evacuate Collection Set: 0.8ms
[2025-03-05T19:23:50.207+0000][10.371s][info ][gc,phases   ] GC(34)   Other: 1.7ms
[2025-03-05T19:23:50.208+0000][10.372s][info ][gc,heap     ] GC(34) Eden regions: 89->0(89)
[2025-03-05T19:23:50.208+0000][10.372s][info ][gc,heap     ] GC(34) Survivor regions: 1->1(12)
[2025-03-05T19:23:50.209+0000][10.373s][info ][gc,heap     ] GC(34) Old regions: 36->36
[2025-03-05T19:23:50.209+0000][10.374s][info ][gc,heap     ] GC(34) Archive regions: 2->2
[2025-03-05T19:23:50.210+0000][10.374s][info ][gc,heap     ] GC(34) Humongous regions: 0->0
[2025-03-05T19:23:50.210+0000][10.374s][info ][gc,metaspace] GC(34) Metaspace: 79021K(79552K)->79021K(79552K) NonClass: 68653K(68928K)->68653K(68928K) Class: 10368K(10624K)->10368K(10624K)
[2025-03-05T19:23:50.211+0000][10.375s][info ][gc          ] GC(34) Pause Young (Normal) (G1 Evacuation Pause) 252M->74M(300M) 11.387ms
[2025-03-05T19:23:50.212+0000][10.376s][info ][gc,cpu      ] GC(34) User=0.01s Sys=0.01s Real=0.01s
[2025-03-05T19:23:50.212+0000][10.376s][info ][safepoint   ] Safepoint "G1CollectForAllocation", Time since last: 3095259 ns, Reaching safepoint: 737223 ns, Cleanup: 7836 ns, At safepoint: 12508654 ns, Total: 13253713 ns
[2025-03-05T19:23:50.280+0000][10.444s][debug][safepoint   ] Safepoint synchronization initiated using futex wait barrier. (20 threads)
[2025-03-05T19:23:50.281+0000][10.445s][info ][safepoint   ] Safepoint "ICBufferFull", Time since last: 67969827 ns, Reaching safepoint: 1047920 ns, Cleanup: 99354 ns, At safepoint: 12600 ns, Total: 1159874 ns
[2025-03-05T19:23:50.362+0000][10.526s][debug][safepoint   ] Safepoint synchronization initiated using futex wait barrier. (20 threads)
[2025-03-05T19:23:50.363+0000][10.527s][info ][safepoint   ] Safepoint "ICBufferFull", Time since last: 80738583 ns, Reaching safepoint: 892866 ns, Cleanup: 74432 ns, At safepoint: 2145 ns, Total: 969443 ns
[2025-03-05T19:23:50.665+0000][10.829s][debug][safepoint   ] Safepoint synchronization initiated using futex wait barrier. (20 threads)
[2025-03-05T19:23:50.666+0000][10.830s][info ][safepoint   ] Safepoint "ICBufferFull", Time since last: 301938090 ns, Reaching safepoint: 707270 ns, Cleanup: 76568 ns, At safepoint: 2099 ns, Total: 785937 ns
[2025-03-05T19:23:50.694+0000][10.858s][debug][safepoint   ] Safepoint synchronization initiated using futex wait barrier. (20 threads)
[2025-03-05T19:23:50.695+0000][10.859s][info ][gc,start    ] GC(35) Pause Young (Normal) (G1 Evacuation Pause)
[2025-03-05T19:23:50.696+0000][10.860s][info ][gc,task     ] GC(35) Using 7 workers of 8 for evacuation
[2025-03-05T19:23:50.701+0000][10.865s][info ][gc,phases   ] GC(35)   Pre Evacuate Collection Set: 0.3ms
[2025-03-05T19:23:50.701+0000][10.865s][info ][gc,phases   ] GC(35)   Merge Heap Roots: 0.2ms
[2025-03-05T19:23:50.702+0000][10.866s][info ][gc,phases   ] GC(35)   Evacuate Collection Set: 1.8ms
[2025-03-05T19:23:50.702+0000][10.866s][info ][gc,phases   ] GC(35)   Post Evacuate Collection Set: 1.0ms
[2025-03-05T19:23:50.703+0000][10.867s][info ][gc,phases   ] GC(35)   Other: 2.0ms
[2025-03-05T19:23:50.703+0000][10.867s][info ][gc,heap     ] GC(35) Eden regions: 89->0(88)
[2025-03-05T19:23:50.704+0000][10.868s][info ][gc,heap     ] GC(35) Survivor regions: 1->2(12)
[2025-03-05T19:23:50.704+0000][10.868s][info ][gc,heap     ] GC(35) Old regions: 36->36
[2025-03-05T19:23:50.705+0000][10.869s][info ][gc,heap     ] GC(35) Archive regions: 2->2
[2025-03-05T19:23:50.706+0000][10.870s][info ][gc,heap     ] GC(35) Humongous regions: 0->0
[2025-03-05T19:23:50.707+0000][10.871s][info ][gc,metaspace] GC(35) Metaspace: 82751K(83328K)->82751K(83328K) NonClass: 71858K(72192K)->71858K(72192K) Class: 10893K(11136K)->10893K(11136K)
[2025-03-05T19:23:50.707+0000][10.871s][info ][gc          ] GC(35) Pause Young (Normal) (G1 Evacuation Pause) 252M->77M(300M) 11.972ms
[2025-03-05T19:23:50.708+0000][10.872s][info ][gc,cpu      ] GC(35) User=0.01s Sys=0.00s Real=0.01s
[2025-03-05T19:23:50.708+0000][10.872s][info ][safepoint   ] Safepoint "G1CollectForAllocation", Time since last: 28313067 ns, Reaching safepoint: 1217888 ns, Cleanup: 19441 ns, At safepoint: 13132473 ns, Total: 14369802 ns
[2025-03-05T19:23:50.899+0000][11.063s][debug][safepoint   ] Safepoint synchronization initiated using futex wait barrier. (20 threads)
[2025-03-05T19:23:50.899+0000][11.063s][info ][safepoint   ] Safepoint "ICBufferFull", Time since last: 190119816 ns, Reaching safepoint: 788488 ns, Cleanup: 74349 ns, At safepoint: 2068 ns, Total: 864905 ns
[2025-03-05T19:23:50.900+0000][11.064s][debug][safepoint   ] Safepoint synchronization initiated using futex wait barrier. (20 threads)
[2025-03-05T19:23:50.901+0000][11.065s][info ][safepoint   ] Safepoint "ICBufferFull", Time since last: 955918 ns, Reaching safepoint: 580523 ns, Cleanup: 5393 ns, At safepoint: 12736 ns, Total: 598652 ns
[2025-03-05T19:23:50.976+0000][11.140s][debug][safepoint   ] Safepoint synchronization initiated using futex wait barrier. (20 threads)
[2025-03-05T19:23:50.976+0000][11.141s][info ][safepoint   ] Safepoint "ICBufferFull", Time since last: 74801590 ns, Reaching safepoint: 569502 ns, Cleanup: 108208 ns, At safepoint: 26485 ns, Total: 704195 ns
[2025-03-05T19:23:51.346+0000][11.511s][debug][safepoint   ] Safepoint synchronization initiated using futex wait barrier. (21 threads)
[2025-03-05T19:23:51.347+0000][11.511s][info ][gc,start    ] GC(36) Pause Young (Normal) (G1 Evacuation Pause)
[2025-03-05T19:23:51.348+0000][11.512s][info ][gc,task     ] GC(36) Using 7 workers of 8 for evacuation
[2025-03-05T19:23:51.353+0000][11.517s][info ][gc,phases   ] GC(36)   Pre Evacuate Collection Set: 0.1ms
[2025-03-05T19:23:51.353+0000][11.517s][info ][gc,phases   ] GC(36)   Merge Heap Roots: 0.1ms
[2025-03-05T19:23:51.353+0000][11.518s][info ][gc,phases   ] GC(36)   Evacuate Collection Set: 3.5ms
[2025-03-05T19:23:51.354+0000][11.518s][info ][gc,phases   ] GC(36)   Post Evacuate Collection Set: 0.9ms
[2025-03-05T19:23:51.354+0000][11.518s][info ][gc,phases   ] GC(36)   Other: 0.7ms
[2025-03-05T19:23:51.354+0000][11.519s][info ][gc,heap     ] GC(36) Eden regions: 88->0(85)
[2025-03-05T19:23:51.355+0000][11.519s][info ][gc,heap     ] GC(36) Survivor regions: 2->5(12)
[2025-03-05T19:23:51.355+0000][11.519s][info ][gc,heap     ] GC(36) Old regions: 36->36
[2025-03-05T19:23:51.355+0000][11.520s][info ][gc,heap     ] GC(36) Archive regions: 2->2
[2025-03-05T19:23:51.356+0000][11.520s][info ][gc,heap     ] GC(36) Humongous regions: 0->0
[2025-03-05T19:23:51.356+0000][11.520s][info ][gc,metaspace] GC(36) Metaspace: 85918K(86528K)->85918K(86528K) NonClass: 74817K(75136K)->74817K(75136K) Class: 11101K(11392K)->11101K(11392K)
[2025-03-05T19:23:51.357+0000][11.521s][info ][gc          ] GC(36) Pause Young (Normal) (G1 Evacuation Pause) 253M->81M(300M) 9.406ms
[2025-03-05T19:23:51.357+0000][11.521s][info ][gc,cpu      ] GC(36) User=0.04s Sys=0.00s Real=0.01s
[2025-03-05T19:23:51.357+0000][11.521s][info ][safepoint   ] Safepoint "G1CollectForAllocation", Time since last: 370023376 ns, Reaching safepoint: 635929 ns, Cleanup: 82396 ns, At safepoint: 10163824 ns, Total: 10882149 ns
[2025-03-05T19:23:51.848+0000][12.012s][debug][safepoint   ] Safepoint synchronization initiated using futex wait barrier. (25 threads)
[2025-03-05T19:23:51.849+0000][12.013s][info ][safepoint   ] Safepoint "ICBufferFull", Time since last: 490820914 ns, Reaching safepoint: 689978 ns, Cleanup: 88250 ns, At safepoint: 22376 ns, Total: 800604 ns
[2025-03-05T19:23:52.007+0000][12.171s][debug][safepoint   ] Safepoint synchronization initiated using futex wait barrier. (25 threads)
[2025-03-05T19:23:52.008+0000][12.172s][info ][gc,start    ] GC(37) Pause Young (Normal) (G1 Evacuation Pause)
[2025-03-05T19:23:52.008+0000][12.172s][info ][gc,task     ] GC(37) Using 8 workers of 8 for evacuation
[2025-03-05T19:23:52.016+0000][12.180s][info ][gc,phases   ] GC(37)   Pre Evacuate Collection Set: 0.3ms
[2025-03-05T19:23:52.016+0000][12.180s][info ][gc,phases   ] GC(37)   Merge Heap Roots: 0.1ms
[2025-03-05T19:23:52.017+0000][12.181s][info ][gc,phases   ] GC(37)   Evacuate Collection Set: 5.1ms
[2025-03-05T19:23:52.018+0000][12.182s][info ][gc,phases   ] GC(37)   Post Evacuate Collection Set: 1.3ms
[2025-03-05T19:23:52.018+0000][12.182s][info ][gc,phases   ] GC(37)   Other: 1.1ms
[2025-03-05T19:23:52.019+0000][12.183s][info ][gc,heap     ] GC(37) Eden regions: 85->0(83)
[2025-03-05T19:23:52.019+0000][12.183s][info ][gc,heap     ] GC(37) Survivor regions: 5->7(12)
[2025-03-05T19:23:52.020+0000][12.184s][info ][gc,heap     ] GC(37) Old regions: 36->36
[2025-03-05T19:23:52.020+0000][12.184s][info ][gc,heap     ] GC(37) Archive regions: 2->2
[2025-03-05T19:23:52.021+0000][12.185s][info ][gc,heap     ] GC(37) Humongous regions: 0->0
[2025-03-05T19:23:52.021+0000][12.185s][info ][gc,metaspace] GC(37) Metaspace: 89063K(89600K)->89063K(89600K) NonClass: 77660K(77952K)->77660K(77952K) Class: 11402K(11648K)->11402K(11648K)
[2025-03-05T19:23:52.021+0000][12.185s][info ][gc          ] GC(37) Pause Young (Normal) (G1 Evacuation Pause) 251M->85M(300M) 13.771ms
[2025-03-05T19:23:52.022+0000][12.186s][info ][gc,cpu      ] GC(37) User=0.07s Sys=0.00s Real=0.02s
[2025-03-05T19:23:52.022+0000][12.186s][info ][safepoint   ] Safepoint "G1CollectForAllocation", Time since last: 157991046 ns, Reaching safepoint: 546044 ns, Cleanup: 62849 ns, At safepoint: 14646957 ns, Total: 15255850 ns
[2025-03-05T19:23:52.509+0000][12.673s][debug][safepoint   ] Safepoint synchronization initiated using futex wait barrier. (25 threads)
[2025-03-05T19:23:52.510+0000][12.674s][info ][safepoint   ] Safepoint "ICBufferFull", Time since last: 486894617 ns, Reaching safepoint: 412368 ns, Cleanup: 115741 ns, At safepoint: 1786 ns, Total: 529895 ns
[2025-03-05T19:23:52.560+0000][12.724s][debug][safepoint   ] Safepoint synchronization initiated using futex wait barrier. (25 threads)
[2025-03-05T19:23:52.561+0000][12.725s][info ][safepoint   ] Safepoint "ICBufferFull", Time since last: 50155407 ns, Reaching safepoint: 629600 ns, Cleanup: 77858 ns, At safepoint: 17394 ns, Total: 724852 ns
[2025-03-05T19:23:52.653+0000][12.817s][debug][safepoint   ] Safepoint synchronization initiated using futex wait barrier. (25 threads)
[2025-03-05T19:23:52.653+0000][12.817s][info ][gc,start    ] GC(38) Pause Young (Normal) (G1 Evacuation Pause)
[2025-03-05T19:23:52.653+0000][12.817s][info ][gc,task     ] GC(38) Using 8 workers of 8 for evacuation
[2025-03-05T19:23:52.662+0000][12.826s][info ][gc,phases   ] GC(38)   Pre Evacuate Collection Set: 0.2ms
[2025-03-05T19:23:52.663+0000][12.827s][info ][gc,phases   ] GC(38)   Merge Heap Roots: 0.1ms
[2025-03-05T19:23:52.663+0000][12.827s][info ][gc,phases   ] GC(38)   Evacuate Collection Set: 7.5ms
[2025-03-05T19:23:52.663+0000][12.827s][info ][gc,phases   ] GC(38)   Post Evacuate Collection Set: 1.0ms
[2025-03-05T19:23:52.663+0000][12.827s][info ][gc,phases   ] GC(38)   Other: 0.6ms
[2025-03-05T19:23:52.664+0000][12.828s][info ][gc,heap     ] GC(38) Eden regions: 83->0(80)
[2025-03-05T19:23:52.664+0000][12.828s][info ][gc,heap     ] GC(38) Survivor regions: 7->8(12)
[2025-03-05T19:23:52.664+0000][12.829s][info ][gc,heap     ] GC(38) Old regions: 36->37
[2025-03-05T19:23:52.665+0000][12.829s][info ][gc,heap     ] GC(38) Archive regions: 2->2
[2025-03-05T19:23:52.665+0000][12.829s][info ][gc,heap     ] GC(38) Humongous regions: 0->0
[2025-03-05T19:23:52.666+0000][12.830s][info ][gc,metaspace] GC(38) Metaspace: 94544K(95104K)->94544K(95104K) NonClass: 82252K(82560K)->82252K(82560K) Class: 12291K(12544K)->12291K(12544K)
[2025-03-05T19:23:52.666+0000][12.830s][info ][gc          ] GC(38) Pause Young (Normal) (G1 Evacuation Pause) 251M->89M(300M) 12.846ms
[2025-03-05T19:23:52.666+0000][12.830s][info ][gc,cpu      ] GC(38) User=0.05s Sys=0.00s Real=0.01s
[2025-03-05T19:23:52.667+0000][12.831s][info ][safepoint   ] Safepoint "G1CollectForAllocation", Time since last: 92181325 ns, Reaching safepoint: 347005 ns, Cleanup: 25582 ns, At safepoint: 13628020 ns, Total: 14000607 ns
[2025-03-05T19:23:53.035+0000][13.199s][debug][safepoint   ] Safepoint synchronization initiated using futex wait barrier. (25 threads)
[2025-03-05T19:23:53.035+0000][13.199s][info ][gc,start    ] GC(39) Pause Young (Normal) (G1 Evacuation Pause)
[2025-03-05T19:23:53.036+0000][13.200s][info ][gc,task     ] GC(39) Using 8 workers of 8 for evacuation
[2025-03-05T19:23:53.044+0000][13.208s][info ][gc,phases   ] GC(39)   Pre Evacuate Collection Set: 0.1ms
[2025-03-05T19:23:53.044+0000][13.208s][info ][gc,phases   ] GC(39)   Merge Heap Roots: 0.1ms
[2025-03-05T19:23:53.044+0000][13.208s][info ][gc,phases   ] GC(39)   Evacuate Collection Set: 6.6ms
[2025-03-05T19:23:53.044+0000][13.208s][info ][gc,phases   ] GC(39)   Post Evacuate Collection Set: 0.9ms
[2025-03-05T19:23:53.045+0000][13.209s][info ][gc,phases   ] GC(39)   Other: 0.7ms
[2025-03-05T19:23:53.045+0000][13.209s][info ][gc,heap     ] GC(39) Eden regions: 80->0(81)
[2025-03-05T19:23:53.045+0000][13.209s][info ][gc,heap     ] GC(39) Survivor regions: 8->6(11)
[2025-03-05T19:23:53.046+0000][13.210s][info ][gc,heap     ] GC(39) Old regions: 37->40
[2025-03-05T19:23:53.046+0000][13.210s][info ][gc,heap     ] GC(39) Archive regions: 2->2
[2025-03-05T19:23:53.046+0000][13.210s][info ][gc,heap     ] GC(39) Humongous regions: 0->0
[2025-03-05T19:23:53.046+0000][13.210s][info ][gc,metaspace] GC(39) Metaspace: 98175K(98752K)->98175K(98752K) NonClass: 85281K(85568K)->85281K(85568K) Class: 12894K(13184K)->12894K(13184K)
[2025-03-05T19:23:53.047+0000][13.211s][info ][gc          ] GC(39) Pause Young (Normal) (G1 Evacuation Pause) 249M->92M(300M) 11.377ms
[2025-03-05T19:23:53.047+0000][13.211s][info ][gc,cpu      ] GC(39) User=0.06s Sys=0.01s Real=0.01s
[2025-03-05T19:23:53.047+0000][13.211s][info ][safepoint   ] Safepoint "G1CollectForAllocation", Time since last: 368021978 ns, Reaching safepoint: 454351 ns, Cleanup: 74858 ns, At safepoint: 12038029 ns, Total: 12567238 ns
[2025-03-05T19:23:53.475+0000][13.639s][debug][safepoint   ] Safepoint synchronization initiated using futex wait barrier. (28 threads)
[2025-03-05T19:23:53.475+0000][13.639s][info ][safepoint   ] Safepoint "ICBufferFull", Time since last: 427350781 ns, Reaching safepoint: 473489 ns, Cleanup: 89976 ns, At safepoint: 22495 ns, Total: 585960 ns
[2025-03-05T19:23:53.640+0000][13.804s][debug][safepoint   ] Safepoint synchronization initiated using futex wait barrier. (28 threads)
[2025-03-05T19:23:53.643+0000][13.807s][info ][gc,start    ] GC(40) Pause Young (Normal) (G1 Evacuation Pause)
[2025-03-05T19:23:53.644+0000][13.808s][info ][gc,task     ] GC(40) Using 8 workers of 8 for evacuation
[2025-03-05T19:23:53.652+0000][13.816s][info ][gc,phases   ] GC(40)   Pre Evacuate Collection Set: 0.1ms
[2025-03-05T19:23:53.652+0000][13.816s][info ][gc,phases   ] GC(40)   Merge Heap Roots: 0.1ms
[2025-03-05T19:23:53.653+0000][13.817s][info ][gc,phases   ] GC(40)   Evacuate Collection Set: 5.8ms
[2025-03-05T19:23:53.653+0000][13.817s][info ][gc,phases   ] GC(40)   Post Evacuate Collection Set: 1.7ms
[2025-03-05T19:23:53.653+0000][13.818s][info ][gc,phases   ] GC(40)   Other: 1.0ms
[2025-03-05T19:23:53.654+0000][13.818s][info ][gc,heap     ] GC(40) Eden regions: 81->0(79)
[2025-03-05T19:23:53.654+0000][13.818s][info ][gc,heap     ] GC(40) Survivor regions: 6->7(11)
[2025-03-05T19:23:53.655+0000][13.819s][info ][gc,heap     ] GC(40) Old regions: 40->40
[2025-03-05T19:23:53.655+0000][13.819s][info ][gc,heap     ] GC(40) Archive regions: 2->2
[2025-03-05T19:23:53.655+0000][13.819s][info ][gc,heap     ] GC(40) Humongous regions: 0->0
[2025-03-05T19:23:53.656+0000][13.820s][info ][gc,metaspace] GC(40) Metaspace: 103353K(103936K)->103353K(103936K) NonClass: 89752K(90048K)->89752K(90048K) Class: 13601K(13888K)->13601K(13888K)
[2025-03-05T19:23:53.656+0000][13.820s][info ][gc          ] GC(40) Pause Young (Normal) (G1 Evacuation Pause) 254M->94M(300M) 12.619ms
[2025-03-05T19:23:53.656+0000][13.820s][info ][gc,cpu      ] GC(40) User=0.06s Sys=0.00s Real=0.01s
[2025-03-05T19:23:53.657+0000][13.821s][info ][safepoint   ] Safepoint "G1CollectForAllocation", Time since last: 164257107 ns, Reaching safepoint: 3674835 ns, Cleanup: 51645 ns, At safepoint: 13269261 ns, Total: 16995741 ns
[2025-03-05T19:23:54.228+0000][14.394s][debug][safepoint   ] Safepoint synchronization initiated using futex wait barrier. (31 threads)
[2025-03-05T19:23:54.228+0000][14.394s][info ][gc,start    ] GC(41) Pause Young (Normal) (G1 Evacuation Pause)
[2025-03-05T19:23:54.229+0000][14.394s][info ][gc,task     ] GC(41) Using 8 workers of 8 for evacuation
[2025-03-05T19:23:54.237+0000][14.402s][info ][gc,phases   ] GC(41)   Pre Evacuate Collection Set: 0.1ms
[2025-03-05T19:23:54.237+0000][14.403s][info ][gc,phases   ] GC(41)   Merge Heap Roots: 0.1ms
[2025-03-05T19:23:54.237+0000][14.403s][info ][gc,phases   ] GC(41)   Evacuate Collection Set: 6.6ms
[2025-03-05T19:23:54.237+0000][14.403s][info ][gc,phases   ] GC(41)   Post Evacuate Collection Set: 0.9ms
[2025-03-05T19:23:54.238+0000][14.404s][info ][gc,phases   ] GC(41)   Other: 0.5ms
[2025-03-05T19:23:54.238+0000][14.404s][info ][gc,heap     ] GC(41) Eden regions: 79->0(77)
[2025-03-05T19:23:54.238+0000][14.404s][info ][gc,heap     ] GC(41) Survivor regions: 7->7(11)
[2025-03-05T19:23:54.239+0000][14.404s][info ][gc,heap     ] GC(41) Old regions: 40->42
[2025-03-05T19:23:54.239+0000][14.405s][info ][gc,heap     ] GC(41) Archive regions: 2->2
[2025-03-05T19:23:54.239+0000][14.405s][info ][gc,heap     ] GC(41) Humongous regions: 0->0
[2025-03-05T19:23:54.240+0000][14.405s][info ][gc,metaspace] GC(41) Metaspace: 106834K(107520K)->106834K(107520K) NonClass: 92884K(93248K)->92884K(93248K) Class: 13949K(14272K)->13949K(14272K)
[2025-03-05T19:23:54.240+0000][14.406s][info ][gc          ] GC(41) Pause Young (Normal) (G1 Evacuation Pause) 252M->98M(300M) 11.674ms
[2025-03-05T19:23:54.240+0000][14.406s][info ][gc,cpu      ] GC(41) User=0.04s Sys=0.00s Real=0.01s
[2025-03-05T19:23:54.241+0000][14.406s][info ][safepoint   ] Safepoint "G1CollectForAllocation", Time since last: 573141173 ns, Reaching safepoint: 347366 ns, Cleanup: 81618 ns, At safepoint: 12265584 ns, Total: 12694568 ns
[2025-03-05T19:23:54.685+0000][14.851s][debug][safepoint   ] Safepoint synchronization initiated using futex wait barrier. (36 threads)
[2025-03-05T19:23:54.686+0000][14.852s][info ][safepoint   ] Safepoint "ICBufferFull", Time since last: 444769312 ns, Reaching safepoint: 388394 ns, Cleanup: 100903 ns, At safepoint: 16803 ns, Total: 506100 ns
[2025-03-05T19:23:54.727+0000][14.893s][debug][safepoint   ] ... found polling page loop exception at pc = 0x00007fb8d555ea27, stub =0x00007fb8d4b10400
[2025-03-05T19:23:54.784+0000][14.950s][debug][safepoint   ] Safepoint synchronization initiated using futex wait barrier. (37 threads)
[2025-03-05T19:23:54.784+0000][14.950s][info ][gc,start    ] GC(42) Pause Young (Normal) (G1 Evacuation Pause)
[2025-03-05T19:23:54.785+0000][14.950s][info ][gc,task     ] GC(42) Using 8 workers of 8 for evacuation
[2025-03-05T19:23:54.794+0000][14.960s][info ][gc,phases   ] GC(42)   Pre Evacuate Collection Set: 0.2ms
[2025-03-05T19:23:54.794+0000][14.960s][info ][gc,phases   ] GC(42)   Merge Heap Roots: 0.1ms
[2025-03-05T19:23:54.795+0000][14.961s][info ][gc,phases   ] GC(42)   Evacuate Collection Set: 6.8ms
[2025-03-05T19:23:54.795+0000][14.961s][info ][gc,phases   ] GC(42)   Post Evacuate Collection Set: 2.1ms
[2025-03-05T19:23:54.796+0000][14.962s][info ][gc,phases   ] GC(42)   Other: 0.5ms
[2025-03-05T19:23:54.796+0000][14.962s][info ][gc,heap     ] GC(42) Eden regions: 77->0(76)
[2025-03-05T19:23:54.796+0000][14.962s][info ][gc,heap     ] GC(42) Survivor regions: 7->7(11)
[2025-03-05T19:23:54.796+0000][14.962s][info ][gc,heap     ] GC(42) Old regions: 42->43
[2025-03-05T19:23:54.797+0000][14.963s][info ][gc,heap     ] GC(42) Archive regions: 2->2
[2025-03-05T19:23:54.797+0000][14.963s][info ][gc,heap     ] GC(42) Humongous regions: 0->0
[2025-03-05T19:23:54.797+0000][14.963s][info ][gc,metaspace] GC(42) Metaspace: 109771K(110400K)->109771K(110400K) NonClass: 95496K(95808K)->95496K(95808K) Class: 14274K(14592K)->14274K(14592K)
[2025-03-05T19:23:54.797+0000][14.963s][info ][gc          ] GC(42) Pause Young (Normal) (G1 Evacuation Pause) 252M->101M(300M) 12.900ms
[2025-03-05T19:23:54.797+0000][14.963s][info ][gc,cpu      ] GC(42) User=0.08s Sys=0.00s Real=0.01s
[2025-03-05T19:23:54.798+0000][14.964s][info ][safepoint   ] Safepoint "G1CollectForAllocation", Time since last: 97854507 ns, Reaching safepoint: 540013 ns, Cleanup: 55119 ns, At safepoint: 13363986 ns, Total: 13959118 ns
[2025-03-05T19:23:55.300+0000][15.466s][debug][safepoint   ] Safepoint synchronization initiated using futex wait barrier. (40 threads)
[2025-03-05T19:23:55.301+0000][15.467s][info ][safepoint   ] Safepoint "ICBufferFull", Time since last: 502526179 ns, Reaching safepoint: 402203 ns, Cleanup: 107118 ns, At safepoint: 11580 ns, Total: 520901 ns
[2025-03-05T19:23:55.500+0000][15.666s][debug][safepoint   ] Safepoint synchronization initiated using futex wait barrier. (40 threads)
[2025-03-05T19:23:55.501+0000][15.667s][info ][gc,start    ] GC(43) Pause Young (Concurrent Start) (Metadata GC Threshold)
[2025-03-05T19:23:55.502+0000][15.668s][info ][gc,task     ] GC(43) Using 8 workers of 8 for evacuation
[2025-03-05T19:23:55.510+0000][15.675s][info ][gc,phases   ] GC(43)   Pre Evacuate Collection Set: 0.2ms
[2025-03-05T19:23:55.510+0000][15.676s][info ][gc,phases   ] GC(43)   Merge Heap Roots: 0.1ms
[2025-03-05T19:23:55.510+0000][15.676s][info ][gc,phases   ] GC(43)   Evacuate Collection Set: 5.1ms
[2025-03-05T19:23:55.511+0000][15.677s][info ][gc,phases   ] GC(43)   Post Evacuate Collection Set: 1.1ms
[2025-03-05T19:23:55.511+0000][15.677s][info ][gc,phases   ] GC(43)   Other: 1.7ms
[2025-03-05T19:23:55.512+0000][15.678s][info ][gc,heap     ] GC(43) Eden regions: 67->0(72)
[2025-03-05T19:23:55.512+0000][15.678s][info ][gc,heap     ] GC(43) Survivor regions: 7->8(11)
[2025-03-05T19:23:55.513+0000][15.679s][info ][gc,heap     ] GC(43) Old regions: 43->45
[2025-03-05T19:23:55.513+0000][15.679s][info ][gc,heap     ] GC(43) Archive regions: 2->2
[2025-03-05T19:23:55.514+0000][15.680s][info ][gc,heap     ] GC(43) Humongous regions: 0->0
[2025-03-05T19:23:55.515+0000][15.680s][info ][gc,metaspace] GC(43) Metaspace: 113310K(113920K)->113310K(113920K) NonClass: 98705K(99008K)->98705K(99008K) Class: 14605K(14912K)->14605K(14912K)
[2025-03-05T19:23:55.515+0000][15.681s][info ][gc          ] GC(43) Pause Young (Concurrent Start) (Metadata GC Threshold) 234M->105M(300M) 13.808ms
[2025-03-05T19:23:55.516+0000][15.681s][info ][gc,cpu      ] GC(43) User=0.04s Sys=0.00s Real=0.01s
[2025-03-05T19:23:55.516+0000][15.682s][info ][gc          ] GC(44) Concurrent Mark Cycle
[2025-03-05T19:23:55.517+0000][15.683s][info ][gc,marking  ] GC(44) Concurrent Clear Claimed Marks
[2025-03-05T19:23:55.516+0000][15.682s][info ][safepoint   ] Safepoint "CollectForMetadataAllocation", Time since last: 199700482 ns, Reaching safepoint: 858106 ns, Cleanup: 69645 ns, At safepoint: 14996781 ns, Total: 15924532 ns
[2025-03-05T19:23:55.517+0000][15.683s][info ][gc,marking  ] GC(44) Concurrent Clear Claimed Marks 0.486ms
[2025-03-05T19:23:55.518+0000][15.684s][info ][gc,marking  ] GC(44) Concurrent Scan Root Regions
[2025-03-05T19:23:55.523+0000][15.689s][info ][gc,marking  ] GC(44) Concurrent Scan Root Regions 5.330ms
[2025-03-05T19:23:55.524+0000][15.690s][info ][gc,marking  ] GC(44) Concurrent Mark
[2025-03-05T19:23:55.524+0000][15.690s][info ][gc,marking  ] GC(44) Concurrent Mark From Roots
[2025-03-05T19:23:55.524+0000][15.690s][info ][gc,task     ] GC(44) Using 2 workers of 2 for marking
[2025-03-05T19:23:55.554+0000][15.719s][debug][safepoint   ] Safepoint synchronization initiated using futex wait barrier. (40 threads)
[2025-03-05T19:23:55.554+0000][15.720s][info ][safepoint   ] Safepoint "CollectForMetadataAllocation", Time since last: 37167808 ns, Reaching safepoint: 455078 ns, Cleanup: 27053 ns, At safepoint: 41978 ns, Total: 524109 ns
[2025-03-05T19:23:55.575+0000][15.741s][debug][safepoint   ] Safepoint synchronization initiated using futex wait barrier. (40 threads)
[2025-03-05T19:23:55.576+0000][15.742s][info ][safepoint   ] Safepoint "CollectForMetadataAllocation", Time since last: 21112087 ns, Reaching safepoint: 466710 ns, Cleanup: 4692 ns, At safepoint: 52898 ns, Total: 524300 ns
[2025-03-05T19:23:55.576+0000][15.742s][info ][gc,marking  ] GC(44) Concurrent Mark From Roots 51.869ms
[2025-03-05T19:23:55.577+0000][15.742s][info ][gc,marking  ] GC(44) Concurrent Preclean
[2025-03-05T19:23:55.577+0000][15.743s][info ][gc,marking  ] GC(44) Concurrent Preclean 0.689ms
[2025-03-05T19:23:55.578+0000][15.744s][debug][safepoint   ] Safepoint synchronization initiated using futex wait barrier. (40 threads)
[2025-03-05T19:23:55.578+0000][15.744s][info ][gc,start    ] GC(44) Pause Remark
[2025-03-05T19:23:55.583+0000][15.749s][info ][gc          ] GC(44) Pause Remark 121M->121M(300M) 4.812ms
[2025-03-05T19:23:55.584+0000][15.749s][info ][gc,cpu      ] GC(44) User=0.02s Sys=0.00s Real=0.00s
[2025-03-05T19:23:55.584+0000][15.750s][info ][safepoint   ] Safepoint "G1PauseRemark", Time since last: 2176668 ns, Reaching safepoint: 387552 ns, Cleanup: 2751 ns, At safepoint: 5956849 ns, Total: 6347152 ns
[2025-03-05T19:23:55.585+0000][15.751s][info ][gc,marking  ] GC(44) Concurrent Mark 61.017ms
[2025-03-05T19:23:55.586+0000][15.751s][info ][gc,marking  ] GC(44) Concurrent Rebuild Remembered Sets
[2025-03-05T19:23:55.615+0000][15.781s][info ][gc,marking  ] GC(44) Concurrent Rebuild Remembered Sets 29.253ms
[2025-03-05T19:23:55.616+0000][15.781s][debug][safepoint   ] Safepoint synchronization initiated using futex wait barrier. (40 threads)
[2025-03-05T19:23:55.616+0000][15.782s][info ][gc,start    ] GC(44) Pause Cleanup
[2025-03-05T19:23:55.617+0000][15.783s][info ][gc          ] GC(44) Pause Cleanup 128M->128M(300M) 0.701ms
[2025-03-05T19:23:55.617+0000][15.783s][info ][gc,cpu      ] GC(44) User=0.01s Sys=0.00s Real=0.00s
[2025-03-05T19:23:55.618+0000][15.784s][info ][safepoint   ] Safepoint "G1PauseCleanup", Time since last: 31367336 ns, Reaching safepoint: 626940 ns, Cleanup: 17055 ns, At safepoint: 1593010 ns, Total: 2237005 ns
[2025-03-05T19:23:55.618+0000][15.784s][info ][gc,marking  ] GC(44) Concurrent Cleanup for Next Mark
[2025-03-05T19:23:55.620+0000][15.785s][info ][gc,marking  ] GC(44) Concurrent Cleanup for Next Mark 1.151ms
[2025-03-05T19:23:55.620+0000][15.786s][info ][gc          ] GC(44) Concurrent Mark Cycle 103.710ms
[2025-03-05T19:23:56.075+0000][16.241s][debug][safepoint   ] Safepoint synchronization initiated using futex wait barrier. (41 threads)
[2025-03-05T19:23:56.076+0000][16.242s][info ][safepoint   ] Safepoint "ICBufferFull", Time since last: 457207352 ns, Reaching safepoint: 637931 ns, Cleanup: 116646 ns, At safepoint: 2530 ns, Total: 757107 ns
[2025-03-05T19:23:56.138+0000][16.304s][debug][safepoint   ] Safepoint synchronization initiated using futex wait barrier. (41 threads)
[2025-03-05T19:23:56.138+0000][16.304s][info ][gc,start    ] GC(45) Pause Young (Prepare Mixed) (G1 Evacuation Pause)
[2025-03-05T19:23:56.139+0000][16.305s][info ][gc,task     ] GC(45) Using 8 workers of 8 for evacuation
[2025-03-05T19:23:56.146+0000][16.312s][info ][gc,phases   ] GC(45)   Pre Evacuate Collection Set: 0.3ms
[2025-03-05T19:23:56.147+0000][16.312s][info ][gc,phases   ] GC(45)   Merge Heap Roots: 0.2ms
[2025-03-05T19:23:56.147+0000][16.313s][info ][gc,phases   ] GC(45)   Evacuate Collection Set: 4.9ms
[2025-03-05T19:23:56.148+0000][16.313s][info ][gc,phases   ] GC(45)   Post Evacuate Collection Set: 1.6ms
[2025-03-05T19:23:56.148+0000][16.314s][info ][gc,phases   ] GC(45)   Other: 1.0ms
[2025-03-05T19:23:56.148+0000][16.314s][info ][gc,heap     ] GC(45) Eden regions: 72->0(1)
[2025-03-05T19:23:56.149+0000][16.315s][info ][gc,heap     ] GC(45) Survivor regions: 8->6(10)
[2025-03-05T19:23:56.150+0000][16.315s][info ][gc,heap     ] GC(45) Old regions: 45->48
[2025-03-05T19:23:56.150+0000][16.316s][info ][gc,heap     ] GC(45) Archive regions: 2->2
[2025-03-05T19:23:56.150+0000][16.316s][info ][gc,heap     ] GC(45) Humongous regions: 0->0
[2025-03-05T19:23:56.151+0000][16.317s][info ][gc,metaspace] GC(45) Metaspace: 115360K(116032K)->115360K(116032K) NonClass: 100501K(100864K)->100501K(100864K) Class: 14859K(15168K)->14859K(15168K)
[2025-03-05T19:23:56.151+0000][16.317s][info ][gc          ] GC(45) Pause Young (Prepare Mixed) (G1 Evacuation Pause) 249M->107M(300M) 12.983ms
[2025-03-05T19:23:56.152+0000][16.318s][info ][gc,cpu      ] GC(45) User=0.04s Sys=0.00s Real=0.01s
[2025-03-05T19:23:56.152+0000][16.318s][info ][safepoint   ] Safepoint "G1CollectForAllocation", Time since last: 62118498 ns, Reaching safepoint: 567037 ns, Cleanup: 15462 ns, At safepoint: 13969711 ns, Total: 14552210 ns
[2025-03-05T19:23:56.160+0000][16.326s][debug][safepoint   ] Safepoint synchronization initiated using futex wait barrier. (41 threads)
[2025-03-05T19:23:56.161+0000][16.326s][info ][gc,start    ] GC(46) Pause Young (Mixed) (G1 Evacuation Pause)
[2025-03-05T19:23:56.161+0000][16.327s][info ][gc,task     ] GC(46) Using 8 workers of 8 for evacuation
[2025-03-05T19:23:56.167+0000][16.333s][info ][gc,phases   ] GC(46)   Pre Evacuate Collection Set: 0.3ms
[2025-03-05T19:23:56.167+0000][16.333s][info ][gc,phases   ] GC(46)   Merge Heap Roots: 0.2ms
[2025-03-05T19:23:56.168+0000][16.334s][info ][gc,phases   ] GC(46)   Evacuate Collection Set: 3.6ms
[2025-03-05T19:23:56.168+0000][16.334s][info ][gc,phases   ] GC(46)   Post Evacuate Collection Set: 1.0ms
[2025-03-05T19:23:56.169+0000][16.334s][info ][gc,phases   ] GC(46)   Other: 1.4ms
[2025-03-05T19:23:56.169+0000][16.335s][info ][gc,heap     ] GC(46) Eden regions: 1->0(74)
[2025-03-05T19:23:56.170+0000][16.336s][info ][gc,heap     ] GC(46) Survivor regions: 6->1(1)
[2025-03-05T19:23:56.170+0000][16.336s][info ][gc,heap     ] GC(46) Old regions: 48->52
[2025-03-05T19:23:56.171+0000][16.337s][info ][gc,heap     ] GC(46) Archive regions: 2->2
[2025-03-05T19:23:56.172+0000][16.337s][info ][gc,heap     ] GC(46) Humongous regions: 0->0
[2025-03-05T19:23:56.172+0000][16.338s][info ][gc,metaspace] GC(46) Metaspace: 115370K(116096K)->115370K(116096K) NonClass: 100507K(100864K)->100507K(100864K) Class: 14863K(15232K)->14863K(15232K)
[2025-03-05T19:23:56.173+0000][16.339s][info ][gc          ] GC(46) Pause Young (Mixed) (G1 Evacuation Pause) 109M->107M(300M) 12.170ms
[2025-03-05T19:23:56.173+0000][16.339s][info ][gc,cpu      ] GC(46) User=0.03s Sys=0.00s Real=0.01s
[2025-03-05T19:23:56.173+0000][16.339s][info ][safepoint   ] Safepoint "G1CollectForAllocation", Time since last: 7693041 ns, Reaching safepoint: 474597 ns, Cleanup: 8654 ns, At safepoint: 12695053 ns, Total: 13178304 ns
[2025-03-05T19:23:56.721+0000][16.887s][debug][safepoint   ] Safepoint synchronization initiated using futex wait barrier. (44 threads)
[2025-03-05T19:23:56.721+0000][16.887s][info ][gc,start    ] GC(47) Pause Young (Concurrent Start) (G1 Evacuation Pause)
[2025-03-05T19:23:56.722+0000][16.888s][info ][gc,task     ] GC(47) Using 8 workers of 8 for evacuation
[2025-03-05T19:23:56.727+0000][16.893s][info ][gc,phases   ] GC(47)   Pre Evacuate Collection Set: 0.2ms
[2025-03-05T19:23:56.728+0000][16.894s][info ][gc,phases   ] GC(47)   Merge Heap Roots: 0.1ms
[2025-03-05T19:23:56.728+0000][16.894s][info ][gc,phases   ] GC(47)   Evacuate Collection Set: 3.8ms
[2025-03-05T19:23:56.728+0000][16.894s][info ][gc,phases   ] GC(47)   Post Evacuate Collection Set: 1.2ms
[2025-03-05T19:23:56.728+0000][16.894s][info ][gc,phases   ] GC(47)   Other: 0.7ms
[2025-03-05T19:23:56.729+0000][16.894s][info ][gc,heap     ] GC(47) Eden regions: 74->0(71)
[2025-03-05T19:23:56.729+0000][16.895s][info ][gc,heap     ] GC(47) Survivor regions: 1->3(10)
[2025-03-05T19:23:56.729+0000][16.895s][info ][gc,heap     ] GC(47) Old regions: 52->52
[2025-03-05T19:23:56.729+0000][16.895s][info ][gc,heap     ] GC(47) Archive regions: 2->2
[2025-03-05T19:23:56.729+0000][16.895s][info ][gc,heap     ] GC(47) Humongous regions: 0->0
[2025-03-05T19:23:56.729+0000][16.895s][info ][gc,metaspace] GC(47) Metaspace: 119701K(120448K)->119701K(120448K) NonClass: 104314K(104704K)->104314K(104704K) Class: 15386K(15744K)->15386K(15744K)
[2025-03-05T19:23:56.730+0000][16.895s][info ][gc          ] GC(47) Pause Young (Concurrent Start) (G1 Evacuation Pause) 255M->110M(300M) 8.188ms
[2025-03-05T19:23:56.730+0000][16.895s][info ][gc,cpu      ] GC(47) User=0.05s Sys=0.00s Real=0.01s
[2025-03-05T19:23:56.730+0000][16.896s][info ][gc          ] GC(48) Concurrent Mark Cycle
[2025-03-05T19:23:56.730+0000][16.896s][info ][gc,marking  ] GC(48) Concurrent Clear Claimed Marks
[2025-03-05T19:23:56.730+0000][16.896s][info ][safepoint   ] Safepoint "G1CollectForAllocation", Time since last: 547581849 ns, Reaching safepoint: 293007 ns, Cleanup: 117524 ns, At safepoint: 8643552 ns, Total: 9054083 ns
[2025-03-05T19:23:56.730+0000][16.896s][info ][gc,marking  ] GC(48) Concurrent Clear Claimed Marks 0.272ms
[2025-03-05T19:23:56.730+0000][16.896s][info ][gc,marking  ] GC(48) Concurrent Scan Root Regions
[2025-03-05T19:23:56.733+0000][16.899s][info ][gc,marking  ] GC(48) Concurrent Scan Root Regions 2.422ms
[2025-03-05T19:23:56.733+0000][16.899s][info ][gc,marking  ] GC(48) Concurrent Mark
[2025-03-05T19:23:56.733+0000][16.899s][info ][gc,marking  ] GC(48) Concurrent Mark From Roots
[2025-03-05T19:23:56.734+0000][16.899s][info ][gc,task     ] GC(48) Using 2 workers of 2 for marking
[2025-03-05T19:23:56.817+0000][16.982s][info ][gc,marking  ] GC(48) Concurrent Mark From Roots 83.107ms
[2025-03-05T19:23:56.817+0000][16.983s][info ][gc,marking  ] GC(48) Concurrent Preclean
[2025-03-05T19:23:56.817+0000][16.983s][info ][gc,marking  ] GC(48) Concurrent Preclean 0.411ms
[2025-03-05T19:23:56.818+0000][16.984s][debug][safepoint   ] Safepoint synchronization initiated using futex wait barrier. (44 threads)
[2025-03-05T19:23:56.818+0000][16.984s][info ][gc,start    ] GC(48) Pause Remark
[2025-03-05T19:23:56.823+0000][16.989s][info ][gc          ] GC(48) Pause Remark 122M->122M(300M) 4.616ms
[2025-03-05T19:23:56.823+0000][16.989s][info ][gc,cpu      ] GC(48) User=0.02s Sys=0.00s Real=0.00s
[2025-03-05T19:23:56.823+0000][16.989s][info ][safepoint   ] Safepoint "G1PauseRemark", Time since last: 87859841 ns, Reaching safepoint: 291777 ns, Cleanup: 10411 ns, At safepoint: 5210504 ns, Total: 5512692 ns
[2025-03-05T19:23:56.824+0000][16.989s][info ][gc,marking  ] GC(48) Concurrent Mark 90.295ms
[2025-03-05T19:23:56.824+0000][16.990s][info ][gc,marking  ] GC(48) Concurrent Rebuild Remembered Sets
[2025-03-05T19:23:56.869+0000][17.035s][info ][gc,marking  ] GC(48) Concurrent Rebuild Remembered Sets 45.373ms
[2025-03-05T19:23:56.870+0000][17.036s][debug][safepoint   ] Safepoint synchronization initiated using futex wait barrier. (44 threads)
[2025-03-05T19:23:56.870+0000][17.036s][info ][gc,start    ] GC(48) Pause Cleanup
[2025-03-05T19:23:56.871+0000][17.036s][info ][gc          ] GC(48) Pause Cleanup 128M->128M(300M) 0.630ms
[2025-03-05T19:23:56.871+0000][17.037s][info ][gc,cpu      ] GC(48) User=0.01s Sys=0.00s Real=0.00s
[2025-03-05T19:23:56.871+0000][17.037s][info ][safepoint   ] Safepoint "G1PauseCleanup", Time since last: 46394424 ns, Reaching safepoint: 311182 ns, Cleanup: 3863 ns, At safepoint: 1206619 ns, Total: 1521664 ns
[2025-03-05T19:23:56.871+0000][17.037s][info ][gc,marking  ] GC(48) Concurrent Cleanup for Next Mark
[2025-03-05T19:23:56.872+0000][17.038s][info ][gc,marking  ] GC(48) Concurrent Cleanup for Next Mark 0.593ms
[2025-03-05T19:23:56.872+0000][17.038s][info ][gc          ] GC(48) Concurrent Mark Cycle 142.477ms
[2025-03-05T19:23:57.339+0000][17.504s][debug][safepoint   ] Safepoint synchronization initiated using futex wait barrier. (52 threads)
[2025-03-05T19:23:57.339+0000][17.505s][info ][gc,start    ] GC(49) Pause Young (Prepare Mixed) (G1 Evacuation Pause)
[2025-03-05T19:23:57.340+0000][17.506s][info ][gc,task     ] GC(49) Using 8 workers of 8 for evacuation
[2025-03-05T19:23:57.345+0000][17.511s][info ][gc,phases   ] GC(49)   Pre Evacuate Collection Set: 0.2ms
[2025-03-05T19:23:57.346+0000][17.512s][info ][gc,phases   ] GC(49)   Merge Heap Roots: 0.1ms
[2025-03-05T19:23:57.347+0000][17.512s][info ][gc,phases   ] GC(49)   Evacuate Collection Set: 3.8ms
[2025-03-05T19:23:57.347+0000][17.513s][info ][gc,phases   ] GC(49)   Post Evacuate Collection Set: 0.9ms
[2025-03-05T19:23:57.348+0000][17.513s][info ][gc,phases   ] GC(49)   Other: 1.0ms
[2025-03-05T19:23:57.348+0000][17.514s][info ][gc,heap     ] GC(49) Eden regions: 71->0(3)
[2025-03-05T19:23:57.349+0000][17.515s][info ][gc,heap     ] GC(49) Survivor regions: 3->4(10)
[2025-03-05T19:23:57.349+0000][17.515s][info ][gc,heap     ] GC(49) Old regions: 52->52
[2025-03-05T19:23:57.350+0000][17.515s][info ][gc,heap     ] GC(49) Archive regions: 2->2
[2025-03-05T19:23:57.350+0000][17.516s][info ][gc,heap     ] GC(49) Humongous regions: 0->0
[2025-03-05T19:23:57.351+0000][17.517s][info ][gc,metaspace] GC(49) Metaspace: 127326K(128320K)->127326K(128320K) NonClass: 111128K(111680K)->111128K(111680K) Class: 16197K(16640K)->16197K(16640K)
[2025-03-05T19:23:57.351+0000][17.517s][info ][gc          ] GC(49) Pause Young (Prepare Mixed) (G1 Evacuation Pause) 252M->113M(300M) 12.027ms
[2025-03-05T19:23:57.352+0000][17.518s][info ][gc,cpu      ] GC(49) User=0.03s Sys=0.00s Real=0.01s
[2025-03-05T19:23:57.352+0000][17.518s][info ][safepoint   ] Safepoint "G1CollectForAllocation", Time since last: 467302075 ns, Reaching safepoint: 567404 ns, Cleanup: 114640 ns, At safepoint: 13218815 ns, Total: 13900859 ns
[2025-03-05T19:23:57.371+0000][17.536s][debug][safepoint   ] Safepoint synchronization initiated using futex wait barrier. (50 threads)
[2025-03-05T19:23:57.371+0000][17.537s][info ][gc,start    ] GC(50) Pause Young (Mixed) (G1 Evacuation Pause)
[2025-03-05T19:23:57.372+0000][17.537s][info ][gc,task     ] GC(50) Using 8 workers of 8 for evacuation
[2025-03-05T19:23:57.377+0000][17.543s][info ][gc,phases   ] GC(50)   Pre Evacuate Collection Set: 0.2ms
[2025-03-05T19:23:57.377+0000][17.543s][info ][gc,phases   ] GC(50)   Merge Heap Roots: 0.1ms
[2025-03-05T19:23:57.378+0000][17.544s][info ][gc,phases   ] GC(50)   Evacuate Collection Set: 3.7ms
[2025-03-05T19:23:57.378+0000][17.544s][info ][gc,phases   ] GC(50)   Post Evacuate Collection Set: 0.8ms
[2025-03-05T19:23:57.379+0000][17.545s][info ][gc,phases   ] GC(50)   Other: 1.3ms
[2025-03-05T19:23:57.380+0000][17.546s][info ][gc,heap     ] GC(50) Eden regions: 3->0(71)
[2025-03-05T19:23:57.380+0000][17.546s][info ][gc,heap     ] GC(50) Survivor regions: 4->1(1)
[2025-03-05T19:23:57.381+0000][17.547s][info ][gc,heap     ] GC(50) Old regions: 52->55
[2025-03-05T19:23:57.381+0000][17.547s][info ][gc,heap     ] GC(50) Archive regions: 2->2
[2025-03-05T19:23:57.382+0000][17.548s][info ][gc,heap     ] GC(50) Humongous regions: 0->0
[2025-03-05T19:23:57.383+0000][17.548s][info ][gc,metaspace] GC(50) Metaspace: 127602K(128640K)->127602K(128640K) NonClass: 111384K(111936K)->111384K(111936K) Class: 16217K(16704K)->16217K(16704K)
[2025-03-05T19:23:57.383+0000][17.549s][info ][gc          ] GC(50) Pause Young (Mixed) (G1 Evacuation Pause) 119M->112M(300M) 12.162ms
[2025-03-05T19:23:57.384+0000][17.549s][info ][gc,cpu      ] GC(50) User=0.03s Sys=0.00s Real=0.01s
[2025-03-05T19:23:57.384+0000][17.550s][info ][safepoint   ] Safepoint "G1CollectForAllocation", Time since last: 18083889 ns, Reaching safepoint: 355783 ns, Cleanup: 3238 ns, At safepoint: 13367270 ns, Total: 13726291 ns
[2025-03-05T19:23:57.714+0000][17.879s][debug][safepoint   ] Safepoint synchronization initiated using futex wait barrier. (52 threads)
[2025-03-05T19:23:57.714+0000][17.880s][info ][gc,start    ] GC(51) Pause Young (Normal) (G1 Evacuation Pause)
[2025-03-05T19:23:57.715+0000][17.881s][info ][gc,task     ] GC(51) Using 8 workers of 8 for evacuation
[2025-03-05T19:23:57.719+0000][17.885s][info ][gc,phases   ] GC(51)   Pre Evacuate Collection Set: 0.1ms
[2025-03-05T19:23:57.720+0000][17.886s][info ][gc,phases   ] GC(51)   Merge Heap Roots: 0.2ms
[2025-03-05T19:23:57.720+0000][17.886s][info ][gc,phases   ] GC(51)   Evacuate Collection Set: 1.4ms
[2025-03-05T19:23:57.721+0000][17.887s][info ][gc,phases   ] GC(51)   Post Evacuate Collection Set: 1.2ms
[2025-03-05T19:23:57.722+0000][17.888s][info ][gc,phases   ] GC(51)   Other: 1.9ms
[2025-03-05T19:23:57.723+0000][17.888s][info ][gc,heap     ] GC(51) Eden regions: 71->0(72)
[2025-03-05T19:23:57.723+0000][17.889s][info ][gc,heap     ] GC(51) Survivor regions: 1->1(9)
[2025-03-05T19:23:57.724+0000][17.890s][info ][gc,heap     ] GC(51) Old regions: 55->55
[2025-03-05T19:23:57.724+0000][17.890s][info ][gc,heap     ] GC(51) Archive regions: 2->2
[2025-03-05T19:23:57.725+0000][17.890s][info ][gc,heap     ] GC(51) Humongous regions: 0->0
[2025-03-05T19:23:57.725+0000][17.891s][info ][gc,metaspace] GC(51) Metaspace: 131072K(132096K)->131072K(132096K) NonClass: 114436K(114944K)->114436K(114944K) Class: 16635K(17152K)->16635K(17152K)
[2025-03-05T19:23:57.725+0000][17.891s][info ][gc          ] GC(51) Pause Young (Normal) (G1 Evacuation Pause) 254M->113M(300M) 11.011ms
[2025-03-05T19:23:57.726+0000][17.892s][info ][gc,cpu      ] GC(51) User=0.01s Sys=0.00s Real=0.01s
[2025-03-05T19:23:57.727+0000][17.893s][info ][safepoint   ] Safepoint "G1CollectForAllocation", Time since last: 329294511 ns, Reaching safepoint: 875267 ns, Cleanup: 43704 ns, At safepoint: 12218843 ns, Total: 13137814 ns
[2025-03-05T19:23:58.164+0000][18.329s][debug][safepoint   ] Safepoint synchronization initiated using futex wait barrier. (56 threads)
[2025-03-05T19:23:58.165+0000][18.330s][info ][gc,start    ] GC(52) Pause Young (Normal) (G1 Evacuation Pause)
[2025-03-05T19:23:58.165+0000][18.331s][info ][gc,task     ] GC(52) Using 8 workers of 8 for evacuation
[2025-03-05T19:23:58.172+0000][18.338s][info ][gc,phases   ] GC(52)   Pre Evacuate Collection Set: 0.1ms
[2025-03-05T19:23:58.172+0000][18.338s][info ][gc,phases   ] GC(52)   Merge Heap Roots: 0.8ms
[2025-03-05T19:23:58.173+0000][18.339s][info ][gc,phases   ] GC(52)   Evacuate Collection Set: 5.0ms
[2025-03-05T19:23:58.173+0000][18.339s][info ][gc,phases   ] GC(52)   Post Evacuate Collection Set: 0.8ms
[2025-03-05T19:23:58.174+0000][18.340s][info ][gc,phases   ] GC(52)   Other: 0.4ms
[2025-03-05T19:23:58.174+0000][18.340s][info ][gc,heap     ] GC(52) Eden regions: 72->0(69)
[2025-03-05T19:23:58.175+0000][18.340s][info ][gc,heap     ] GC(52) Survivor regions: 1->3(10)
[2025-03-05T19:23:58.175+0000][18.341s][info ][gc,heap     ] GC(52) Old regions: 55->55
[2025-03-05T19:23:58.175+0000][18.341s][info ][gc,heap     ] GC(52) Archive regions: 2->2
[2025-03-05T19:23:58.175+0000][18.341s][info ][gc,heap     ] GC(52) Humongous regions: 0->0
[2025-03-05T19:23:58.176+0000][18.341s][info ][gc,metaspace] GC(52) Metaspace: 134349K(135360K)->134349K(135360K) NonClass: 117406K(117952K)->117406K(117952K) Class: 16943K(17408K)->16943K(17408K)
[2025-03-05T19:23:58.176+0000][18.342s][info ][gc          ] GC(52) Pause Young (Normal) (G1 Evacuation Pause) 257M->117M(300M) 11.150ms
[2025-03-05T19:23:58.177+0000][18.343s][info ][gc,cpu      ] GC(52) User=0.06s Sys=0.00s Real=0.01s
[2025-03-05T19:23:58.177+0000][18.343s][info ][safepoint   ] Safepoint "G1CollectForAllocation", Time since last: 436923800 ns, Reaching safepoint: 908342 ns, Cleanup: 86504 ns, At safepoint: 12610435 ns, Total: 13605281 ns
[2025-03-05T19:23:58.626+0000][18.792s][debug][safepoint   ] Safepoint synchronization initiated using futex wait barrier. (56 threads)
[2025-03-05T19:23:58.626+0000][18.792s][info ][gc,start    ] GC(53) Pause Young (Normal) (G1 Evacuation Pause)
[2025-03-05T19:23:58.627+0000][18.792s][info ][gc,task     ] GC(53) Using 8 workers of 8 for evacuation
[2025-03-05T19:23:58.633+0000][18.799s][info ][gc,phases   ] GC(53)   Pre Evacuate Collection Set: 0.1ms
[2025-03-05T19:23:58.633+0000][18.799s][info ][gc,phases   ] GC(53)   Merge Heap Roots: 0.1ms
[2025-03-05T19:23:58.634+0000][18.799s][info ][gc,phases   ] GC(53)   Evacuate Collection Set: 4.7ms
[2025-03-05T19:23:58.634+0000][18.800s][info ][gc,phases   ] GC(53)   Post Evacuate Collection Set: 1.0ms
[2025-03-05T19:23:58.634+0000][18.800s][info ][gc,phases   ] GC(53)   Other: 0.6ms
[2025-03-05T19:23:58.635+0000][18.800s][info ][gc,heap     ] GC(53) Eden regions: 69->0(66)
[2025-03-05T19:23:58.635+0000][18.801s][info ][gc,heap     ] GC(53) Survivor regions: 3->6(9)
[2025-03-05T19:23:58.636+0000][18.802s][info ][gc,heap     ] GC(53) Old regions: 55->55
[2025-03-05T19:23:58.636+0000][18.802s][info ][gc,heap     ] GC(53) Archive regions: 2->2
[2025-03-05T19:23:58.636+0000][18.802s][info ][gc,heap     ] GC(53) Humongous regions: 0->0
[2025-03-05T19:23:58.637+0000][18.803s][info ][gc,metaspace] GC(53) Metaspace: 136764K(137792K)->136764K(137792K) NonClass: 119716K(120256K)->119716K(120256K) Class: 17048K(17536K)->17048K(17536K)
[2025-03-05T19:23:58.637+0000][18.803s][info ][gc          ] GC(53) Pause Young (Normal) (G1 Evacuation Pause) 255M->122M(300M) 10.865ms
[2025-03-05T19:23:58.638+0000][18.804s][info ][gc,cpu      ] GC(53) User=0.06s Sys=0.00s Real=0.02s
[2025-03-05T19:23:58.638+0000][18.804s][info ][safepoint   ] Safepoint "G1CollectForAllocation", Time since last: 448670764 ns, Reaching safepoint: 285176 ns, Cleanup: 68822 ns, At safepoint: 12073224 ns, Total: 12427222 ns
[2025-03-05T19:23:59.032+0000][19.198s][debug][safepoint   ] Safepoint synchronization initiated using futex wait barrier. (57 threads)
[2025-03-05T19:23:59.033+0000][19.199s][info ][gc,start    ] GC(54) Pause Young (Normal) (G1 Evacuation Pause)
[2025-03-05T19:23:59.033+0000][19.199s][info ][gc,task     ] GC(54) Using 8 workers of 8 for evacuation
[2025-03-05T19:23:59.042+0000][19.208s][info ][gc,phases   ] GC(54)   Pre Evacuate Collection Set: 0.1ms
[2025-03-05T19:23:59.042+0000][19.208s][info ][gc,phases   ] GC(54)   Merge Heap Roots: 0.1ms
[2025-03-05T19:23:59.043+0000][19.209s][info ][gc,phases   ] GC(54)   Evacuate Collection Set: 7.0ms
[2025-03-05T19:23:59.043+0000][19.209s][info ][gc,phases   ] GC(54)   Post Evacuate Collection Set: 1.6ms
[2025-03-05T19:23:59.043+0000][19.209s][info ][gc,phases   ] GC(54)   Other: 0.5ms
[2025-03-05T19:23:59.043+0000][19.209s][info ][gc,heap     ] GC(54) Eden regions: 66->0(64)
[2025-03-05T19:23:59.044+0000][19.209s][info ][gc,heap     ] GC(54) Survivor regions: 6->5(9)
[2025-03-05T19:23:59.044+0000][19.210s][info ][gc,heap     ] GC(54) Old regions: 55->58
[2025-03-05T19:23:59.044+0000][19.210s][info ][gc,heap     ] GC(54) Archive regions: 2->2
[2025-03-05T19:23:59.044+0000][19.210s][info ][gc,heap     ] GC(54) Humongous regions: 0->0
[2025-03-05T19:23:59.044+0000][19.210s][info ][gc,metaspace] GC(54) Metaspace: 139262K(140352K)->139262K(140352K) NonClass: 122066K(122624K)->122066K(122624K) Class: 17195K(17728K)->17195K(17728K)
[2025-03-05T19:23:59.045+0000][19.210s][info ][gc          ] GC(54) Pause Young (Normal) (G1 Evacuation Pause) 254M->127M(300M) 11.764ms
[2025-03-05T19:23:59.045+0000][19.211s][info ][gc,cpu      ] GC(54) User=0.07s Sys=0.00s Real=0.01s
[2025-03-05T19:23:59.045+0000][19.211s][info ][safepoint   ] Safepoint "G1CollectForAllocation", Time since last: 394104722 ns, Reaching safepoint: 224470 ns, Cleanup: 82916 ns, At safepoint: 12213764 ns, Total: 12521150 ns
[2025-03-05T19:23:59.215+0000][19.381s][debug][safepoint   ] ... found polling page loop exception at pc = 0x00007fb8d555ea27, stub =0x00007fb8d4b10400
[2025-03-05T19:23:59.547+0000][19.713s][debug][safepoint   ] Safepoint synchronization initiated using futex wait barrier. (63 threads)
[2025-03-05T19:23:59.548+0000][19.714s][info ][gc,start    ] GC(55) Pause Young (Normal) (G1 Evacuation Pause)
[2025-03-05T19:23:59.549+0000][19.715s][info ][gc,task     ] GC(55) Using 8 workers of 8 for evacuation
[2025-03-05T19:23:59.556+0000][19.722s][info ][gc,phases   ] GC(55)   Pre Evacuate Collection Set: 0.2ms
[2025-03-05T19:23:59.557+0000][19.723s][info ][gc,phases   ] GC(55)   Merge Heap Roots: 0.1ms
[2025-03-05T19:23:59.558+0000][19.724s][info ][gc,phases   ] GC(55)   Evacuate Collection Set: 4.8ms
[2025-03-05T19:23:59.558+0000][19.724s][info ][gc,phases   ] GC(55)   Post Evacuate Collection Set: 1.4ms
[2025-03-05T19:23:59.558+0000][19.724s][info ][gc,phases   ] GC(55)   Other: 1.4ms
[2025-03-05T19:23:59.559+0000][19.725s][info ][gc,heap     ] GC(55) Eden regions: 64->0(86)
[2025-03-05T19:23:59.559+0000][19.725s][info ][gc,heap     ] GC(55) Survivor regions: 5->5(9)
[2025-03-05T19:23:59.560+0000][19.726s][info ][gc,heap     ] GC(55) Old regions: 58->61
[2025-03-05T19:23:59.560+0000][19.726s][info ][gc,heap     ] GC(55) Archive regions: 2->2
[2025-03-05T19:23:59.561+0000][19.727s][info ][gc,heap     ] GC(55) Humongous regions: 0->0
[2025-03-05T19:23:59.561+0000][19.727s][info ][gc,metaspace] GC(55) Metaspace: 143987K(145024K)->143987K(145024K) NonClass: 126288K(126848K)->126288K(126848K) Class: 17698K(18176K)->17698K(18176K)
[2025-03-05T19:23:59.562+0000][19.728s][info ][gc          ] GC(55) Pause Young (Normal) (G1 Evacuation Pause) 255M->130M(360M) 13.353ms
[2025-03-05T19:23:59.562+0000][19.728s][info ][gc,cpu      ] GC(55) User=0.04s Sys=0.00s Real=0.01s
[2025-03-05T19:23:59.563+0000][19.729s][info ][safepoint   ] Safepoint "G1CollectForAllocation", Time since last: 502535439 ns, Reaching safepoint: 813852 ns, Cleanup: 74919 ns, At safepoint: 14508204 ns, Total: 15396975 ns
[2025-03-05T19:23:59.607+0000][19.773s][info ][cds,heap    ] initialize_from_archived_subgraph jdk.internal.math.FDBigInteger 0x00007fb86f14ece8
[2025-03-05T19:24:00.186+0000][20.352s][debug][safepoint   ] Safepoint synchronization initiated using futex wait barrier. (76 threads)
[2025-03-05T19:24:00.187+0000][20.352s][info ][gc,start    ] GC(56) Pause Young (Normal) (G1 Evacuation Pause)
[2025-03-05T19:24:00.188+0000][20.353s][info ][gc,task     ] GC(56) Using 8 workers of 8 for evacuation
[2025-03-05T19:24:00.195+0000][20.360s][info ][gc,phases   ] GC(56)   Pre Evacuate Collection Set: 0.2ms
[2025-03-05T19:24:00.195+0000][20.361s][info ][gc,phases   ] GC(56)   Merge Heap Roots: 0.1ms
[2025-03-05T19:24:00.196+0000][20.361s][info ][gc,phases   ] GC(56)   Evacuate Collection Set: 4.7ms
[2025-03-05T19:24:00.196+0000][20.362s][info ][gc,phases   ] GC(56)   Post Evacuate Collection Set: 1.3ms
[2025-03-05T19:24:00.197+0000][20.363s][info ][gc,phases   ] GC(56)   Other: 1.7ms
[2025-03-05T19:24:00.197+0000][20.363s][info ][gc,heap     ] GC(56) Eden regions: 86->0(86)
[2025-03-05T19:24:00.198+0000][20.364s][info ][gc,heap     ] GC(56) Survivor regions: 5->6(12)
[2025-03-05T19:24:00.199+0000][20.365s][info ][gc,heap     ] GC(56) Old regions: 61->61
[2025-03-05T19:24:00.199+0000][20.365s][info ][gc,heap     ] GC(56) Archive regions: 2->2
[2025-03-05T19:24:00.200+0000][20.366s][info ][gc,heap     ] GC(56) Humongous regions: 0->0
[2025-03-05T19:24:00.201+0000][20.366s][info ][gc,metaspace] GC(56) Metaspace: 148252K(149312K)->148252K(149312K) NonClass: 130045K(130624K)->130045K(130624K) Class: 18206K(18688K)->18206K(18688K)
[2025-03-05T19:24:00.201+0000][20.367s][info ][gc          ] GC(56) Pause Young (Normal) (G1 Evacuation Pause) 302M->133M(360M) 14.625ms
[2025-03-05T19:24:00.202+0000][20.368s][info ][gc,cpu      ] GC(56) User=0.05s Sys=0.00s Real=0.02s
[2025-03-05T19:24:00.202+0000][20.368s][info ][safepoint   ] Safepoint "G1CollectForAllocation", Time since last: 622936459 ns, Reaching safepoint: 704727 ns, Cleanup: 82798 ns, At safepoint: 15885542 ns, Total: 16673067 ns
[2025-03-05T19:24:00.597+0000][20.763s][debug][safepoint   ] Safepoint synchronization initiated using futex wait barrier. (77 threads)
[2025-03-05T19:24:00.598+0000][20.764s][info ][gc,start    ] GC(57) Pause Young (Normal) (G1 Evacuation Pause)
[2025-03-05T19:24:00.598+0000][20.764s][info ][gc,task     ] GC(57) Using 8 workers of 8 for evacuation
[2025-03-05T19:24:00.606+0000][20.772s][info ][gc,phases   ] GC(57)   Pre Evacuate Collection Set: 0.1ms
[2025-03-05T19:24:00.607+0000][20.772s][info ][gc,phases   ] GC(57)   Merge Heap Roots: 0.1ms
[2025-03-05T19:24:00.607+0000][20.773s][info ][gc,phases   ] GC(57)   Evacuate Collection Set: 6.1ms
[2025-03-05T19:24:00.607+0000][20.773s][info ][gc,phases   ] GC(57)   Post Evacuate Collection Set: 1.1ms
[2025-03-05T19:24:00.607+0000][20.773s][info ][gc,phases   ] GC(57)   Other: 0.8ms
[2025-03-05T19:24:00.608+0000][20.774s][info ][gc,heap     ] GC(57) Eden regions: 86->0(81)
[2025-03-05T19:24:00.608+0000][20.774s][info ][gc,heap     ] GC(57) Survivor regions: 6->9(12)
[2025-03-05T19:24:00.609+0000][20.775s][info ][gc,heap     ] GC(57) Old regions: 61->61
[2025-03-05T19:24:00.609+0000][20.775s][info ][gc,heap     ] GC(57) Archive regions: 2->2
[2025-03-05T19:24:00.610+0000][20.775s][info ][gc,heap     ] GC(57) Humongous regions: 0->0
[2025-03-05T19:24:00.610+0000][20.776s][info ][gc,metaspace] GC(57) Metaspace: 150007K(151104K)->150007K(151104K) NonClass: 131568K(132160K)->131568K(132160K) Class: 18439K(18944K)->18439K(18944K)
[2025-03-05T19:24:00.610+0000][20.776s][info ][gc          ] GC(57) Pause Young (Normal) (G1 Evacuation Pause) 305M->138M(360M) 12.025ms
[2025-03-05T19:24:00.610+0000][20.776s][info ][gc,cpu      ] GC(57) User=0.06s Sys=0.00s Real=0.01s
[2025-03-05T19:24:00.611+0000][20.777s][info ][safepoint   ] Safepoint "G1CollectForAllocation", Time since last: 395003224 ns, Reaching safepoint: 428410 ns, Cleanup: 67613 ns, At safepoint: 12810433 ns, Total: 13306456 ns
[2025-03-05T19:24:01.039+0000][21.205s][debug][safepoint   ] Safepoint synchronization initiated using futex wait barrier. (77 threads)
[2025-03-05T19:24:01.048+0000][21.214s][info ][gc,start    ] GC(58) Pause Young (Normal) (G1 Evacuation Pause)
[2025-03-05T19:24:01.049+0000][21.215s][info ][gc,task     ] GC(58) Using 8 workers of 8 for evacuation
[2025-03-05T19:24:01.057+0000][21.223s][info ][gc,phases   ] GC(58)   Pre Evacuate Collection Set: 0.1ms
[2025-03-05T19:24:01.057+0000][21.223s][info ][gc,phases   ] GC(58)   Merge Heap Roots: 0.1ms
[2025-03-05T19:24:01.058+0000][21.224s][info ][gc,phases   ] GC(58)   Evacuate Collection Set: 6.6ms
[2025-03-05T19:24:01.058+0000][21.224s][info ][gc,phases   ] GC(58)   Post Evacuate Collection Set: 1.1ms
[2025-03-05T19:24:01.059+0000][21.225s][info ][gc,phases   ] GC(58)   Other: 0.9ms
[2025-03-05T19:24:01.059+0000][21.225s][info ][gc,heap     ] GC(58) Eden regions: 81->0(81)
[2025-03-05T19:24:01.059+0000][21.225s][info ][gc,heap     ] GC(58) Survivor regions: 9->8(12)
[2025-03-05T19:24:01.060+0000][21.226s][info ][gc,heap     ] GC(58) Old regions: 61->63
[2025-03-05T19:24:01.060+0000][21.226s][info ][gc,heap     ] GC(58) Archive regions: 2->2
[2025-03-05T19:24:01.060+0000][21.226s][info ][gc,heap     ] GC(58) Humongous regions: 0->0
[2025-03-05T19:24:01.061+0000][21.226s][info ][gc,metaspace] GC(58) Metaspace: 151287K(152320K)->151287K(152320K) NonClass: 132616K(133120K)->132616K(133120K) Class: 18670K(19200K)->18670K(19200K)
[2025-03-05T19:24:01.061+0000][21.227s][info ][gc          ] GC(58) Pause Young (Normal) (G1 Evacuation Pause) 300M->141M(360M) 12.759ms
[2025-03-05T19:24:01.061+0000][21.227s][info ][gc,cpu      ] GC(58) User=0.04s Sys=0.00s Real=0.01s
[2025-03-05T19:24:01.062+0000][21.227s][info ][safepoint   ] Safepoint "G1CollectForAllocation", Time since last: 427948223 ns, Reaching safepoint: 9181146 ns, Cleanup: 118486 ns, At safepoint: 13504475 ns, Total: 22804107 ns
[2025-03-05T19:24:01.456+0000][21.622s][debug][safepoint   ] Safepoint synchronization initiated using futex wait barrier. (78 threads)
[2025-03-05T19:24:01.457+0000][21.623s][info ][gc,start    ] GC(59) Pause Young (Normal) (G1 Evacuation Pause)
[2025-03-05T19:24:01.457+0000][21.623s][info ][gc,task     ] GC(59) Using 8 workers of 8 for evacuation
[2025-03-05T19:24:01.467+0000][21.633s][info ][gc,phases   ] GC(59)   Pre Evacuate Collection Set: 0.2ms
[2025-03-05T19:24:01.467+0000][21.633s][info ][gc,phases   ] GC(59)   Merge Heap Roots: 0.1ms
[2025-03-05T19:24:01.468+0000][21.634s][info ][gc,phases   ] GC(59)   Evacuate Collection Set: 7.7ms
[2025-03-05T19:24:01.468+0000][21.634s][info ][gc,phases   ] GC(59)   Post Evacuate Collection Set: 1.2ms
[2025-03-05T19:24:01.469+0000][21.635s][info ][gc,phases   ] GC(59)   Other: 1.1ms
[2025-03-05T19:24:01.469+0000][21.635s][info ][gc,heap     ] GC(59) Eden regions: 81->0(80)
[2025-03-05T19:24:01.469+0000][21.635s][info ][gc,heap     ] GC(59) Survivor regions: 8->8(12)
[2025-03-05T19:24:01.470+0000][21.636s][info ][gc,heap     ] GC(59) Old regions: 63->64
[2025-03-05T19:24:01.470+0000][21.636s][info ][gc,heap     ] GC(59) Archive regions: 2->2
[2025-03-05T19:24:01.470+0000][21.636s][info ][gc,heap     ] GC(59) Humongous regions: 0->0
[2025-03-05T19:24:01.471+0000][21.636s][info ][gc,metaspace] GC(59) Metaspace: 152612K(153664K)->152612K(153664K) NonClass: 133772K(134336K)->133772K(134336K) Class: 18839K(19328K)->18839K(19328K)
[2025-03-05T19:24:01.471+0000][21.637s][info ][gc          ] GC(59) Pause Young (Normal) (G1 Evacuation Pause) 303M->144M(360M) 14.240ms
[2025-03-05T19:24:01.471+0000][21.637s][info ][gc,cpu      ] GC(59) User=0.06s Sys=0.00s Real=0.02s
[2025-03-05T19:24:01.471+0000][21.637s][info ][safepoint   ] Safepoint "G1CollectForAllocation", Time since last: 394572776 ns, Reaching safepoint: 514945 ns, Cleanup: 35590 ns, At safepoint: 14714929 ns, Total: 15265464 ns
[2025-03-05T19:24:01.860+0000][22.026s][debug][safepoint   ] Safepoint synchronization initiated using futex wait barrier. (87 threads)
[2025-03-05T19:24:01.861+0000][22.027s][info ][gc,start    ] GC(60) Pause Young (Normal) (G1 Evacuation Pause)
[2025-03-05T19:24:01.861+0000][22.027s][info ][gc,task     ] GC(60) Using 8 workers of 8 for evacuation
[2025-03-05T19:24:01.874+0000][22.039s][info ][gc,phases   ] GC(60)   Pre Evacuate Collection Set: 0.1ms
[2025-03-05T19:24:01.874+0000][22.040s][info ][gc,phases   ] GC(60)   Merge Heap Roots: 0.2ms
[2025-03-05T19:24:01.874+0000][22.040s][info ][gc,phases   ] GC(60)   Evacuate Collection Set: 10.1ms
[2025-03-05T19:24:01.875+0000][22.041s][info ][gc,phases   ] GC(60)   Post Evacuate Collection Set: 1.6ms
[2025-03-05T19:24:01.875+0000][22.041s][info ][gc,phases   ] GC(60)   Other: 0.5ms
[2025-03-05T19:24:01.876+0000][22.041s][info ][gc,heap     ] GC(60) Eden regions: 80->0(79)
[2025-03-05T19:24:01.876+0000][22.042s][info ][gc,heap     ] GC(60) Survivor regions: 8->6(11)
[2025-03-05T19:24:01.876+0000][22.042s][info ][gc,heap     ] GC(60) Old regions: 64->68
[2025-03-05T19:24:01.877+0000][22.042s][info ][gc,heap     ] GC(60) Archive regions: 2->2
[2025-03-05T19:24:01.877+0000][22.043s][info ][gc,heap     ] GC(60) Humongous regions: 0->0
[2025-03-05T19:24:01.877+0000][22.043s][info ][gc,metaspace] GC(60) Metaspace: 154851K(156032K)->154851K(156032K) NonClass: 135632K(136256K)->135632K(136256K) Class: 19218K(19776K)->19218K(19776K)
[2025-03-05T19:24:01.878+0000][22.043s][info ][gc          ] GC(60) Pause Young (Normal) (G1 Evacuation Pause) 304M->147M(360M) 16.590ms
[2025-03-05T19:24:01.878+0000][22.044s][info ][gc,cpu      ] GC(60) User=0.10s Sys=0.00s Real=0.02s
[2025-03-05T19:24:01.878+0000][22.044s][info ][safepoint   ] Safepoint "G1CollectForAllocation", Time since last: 388955830 ns, Reaching safepoint: 479237 ns, Cleanup: 136360 ns, At safepoint: 17100479 ns, Total: 17716076 ns
[2025-03-05T19:24:02.318+0000][22.483s][debug][safepoint   ] Safepoint synchronization initiated using futex wait barrier. (129 threads)
[2025-03-05T19:24:02.318+0000][22.484s][info ][safepoint   ] Safepoint "ICBufferFull", Time since last: 429823132 ns, Reaching safepoint: 10355787 ns, Cleanup: 97309 ns, At safepoint: 46734 ns, Total: 10499830 ns
[2025-03-05T19:24:02.324+0000][22.490s][debug][safepoint   ] Safepoint synchronization initiated using futex wait barrier. (133 threads)
[2025-03-05T19:24:02.324+0000][22.490s][info ][safepoint   ] Safepoint "ICBufferFull", Time since last: 393964 ns, Reaching safepoint: 5629694 ns, Cleanup: 20767 ns, At safepoint: 52039 ns, Total: 5702500 ns
[2025-03-05T19:24:02.421+0000][22.587s][debug][safepoint   ] Safepoint synchronization initiated using futex wait barrier. (156 threads)
[2025-03-05T19:24:02.421+0000][22.587s][info ][gc,start    ] GC(61) Pause Young (Normal) (G1 Evacuation Pause)
[2025-03-05T19:24:02.422+0000][22.587s][info ][gc,task     ] GC(61) Using 8 workers of 8 for evacuation
[2025-03-05T19:24:02.431+0000][22.597s][info ][gc,phases   ] GC(61)   Pre Evacuate Collection Set: 0.1ms
[2025-03-05T19:24:02.431+0000][22.597s][info ][gc,phases   ] GC(61)   Merge Heap Roots: 0.1ms
[2025-03-05T19:24:02.431+0000][22.597s][info ][gc,phases   ] GC(61)   Evacuate Collection Set: 7.4ms
[2025-03-05T19:24:02.431+0000][22.597s][info ][gc,phases   ] GC(61)   Post Evacuate Collection Set: 1.2ms
[2025-03-05T19:24:02.432+0000][22.597s][info ][gc,phases   ] GC(61)   Other: 0.5ms
[2025-03-05T19:24:02.432+0000][22.598s][info ][gc,heap     ] GC(61) Eden regions: 79->0(76)
[2025-03-05T19:24:02.432+0000][22.598s][info ][gc,heap     ] GC(61) Survivor regions: 6->8(11)
[2025-03-05T19:24:02.432+0000][22.598s][info ][gc,heap     ] GC(61) Old regions: 68->68
[2025-03-05T19:24:02.432+0000][22.598s][info ][gc,heap     ] GC(61) Archive regions: 2->2
[2025-03-05T19:24:02.432+0000][22.598s][info ][gc,heap     ] GC(61) Humongous regions: 0->0
[2025-03-05T19:24:02.433+0000][22.598s][info ][gc,metaspace] GC(61) Metaspace: 158986K(160128K)->158986K(160128K) NonClass: 139234K(139840K)->139234K(139840K) Class: 19752K(20288K)->19752K(20288K)
[2025-03-05T19:24:02.433+0000][22.599s][info ][gc          ] GC(61) Pause Young (Normal) (G1 Evacuation Pause) 305M->151M(360M) 11.399ms
[2025-03-05T19:24:02.433+0000][22.599s][info ][gc,cpu      ] GC(61) User=0.07s Sys=0.00s Real=0.01s
[2025-03-05T19:24:02.433+0000][22.599s][info ][safepoint   ] Safepoint "G1CollectForAllocation", Time since last: 96547205 ns, Reaching safepoint: 313122 ns, Cleanup: 84816 ns, At safepoint: 11890389 ns, Total: 12288327 ns
[2025-03-05T19:24:02.717+0000][22.883s][debug][safepoint   ] Safepoint synchronization initiated using futex wait barrier. (184 threads)
[2025-03-05T19:24:02.718+0000][22.884s][info ][gc,start    ] GC(62) Pause Young (Normal) (G1 Evacuation Pause)
[2025-03-05T19:24:02.718+0000][22.884s][info ][gc,task     ] GC(62) Using 8 workers of 8 for evacuation
[2025-03-05T19:24:02.728+0000][22.893s][info ][gc,phases   ] GC(62)   Pre Evacuate Collection Set: 0.2ms
[2025-03-05T19:24:02.728+0000][22.894s][info ][gc,phases   ] GC(62)   Merge Heap Roots: 0.2ms
[2025-03-05T19:24:02.728+0000][22.894s][info ][gc,phases   ] GC(62)   Evacuate Collection Set: 7.9ms
[2025-03-05T19:24:02.728+0000][22.894s][info ][gc,phases   ] GC(62)   Post Evacuate Collection Set: 1.1ms
[2025-03-05T19:24:02.729+0000][22.894s][info ][gc,phases   ] GC(62)   Other: 0.5ms
[2025-03-05T19:24:02.729+0000][22.895s][info ][gc,heap     ] GC(62) Eden regions: 76->0(75)
[2025-03-05T19:24:02.729+0000][22.895s][info ][gc,heap     ] GC(62) Survivor regions: 8->8(11)
[2025-03-05T19:24:02.729+0000][22.895s][info ][gc,heap     ] GC(62) Old regions: 68->69
[2025-03-05T19:24:02.729+0000][22.895s][info ][gc,heap     ] GC(62) Archive regions: 2->2
[2025-03-05T19:24:02.730+0000][22.895s][info ][gc,heap     ] GC(62) Humongous regions: 0->0
[2025-03-05T19:24:02.730+0000][22.896s][info ][gc,metaspace] GC(62) Metaspace: 161200K(162432K)->161200K(162432K) NonClass: 141178K(141824K)->141178K(141824K) Class: 20022K(20608K)->20022K(20608K)
[2025-03-05T19:24:02.730+0000][22.896s][info ][gc          ] GC(62) Pause Young (Normal) (G1 Evacuation Pause) 303M->155M(360M) 12.270ms
[2025-03-05T19:24:02.730+0000][22.896s][info ][gc,cpu      ] GC(62) User=0.05s Sys=0.01s Real=0.01s
[2025-03-05T19:24:02.731+0000][22.897s][info ][safepoint   ] Safepoint "G1CollectForAllocation", Time since last: 283989475 ns, Reaching safepoint: 270665 ns, Cleanup: 110619 ns, At safepoint: 13088821 ns, Total: 13470105 ns
[2025-03-05T19:24:02.963+0000][23.129s][debug][safepoint   ] Safepoint synchronization initiated using futex wait barrier. (194 threads)
[2025-03-05T19:24:02.964+0000][23.129s][info ][safepoint   ] Safepoint "ICBufferFull", Time since last: 232410832 ns, Reaching safepoint: 333867 ns, Cleanup: 101028 ns, At safepoint: 54065 ns, Total: 488960 ns
[2025-03-05T19:24:03.081+0000][23.247s][debug][safepoint   ] Safepoint synchronization initiated using futex wait barrier. (198 threads)
[2025-03-05T19:24:03.082+0000][23.248s][info ][safepoint   ] Safepoint "ICBufferFull", Time since last: 117322009 ns, Reaching safepoint: 669659 ns, Cleanup: 70938 ns, At safepoint: 3358 ns, Total: 743955 ns
[2025-03-05T19:24:03.082+0000][23.248s][debug][safepoint   ] Safepoint synchronization initiated using futex wait barrier. (198 threads)
[2025-03-05T19:24:03.083+0000][23.249s][info ][safepoint   ] Safepoint "ICBufferFull", Time since last: 454575 ns, Reaching safepoint: 532795 ns, Cleanup: 9860 ns, At safepoint: 86928 ns, Total: 629583 ns
[2025-03-05T19:24:03.194+0000][23.360s][debug][safepoint   ] Safepoint synchronization initiated using futex wait barrier. (205 threads)
[2025-03-05T19:24:03.195+0000][23.360s][info ][gc,start    ] GC(63) Pause Young (Normal) (G1 Evacuation Pause)
[2025-03-05T19:24:03.195+0000][23.361s][info ][gc,task     ] GC(63) Using 8 workers of 8 for evacuation
[2025-03-05T19:24:03.207+0000][23.372s][info ][gc,phases   ] GC(63)   Pre Evacuate Collection Set: 0.2ms
[2025-03-05T19:24:03.207+0000][23.373s][info ][gc,phases   ] GC(63)   Merge Heap Roots: 0.2ms
[2025-03-05T19:24:03.207+0000][23.373s][info ][gc,phases   ] GC(63)   Evacuate Collection Set: 10.2ms
[2025-03-05T19:24:03.207+0000][23.373s][info ][gc,phases   ] GC(63)   Post Evacuate Collection Set: 0.9ms
[2025-03-05T19:24:03.208+0000][23.374s][info ][gc,phases   ] GC(63)   Other: 0.7ms
[2025-03-05T19:24:03.208+0000][23.374s][info ][gc,heap     ] GC(63) Eden regions: 75->0(71)
[2025-03-05T19:24:03.209+0000][23.374s][info ][gc,heap     ] GC(63) Survivor regions: 8->8(11)
[2025-03-05T19:24:03.209+0000][23.375s][info ][gc,heap     ] GC(63) Old regions: 69->73
[2025-03-05T19:24:03.209+0000][23.375s][info ][gc,heap     ] GC(63) Archive regions: 2->2
[2025-03-05T19:24:03.210+0000][23.376s][info ][gc,heap     ] GC(63) Humongous regions: 0->0
[2025-03-05T19:24:03.210+0000][23.376s][info ][gc,metaspace] GC(63) Metaspace: 163731K(164992K)->163731K(164992K) NonClass: 143340K(144000K)->143340K(144000K) Class: 20391K(20992K)->20391K(20992K)
[2025-03-05T19:24:03.211+0000][23.377s][info ][gc          ] GC(63) Pause Young (Normal) (G1 Evacuation Pause) 305M->160M(360M) 16.235ms
[2025-03-05T19:24:03.211+0000][23.377s][info ][gc,cpu      ] GC(63) User=0.07s Sys=0.01s Real=0.02s
[2025-03-05T19:24:03.211+0000][23.377s][info ][safepoint   ] Safepoint "G1CollectForAllocation", Time since last: 111280466 ns, Reaching safepoint: 343381 ns, Cleanup: 53631 ns, At safepoint: 17011443 ns, Total: 17408455 ns
[2025-03-05T19:24:03.304+0000][23.470s][debug][safepoint   ] Safepoint synchronization initiated using futex wait barrier. (215 threads)
[2025-03-05T19:24:03.305+0000][23.470s][info ][safepoint   ] Safepoint "ICBufferFull", Time since last: 92642458 ns, Reaching safepoint: 295871 ns, Cleanup: 105696 ns, At safepoint: 29602 ns, Total: 431169 ns
[2025-03-05T19:24:04.414+0000][24.580s][debug][safepoint   ] Safepoint synchronization initiated using futex wait barrier. (214 threads)
[2025-03-05T19:24:04.418+0000][24.584s][info ][safepoint   ] Safepoint "Cleanup", Time since last: 1109404209 ns, Reaching safepoint: 4144520 ns, Cleanup: 72412 ns, At safepoint: 5479 ns, Total: 4222411 ns
[2025-03-05T19:24:05.419+0000][25.585s][debug][safepoint   ] Safepoint synchronization initiated using futex wait barrier. (214 threads)
[2025-03-05T19:24:05.420+0000][25.586s][info ][safepoint   ] Safepoint "Cleanup", Time since last: 1000619580 ns, Reaching safepoint: 970510 ns, Cleanup: 10675 ns, At safepoint: 3784 ns, Total: 984969 ns
[2025-03-05T19:24:06.421+0000][26.587s][debug][safepoint   ] Safepoint synchronization initiated using futex wait barrier. (214 threads)
[2025-03-05T19:24:06.422+0000][26.588s][info ][safepoint   ] Safepoint "Cleanup", Time since last: 1001067262 ns, Reaching safepoint: 1410733 ns, Cleanup: 8615 ns, At safepoint: 3953 ns, Total: 1423301 ns
[2025-03-05T19:24:07.423+0000][27.589s][debug][safepoint   ] Safepoint synchronization initiated using futex wait barrier. (214 threads)
[2025-03-05T19:24:07.424+0000][27.590s][info ][safepoint   ] Safepoint "Cleanup", Time since last: 1000828622 ns, Reaching safepoint: 966752 ns, Cleanup: 10230 ns, At safepoint: 62315 ns, Total: 1039297 ns
[2025-03-05T19:24:09.425+0000][29.591s][debug][safepoint   ] Safepoint synchronization initiated using futex wait barrier. (213 threads)
[2025-03-05T19:24:09.426+0000][29.592s][info ][safepoint   ] Safepoint "Cleanup", Time since last: 2000872600 ns, Reaching safepoint: 747095 ns, Cleanup: 29318 ns, At safepoint: 3798 ns, Total: 780211 ns
[2025-03-05T19:24:10.427+0000][30.592s][debug][safepoint   ] Safepoint synchronization initiated using futex wait barrier. (213 threads)
[2025-03-05T19:24:10.428+0000][30.594s][info ][safepoint   ] Safepoint "Cleanup", Time since last: 1000803714 ns, Reaching safepoint: 1190486 ns, Cleanup: 9507 ns, At safepoint: 3241 ns, Total: 1203234 ns
[2025-03-05T19:24:12.429+0000][32.595s][debug][safepoint   ] Safepoint synchronization initiated using futex wait barrier. (214 threads)
[2025-03-05T19:24:12.430+0000][32.595s][info ][safepoint   ] Safepoint "Cleanup", Time since last: 2001184578 ns, Reaching safepoint: 621758 ns, Cleanup: 9768 ns, At safepoint: 3513 ns, Total: 635039 ns
[2025-03-05T19:24:18.432+0000][38.598s][debug][safepoint   ] Safepoint synchronization initiated using futex wait barrier. (214 threads)
[2025-03-05T19:24:18.433+0000][38.599s][info ][safepoint   ] Safepoint "Cleanup", Time since last: 6002336733 ns, Reaching safepoint: 709011 ns, Cleanup: 11087 ns, At safepoint: 3229 ns, Total: 723327 ns
[2025-03-05T19:24:19.433+0000][39.599s][debug][safepoint   ] Safepoint synchronization initiated using futex wait barrier. (214 threads)
[2025-03-05T19:24:19.434+0000][39.600s][info ][safepoint   ] Safepoint "Cleanup", Time since last: 1000755629 ns, Reaching safepoint: 866482 ns, Cleanup: 7224 ns, At safepoint: 3784 ns, Total: 877490 ns
[2025-03-05T19:24:28.435+0000][48.603s][debug][safepoint   ] Safepoint synchronization initiated using futex wait barrier. (214 threads)
[2025-03-05T19:24:28.436+0000][48.603s][info ][safepoint   ] Safepoint "Cleanup", Time since last: 9002418813 ns, Reaching safepoint: 745740 ns, Cleanup: 10625 ns, At safepoint: 3969 ns, Total: 760334 ns
[2025-03-05T19:24:38.439+0000][58.606s][debug][safepoint   ] Safepoint synchronization initiated using futex wait barrier. (214 threads)
[2025-03-05T19:24:38.440+0000][58.607s][info ][safepoint   ] Safepoint "Cleanup", Time since last: 10003126186 ns, Reaching safepoint: 676908 ns, Cleanup: 10454 ns, At safepoint: 3984 ns, Total: 691346 ns
[2025-03-05T19:24:43.913+0000][64.080s][debug][safepoint   ] Safepoint synchronization initiated using futex wait barrier. (214 threads)
[2025-03-05T19:24:43.914+0000][64.082s][info ][safepoint   ] Safepoint "Cleanup", Time since last: 5473168896 ns, Reaching safepoint: 1198069 ns, Cleanup: 26110 ns, At safepoint: 4314 ns, Total: 1228493 ns
[2025-03-05T19:24:49.916+0000][70.084s][debug][safepoint   ] Safepoint synchronization initiated using futex wait barrier. (213 threads)
[2025-03-05T19:24:49.917+0000][70.085s][info ][safepoint   ] Safepoint "Cleanup", Time since last: 6002465279 ns, Reaching safepoint: 1106148 ns, Cleanup: 10791 ns, At safepoint: 4389 ns, Total: 1121328 ns
[2025-03-05T19:24:59.919+0000][80.088s][debug][safepoint   ] Safepoint synchronization initiated using futex wait barrier. (213 threads)
[2025-03-05T19:24:59.920+0000][80.089s][info ][safepoint   ] Safepoint "Cleanup", Time since last: 10002749829 ns, Reaching safepoint: 631600 ns, Cleanup: 11052 ns, At safepoint: 4372 ns, Total: 647024 ns
[2025-03-05T19:25:00.015+0000][80.184s][debug][safepoint   ] Safepoint synchronization initiated using futex wait barrier. (213 threads)
[2025-03-05T19:25:00.016+0000][80.185s][info ][gc,start    ] GC(64) Pause Young (Normal) (G1 Evacuation Pause)
[2025-03-05T19:25:00.016+0000][80.185s][info ][gc,task     ] GC(64) Using 8 workers of 8 for evacuation
[2025-03-05T19:25:00.027+0000][80.196s][info ][gc,phases   ] GC(64)   Pre Evacuate Collection Set: 0.3ms
[2025-03-05T19:25:00.028+0000][80.197s][info ][gc,phases   ] GC(64)   Merge Heap Roots: 0.3ms
[2025-03-05T19:25:00.029+0000][80.198s][info ][gc,phases   ] GC(64)   Evacuate Collection Set: 8.0ms
[2025-03-05T19:25:00.029+0000][80.198s][info ][gc,phases   ] GC(64)   Post Evacuate Collection Set: 1.4ms
[2025-03-05T19:25:00.030+0000][80.199s][info ][gc,phases   ] GC(64)   Other: 1.3ms
[2025-03-05T19:25:00.031+0000][80.200s][info ][gc,heap     ] GC(64) Eden regions: 71->0(103)
[2025-03-05T19:25:00.032+0000][80.201s][info ][gc,heap     ] GC(64) Survivor regions: 8->6(10)
[2025-03-05T19:25:00.033+0000][80.202s][info ][gc,heap     ] GC(64) Old regions: 73->75
[2025-03-05T19:25:00.033+0000][80.202s][info ][gc,heap     ] GC(64) Archive regions: 2->2
[2025-03-05T19:25:00.034+0000][80.203s][info ][gc,heap     ] GC(64) Humongous regions: 0->0
[2025-03-05T19:25:00.035+0000][80.204s][info ][gc,metaspace] GC(64) Metaspace: 165260K(166528K)->165260K(166528K) NonClass: 144688K(145344K)->144688K(145344K) Class: 20571K(21184K)->20571K(21184K)
[2025-03-05T19:25:00.035+0000][80.204s][info ][gc          ] GC(64) Pause Young (Normal) (G1 Evacuation Pause) 302M->162M(432M) 19.466ms
[2025-03-05T19:25:00.036+0000][80.205s][info ][gc,cpu      ] GC(64) User=0.06s Sys=0.00s Real=0.02s
[2025-03-05T19:25:00.036+0000][80.205s][info ][safepoint   ] Safepoint "G1CollectForAllocation", Time since last: 95330960 ns, Reaching safepoint: 868649 ns, Cleanup: 6024 ns, At safepoint: 20607330 ns, Total: 21482003 ns
[2025-03-05T19:25:01.037+0000][81.206s][debug][safepoint   ] Safepoint synchronization initiated using futex wait barrier. (213 threads)
[2025-03-05T19:25:01.038+0000][81.207s][info ][safepoint   ] Safepoint "Cleanup", Time since last: 1000980444 ns, Reaching safepoint: 773961 ns, Cleanup: 69562 ns, At safepoint: 4232 ns, Total: 847755 ns
[2025-03-05T19:25:03.039+0000][83.208s][debug][safepoint   ] Safepoint synchronization initiated using futex wait barrier. (205 threads)
[2025-03-05T19:25:03.040+0000][83.209s][info ][safepoint   ] Safepoint "Cleanup", Time since last: 2000944834 ns, Reaching safepoint: 329503 ns, Cleanup: 14151 ns, At safepoint: 59340 ns, Total: 402994 ns
[2025-03-05T19:25:04.040+0000][84.209s][debug][safepoint   ] Safepoint synchronization initiated using futex wait barrier. (202 threads)
[2025-03-05T19:25:04.040+0000][84.210s][info ][safepoint   ] Safepoint "Cleanup", Time since last: 1000450722 ns, Reaching safepoint: 518201 ns, Cleanup: 14454 ns, At safepoint: 3764 ns, Total: 536419 ns
[2025-03-05T19:25:05.041+0000][85.210s][debug][safepoint   ] Safepoint synchronization initiated using futex wait barrier. (202 threads)
[2025-03-05T19:25:05.041+0000][85.211s][info ][safepoint   ] Safepoint "Cleanup", Time since last: 1000647762 ns, Reaching safepoint: 337505 ns, Cleanup: 11350 ns, At safepoint: 3190 ns, Total: 352045 ns
[2025-03-05T19:25:11.043+0000][91.212s][debug][safepoint   ] Safepoint synchronization initiated using futex wait barrier. (202 threads)
[2025-03-05T19:25:11.044+0000][91.213s][info ][safepoint   ] Safepoint "Cleanup", Time since last: 6001806239 ns, Reaching safepoint: 525243 ns, Cleanup: 18501 ns, At safepoint: 3847 ns, Total: 547591 ns
[2025-03-05T19:25:13.045+0000][93.214s][debug][safepoint   ] Safepoint synchronization initiated using futex wait barrier. (202 threads)
[2025-03-05T19:25:13.045+0000][93.214s][info ][safepoint   ] Safepoint "Cleanup", Time since last: 2000691133 ns, Reaching safepoint: 399340 ns, Cleanup: 14633 ns, At safepoint: 4567 ns, Total: 418540 ns
[2025-03-05T19:25:23.047+0000][103.216s][debug][safepoint   ] Safepoint synchronization initiated using futex wait barrier. (202 threads)
[2025-03-05T19:25:23.048+0000][103.217s][info ][safepoint   ] Safepoint "Cleanup", Time since last: 10002254615 ns, Reaching safepoint: 482590 ns, Cleanup: 15746 ns, At safepoint: 5642 ns, Total: 503978 ns
[2025-03-05T19:25:26.047+0000][106.218s][debug][safepoint   ] Safepoint synchronization initiated using futex wait barrier. (202 threads)
[2025-03-05T19:25:26.048+0000][106.219s][info ][safepoint   ] Safepoint "Cleanup", Time since last: 3001176527 ns, Reaching safepoint: 953479 ns, Cleanup: 11370 ns, At safepoint: 4109 ns, Total: 968958 ns
[2025-03-05T19:25:28.050+0000][108.220s][debug][safepoint   ] Safepoint synchronization initiated using futex wait barrier. (202 threads)
[2025-03-05T19:25:28.051+0000][108.221s][info ][safepoint   ] Safepoint "Cleanup", Time since last: 2001368650 ns, Reaching safepoint: 855684 ns, Cleanup: 10134 ns, At safepoint: 4011 ns, Total: 869829 ns
[2025-03-05T19:25:30.052+0000][110.222s][debug][safepoint   ] Safepoint synchronization initiated using futex wait barrier. (202 threads)
[2025-03-05T19:25:30.052+0000][110.223s][info ][safepoint   ] Safepoint "Cleanup", Time since last: 2000883990 ns, Reaching safepoint: 684933 ns, Cleanup: 49485 ns, At safepoint: 4160 ns, Total: 738578 ns
[2025-03-05T19:25:33.875+0000][114.046s][debug][safepoint   ] Safepoint synchronization initiated using futex wait barrier. (202 threads)
[2025-03-05T19:25:33.876+0000][114.046s][info ][safepoint   ] Safepoint "Cleanup", Time since last: 3822824873 ns, Reaching safepoint: 740376 ns, Cleanup: 131056 ns, At safepoint: 6345 ns, Total: 877777 ns
[2025-03-05T19:25:47.744+0000][127.914s][debug][safepoint   ] Safepoint synchronization initiated using futex wait barrier. (202 threads)
[2025-03-05T19:25:47.744+0000][127.915s][info ][safepoint   ] Safepoint "Cleanup", Time since last: 13867573436 ns, Reaching safepoint: 451208 ns, Cleanup: 36622 ns, At safepoint: 13120 ns, Total: 500950 ns
[2025-03-05T19:25:49.383+0000][129.553s][debug][safepoint   ] Safepoint synchronization initiated using futex wait barrier. (202 threads)
[2025-03-05T19:25:49.384+0000][129.554s][info ][safepoint   ] Safepoint "ICBufferFull", Time since last: 1638940579 ns, Reaching safepoint: 583758 ns, Cleanup: 87939 ns, At safepoint: 25757 ns, Total: 697454 ns
[2025-03-05T19:25:49.384+0000][129.555s][debug][safepoint   ] Safepoint synchronization initiated using futex wait barrier. (202 threads)
[2025-03-05T19:25:49.385+0000][129.555s][debug][safepoint   ] ... found polling page loop exception at pc = 0x00007fb8d5d66aed, stub =0x00007fb8d4b10400
[2025-03-05T19:25:49.385+0000][129.555s][info ][safepoint   ] Safepoint "ICBufferFull", Time since last: 606034 ns, Reaching safepoint: 659261 ns, Cleanup: 11546 ns, At safepoint: 32356 ns, Total: 703163 ns
[2025-03-05T19:25:49.460+0000][129.631s][debug][safepoint   ] Safepoint synchronization initiated using futex wait barrier. (203 threads)
[2025-03-05T19:25:49.461+0000][129.632s][info ][gc,start    ] GC(65) Pause Young (Normal) (G1 Evacuation Pause)
[2025-03-05T19:25:49.462+0000][129.632s][info ][gc,task     ] GC(65) Using 8 workers of 8 for evacuation
[2025-03-05T19:25:49.471+0000][129.642s][info ][gc,phases   ] GC(65)   Pre Evacuate Collection Set: 0.4ms
[2025-03-05T19:25:49.472+0000][129.642s][info ][gc,phases   ] GC(65)   Merge Heap Roots: 0.2ms
[2025-03-05T19:25:49.472+0000][129.643s][info ][gc,phases   ] GC(65)   Evacuate Collection Set: 6.9ms
[2025-03-05T19:25:49.472+0000][129.643s][info ][gc,phases   ] GC(65)   Post Evacuate Collection Set: 1.3ms
[2025-03-05T19:25:49.473+0000][129.643s][info ][gc,phases   ] GC(65)   Other: 1.5ms
[2025-03-05T19:25:49.473+0000][129.644s][info ][gc,heap     ] GC(65) Eden regions: 103->0(101)
[2025-03-05T19:25:49.474+0000][129.644s][info ][gc,heap     ] GC(65) Survivor regions: 6->8(14)
[2025-03-05T19:25:49.475+0000][129.645s][info ][gc,heap     ] GC(65) Old regions: 75->75
[2025-03-05T19:25:49.475+0000][129.646s][info ][gc,heap     ] GC(65) Archive regions: 2->2
[2025-03-05T19:25:49.476+0000][129.646s][info ][gc,heap     ] GC(65) Humongous regions: 10->0
[2025-03-05T19:25:49.476+0000][129.647s][info ][gc,metaspace] GC(65) Metaspace: 168520K(169856K)->168520K(169856K) NonClass: 147528K(148224K)->147528K(148224K) Class: 20992K(21632K)->20992K(21632K)
[2025-03-05T19:25:49.477+0000][129.647s][info ][gc          ] GC(65) Pause Young (Normal) (G1 Evacuation Pause) 388M->164M(432M) 15.370ms
[2025-03-05T19:25:49.477+0000][129.648s][info ][gc,cpu      ] GC(65) User=0.06s Sys=0.01s Real=0.02s
[2025-03-05T19:25:49.478+0000][129.648s][info ][safepoint   ] Safepoint "G1CollectForAllocation", Time since last: 75357122 ns, Reaching safepoint: 777992 ns, Cleanup: 21234 ns, At safepoint: 16403236 ns, Total: 17202462 ns
[2025-03-05T19:25:50.696+0000][130.866s][debug][safepoint   ] Safepoint synchronization initiated using futex wait barrier. (203 threads)
[2025-03-05T19:25:50.697+0000][130.867s][info ][safepoint   ] Safepoint "Cleanup", Time since last: 1218168428 ns, Reaching safepoint: 732214 ns, Cleanup: 101054 ns, At safepoint: 5144 ns, Total: 838412 ns
[2025-03-05T19:25:56.696+0000][136.869s][debug][safepoint   ] Safepoint synchronization initiated using futex wait barrier. (202 threads)
[2025-03-05T19:25:56.697+0000][136.869s][info ][safepoint   ] Safepoint "Cleanup", Time since last: 6001503264 ns, Reaching safepoint: 868467 ns, Cleanup: 7211 ns, At safepoint: 3643 ns, Total: 879321 ns
[2025-03-05T19:26:02.698+0000][142.871s][debug][safepoint   ] Safepoint synchronization initiated using futex wait barrier. (201 threads)
[2025-03-05T19:26:02.699+0000][142.872s][info ][safepoint   ] Safepoint "Cleanup", Time since last: 6001554293 ns, Reaching safepoint: 708441 ns, Cleanup: 9140 ns, At safepoint: 3242 ns, Total: 720823 ns
[2025-03-05T19:26:04.700+0000][144.873s][debug][safepoint   ] Safepoint synchronization initiated using futex wait barrier. (197 threads)
[2025-03-05T19:26:04.701+0000][144.873s][info ][safepoint   ] Safepoint "Cleanup", Time since last: 2000941848 ns, Reaching safepoint: 627564 ns, Cleanup: 20473 ns, At safepoint: 3967 ns, Total: 652004 ns
[2025-03-05T19:26:05.266+0000][145.438s][debug][safepoint   ] Safepoint synchronization initiated using futex wait barrier. (199 threads)
[2025-03-05T19:26:05.267+0000][145.439s][info ][safepoint   ] Safepoint "ICBufferFull", Time since last: 565196968 ns, Reaching safepoint: 531660 ns, Cleanup: 92606 ns, At safepoint: 29058 ns, Total: 653324 ns
[2025-03-05T19:26:05.502+0000][145.675s][debug][safepoint   ] Safepoint synchronization initiated using futex wait barrier. (201 threads)
[2025-03-05T19:26:05.503+0000][145.675s][info ][gc,start    ] GC(66) Pause Young (Normal) (G1 Evacuation Pause)
[2025-03-05T19:26:05.503+0000][145.676s][info ][gc,task     ] GC(66) Using 8 workers of 8 for evacuation
[2025-03-05T19:26:05.513+0000][145.685s][info ][gc,phases   ] GC(66)   Pre Evacuate Collection Set: 0.1ms
[2025-03-05T19:26:05.513+0000][145.686s][info ][gc,phases   ] GC(66)   Merge Heap Roots: 0.1ms
[2025-03-05T19:26:05.514+0000][145.687s][info ][gc,phases   ] GC(66)   Evacuate Collection Set: 7.9ms
[2025-03-05T19:26:05.515+0000][145.687s][info ][gc,phases   ] GC(66)   Post Evacuate Collection Set: 1.2ms
[2025-03-05T19:26:05.515+0000][145.688s][info ][gc,phases   ] GC(66)   Other: 0.7ms
[2025-03-05T19:26:05.516+0000][145.688s][info ][gc,heap     ] GC(66) Eden regions: 101->0(95)
[2025-03-05T19:26:05.516+0000][145.689s][info ][gc,heap     ] GC(66) Survivor regions: 8->11(14)
[2025-03-05T19:26:05.516+0000][145.689s][info ][gc,heap     ] GC(66) Old regions: 75->75
[2025-03-05T19:26:05.517+0000][145.689s][info ][gc,heap     ] GC(66) Archive regions: 2->2
[2025-03-05T19:26:05.517+0000][145.689s][info ][gc,heap     ] GC(66) Humongous regions: 0->0
[2025-03-05T19:26:05.517+0000][145.689s][info ][gc,metaspace] GC(66) Metaspace: 172340K(173632K)->172340K(173632K) NonClass: 150935K(151616K)->150935K(151616K) Class: 21405K(22016K)->21405K(22016K)
[2025-03-05T19:26:05.517+0000][145.690s][info ][gc          ] GC(66) Pause Young (Normal) (G1 Evacuation Pause) 366M->171M(432M) 14.136ms
[2025-03-05T19:26:05.517+0000][145.690s][info ][gc,cpu      ] GC(66) User=0.06s Sys=0.00s Real=0.01s
[2025-03-05T19:26:05.518+0000][145.690s][info ][safepoint   ] Safepoint "G1CollectForAllocation", Time since last: 235852904 ns, Reaching safepoint: 269278 ns, Cleanup: 97106 ns, At safepoint: 14975000 ns, Total: 15341384 ns
[2025-03-05T19:26:06.157+0000][146.330s][debug][safepoint   ] Safepoint synchronization initiated using futex wait barrier. (205 threads)
[2025-03-05T19:26:06.158+0000][146.330s][info ][safepoint   ] Safepoint "ICBufferFull", Time since last: 639539910 ns, Reaching safepoint: 365089 ns, Cleanup: 109362 ns, At safepoint: 41024 ns, Total: 515475 ns
[2025-03-05T19:26:06.159+0000][146.331s][debug][safepoint   ] Safepoint synchronization initiated using futex wait barrier. (205 threads)
[2025-03-05T19:26:06.159+0000][146.331s][info ][safepoint   ] Safepoint "ICBufferFull", Time since last: 704206 ns, Reaching safepoint: 268264 ns, Cleanup: 5188 ns, At safepoint: 41491 ns, Total: 314943 ns
[2025-03-05T19:26:06.160+0000][146.332s][debug][safepoint   ] Safepoint synchronization initiated using futex wait barrier. (205 threads)
[2025-03-05T19:26:06.160+0000][146.333s][info ][safepoint   ] Safepoint "ICBufferFull", Time since last: 996033 ns, Reaching safepoint: 273391 ns, Cleanup: 11112 ns, At safepoint: 104100 ns, Total: 388603 ns
[2025-03-05T19:26:06.161+0000][146.333s][debug][safepoint   ] Safepoint synchronization initiated using futex wait barrier. (205 threads)
[2025-03-05T19:26:06.162+0000][146.335s][info ][safepoint   ] Safepoint "ICBufferFull", Time since last: 432215 ns, Reaching safepoint: 1658909 ns, Cleanup: 15497 ns, At safepoint: 70854 ns, Total: 1745260 ns
[2025-03-05T19:26:06.163+0000][146.335s][debug][safepoint   ] Safepoint synchronization initiated using futex wait barrier. (205 threads)
[2025-03-05T19:26:06.163+0000][146.336s][info ][safepoint   ] Safepoint "ICBufferFull", Time since last: 429471 ns, Reaching safepoint: 271486 ns, Cleanup: 5442 ns, At safepoint: 40303 ns, Total: 317231 ns
[2025-03-05T19:26:06.438+0000][146.610s][debug][safepoint   ] Safepoint synchronization initiated using futex wait barrier. (205 threads)
[2025-03-05T19:26:06.438+0000][146.611s][info ][safepoint   ] Safepoint "ICBufferFull", Time since last: 274551489 ns, Reaching safepoint: 336991 ns, Cleanup: 125081 ns, At safepoint: 21175 ns, Total: 483247 ns
[2025-03-05T19:26:06.452+0000][146.625s][debug][safepoint   ] ... found polling page loop exception at pc = 0x00007fb8d52e4e89, stub =0x00007fb8d4b10400
[2025-03-05T19:26:07.008+0000][147.181s][debug][safepoint   ] Safepoint synchronization initiated using futex wait barrier. (209 threads)
[2025-03-05T19:26:07.009+0000][147.181s][info ][safepoint   ] Safepoint "ICBufferFull", Time since last: 569843570 ns, Reaching safepoint: 418329 ns, Cleanup: 107302 ns, At safepoint: 28145 ns, Total: 553776 ns
[2025-03-05T19:26:07.299+0000][147.471s][debug][safepoint   ] Safepoint synchronization initiated using futex wait barrier. (210 threads)
[2025-03-05T19:26:07.299+0000][147.472s][info ][gc,start    ] GC(67) Pause Young (Normal) (G1 Evacuation Pause)
[2025-03-05T19:26:07.299+0000][147.472s][info ][gc,task     ] GC(67) Using 8 workers of 8 for evacuation
[2025-03-05T19:26:07.308+0000][147.481s][info ][gc,phases   ] GC(67)   Pre Evacuate Collection Set: 0.2ms
[2025-03-05T19:26:07.309+0000][147.481s][info ][gc,phases   ] GC(67)   Merge Heap Roots: 0.2ms
[2025-03-05T19:26:07.309+0000][147.482s][info ][gc,phases   ] GC(67)   Evacuate Collection Set: 7.0ms
[2025-03-05T19:26:07.310+0000][147.482s][info ][gc,phases   ] GC(67)   Post Evacuate Collection Set: 1.1ms
[2025-03-05T19:26:07.311+0000][147.483s][info ][gc,phases   ] GC(67)   Other: 0.7ms
[2025-03-05T19:26:07.311+0000][147.484s][info ][gc,heap     ] GC(67) Eden regions: 95->0(93)
[2025-03-05T19:26:07.311+0000][147.484s][info ][gc,heap     ] GC(67) Survivor regions: 11->10(14)
[2025-03-05T19:26:07.311+0000][147.484s][info ][gc,heap     ] GC(67) Old regions: 75->79
[2025-03-05T19:26:07.312+0000][147.484s][info ][gc,heap     ] GC(67) Archive regions: 2->2
[2025-03-05T19:26:07.312+0000][147.485s][info ][gc,heap     ] GC(67) Humongous regions: 0->0
[2025-03-05T19:26:07.312+0000][147.485s][info ][gc,metaspace] GC(67) Metaspace: 174048K(175360K)->174048K(175360K) NonClass: 152476K(153152K)->152476K(153152K) Class: 21571K(22208K)->21571K(22208K)
[2025-03-05T19:26:07.313+0000][147.486s][info ][gc          ] GC(67) Pause Young (Normal) (G1 Evacuation Pause) 361M->177M(432M) 13.851ms
[2025-03-05T19:26:07.313+0000][147.486s][info ][gc,cpu      ] GC(67) User=0.05s Sys=0.00s Real=0.02s
[2025-03-05T19:26:07.314+0000][147.487s][info ][safepoint   ] Safepoint "G1CollectForAllocation", Time since last: 290069991 ns, Reaching safepoint: 385733 ns, Cleanup: 54914 ns, At safepoint: 14910756 ns, Total: 15351403 ns
[2025-03-05T19:26:08.315+0000][148.487s][debug][safepoint   ] Safepoint synchronization initiated using futex wait barrier. (211 threads)
[2025-03-05T19:26:08.316+0000][148.488s][info ][safepoint   ] Safepoint "Cleanup", Time since last: 1000655910 ns, Reaching safepoint: 885814 ns, Cleanup: 40929 ns, At safepoint: 3528 ns, Total: 930271 ns
[2025-03-05T19:26:09.317+0000][149.489s][debug][safepoint   ] Safepoint synchronization initiated using futex wait barrier. (211 threads)
[2025-03-05T19:26:09.318+0000][149.490s][info ][safepoint   ] Safepoint "Cleanup", Time since last: 1001181528 ns, Reaching safepoint: 719525 ns, Cleanup: 40590 ns, At safepoint: 3752 ns, Total: 763867 ns
[2025-03-05T19:26:11.319+0000][151.491s][debug][safepoint   ] Safepoint synchronization initiated using futex wait barrier. (209 threads)
[2025-03-05T19:26:11.319+0000][151.492s][info ][safepoint   ] Safepoint "Cleanup", Time since last: 2001104936 ns, Reaching safepoint: 654410 ns, Cleanup: 18680 ns, At safepoint: 4781 ns, Total: 677871 ns
[2025-03-05T19:26:19.322+0000][159.494s][debug][safepoint   ] Safepoint synchronization initiated using futex wait barrier. (209 threads)
[2025-03-05T19:26:19.322+0000][159.495s][info ][safepoint   ] Safepoint "Cleanup", Time since last: 8002449300 ns, Reaching safepoint: 575062 ns, Cleanup: 11758 ns, At safepoint: 3987 ns, Total: 590807 ns
[2025-03-05T19:26:21.323+0000][161.496s][debug][safepoint   ] Safepoint synchronization initiated using futex wait barrier. (209 threads)
[2025-03-05T19:26:21.324+0000][161.497s][info ][safepoint   ] Safepoint "Cleanup", Time since last: 2000921299 ns, Reaching safepoint: 706490 ns, Cleanup: 31420 ns, At safepoint: 3994 ns, Total: 741904 ns
[2025-03-05T19:26:25.324+0000][165.498s][debug][safepoint   ] Safepoint synchronization initiated using futex wait barrier. (209 threads)
[2025-03-05T19:26:25.325+0000][165.499s][info ][safepoint   ] Safepoint "Cleanup", Time since last: 4001258188 ns, Reaching safepoint: 724746 ns, Cleanup: 12630 ns, At safepoint: 4064 ns, Total: 741440 ns
[2025-03-05T19:26:27.326+0000][167.500s][debug][safepoint   ] Safepoint synchronization initiated using futex wait barrier. (209 threads)
[2025-03-05T19:26:27.326+0000][167.500s][info ][safepoint   ] Safepoint "Cleanup", Time since last: 2001036883 ns, Reaching safepoint: 696963 ns, Cleanup: 12839 ns, At safepoint: 4317 ns, Total: 714119 ns
[2025-03-05T19:26:36.329+0000][176.503s][debug][safepoint   ] Safepoint synchronization initiated using futex wait barrier. (209 threads)
[2025-03-05T19:26:36.330+0000][176.504s][info ][safepoint   ] Safepoint "Cleanup", Time since last: 9002521717 ns, Reaching safepoint: 1128528 ns, Cleanup: 48376 ns, At safepoint: 4112 ns, Total: 1181016 ns
[2025-03-05T19:26:39.332+0000][179.506s][debug][safepoint   ] Safepoint synchronization initiated using futex wait barrier. (212 threads)
[2025-03-05T19:26:39.332+0000][179.506s][info ][safepoint   ] Safepoint "Cleanup", Time since last: 3001636298 ns, Reaching safepoint: 505960 ns, Cleanup: 59234 ns, At safepoint: 25867 ns, Total: 591061 ns
[2025-03-05T19:26:39.766+0000][179.940s][debug][safepoint   ] Safepoint synchronization initiated using futex wait barrier. (215 threads)
[2025-03-05T19:26:39.767+0000][179.941s][info ][gc,start    ] GC(68) Pause Young (Normal) (G1 Evacuation Pause)
[2025-03-05T19:26:39.768+0000][179.942s][info ][gc,task     ] GC(68) Using 8 workers of 8 for evacuation
[2025-03-05T19:26:39.781+0000][179.955s][info ][gc,phases   ] GC(68)   Pre Evacuate Collection Set: 0.3ms
[2025-03-05T19:26:39.782+0000][179.955s][info ][gc,phases   ] GC(68)   Merge Heap Roots: 0.2ms
[2025-03-05T19:26:39.782+0000][179.956s][info ][gc,phases   ] GC(68)   Evacuate Collection Set: 10.5ms
[2025-03-05T19:26:39.783+0000][179.957s][info ][gc,phases   ] GC(68)   Post Evacuate Collection Set: 1.7ms
[2025-03-05T19:26:39.783+0000][179.957s][info ][gc,phases   ] GC(68)   Other: 1.6ms
[2025-03-05T19:26:39.784+0000][179.957s][info ][gc,heap     ] GC(68) Eden regions: 93->0(95)
[2025-03-05T19:26:39.784+0000][179.958s][info ][gc,heap     ] GC(68) Survivor regions: 10->8(13)
[2025-03-05T19:26:39.784+0000][179.958s][info ][gc,heap     ] GC(68) Old regions: 79->81
[2025-03-05T19:26:39.784+0000][179.958s][info ][gc,heap     ] GC(68) Archive regions: 2->2
[2025-03-05T19:26:39.785+0000][179.959s][info ][gc,heap     ] GC(68) Humongous regions: 0->0
[2025-03-05T19:26:39.785+0000][179.959s][info ][gc,metaspace] GC(68) Metaspace: 179627K(180992K)->179627K(180992K) NonClass: 157388K(158080K)->157388K(158080K) Class: 22239K(22912K)->22239K(22912K)
[2025-03-05T19:26:39.785+0000][179.959s][info ][gc          ] GC(68) Pause Young (Normal) (G1 Evacuation Pause) 363M->178M(432M) 18.381ms
[2025-03-05T19:26:39.786+0000][179.960s][info ][gc,cpu      ] GC(68) User=0.07s Sys=0.00s Real=0.02s
[2025-03-05T19:26:39.787+0000][179.961s][info ][safepoint   ] Safepoint "G1CollectForAllocation", Time since last: 433786527 ns, Reaching safepoint: 754477 ns, Cleanup: 69089 ns, At safepoint: 20472949 ns, Total: 21296515 ns
[2025-03-05T19:26:41.006+0000][181.179s][debug][safepoint   ] Safepoint synchronization initiated using futex wait barrier. (215 threads)
[2025-03-05T19:26:41.006+0000][181.180s][info ][safepoint   ] Safepoint "Cleanup", Time since last: 1218060795 ns, Reaching safepoint: 739111 ns, Cleanup: 40952 ns, At safepoint: 4068 ns, Total: 784131 ns
[2025-03-05T19:26:44.007+0000][184.181s][debug][safepoint   ] Safepoint synchronization initiated using futex wait barrier. (215 threads)
[2025-03-05T19:26:44.008+0000][184.182s][info ][safepoint   ] Safepoint "Cleanup", Time since last: 3001129808 ns, Reaching safepoint: 773767 ns, Cleanup: 30256 ns, At safepoint: 6547 ns, Total: 810570 ns
[2025-03-05T19:26:47.009+0000][187.183s][debug][safepoint   ] Safepoint synchronization initiated using futex wait barrier. (214 threads)
[2025-03-05T19:26:47.010+0000][187.184s][info ][safepoint   ] Safepoint "Cleanup", Time since last: 3000786109 ns, Reaching safepoint: 562589 ns, Cleanup: 15245 ns, At safepoint: 5456 ns, Total: 583290 ns
[2025-03-05T19:26:48.010+0000][188.184s][debug][safepoint   ] Safepoint synchronization initiated using futex wait barrier. (214 threads)
[2025-03-05T19:26:48.011+0000][188.185s][info ][safepoint   ] Safepoint "Cleanup", Time since last: 1000523935 ns, Reaching safepoint: 625360 ns, Cleanup: 26494 ns, At safepoint: 4131 ns, Total: 655985 ns
[2025-03-05T19:26:49.012+0000][189.186s][debug][safepoint   ] Safepoint synchronization initiated using futex wait barrier. (214 threads)
[2025-03-05T19:26:49.013+0000][189.187s][info ][safepoint   ] Safepoint "Cleanup", Time since last: 1000863943 ns, Reaching safepoint: 1294339 ns, Cleanup: 14580 ns, At safepoint: 3729 ns, Total: 1312648 ns
[2025-03-05T19:26:51.015+0000][191.189s][debug][safepoint   ] Safepoint synchronization initiated using futex wait barrier. (214 threads)
[2025-03-05T19:26:51.016+0000][191.190s][info ][safepoint   ] Safepoint "Cleanup", Time since last: 2001820139 ns, Reaching safepoint: 814936 ns, Cleanup: 23547 ns, At safepoint: 3876 ns, Total: 842359 ns
[2025-03-05T19:26:54.015+0000][194.191s][debug][safepoint   ] Safepoint synchronization initiated using futex wait barrier. (214 threads)
[2025-03-05T19:26:54.015+0000][194.192s][info ][safepoint   ] Safepoint "Cleanup", Time since last: 3001147431 ns, Reaching safepoint: 824045 ns, Cleanup: 9770 ns, At safepoint: 4456 ns, Total: 838271 ns
[2025-03-05T19:26:55.016+0000][195.192s][debug][safepoint   ] Safepoint synchronization initiated using futex wait barrier. (214 threads)
[2025-03-05T19:26:55.017+0000][195.193s][info ][safepoint   ] Safepoint "Cleanup", Time since last: 1000911253 ns, Reaching safepoint: 832461 ns, Cleanup: 51621 ns, At safepoint: 5018 ns, Total: 889100 ns
[2025-03-05T19:26:57.018+0000][197.194s][debug][safepoint   ] Safepoint synchronization initiated using futex wait barrier. (214 threads)
[2025-03-05T19:26:57.019+0000][197.195s][info ][safepoint   ] Safepoint "Cleanup", Time since last: 2000717850 ns, Reaching safepoint: 918627 ns, Cleanup: 30456 ns, At safepoint: 3561 ns, Total: 952644 ns
[2025-03-05T19:27:00.020+0000][200.196s][debug][safepoint   ] Safepoint synchronization initiated using futex wait barrier. (215 threads)
[2025-03-05T19:27:00.021+0000][200.197s][info ][safepoint   ] Safepoint "Cleanup", Time since last: 3001077300 ns, Reaching safepoint: 747721 ns, Cleanup: 67608 ns, At safepoint: 3801 ns, Total: 819130 ns
[2025-03-05T19:27:01.021+0000][201.198s][debug][safepoint   ] Safepoint synchronization initiated using futex wait barrier. (214 threads)
[2025-03-05T19:27:01.023+0000][201.199s][info ][safepoint   ] Safepoint "Cleanup", Time since last: 1000693748 ns, Reaching safepoint: 1023367 ns, Cleanup: 12271 ns, At safepoint: 4141 ns, Total: 1039779 ns
[2025-03-05T19:27:03.023+0000][203.199s][debug][safepoint   ] Safepoint synchronization initiated using futex wait barrier. (212 threads)
[2025-03-05T19:27:03.024+0000][203.200s][info ][safepoint   ] Safepoint "Cleanup", Time since last: 2000639816 ns, Reaching safepoint: 687893 ns, Cleanup: 61398 ns, At safepoint: 4177 ns, Total: 753468 ns
[2025-03-05T19:27:04.025+0000][204.201s][debug][safepoint   ] Safepoint synchronization initiated using futex wait barrier. (212 threads)
[2025-03-05T19:27:04.026+0000][204.202s][info ][safepoint   ] Safepoint "Cleanup", Time since last: 1000772964 ns, Reaching safepoint: 843183 ns, Cleanup: 9174 ns, At safepoint: 3275 ns, Total: 855632 ns
[2025-03-05T19:27:05.026+0000][205.203s][debug][safepoint   ] Safepoint synchronization initiated using futex wait barrier. (212 threads)
[2025-03-05T19:27:05.028+0000][205.204s][info ][safepoint   ] Safepoint "Cleanup", Time since last: 1000871594 ns, Reaching safepoint: 1152932 ns, Cleanup: 9540 ns, At safepoint: 3635 ns, Total: 1166107 ns
[2025-03-05T19:27:07.029+0000][207.205s][debug][safepoint   ] Safepoint synchronization initiated using futex wait barrier. (212 threads)
[2025-03-05T19:27:07.030+0000][207.206s][info ][safepoint   ] Safepoint "Cleanup", Time since last: 2001184741 ns, Reaching safepoint: 798942 ns, Cleanup: 14099 ns, At safepoint: 3885 ns, Total: 816926 ns
[2025-03-05T19:27:07.768+0000][207.944s][debug][safepoint   ] Safepoint synchronization initiated using futex wait barrier. (218 threads)
[2025-03-05T19:27:07.769+0000][207.945s][info ][safepoint   ] Safepoint "ICBufferFull", Time since last: 738653385 ns, Reaching safepoint: 322486 ns, Cleanup: 112212 ns, At safepoint: 6236 ns, Total: 440934 ns
[2025-03-05T19:27:08.769+0000][208.946s][debug][safepoint   ] Safepoint synchronization initiated using futex wait barrier. (218 threads)
[2025-03-05T19:27:08.770+0000][208.946s][info ][safepoint   ] Safepoint "Cleanup", Time since last: 1000790669 ns, Reaching safepoint: 779611 ns, Cleanup: 62959 ns, At safepoint: 4510 ns, Total: 847080 ns
[2025-03-05T19:27:10.771+0000][210.947s][debug][safepoint   ] Safepoint synchronization initiated using futex wait barrier. (216 threads)
[2025-03-05T19:27:10.772+0000][210.948s][info ][safepoint   ] Safepoint "Cleanup", Time since last: 2001069684 ns, Reaching safepoint: 876516 ns, Cleanup: 20145 ns, At safepoint: 4827 ns, Total: 901488 ns
[2025-03-05T19:27:12.773+0000][212.950s][debug][safepoint   ] Safepoint synchronization initiated using futex wait barrier. (216 threads)
[2025-03-05T19:27:12.774+0000][212.950s][info ][safepoint   ] Safepoint "Cleanup", Time since last: 2001204315 ns, Reaching safepoint: 739279 ns, Cleanup: 22471 ns, At safepoint: 5020 ns, Total: 766770 ns
[2025-03-05T19:27:13.775+0000][213.951s][debug][safepoint   ] Safepoint synchronization initiated using futex wait barrier. (216 threads)
[2025-03-05T19:27:13.776+0000][213.952s][info ][safepoint   ] Safepoint "Cleanup", Time since last: 1000936319 ns, Reaching safepoint: 613471 ns, Cleanup: 17236 ns, At safepoint: 32995 ns, Total: 663702 ns
[2025-03-05T19:27:14.798+0000][214.975s][debug][safepoint   ] Safepoint synchronization initiated using futex wait barrier. (216 threads)
[2025-03-05T19:27:14.799+0000][214.976s][info ][safepoint   ] Safepoint "Cleanup", Time since last: 1022621832 ns, Reaching safepoint: 792599 ns, Cleanup: 46899 ns, At safepoint: 169657 ns, Total: 1009155 ns
[2025-03-05T19:27:19.664+0000][219.840s][debug][safepoint   ] Safepoint synchronization initiated using futex wait barrier. (218 threads)
[2025-03-05T19:27:19.665+0000][219.841s][debug][safepoint   ] ... found polling page loop exception at pc = 0x00007fb8d5355f6c, stub =0x00007fb8d4b10400
[2025-03-05T19:27:19.665+0000][219.842s][info ][safepoint   ] Safepoint "Cleanup", Time since last: 4864699955 ns, Reaching safepoint: 1167812 ns, Cleanup: 70052 ns, At safepoint: 45068 ns, Total: 1282932 ns
[2025-03-05T19:27:19.680+0000][219.856s][debug][safepoint   ] Safepoint synchronization initiated using futex wait barrier. (218 threads)
[2025-03-05T19:27:19.681+0000][219.857s][info ][gc,start    ] GC(69) Pause Young (Normal) (G1 Evacuation Pause)
[2025-03-05T19:27:19.681+0000][219.857s][info ][gc,task     ] GC(69) Using 8 workers of 8 for evacuation
[2025-03-05T19:27:19.697+0000][219.873s][info ][gc,phases   ] GC(69)   Pre Evacuate Collection Set: 0.4ms
[2025-03-05T19:27:19.697+0000][219.873s][info ][gc,phases   ] GC(69)   Merge Heap Roots: 0.2ms
[2025-03-05T19:27:19.698+0000][219.874s][info ][gc,phases   ] GC(69)   Evacuate Collection Set: 12.5ms
[2025-03-05T19:27:19.698+0000][219.875s][info ][gc,phases   ] GC(69)   Post Evacuate Collection Set: 1.5ms
[2025-03-05T19:27:19.699+0000][219.875s][info ][gc,phases   ] GC(69)   Other: 1.6ms
[2025-03-05T19:27:19.700+0000][219.876s][info ][gc,heap     ] GC(69) Eden regions: 95->0(91)
[2025-03-05T19:27:19.700+0000][219.876s][info ][gc,heap     ] GC(69) Survivor regions: 8->8(13)
[2025-03-05T19:27:19.701+0000][219.877s][info ][gc,heap     ] GC(69) Old regions: 81->84
[2025-03-05T19:27:19.702+0000][219.878s][info ][gc,heap     ] GC(69) Archive regions: 2->2
[2025-03-05T19:27:19.702+0000][219.878s][info ][gc,heap     ] GC(69) Humongous regions: 0->0
[2025-03-05T19:27:19.702+0000][219.878s][info ][gc,metaspace] GC(69) Metaspace: 181989K(183488K)->181989K(183488K) NonClass: 159522K(160320K)->159522K(160320K) Class: 22467K(23168K)->22467K(23168K)
[2025-03-05T19:27:19.703+0000][219.879s][info ][gc          ] GC(69) Pause Young (Normal) (G1 Evacuation Pause) 368M->185M(432M) 22.227ms
[2025-03-05T19:27:19.703+0000][219.879s][info ][gc,cpu      ] GC(69) User=0.10s Sys=0.01s Real=0.02s
[2025-03-05T19:27:19.704+0000][219.880s][info ][safepoint   ] Safepoint "G1CollectForAllocation", Time since last: 14272816 ns, Reaching safepoint: 690870 ns, Cleanup: 3577 ns, At safepoint: 23126283 ns, Total: 23820730 ns
[2025-03-05T19:27:19.953+0000][220.129s][debug][safepoint   ] Safepoint synchronization initiated using futex wait barrier. (227 threads)
[2025-03-05T19:27:19.954+0000][220.130s][info ][safepoint   ] Safepoint "ICBufferFull", Time since last: 249396883 ns, Reaching safepoint: 659765 ns, Cleanup: 101262 ns, At safepoint: 17669 ns, Total: 778696 ns
[2025-03-05T19:27:20.999+0000][221.175s][debug][safepoint   ] Safepoint synchronization initiated using futex wait barrier. (225 threads)
[2025-03-05T19:27:21.000+0000][221.176s][info ][safepoint   ] Safepoint "Cleanup", Time since last: 1045633587 ns, Reaching safepoint: 666406 ns, Cleanup: 88572 ns, At safepoint: 4157 ns, Total: 759135 ns
[2025-03-05T19:27:22.001+0000][222.177s][debug][safepoint   ] Safepoint synchronization initiated using futex wait barrier. (225 threads)
[2025-03-05T19:27:22.002+0000][222.178s][info ][safepoint   ] Safepoint "Cleanup", Time since last: 1000694195 ns, Reaching safepoint: 1078072 ns, Cleanup: 20149 ns, At safepoint: 3808 ns, Total: 1102029 ns
[2025-03-05T19:27:25.002+0000][225.180s][debug][safepoint   ] Safepoint synchronization initiated using futex wait barrier. (224 threads)
[2025-03-05T19:27:25.003+0000][225.180s][info ][safepoint   ] Safepoint "Cleanup", Time since last: 3001576076 ns, Reaching safepoint: 537152 ns, Cleanup: 16737 ns, At safepoint: 4306 ns, Total: 558195 ns
[2025-03-05T19:27:28.004+0000][228.182s][debug][safepoint   ] Safepoint synchronization initiated using futex wait barrier. (224 threads)
[2025-03-05T19:27:28.005+0000][228.182s][info ][safepoint   ] Safepoint "Cleanup", Time since last: 3001341838 ns, Reaching safepoint: 906471 ns, Cleanup: 22358 ns, At safepoint: 4016 ns, Total: 932845 ns
[2025-03-05T19:27:31.006+0000][231.184s][debug][safepoint   ] Safepoint synchronization initiated using futex wait barrier. (224 threads)
[2025-03-05T19:27:31.007+0000][231.185s][info ][safepoint   ] Safepoint "Cleanup", Time since last: 3001349721 ns, Reaching safepoint: 1102283 ns, Cleanup: 11789 ns, At safepoint: 4172 ns, Total: 1118244 ns
[2025-03-05T19:27:33.009+0000][233.186s][debug][safepoint   ] Safepoint synchronization initiated using futex wait barrier. (224 threads)
[2025-03-05T19:27:33.010+0000][233.187s][info ][safepoint   ] Safepoint "Cleanup", Time since last: 2001483107 ns, Reaching safepoint: 633087 ns, Cleanup: 12768 ns, At safepoint: 4265 ns, Total: 650120 ns
[2025-03-05T19:27:38.011+0000][238.189s][debug][safepoint   ] Safepoint synchronization initiated using futex wait barrier. (225 threads)
[2025-03-05T19:27:38.012+0000][238.190s][info ][safepoint   ] Safepoint "Cleanup", Time since last: 5001770168 ns, Reaching safepoint: 819435 ns, Cleanup: 30552 ns, At safepoint: 4576 ns, Total: 854563 ns
[2025-03-05T19:27:42.047+0000][242.225s][debug][safepoint   ] Safepoint synchronization initiated using futex wait barrier. (223 threads)
[2025-03-05T19:27:42.048+0000][242.225s][info ][safepoint   ] Safepoint "Cleanup", Time since last: 4035072615 ns, Reaching safepoint: 618043 ns, Cleanup: 31510 ns, At safepoint: 3738 ns, Total: 653291 ns
[2025-03-05T19:27:45.049+0000][245.227s][debug][safepoint   ] Safepoint synchronization initiated using futex wait barrier. (223 threads)
[2025-03-05T19:27:45.050+0000][245.227s][info ][safepoint   ] Safepoint "Cleanup", Time since last: 3001129549 ns, Reaching safepoint: 645268 ns, Cleanup: 24797 ns, At safepoint: 5828 ns, Total: 675893 ns
[2025-03-05T19:27:47.051+0000][247.228s][debug][safepoint   ] Safepoint synchronization initiated using futex wait barrier. (223 threads)
[2025-03-05T19:27:47.051+0000][247.229s][info ][safepoint   ] Safepoint "Cleanup", Time since last: 2000837392 ns, Reaching safepoint: 748580 ns, Cleanup: 25397 ns, At safepoint: 4690 ns, Total: 778667 ns
[2025-03-05T19:27:48.053+0000][248.230s][debug][safepoint   ] Safepoint synchronization initiated using futex wait barrier. (223 threads)
[2025-03-05T19:27:48.053+0000][248.231s][info ][safepoint   ] Safepoint "Cleanup", Time since last: 1001139263 ns, Reaching safepoint: 905671 ns, Cleanup: 22907 ns, At safepoint: 3837 ns, Total: 932415 ns
[2025-03-05T19:27:49.054+0000][249.232s][debug][safepoint   ] Safepoint synchronization initiated using futex wait barrier. (223 threads)
[2025-03-05T19:27:49.055+0000][249.232s][info ][safepoint   ] Safepoint "Cleanup", Time since last: 1000898928 ns, Reaching safepoint: 631577 ns, Cleanup: 9484 ns, At safepoint: 4031 ns, Total: 645092 ns
[2025-03-05T19:27:51.056+0000][251.233s][debug][safepoint   ] Safepoint synchronization initiated using futex wait barrier. (223 threads)
[2025-03-05T19:27:51.057+0000][251.234s][info ][safepoint   ] Safepoint "Cleanup", Time since last: 2000789668 ns, Reaching safepoint: 749313 ns, Cleanup: 18007 ns, At safepoint: 4735 ns, Total: 772055 ns
[2025-03-05T19:27:52.057+0000][252.235s][debug][safepoint   ] Safepoint synchronization initiated using futex wait barrier. (223 threads)
[2025-03-05T19:27:52.058+0000][252.235s][info ][safepoint   ] Safepoint "Cleanup", Time since last: 1000792755 ns, Reaching safepoint: 675796 ns, Cleanup: 17887 ns, At safepoint: 4165 ns, Total: 697848 ns
[2025-03-05T19:27:53.059+0000][253.236s][debug][safepoint   ] Safepoint synchronization initiated using futex wait barrier. (223 threads)
[2025-03-05T19:27:53.060+0000][253.237s][info ][safepoint   ] Safepoint "Cleanup", Time since last: 1000845178 ns, Reaching safepoint: 984763 ns, Cleanup: 10747 ns, At safepoint: 4126 ns, Total: 999636 ns
[2025-03-05T19:27:54.059+0000][254.239s][debug][safepoint   ] Safepoint synchronization initiated using futex wait barrier. (223 threads)
[2025-03-05T19:27:54.060+0000][254.239s][info ][safepoint   ] Safepoint "Cleanup", Time since last: 1001187191 ns, Reaching safepoint: 544438 ns, Cleanup: 21047 ns, At safepoint: 4789 ns, Total: 570274 ns
[2025-03-05T19:27:54.730+0000][254.909s][debug][safepoint   ] Safepoint synchronization initiated using futex wait barrier. (223 threads)
[2025-03-05T19:27:54.731+0000][254.910s][info ][gc,start    ] GC(70) Pause Young (Normal) (G1 Evacuation Pause)
[2025-03-05T19:27:54.731+0000][254.910s][info ][gc,task     ] GC(70) Using 8 workers of 8 for evacuation
[2025-03-05T19:27:54.743+0000][254.922s][info ][gc,phases   ] GC(70)   Pre Evacuate Collection Set: 0.3ms
[2025-03-05T19:27:54.743+0000][254.922s][info ][gc,phases   ] GC(70)   Merge Heap Roots: 0.1ms
[2025-03-05T19:27:54.744+0000][254.923s][info ][gc,phases   ] GC(70)   Evacuate Collection Set: 9.4ms
[2025-03-05T19:27:54.744+0000][254.924s][info ][gc,phases   ] GC(70)   Post Evacuate Collection Set: 1.4ms
[2025-03-05T19:27:54.745+0000][254.924s][info ][gc,phases   ] GC(70)   Other: 1.0ms
[2025-03-05T19:27:54.745+0000][254.924s][info ][gc,heap     ] GC(70) Eden regions: 91->0(90)
[2025-03-05T19:27:54.746+0000][254.925s][info ][gc,heap     ] GC(70) Survivor regions: 8->7(13)
[2025-03-05T19:27:54.746+0000][254.925s][info ][gc,heap     ] GC(70) Old regions: 84->87
[2025-03-05T19:27:54.746+0000][254.926s][info ][gc,heap     ] GC(70) Archive regions: 2->2
[2025-03-05T19:27:54.747+0000][254.926s][info ][gc,heap     ] GC(70) Humongous regions: 0->0
[2025-03-05T19:27:54.747+0000][254.926s][info ][gc,metaspace] GC(70) Metaspace: 183415K(184960K)->183415K(184960K) NonClass: 160851K(161664K)->160851K(161664K) Class: 22563K(23296K)->22563K(23296K)
[2025-03-05T19:27:54.748+0000][254.927s][info ][gc          ] GC(70) Pause Young (Normal) (G1 Evacuation Pause) 367M->189M(432M) 17.329ms
[2025-03-05T19:27:54.748+0000][254.927s][info ][gc,cpu      ] GC(70) User=0.08s Sys=0.00s Real=0.02s
[2025-03-05T19:27:54.749+0000][254.928s][info ][safepoint   ] Safepoint "G1CollectForAllocation", Time since last: 669790874 ns, Reaching safepoint: 617889 ns, Cleanup: 69773 ns, At safepoint: 18410337 ns, Total: 19097999 ns
[2025-03-05T19:27:55.750+0000][255.929s][debug][safepoint   ] Safepoint synchronization initiated using futex wait barrier. (223 threads)
[2025-03-05T19:27:55.751+0000][255.930s][info ][safepoint   ] Safepoint "Cleanup", Time since last: 1000631074 ns, Reaching safepoint: 1235199 ns, Cleanup: 37837 ns, At safepoint: 4582 ns, Total: 1277618 ns
[2025-03-05T19:27:57.140+0000][257.319s][debug][safepoint   ] Safepoint synchronization initiated using futex wait barrier. (224 threads)
[2025-03-05T19:27:57.141+0000][257.320s][info ][safepoint   ] Safepoint "Cleanup", Time since last: 1389043917 ns, Reaching safepoint: 716188 ns, Cleanup: 51038 ns, At safepoint: 3751 ns, Total: 770977 ns
[2025-03-05T19:27:59.103+0000][259.282s][debug][safepoint   ] Safepoint synchronization initiated using futex wait barrier. (225 threads)
[2025-03-05T19:27:59.104+0000][259.283s][info ][safepoint   ] Safepoint "Cleanup", Time since last: 1962244361 ns, Reaching safepoint: 767671 ns, Cleanup: 49606 ns, At safepoint: 3679 ns, Total: 820956 ns
[2025-03-05T19:28:00.104+0000][260.284s][debug][safepoint   ] Safepoint synchronization initiated using futex wait barrier. (225 threads)
[2025-03-05T19:28:00.105+0000][260.284s][info ][safepoint   ] Safepoint "Cleanup", Time since last: 1000758829 ns, Reaching safepoint: 523831 ns, Cleanup: 19460 ns, At safepoint: 4222 ns, Total: 547513 ns
[2025-03-05T19:28:01.106+0000][261.285s][debug][safepoint   ] Safepoint synchronization initiated using futex wait barrier. (225 threads)
[2025-03-05T19:28:01.106+0000][261.285s][info ][safepoint   ] Safepoint "Cleanup", Time since last: 1000596325 ns, Reaching safepoint: 450889 ns, Cleanup: 34542 ns, At safepoint: 4154 ns, Total: 489585 ns
[2025-03-05T19:28:03.107+0000][263.286s][debug][safepoint   ] Safepoint synchronization initiated using futex wait barrier. (224 threads)
[2025-03-05T19:28:03.108+0000][263.287s][info ][safepoint   ] Safepoint "Cleanup", Time since last: 2000878407 ns, Reaching safepoint: 523488 ns, Cleanup: 20386 ns, At safepoint: 3593 ns, Total: 547467 ns
[2025-03-05T19:28:07.109+0000][267.288s][debug][safepoint   ] Safepoint synchronization initiated using futex wait barrier. (224 threads)
[2025-03-05T19:28:07.109+0000][267.288s][info ][safepoint   ] Safepoint "Cleanup", Time since last: 4001402467 ns, Reaching safepoint: 439817 ns, Cleanup: 15563 ns, At safepoint: 3920 ns, Total: 459300 ns
[2025-03-05T19:28:08.110+0000][268.289s][debug][safepoint   ] Safepoint synchronization initiated using futex wait barrier. (224 threads)
[2025-03-05T19:28:08.111+0000][268.290s][info ][safepoint   ] Safepoint "Cleanup", Time since last: 1000710604 ns, Reaching safepoint: 850456 ns, Cleanup: 20753 ns, At safepoint: 3861 ns, Total: 875070 ns
[2025-03-05T19:28:11.112+0000][271.292s][debug][safepoint   ] Safepoint synchronization initiated using futex wait barrier. (224 threads)
[2025-03-05T19:28:11.113+0000][271.292s][info ][safepoint   ] Safepoint "Cleanup", Time since last: 3001518311 ns, Reaching safepoint: 706542 ns, Cleanup: 17344 ns, At safepoint: 5979 ns, Total: 729865 ns
[2025-03-05T19:28:16.115+0000][276.294s][debug][safepoint   ] Safepoint synchronization initiated using futex wait barrier. (224 threads)
[2025-03-05T19:28:16.115+0000][276.294s][info ][safepoint   ] Safepoint "Cleanup", Time since last: 5001328093 ns, Reaching safepoint: 868060 ns, Cleanup: 8788 ns, At safepoint: 3261 ns, Total: 880109 ns
[2025-03-05T19:28:20.117+0000][280.296s][debug][safepoint   ] Safepoint synchronization initiated using futex wait barrier. (215 threads)
[2025-03-05T19:28:20.118+0000][280.297s][info ][safepoint   ] Safepoint "Cleanup", Time since last: 4001969076 ns, Reaching safepoint: 766239 ns, Cleanup: 9093 ns, At safepoint: 3434 ns, Total: 778766 ns
[2025-03-05T19:28:32.120+0000][292.301s][debug][safepoint   ] Safepoint synchronization initiated using futex wait barrier. (215 threads)
[2025-03-05T19:28:32.121+0000][292.301s][info ][safepoint   ] Safepoint "Cleanup", Time since last: 12003315875 ns, Reaching safepoint: 616222 ns, Cleanup: 11738 ns, At safepoint: 3662 ns, Total: 631622 ns
[2025-03-05T19:28:36.122+0000][296.303s][debug][safepoint   ] Safepoint synchronization initiated using futex wait barrier. (215 threads)
[2025-03-05T19:28:36.123+0000][296.304s][info ][safepoint   ] Safepoint "Cleanup", Time since last: 4001696150 ns, Reaching safepoint: 588654 ns, Cleanup: 46867 ns, At safepoint: 3828 ns, Total: 639349 ns
[2025-03-05T19:28:41.087+0000][301.268s][debug][safepoint   ] Safepoint synchronization initiated using futex wait barrier. (214 threads)
[2025-03-05T19:28:41.088+0000][301.268s][info ][safepoint   ] Safepoint "Cleanup", Time since last: 4964408907 ns, Reaching safepoint: 450992 ns, Cleanup: 13938 ns, At safepoint: 4993 ns, Total: 469923 ns
[2025-03-05T19:28:47.089+0000][307.270s][debug][safepoint   ] Safepoint synchronization initiated using futex wait barrier. (215 threads)
[2025-03-05T19:28:47.090+0000][307.271s][info ][safepoint   ] Safepoint "Cleanup", Time since last: 6001503828 ns, Reaching safepoint: 567277 ns, Cleanup: 45826 ns, At safepoint: 18286 ns, Total: 631389 ns
[2025-03-05T19:28:48.090+0000][308.271s][debug][safepoint   ] Safepoint synchronization initiated using futex wait barrier. (214 threads)
[2025-03-05T19:28:48.091+0000][308.272s][info ][safepoint   ] Safepoint "Cleanup", Time since last: 1000516624 ns, Reaching safepoint: 858498 ns, Cleanup: 16876 ns, At safepoint: 3666 ns, Total: 879040 ns
[2025-03-05T19:28:52.093+0000][312.273s][debug][safepoint   ] Safepoint synchronization initiated using futex wait barrier. (214 threads)
[2025-03-05T19:28:52.094+0000][312.274s][info ][safepoint   ] Safepoint "Cleanup", Time since last: 4001423553 ns, Reaching safepoint: 903109 ns, Cleanup: 13755 ns, At safepoint: 3823 ns, Total: 920687 ns
[2025-03-05T19:28:57.094+0000][317.276s][debug][safepoint   ] Safepoint synchronization initiated using futex wait barrier. (217 threads)
[2025-03-05T19:28:57.095+0000][317.277s][info ][safepoint   ] Safepoint "Cleanup", Time since last: 5001781622 ns, Reaching safepoint: 773911 ns, Cleanup: 29579 ns, At safepoint: 3946 ns, Total: 807436 ns
[2025-03-05T19:29:03.097+0000][323.279s][debug][safepoint   ] Safepoint synchronization initiated using futex wait barrier. (216 threads)
[2025-03-05T19:29:03.098+0000][323.279s][info ][safepoint   ] Safepoint "Cleanup", Time since last: 6001861422 ns, Reaching safepoint: 745480 ns, Cleanup: 16434 ns, At safepoint: 4729 ns, Total: 766643 ns
[2025-03-05T19:29:09.099+0000][329.281s][debug][safepoint   ] Safepoint synchronization initiated using futex wait barrier. (216 threads)
[2025-03-05T19:29:09.100+0000][329.282s][info ][safepoint   ] Safepoint "Cleanup", Time since last: 6001683713 ns, Reaching safepoint: 747757 ns, Cleanup: 42474 ns, At safepoint: 5218 ns, Total: 795449 ns
[2025-03-05T19:29:11.101+0000][331.283s][debug][safepoint   ] Safepoint synchronization initiated using futex wait barrier. (216 threads)
[2025-03-05T19:29:11.102+0000][331.284s][info ][safepoint   ] Safepoint "Cleanup", Time since last: 2000854115 ns, Reaching safepoint: 732465 ns, Cleanup: 10302 ns, At safepoint: 4009 ns, Total: 746776 ns
[2025-03-05T19:29:12.103+0000][332.284s][debug][safepoint   ] Safepoint synchronization initiated using futex wait barrier. (216 threads)
[2025-03-05T19:29:12.104+0000][332.285s][info ][safepoint   ] Safepoint "Cleanup", Time since last: 1000846463 ns, Reaching safepoint: 989622 ns, Cleanup: 16542 ns, At safepoint: 3846 ns, Total: 1010010 ns
[2025-03-05T19:29:15.105+0000][335.287s][debug][safepoint   ] Safepoint synchronization initiated using futex wait barrier. (216 threads)
[2025-03-05T19:29:15.106+0000][335.288s][info ][safepoint   ] Safepoint "Cleanup", Time since last: 3001728216 ns, Reaching safepoint: 848718 ns, Cleanup: 16549 ns, At safepoint: 3245 ns, Total: 868512 ns
[2025-03-05T19:29:16.107+0000][336.289s][debug][safepoint   ] Safepoint synchronization initiated using futex wait barrier. (216 threads)
[2025-03-05T19:29:16.108+0000][336.289s][info ][safepoint   ] Safepoint "Cleanup", Time since last: 1000964069 ns, Reaching safepoint: 422311 ns, Cleanup: 16860 ns, At safepoint: 3926 ns, Total: 443097 ns
[2025-03-05T19:29:17.108+0000][337.290s][debug][safepoint   ] Safepoint synchronization initiated using futex wait barrier. (216 threads)
[2025-03-05T19:29:17.109+0000][337.291s][info ][safepoint   ] Safepoint "Cleanup", Time since last: 1000764030 ns, Reaching safepoint: 1060153 ns, Cleanup: 17089 ns, At safepoint: 4047 ns, Total: 1081289 ns
[2025-03-05T19:29:18.110+0000][338.292s][debug][safepoint   ] Safepoint synchronization initiated using futex wait barrier. (216 threads)
[2025-03-05T19:29:18.111+0000][338.293s][info ][safepoint   ] Safepoint "Cleanup", Time since last: 1000536513 ns, Reaching safepoint: 885502 ns, Cleanup: 24318 ns, At safepoint: 3681 ns, Total: 913501 ns
[2025-03-05T19:29:22.112+0000][342.294s][debug][safepoint   ] Safepoint synchronization initiated using futex wait barrier. (216 threads)
[2025-03-05T19:29:22.113+0000][342.295s][info ][safepoint   ] Safepoint "Cleanup", Time since last: 4001436983 ns, Reaching safepoint: 471283 ns, Cleanup: 24964 ns, At safepoint: 4971 ns, Total: 501218 ns
[2025-03-05T19:29:23.113+0000][343.295s][debug][safepoint   ] Safepoint synchronization initiated using futex wait barrier. (216 threads)
[2025-03-05T19:29:23.114+0000][343.296s][info ][safepoint   ] Safepoint "Cleanup", Time since last: 1000594228 ns, Reaching safepoint: 709011 ns, Cleanup: 12521 ns, At safepoint: 4449 ns, Total: 725981 ns
[2025-03-05T19:29:24.113+0000][344.297s][debug][safepoint   ] Safepoint synchronization initiated using futex wait barrier. (215 threads)
[2025-03-05T19:29:24.114+0000][344.297s][info ][safepoint   ] Safepoint "Cleanup", Time since last: 1000686692 ns, Reaching safepoint: 547127 ns, Cleanup: 12912 ns, At safepoint: 4102 ns, Total: 564141 ns
[2025-03-05T19:29:27.789+0000][347.972s][debug][safepoint   ] Safepoint synchronization initiated using futex wait barrier. (215 threads)
[2025-03-05T19:29:27.790+0000][347.973s][info ][gc,start    ] GC(71) Pause Young (Normal) (G1 Evacuation Pause)
[2025-03-05T19:29:27.790+0000][347.974s][info ][gc,task     ] GC(71) Using 8 workers of 8 for evacuation
[2025-03-05T19:29:27.802+0000][347.985s][info ][gc,phases   ] GC(71)   Pre Evacuate Collection Set: 0.4ms
[2025-03-05T19:29:27.802+0000][347.986s][info ][gc,phases   ] GC(71)   Merge Heap Roots: 0.2ms
[2025-03-05T19:29:27.803+0000][347.986s][info ][gc,phases   ] GC(71)   Evacuate Collection Set: 8.7ms
[2025-03-05T19:29:27.803+0000][347.987s][info ][gc,phases   ] GC(71)   Post Evacuate Collection Set: 1.5ms
[2025-03-05T19:29:27.804+0000][347.987s][info ][gc,phases   ] GC(71)   Other: 1.4ms
[2025-03-05T19:29:27.805+0000][347.988s][info ][gc,heap     ] GC(71) Eden regions: 90->0(87)
[2025-03-05T19:29:27.805+0000][347.988s][info ][gc,heap     ] GC(71) Survivor regions: 7->9(13)
[2025-03-05T19:29:27.805+0000][347.988s][info ][gc,heap     ] GC(71) Old regions: 87->87
[2025-03-05T19:29:27.805+0000][347.989s][info ][gc,heap     ] GC(71) Archive regions: 2->2
[2025-03-05T19:29:27.806+0000][347.989s][info ][gc,heap     ] GC(71) Humongous regions: 0->0
[2025-03-05T19:29:27.806+0000][347.989s][info ][gc,metaspace] GC(71) Metaspace: 184545K(186112K)->184545K(186112K) NonClass: 161841K(162624K)->161841K(162624K) Class: 22704K(23488K)->22704K(23488K)
[2025-03-05T19:29:27.806+0000][347.989s][info ][gc          ] GC(71) Pause Young (Normal) (G1 Evacuation Pause) 369M->193M(432M) 16.565ms
[2025-03-05T19:29:27.806+0000][347.990s][info ][gc,cpu      ] GC(71) User=0.07s Sys=0.00s Real=0.02s
[2025-03-05T19:29:27.807+0000][347.990s][info ][safepoint   ] Safepoint "G1CollectForAllocation", Time since last: 3674810723 ns, Reaching safepoint: 744882 ns, Cleanup: 5285 ns, At safepoint: 17220638 ns, Total: 17970805 ns
[2025-03-05T19:29:28.807+0000][348.990s][debug][safepoint   ] Safepoint synchronization initiated using futex wait barrier. (215 threads)
[2025-03-05T19:29:28.808+0000][348.991s][info ][safepoint   ] Safepoint "Cleanup", Time since last: 1000470784 ns, Reaching safepoint: 371754 ns, Cleanup: 33880 ns, At safepoint: 4669 ns, Total: 410303 ns
[2025-03-05T19:29:30.808+0000][350.992s][debug][safepoint   ] Safepoint synchronization initiated using futex wait barrier. (216 threads)
[2025-03-05T19:29:30.809+0000][350.992s][info ][safepoint   ] Safepoint "Cleanup", Time since last: 2000685614 ns, Reaching safepoint: 503758 ns, Cleanup: 37617 ns, At safepoint: 4131 ns, Total: 545506 ns
[2025-03-05T19:29:32.809+0000][352.993s][debug][safepoint   ] Safepoint synchronization initiated using futex wait barrier. (216 threads)
[2025-03-05T19:29:32.810+0000][352.993s][info ][safepoint   ] Safepoint "Cleanup", Time since last: 2000598105 ns, Reaching safepoint: 625193 ns, Cleanup: 17228 ns, At safepoint: 4849 ns, Total: 647270 ns
[2025-03-05T19:29:39.812+0000][359.995s][debug][safepoint   ] Safepoint synchronization initiated using futex wait barrier. (215 threads)
[2025-03-05T19:29:39.812+0000][359.996s][info ][safepoint   ] Safepoint "Cleanup", Time since last: 7001447830 ns, Reaching safepoint: 945276 ns, Cleanup: 13216 ns, At safepoint: 20629 ns, Total: 979121 ns
[2025-03-05T19:29:41.128+0000][361.311s][debug][safepoint   ] Safepoint synchronization initiated using futex wait barrier. (215 threads)
[2025-03-05T19:29:41.129+0000][361.312s][info ][safepoint   ] Safepoint "Cleanup", Time since last: 1315427095 ns, Reaching safepoint: 751254 ns, Cleanup: 27624 ns, At safepoint: 3895 ns, Total: 782773 ns
[2025-03-05T19:29:53.131+0000][373.314s][debug][safepoint   ] Safepoint synchronization initiated using futex wait barrier. (215 threads)
[2025-03-05T19:29:53.131+0000][373.315s][info ][safepoint   ] Safepoint "Cleanup", Time since last: 12002054186 ns, Reaching safepoint: 553103 ns, Cleanup: 13724 ns, At safepoint: 6980 ns, Total: 573807 ns
[2025-03-05T19:30:03.131+0000][383.316s][debug][safepoint   ] Safepoint synchronization initiated using futex wait barrier. (214 threads)
[2025-03-05T19:30:03.132+0000][383.317s][info ][safepoint   ] Safepoint "Cleanup", Time since last: 10001801360 ns, Reaching safepoint: 618404 ns, Cleanup: 13617 ns, At safepoint: 3585 ns, Total: 635606 ns
[2025-03-05T19:30:04.132+0000][384.317s][debug][safepoint   ] Safepoint synchronization initiated using futex wait barrier. (214 threads)
[2025-03-05T19:30:04.132+0000][384.318s][info ][safepoint   ] Safepoint "Cleanup", Time since last: 1000433211 ns, Reaching safepoint: 329048 ns, Cleanup: 10216 ns, At safepoint: 3964 ns, Total: 343228 ns
[2025-03-05T19:30:09.133+0000][389.319s][debug][safepoint   ] Safepoint synchronization initiated using futex wait barrier. (214 threads)
[2025-03-05T19:30:09.134+0000][389.319s][info ][safepoint   ] Safepoint "Cleanup", Time since last: 5001041984 ns, Reaching safepoint: 389913 ns, Cleanup: 11019 ns, At safepoint: 4133 ns, Total: 405065 ns
[2025-03-05T19:30:10.134+0000][390.320s][debug][safepoint   ] Safepoint synchronization initiated using futex wait barrier. (214 threads)
[2025-03-05T19:30:10.135+0000][390.320s][info ][safepoint   ] Safepoint "Cleanup", Time since last: 1000432209 ns, Reaching safepoint: 511440 ns, Cleanup: 10785 ns, At safepoint: 3426 ns, Total: 525651 ns
[2025-03-05T19:30:23.137+0000][403.323s][debug][safepoint   ] Safepoint synchronization initiated using futex wait barrier. (213 threads)
[2025-03-05T19:30:23.138+0000][403.323s][info ][safepoint   ] Safepoint "Cleanup", Time since last: 13002364866 ns, Reaching safepoint: 796399 ns, Cleanup: 9983 ns, At safepoint: 3760 ns, Total: 810142 ns
[2025-03-05T19:30:41.141+0000][421.328s][debug][safepoint   ] Safepoint synchronization initiated using futex wait barrier. (208 threads)
[2025-03-05T19:30:41.142+0000][421.328s][info ][safepoint   ] Safepoint "Cleanup", Time since last: 18004114679 ns, Reaching safepoint: 770356 ns, Cleanup: 13035 ns, At safepoint: 3906 ns, Total: 787297 ns
[2025-03-05T19:30:43.143+0000][423.329s][debug][safepoint   ] Safepoint synchronization initiated using futex wait barrier. (208 threads)
[2025-03-05T19:30:43.144+0000][423.330s][info ][safepoint   ] Safepoint "Cleanup", Time since last: 2001178721 ns, Reaching safepoint: 752529 ns, Cleanup: 7186 ns, At safepoint: 4056 ns, Total: 763771 ns
[2025-03-05T19:30:52.146+0000][432.333s][debug][safepoint   ] Safepoint synchronization initiated using futex wait barrier. (208 threads)
[2025-03-05T19:30:52.147+0000][432.333s][info ][safepoint   ] Safepoint "Cleanup", Time since last: 9002466230 ns, Reaching safepoint: 704616 ns, Cleanup: 20872 ns, At safepoint: 3607 ns, Total: 729095 ns
[2025-03-05T19:30:54.146+0000][434.334s][debug][safepoint   ] Safepoint synchronization initiated using futex wait barrier. (208 threads)
[2025-03-05T19:30:54.147+0000][434.335s][info ][safepoint   ] Safepoint "Cleanup", Time since last: 2001024953 ns, Reaching safepoint: 620479 ns, Cleanup: 11149 ns, At safepoint: 3165 ns, Total: 634793 ns
[2025-03-05T19:30:55.148+0000][435.336s][debug][safepoint   ] Safepoint synchronization initiated using futex wait barrier. (208 threads)
[2025-03-05T19:30:55.149+0000][435.337s][info ][safepoint   ] Safepoint "Cleanup", Time since last: 1000624142 ns, Reaching safepoint: 1475925 ns, Cleanup: 19312 ns, At safepoint: 3359 ns, Total: 1498596 ns
[2025-03-05T19:31:16.155+0000][456.343s][debug][safepoint   ] Safepoint synchronization initiated using futex wait barrier. (208 threads)
[2025-03-05T19:31:16.156+0000][456.344s][info ][safepoint   ] Safepoint "Cleanup", Time since last: 21006180867 ns, Reaching safepoint: 783465 ns, Cleanup: 11577 ns, At safepoint: 4382 ns, Total: 799424 ns
[2025-03-05T19:31:23.158+0000][463.346s][debug][safepoint   ] Safepoint synchronization initiated using futex wait barrier. (207 threads)
[2025-03-05T19:31:23.159+0000][463.347s][info ][safepoint   ] Safepoint "Cleanup", Time since last: 7001860075 ns, Reaching safepoint: 1319285 ns, Cleanup: 10341 ns, At safepoint: 4215 ns, Total: 1333841 ns
[2025-03-05T19:31:32.160+0000][472.350s][debug][safepoint   ] Safepoint synchronization initiated using futex wait barrier. (204 threads)
[2025-03-05T19:31:32.161+0000][472.351s][info ][safepoint   ] Safepoint "Cleanup", Time since last: 9002214503 ns, Reaching safepoint: 1106904 ns, Cleanup: 11578 ns, At safepoint: 3564 ns, Total: 1122046 ns
[2025-03-05T19:31:33.162+0000][473.352s][debug][safepoint   ] Safepoint synchronization initiated using futex wait barrier. (204 threads)
[2025-03-05T19:31:33.163+0000][473.353s][info ][safepoint   ] Safepoint "Cleanup", Time since last: 1000989834 ns, Reaching safepoint: 1023397 ns, Cleanup: 11126 ns, At safepoint: 3489 ns, Total: 1038012 ns
[2025-03-05T19:31:37.164+0000][477.354s][debug][safepoint   ] Safepoint synchronization initiated using futex wait barrier. (204 threads)
[2025-03-05T19:31:37.165+0000][477.355s][info ][safepoint   ] Safepoint "Cleanup", Time since last: 4001303162 ns, Reaching safepoint: 860337 ns, Cleanup: 9174 ns, At safepoint: 3809 ns, Total: 873320 ns
[2025-03-05T19:31:38.166+0000][478.356s][debug][safepoint   ] Safepoint synchronization initiated using futex wait barrier. (205 threads)
[2025-03-05T19:31:38.167+0000][478.356s][info ][safepoint   ] Safepoint "Cleanup", Time since last: 1000847766 ns, Reaching safepoint: 626980 ns, Cleanup: 21092 ns, At safepoint: 3897 ns, Total: 651969 ns
[2025-03-05T19:31:44.726+0000][484.916s][debug][safepoint   ] Safepoint synchronization initiated using futex wait barrier. (205 threads)
[2025-03-05T19:31:44.727+0000][484.917s][info ][gc,start    ] GC(72) Pause Young (Normal) (G1 Evacuation Pause)
[2025-03-05T19:31:44.728+0000][484.918s][info ][gc,task     ] GC(72) Using 8 workers of 8 for evacuation
[2025-03-05T19:31:44.738+0000][484.928s][info ][gc,phases   ] GC(72)   Pre Evacuate Collection Set: 0.3ms
[2025-03-05T19:31:44.738+0000][484.928s][info ][gc,phases   ] GC(72)   Merge Heap Roots: 0.2ms
[2025-03-05T19:31:44.739+0000][484.929s][info ][gc,phases   ] GC(72)   Evacuate Collection Set: 7.6ms
[2025-03-05T19:31:44.739+0000][484.929s][info ][gc,phases   ] GC(72)   Post Evacuate Collection Set: 1.3ms
[2025-03-05T19:31:44.740+0000][484.930s][info ][gc,phases   ] GC(72)   Other: 1.5ms
[2025-03-05T19:31:44.741+0000][484.930s][info ][gc,heap     ] GC(72) Eden regions: 87->0(89)
[2025-03-05T19:31:44.741+0000][484.931s][info ][gc,heap     ] GC(72) Survivor regions: 9->5(12)
[2025-03-05T19:31:44.742+0000][484.931s][info ][gc,heap     ] GC(72) Old regions: 87->92
[2025-03-05T19:31:44.742+0000][484.932s][info ][gc,heap     ] GC(72) Archive regions: 2->2
[2025-03-05T19:31:44.743+0000][484.933s][info ][gc,heap     ] GC(72) Humongous regions: 0->0
[2025-03-05T19:31:44.743+0000][484.933s][info ][gc,metaspace] GC(72) Metaspace: 184782K(186432K)->184782K(186432K) NonClass: 162072K(162944K)->162072K(162944K) Class: 22709K(23488K)->22709K(23488K)
[2025-03-05T19:31:44.744+0000][484.933s][info ][gc          ] GC(72) Pause Young (Normal) (G1 Evacuation Pause) 367M->193M(432M) 16.478ms
[2025-03-05T19:31:44.744+0000][484.934s][info ][gc,cpu      ] GC(72) User=0.05s Sys=0.00s Real=0.02s
[2025-03-05T19:31:44.745+0000][484.935s][info ][safepoint   ] Safepoint "G1CollectForAllocation", Time since last: 6559804648 ns, Reaching safepoint: 682036 ns, Cleanup: 4846 ns, At safepoint: 17644346 ns, Total: 18331228 ns
[2025-03-05T19:31:45.746+0000][485.936s][debug][safepoint   ] Safepoint synchronization initiated using futex wait barrier. (205 threads)
[2025-03-05T19:31:45.747+0000][485.936s][info ][safepoint   ] Safepoint "Cleanup", Time since last: 1001002559 ns, Reaching safepoint: 679918 ns, Cleanup: 13185 ns, At safepoint: 4235 ns, Total: 697338 ns
[2025-03-05T19:31:48.014+0000][488.204s][debug][safepoint   ] Safepoint synchronization initiated using futex wait barrier. (212 threads)
[2025-03-05T19:31:48.014+0000][488.204s][info ][safepoint   ] Safepoint "Cleanup", Time since last: 2267345977 ns, Reaching safepoint: 517877 ns, Cleanup: 85747 ns, At safepoint: 20757 ns, Total: 624381 ns
[2025-03-05T19:31:49.039+0000][489.228s][debug][safepoint   ] Safepoint synchronization initiated using futex wait barrier. (213 threads)
[2025-03-05T19:31:49.039+0000][489.229s][info ][safepoint   ] Safepoint "Cleanup", Time since last: 1024089233 ns, Reaching safepoint: 721821 ns, Cleanup: 67176 ns, At safepoint: 4829 ns, Total: 793826 ns
[2025-03-05T19:31:51.041+0000][491.230s][debug][safepoint   ] Safepoint synchronization initiated using futex wait barrier. (211 threads)
[2025-03-05T19:31:51.042+0000][491.231s][info ][safepoint   ] Safepoint "Cleanup", Time since last: 2001242723 ns, Reaching safepoint: 1097847 ns, Cleanup: 12111 ns, At safepoint: 3568 ns, Total: 1113526 ns
[2025-03-05T19:31:55.042+0000][495.233s][debug][safepoint   ] Safepoint synchronization initiated using futex wait barrier. (211 threads)
[2025-03-05T19:31:55.043+0000][495.234s][info ][safepoint   ] Safepoint "Cleanup", Time since last: 4001478213 ns, Reaching safepoint: 782524 ns, Cleanup: 12941 ns, At safepoint: 5010 ns, Total: 800475 ns
[2025-03-05T19:31:57.044+0000][497.235s][debug][safepoint   ] Safepoint synchronization initiated using futex wait barrier. (211 threads)
[2025-03-05T19:31:57.044+0000][497.235s][info ][safepoint   ] Safepoint "Cleanup", Time since last: 2000906795 ns, Reaching safepoint: 794085 ns, Cleanup: 10921 ns, At safepoint: 4414 ns, Total: 809420 ns
[2025-03-05T19:32:01.046+0000][501.237s][debug][safepoint   ] Safepoint synchronization initiated using futex wait barrier. (211 threads)
[2025-03-05T19:32:01.046+0000][501.237s][info ][safepoint   ] Safepoint "Cleanup", Time since last: 4001246956 ns, Reaching safepoint: 452993 ns, Cleanup: 12236 ns, At safepoint: 3989 ns, Total: 469218 ns
[2025-03-05T19:32:03.047+0000][503.238s][debug][safepoint   ] Safepoint synchronization initiated using futex wait barrier. (211 threads)
[2025-03-05T19:32:03.048+0000][503.239s][info ][safepoint   ] Safepoint "Cleanup", Time since last: 2000942095 ns, Reaching safepoint: 711235 ns, Cleanup: 16319 ns, At safepoint: 4568 ns, Total: 732122 ns
[2025-03-05T19:32:11.050+0000][511.241s][debug][safepoint   ] Safepoint synchronization initiated using futex wait barrier. (211 threads)
[2025-03-05T19:32:11.051+0000][511.242s][info ][safepoint   ] Safepoint "Cleanup", Time since last: 8002390931 ns, Reaching safepoint: 870142 ns, Cleanup: 14338 ns, At safepoint: 4051 ns, Total: 888531 ns
[2025-03-05T19:32:12.485+0000][512.676s][debug][safepoint   ] Safepoint synchronization initiated using futex wait barrier. (211 threads)
[2025-03-05T19:32:12.486+0000][512.677s][info ][safepoint   ] Safepoint "Cleanup", Time since last: 1433878202 ns, Reaching safepoint: 936358 ns, Cleanup: 67923 ns, At safepoint: 4597 ns, Total: 1008878 ns
[2025-03-05T19:32:16.488+0000][516.679s][debug][safepoint   ] Safepoint synchronization initiated using futex wait barrier. (211 threads)
[2025-03-05T19:32:16.489+0000][516.680s][info ][safepoint   ] Safepoint "Cleanup", Time since last: 4001890529 ns, Reaching safepoint: 849677 ns, Cleanup: 26338 ns, At safepoint: 4364 ns, Total: 880379 ns
[2025-03-05T19:32:18.490+0000][518.681s][debug][safepoint   ] Safepoint synchronization initiated using futex wait barrier. (211 threads)
[2025-03-05T19:32:18.490+0000][518.682s][info ][safepoint   ] Safepoint "Cleanup", Time since last: 2000858481 ns, Reaching safepoint: 930174 ns, Cleanup: 14348 ns, At safepoint: 6255 ns, Total: 950777 ns
[2025-03-05T19:32:20.270+0000][520.461s][debug][safepoint   ] Safepoint synchronization initiated using futex wait barrier. (211 threads)
[2025-03-05T19:32:20.271+0000][520.462s][info ][safepoint   ] Safepoint "Cleanup", Time since last: 1779507702 ns, Reaching safepoint: 825016 ns, Cleanup: 46170 ns, At safepoint: 4365 ns, Total: 875551 ns
[2025-03-05T19:32:21.272+0000][521.463s][debug][safepoint   ] Safepoint synchronization initiated using futex wait barrier. (211 threads)
[2025-03-05T19:32:21.273+0000][521.464s][info ][safepoint   ] Safepoint "Cleanup", Time since last: 1001152505 ns, Reaching safepoint: 796209 ns, Cleanup: 9060 ns, At safepoint: 3340 ns, Total: 808609 ns
[2025-03-05T19:32:31.275+0000][531.468s][debug][safepoint   ] Safepoint synchronization initiated using futex wait barrier. (211 threads)
[2025-03-05T19:32:31.276+0000][531.469s][info ][safepoint   ] Safepoint "Cleanup", Time since last: 10003754979 ns, Reaching safepoint: 912059 ns, Cleanup: 9252 ns, At safepoint: 3449 ns, Total: 924760 ns
[2025-03-05T19:32:41.269+0000][541.461s][debug][safepoint   ] Safepoint synchronization initiated using futex wait barrier. (211 threads)
[2025-03-05T19:32:41.270+0000][541.462s][info ][safepoint   ] Safepoint "Cleanup", Time since last: 9992619672 ns, Reaching safepoint: 900394 ns, Cleanup: 41436 ns, At safepoint: 3260 ns, Total: 945090 ns
[2025-03-05T19:32:47.272+0000][547.464s][debug][safepoint   ] Safepoint synchronization initiated using futex wait barrier. (211 threads)
[2025-03-05T19:32:47.274+0000][547.466s][info ][safepoint   ] Safepoint "Cleanup", Time since last: 6002075189 ns, Reaching safepoint: 1703191 ns, Cleanup: 18127 ns, At safepoint: 4122 ns, Total: 1725440 ns
[2025-03-05T19:32:50.275+0000][550.467s][debug][safepoint   ] Safepoint synchronization initiated using futex wait barrier. (207 threads)
[2025-03-05T19:32:50.275+0000][550.467s][info ][safepoint   ] Safepoint "Cleanup", Time since last: 3001002178 ns, Reaching safepoint: 416440 ns, Cleanup: 18062 ns, At safepoint: 3637 ns, Total: 438139 ns
[2025-03-05T19:32:52.276+0000][552.468s][debug][safepoint   ] Safepoint synchronization initiated using futex wait barrier. (207 threads)
[2025-03-05T19:32:52.276+0000][552.469s][info ][safepoint   ] Safepoint "Cleanup", Time since last: 2000571062 ns, Reaching safepoint: 670199 ns, Cleanup: 17466 ns, At safepoint: 4156 ns, Total: 691821 ns
[2025-03-05T19:32:54.275+0000][554.470s][debug][safepoint   ] Safepoint synchronization initiated using futex wait barrier. (207 threads)
[2025-03-05T19:32:54.276+0000][554.470s][info ][safepoint   ] Safepoint "Cleanup", Time since last: 2000799906 ns, Reaching safepoint: 871429 ns, Cleanup: 11698 ns, At safepoint: 4263 ns, Total: 887390 ns
[2025-03-05T19:32:59.472+0000][559.666s][debug][safepoint   ] Safepoint synchronization initiated using futex wait barrier. (207 threads)
[2025-03-05T19:32:59.472+0000][559.667s][info ][safepoint   ] Safepoint "Cleanup", Time since last: 5195467774 ns, Reaching safepoint: 735950 ns, Cleanup: 14780 ns, At safepoint: 32168 ns, Total: 782898 ns
[2025-03-05T19:33:00.473+0000][560.668s][debug][safepoint   ] Safepoint synchronization initiated using futex wait barrier. (207 threads)
[2025-03-05T19:33:00.474+0000][560.668s][info ][safepoint   ] Safepoint "Cleanup", Time since last: 1000872658 ns, Reaching safepoint: 535523 ns, Cleanup: 18913 ns, At safepoint: 5240 ns, Total: 559676 ns
[2025-03-05T19:33:02.474+0000][562.669s][debug][safepoint   ] Safepoint synchronization initiated using futex wait barrier. (207 threads)
[2025-03-05T19:33:02.475+0000][562.669s][info ][safepoint   ] Safepoint "Cleanup", Time since last: 2000565902 ns, Reaching safepoint: 447741 ns, Cleanup: 14593 ns, At safepoint: 4455 ns, Total: 466789 ns
[2025-03-05T19:33:07.476+0000][567.670s][debug][safepoint   ] Safepoint synchronization initiated using futex wait barrier. (207 threads)
[2025-03-05T19:33:07.477+0000][567.671s][info ][safepoint   ] Safepoint "Cleanup", Time since last: 5001229399 ns, Reaching safepoint: 601784 ns, Cleanup: 14207 ns, At safepoint: 5399 ns, Total: 621390 ns
[2025-03-05T19:33:08.477+0000][568.672s][debug][safepoint   ] Safepoint synchronization initiated using futex wait barrier. (207 threads)
[2025-03-05T19:33:08.478+0000][568.672s][info ][safepoint   ] Safepoint "Cleanup", Time since last: 1000673742 ns, Reaching safepoint: 600741 ns, Cleanup: 9906 ns, At safepoint: 3675 ns, Total: 614322 ns
[2025-03-05T19:33:35.514+0000][595.710s][debug][safepoint   ] Safepoint synchronization initiated using futex wait barrier. (206 threads)
[2025-03-05T19:33:35.515+0000][595.710s][info ][gc,start    ] GC(73) Pause Young (Normal) (G1 Evacuation Pause)
[2025-03-05T19:33:35.515+0000][595.711s][info ][gc,task     ] GC(73) Using 8 workers of 8 for evacuation
[2025-03-05T19:33:35.522+0000][595.718s][info ][gc,phases   ] GC(73)   Pre Evacuate Collection Set: 0.2ms
[2025-03-05T19:33:35.523+0000][595.718s][info ][gc,phases   ] GC(73)   Merge Heap Roots: 0.2ms
[2025-03-05T19:33:35.523+0000][595.718s][info ][gc,phases   ] GC(73)   Evacuate Collection Set: 4.5ms
[2025-03-05T19:33:35.524+0000][595.719s][info ][gc,phases   ] GC(73)   Post Evacuate Collection Set: 1.2ms
[2025-03-05T19:33:35.524+0000][595.720s][info ][gc,phases   ] GC(73)   Other: 1.2ms
[2025-03-05T19:33:35.525+0000][595.720s][info ][gc,heap     ] GC(73) Eden regions: 89->0(89)
[2025-03-05T19:33:35.525+0000][595.721s][info ][gc,heap     ] GC(73) Survivor regions: 5->5(12)
[2025-03-05T19:33:35.526+0000][595.721s][info ][gc,heap     ] GC(73) Old regions: 92->92
[2025-03-05T19:33:35.526+0000][595.722s][info ][gc,heap     ] GC(73) Archive regions: 2->2
[2025-03-05T19:33:35.527+0000][595.722s][info ][gc,heap     ] GC(73) Humongous regions: 0->0
[2025-03-05T19:33:35.528+0000][595.723s][info ][gc,metaspace] GC(73) Metaspace: 186074K(187712K)->186074K(187712K) NonClass: 163201K(164032K)->163201K(164032K) Class: 22873K(23680K)->22873K(23680K)
[2025-03-05T19:33:35.528+0000][595.724s][info ][gc          ] GC(73) Pause Young (Normal) (G1 Evacuation Pause) 371M->193M(432M) 13.345ms
[2025-03-05T19:33:35.529+0000][595.724s][info ][gc,cpu      ] GC(73) User=0.04s Sys=0.00s Real=0.02s
[2025-03-05T19:33:35.530+0000][595.725s][info ][safepoint   ] Safepoint "G1CollectForAllocation", Time since last: 27037567495 ns, Reaching safepoint: 508813 ns, Cleanup: 4453 ns, At safepoint: 14824324 ns, Total: 15337590 ns
[2025-03-05T19:33:36.530+0000][596.726s][debug][safepoint   ] Safepoint synchronization initiated using futex wait barrier. (206 threads)
[2025-03-05T19:33:36.531+0000][596.726s][info ][safepoint   ] Safepoint "Cleanup", Time since last: 1000675579 ns, Reaching safepoint: 462283 ns, Cleanup: 35141 ns, At safepoint: 4822 ns, Total: 502246 ns
[2025-03-05T19:33:41.315+0000][601.511s][debug][safepoint   ] Safepoint synchronization initiated using futex wait barrier. (206 threads)
[2025-03-05T19:33:41.316+0000][601.511s][info ][safepoint   ] Safepoint "Cleanup", Time since last: 4784163059 ns, Reaching safepoint: 755094 ns, Cleanup: 10489 ns, At safepoint: 2860 ns, Total: 768443 ns
[2025-03-05T19:34:13.322+0000][633.519s][debug][safepoint   ] Safepoint synchronization initiated using futex wait barrier. (202 threads)
[2025-03-05T19:34:13.323+0000][633.520s][info ][safepoint   ] Safepoint "Cleanup", Time since last: 32007495347 ns, Reaching safepoint: 1065258 ns, Cleanup: 11798 ns, At safepoint: 4358 ns, Total: 1081414 ns
[2025-03-05T19:34:14.324+0000][634.521s][debug][safepoint   ] Safepoint synchronization initiated using futex wait barrier. (202 threads)
[2025-03-05T19:34:14.325+0000][634.521s][info ][safepoint   ] Safepoint "Cleanup", Time since last: 1000750421 ns, Reaching safepoint: 729456 ns, Cleanup: 12992 ns, At safepoint: 5812 ns, Total: 748260 ns
[2025-03-05T19:34:22.327+0000][642.524s][debug][safepoint   ] Safepoint synchronization initiated using futex wait barrier. (201 threads)
[2025-03-05T19:34:22.328+0000][642.525s][info ][safepoint   ] Safepoint "Cleanup", Time since last: 8002400482 ns, Reaching safepoint: 950543 ns, Cleanup: 11758 ns, At safepoint: 3761 ns, Total: 966062 ns
[2025-03-05T19:34:39.330+0000][659.529s][debug][safepoint   ] Safepoint synchronization initiated using futex wait barrier. (201 threads)
[2025-03-05T19:34:39.331+0000][659.530s][info ][safepoint   ] Safepoint "Cleanup", Time since last: 17003826230 ns, Reaching safepoint: 1135478 ns, Cleanup: 8878 ns, At safepoint: 3583 ns, Total: 1147939 ns
[2025-03-05T19:34:41.333+0000][661.531s][debug][safepoint   ] Safepoint synchronization initiated using futex wait barrier. (201 threads)
[2025-03-05T19:34:41.333+0000][661.532s][info ][safepoint   ] Safepoint "Cleanup", Time since last: 2001369430 ns, Reaching safepoint: 855919 ns, Cleanup: 14617 ns, At safepoint: 4992 ns, Total: 875528 ns
[2025-03-05T19:34:47.336+0000][667.534s][debug][safepoint   ] Safepoint synchronization initiated using futex wait barrier. (201 threads)
[2025-03-05T19:34:47.336+0000][667.535s][info ][safepoint   ] Safepoint "Cleanup", Time since last: 6002144179 ns, Reaching safepoint: 844159 ns, Cleanup: 11641 ns, At safepoint: 3914 ns, Total: 859714 ns
[2025-03-05T19:34:52.338+0000][672.537s][debug][safepoint   ] Safepoint synchronization initiated using futex wait barrier. (199 threads)
[2025-03-05T19:34:52.339+0000][672.537s][info ][safepoint   ] Safepoint "Cleanup", Time since last: 5001840536 ns, Reaching safepoint: 452054 ns, Cleanup: 10496 ns, At safepoint: 3296 ns, Total: 465846 ns
[2025-03-05T19:35:15.343+0000][695.542s][debug][safepoint   ] Safepoint synchronization initiated using futex wait barrier. (199 threads)
[2025-03-05T19:35:15.343+0000][695.543s][info ][safepoint   ] Safepoint "Cleanup", Time since last: 23005101912 ns, Reaching safepoint: 710205 ns, Cleanup: 11535 ns, At safepoint: 2973 ns, Total: 724713 ns
[2025-03-05T19:35:19.345+0000][699.545s][debug][safepoint   ] Safepoint synchronization initiated using futex wait barrier. (198 threads)
[2025-03-05T19:35:19.346+0000][699.546s][info ][safepoint   ] Safepoint "Cleanup", Time since last: 4001659354 ns, Reaching safepoint: 847767 ns, Cleanup: 13226 ns, At safepoint: 3333 ns, Total: 864326 ns
[2025-03-05T19:35:27.347+0000][707.548s][debug][safepoint   ] Safepoint synchronization initiated using futex wait barrier. (198 threads)
[2025-03-05T19:35:27.348+0000][707.549s][info ][safepoint   ] Safepoint "Cleanup", Time since last: 8002631942 ns, Reaching safepoint: 835151 ns, Cleanup: 12758 ns, At safepoint: 185223 ns, Total: 1033132 ns
[2025-03-05T19:35:37.350+0000][717.552s][debug][safepoint   ] Safepoint synchronization initiated using futex wait barrier. (198 threads)
[2025-03-05T19:35:37.351+0000][717.553s][info ][safepoint   ] Safepoint "Cleanup", Time since last: 10002691302 ns, Reaching safepoint: 606019 ns, Cleanup: 10346 ns, At safepoint: 3581 ns, Total: 619946 ns
[2025-03-05T19:35:47.353+0000][727.555s][debug][safepoint   ] Safepoint synchronization initiated using futex wait barrier. (198 threads)
[2025-03-05T19:35:47.354+0000][727.556s][info ][safepoint   ] Safepoint "Cleanup", Time since last: 10002341466 ns, Reaching safepoint: 639191 ns, Cleanup: 10873 ns, At safepoint: 2972 ns, Total: 653036 ns
[2025-03-05T19:35:49.355+0000][729.557s][debug][safepoint   ] Safepoint synchronization initiated using futex wait barrier. (197 threads)
[2025-03-05T19:35:49.356+0000][729.557s][info ][safepoint   ] Safepoint "Cleanup", Time since last: 2000928920 ns, Reaching safepoint: 720204 ns, Cleanup: 16967 ns, At safepoint: 3133 ns, Total: 740304 ns
[2025-03-05T19:36:05.189+0000][745.400s][debug][safepoint   ] Safepoint synchronization initiated using futex wait barrier. (197 threads)
[2025-03-05T19:36:05.189+0000][745.401s][info ][gc,start    ] GC(74) Pause Young (Normal) (G1 Evacuation Pause)
[2025-03-05T19:36:05.190+0000][745.402s][info ][gc,task     ] GC(74) Using 8 workers of 8 for evacuation
[2025-03-05T19:36:05.197+0000][745.408s][info ][gc,phases   ] GC(74)   Pre Evacuate Collection Set: 0.4ms
[2025-03-05T19:36:05.198+0000][745.409s][info ][gc,phases   ] GC(74)   Merge Heap Roots: 0.2ms
[2025-03-05T19:36:05.199+0000][745.410s][info ][gc,phases   ] GC(74)   Evacuate Collection Set: 3.8ms
[2025-03-05T19:36:05.199+0000][745.411s][info ][gc,phases   ] GC(74)   Post Evacuate Collection Set: 1.4ms
[2025-03-05T19:36:05.200+0000][745.412s][info ][gc,phases   ] GC(74)   Other: 1.9ms
[2025-03-05T19:36:05.201+0000][745.412s][info ][gc,heap     ] GC(74) Eden regions: 89->0(90)
[2025-03-05T19:36:05.202+0000][745.413s][info ][gc,heap     ] GC(74) Survivor regions: 5->5(12)
[2025-03-05T19:36:05.202+0000][745.414s][info ][gc,heap     ] GC(74) Old regions: 92->92
[2025-03-05T19:36:05.203+0000][745.414s][info ][gc,heap     ] GC(74) Archive regions: 2->2
[2025-03-05T19:36:05.203+0000][745.415s][info ][gc,heap     ] GC(74) Humongous regions: 0->0
[2025-03-05T19:36:05.204+0000][745.415s][info ][gc,metaspace] GC(74) Metaspace: 186150K(187776K)->186150K(187776K) NonClass: 163277K(164096K)->163277K(164096K) Class: 22873K(23680K)->22873K(23680K)
[2025-03-05T19:36:05.205+0000][745.416s][info ][gc          ] GC(74) Pause Young (Normal) (G1 Evacuation Pause) 371M->193M(432M) 15.321ms
[2025-03-05T19:36:05.205+0000][745.416s][info ][gc,cpu      ] GC(74) User=0.03s Sys=0.00s Real=0.02s
[2025-03-05T19:36:05.206+0000][745.417s][info ][safepoint   ] Safepoint "G1CollectForAllocation", Time since last: 15842503768 ns, Reaching safepoint: 819337 ns, Cleanup: 4772 ns, At safepoint: 16415989 ns, Total: 17240098 ns
[2025-03-05T19:36:16.209+0000][756.420s][debug][safepoint   ] Safepoint synchronization initiated using futex wait barrier. (197 threads)
[2025-03-05T19:36:16.210+0000][756.421s][info ][safepoint   ] Safepoint "Cleanup", Time since last: 11003351874 ns, Reaching safepoint: 747851 ns, Cleanup: 17888 ns, At safepoint: 3811 ns, Total: 769550 ns
[2025-03-05T19:36:43.213+0000][783.428s][debug][safepoint   ] Safepoint synchronization initiated using futex wait barrier. (196 threads)
[2025-03-05T19:36:43.214+0000][783.429s][info ][safepoint   ] Safepoint "Cleanup", Time since last: 27006670112 ns, Reaching safepoint: 970833 ns, Cleanup: 12233 ns, At safepoint: 3776 ns, Total: 986842 ns
[2025-03-05T19:36:45.215+0000][785.430s][debug][safepoint   ] Safepoint synchronization initiated using futex wait barrier. (196 threads)
[2025-03-05T19:36:45.216+0000][785.430s][info ][safepoint   ] Safepoint "Cleanup", Time since last: 2001092167 ns, Reaching safepoint: 520441 ns, Cleanup: 35851 ns, At safepoint: 6142 ns, Total: 562434 ns
[2025-03-05T19:36:47.217+0000][787.431s][debug][safepoint   ] Safepoint synchronization initiated using futex wait barrier. (196 threads)
[2025-03-05T19:36:47.217+0000][787.432s][info ][safepoint   ] Safepoint "Cleanup", Time since last: 2000660339 ns, Reaching safepoint: 514342 ns, Cleanup: 10081 ns, At safepoint: 2928 ns, Total: 527351 ns
[2025-03-05T19:36:50.218+0000][790.433s][debug][safepoint   ] Safepoint synchronization initiated using futex wait barrier. (195 threads)
[2025-03-05T19:36:50.219+0000][790.433s][info ][safepoint   ] Safepoint "Cleanup", Time since last: 3001075783 ns, Reaching safepoint: 536426 ns, Cleanup: 10893 ns, At safepoint: 3591 ns, Total: 550910 ns
[2025-03-05T19:36:53.220+0000][793.434s][debug][safepoint   ] Safepoint synchronization initiated using futex wait barrier. (195 threads)
[2025-03-05T19:36:53.221+0000][793.435s][info ][safepoint   ] Safepoint "Cleanup", Time since last: 3001097994 ns, Reaching safepoint: 826006 ns, Cleanup: 42078 ns, At safepoint: 52692 ns, Total: 920776 ns
[2025-03-05T19:36:55.219+0000][795.436s][debug][safepoint   ] Safepoint synchronization initiated using futex wait barrier. (195 threads)
[2025-03-05T19:36:55.220+0000][795.437s][info ][safepoint   ] Safepoint "Cleanup", Time since last: 2000839179 ns, Reaching safepoint: 932256 ns, Cleanup: 25119 ns, At safepoint: 3358 ns, Total: 960733 ns
[2025-03-05T19:36:56.221+0000][796.438s][debug][safepoint   ] Safepoint synchronization initiated using futex wait barrier. (196 threads)
[2025-03-05T19:36:56.221+0000][796.439s][info ][safepoint   ] Safepoint "Cleanup", Time since last: 1001006873 ns, Reaching safepoint: 725445 ns, Cleanup: 14819 ns, At safepoint: 3153 ns, Total: 743417 ns
[2025-03-05T19:36:57.222+0000][797.440s][debug][safepoint   ] Safepoint synchronization initiated using futex wait barrier. (196 threads)
[2025-03-05T19:36:57.223+0000][797.441s][info ][safepoint   ] Safepoint "Cleanup", Time since last: 1000848149 ns, Reaching safepoint: 870998 ns, Cleanup: 17405 ns, At safepoint: 4158 ns, Total: 892561 ns
[2025-03-05T19:36:59.224+0000][799.442s][debug][safepoint   ] Safepoint synchronization initiated using futex wait barrier. (196 threads)
[2025-03-05T19:36:59.225+0000][799.443s][info ][safepoint   ] Safepoint "Cleanup", Time since last: 2001368307 ns, Reaching safepoint: 869596 ns, Cleanup: 9574 ns, At safepoint: 3183 ns, Total: 882353 ns
[2025-03-05T19:37:02.227+0000][802.444s][debug][safepoint   ] Safepoint synchronization initiated using futex wait barrier. (196 threads)
[2025-03-05T19:37:02.228+0000][802.445s][info ][safepoint   ] Safepoint "Cleanup", Time since last: 3001588320 ns, Reaching safepoint: 655233 ns, Cleanup: 13001 ns, At safepoint: 3263 ns, Total: 671497 ns
[2025-03-05T19:37:16.230+0000][816.448s][debug][safepoint   ] Safepoint synchronization initiated using futex wait barrier. (196 threads)
[2025-03-05T19:37:16.231+0000][816.448s][info ][safepoint   ] Safepoint "Cleanup", Time since last: 14002588370 ns, Reaching safepoint: 539802 ns, Cleanup: 21869 ns, At safepoint: 5007 ns, Total: 566678 ns
[2025-03-05T19:37:53.483+0000][853.703s][debug][safepoint   ] Safepoint synchronization initiated using futex wait barrier. (195 threads)
[2025-03-05T19:37:53.484+0000][853.704s][info ][safepoint   ] Safepoint "Cleanup", Time since last: 37254805704 ns, Reaching safepoint: 464127 ns, Cleanup: 26981 ns, At safepoint: 4044 ns, Total: 495152 ns
[2025-03-05T19:38:02.483+0000][862.705s][debug][safepoint   ] Safepoint synchronization initiated using futex wait barrier. (194 threads)
[2025-03-05T19:38:02.484+0000][862.706s][info ][safepoint   ] Safepoint "Cleanup", Time since last: 9001944505 ns, Reaching safepoint: 888128 ns, Cleanup: 10612 ns, At safepoint: 3695 ns, Total: 902435 ns
[2025-03-05T19:38:09.016+0000][869.238s][debug][safepoint   ] Safepoint synchronization initiated using futex wait barrier. (198 threads)
[2025-03-05T19:38:09.016+0000][869.239s][info ][gc,start    ] GC(75) Pause Young (Normal) (G1 Evacuation Pause)
[2025-03-05T19:38:09.017+0000][869.240s][info ][gc,task     ] GC(75) Using 8 workers of 8 for evacuation
[2025-03-05T19:38:09.025+0000][869.247s][info ][gc,phases   ] GC(75)   Pre Evacuate Collection Set: 0.3ms
[2025-03-05T19:38:09.025+0000][869.248s][info ][gc,phases   ] GC(75)   Merge Heap Roots: 0.2ms
[2025-03-05T19:38:09.026+0000][869.248s][info ][gc,phases   ] GC(75)   Evacuate Collection Set: 5.2ms
[2025-03-05T19:38:09.026+0000][869.249s][info ][gc,phases   ] GC(75)   Post Evacuate Collection Set: 1.0ms
[2025-03-05T19:38:09.027+0000][869.250s][info ][gc,phases   ] GC(75)   Other: 1.7ms
[2025-03-05T19:38:09.027+0000][869.250s][info ][gc,heap     ] GC(75) Eden regions: 90->0(90)
[2025-03-05T19:38:09.028+0000][869.250s][info ][gc,heap     ] GC(75) Survivor regions: 5->5(12)
[2025-03-05T19:38:09.028+0000][869.251s][info ][gc,heap     ] GC(75) Old regions: 92->92
[2025-03-05T19:38:09.029+0000][869.252s][info ][gc,heap     ] GC(75) Archive regions: 2->2
[2025-03-05T19:38:09.029+0000][869.252s][info ][gc,heap     ] GC(75) Humongous regions: 0->0
[2025-03-05T19:38:09.030+0000][869.252s][info ][gc,metaspace] GC(75) Metaspace: 186901K(188480K)->186901K(188480K) NonClass: 163940K(164736K)->163940K(164736K) Class: 22961K(23744K)->22961K(23744K)
[2025-03-05T19:38:09.030+0000][869.253s][info ][gc          ] GC(75) Pause Young (Normal) (G1 Evacuation Pause) 373M->194M(432M) 13.864ms
[2025-03-05T19:38:09.031+0000][869.253s][info ][gc,cpu      ] GC(75) User=0.05s Sys=0.00s Real=0.02s
[2025-03-05T19:38:09.031+0000][869.254s][info ][safepoint   ] Safepoint "G1CollectForAllocation", Time since last: 6531763692 ns, Reaching safepoint: 802632 ns, Cleanup: 18474 ns, At safepoint: 15052298 ns, Total: 15873404 ns
[2025-03-05T19:38:13.032+0000][873.255s][debug][safepoint   ] Safepoint synchronization initiated using futex wait barrier. (201 threads)
[2025-03-05T19:38:13.033+0000][873.255s][info ][safepoint   ] Safepoint "Cleanup", Time since last: 4000886601 ns, Reaching safepoint: 474694 ns, Cleanup: 23256 ns, At safepoint: 3715 ns, Total: 501665 ns
[2025-03-05T19:38:19.034+0000][879.257s][debug][safepoint   ] Safepoint synchronization initiated using futex wait barrier. (202 threads)
[2025-03-05T19:38:19.035+0000][879.257s][info ][safepoint   ] Safepoint "Cleanup", Time since last: 6001468925 ns, Reaching safepoint: 613415 ns, Cleanup: 12172 ns, At safepoint: 4619 ns, Total: 630206 ns
[2025-03-05T19:38:27.034+0000][887.259s][debug][safepoint   ] Safepoint synchronization initiated using futex wait barrier. (203 threads)
[2025-03-05T19:38:27.035+0000][887.259s][info ][safepoint   ] Safepoint "Cleanup", Time since last: 8001433407 ns, Reaching safepoint: 330988 ns, Cleanup: 17722 ns, At safepoint: 5971 ns, Total: 354681 ns
[2025-03-05T19:38:29.035+0000][889.260s][debug][safepoint   ] Safepoint synchronization initiated using futex wait barrier. (203 threads)
[2025-03-05T19:38:29.035+0000][889.260s][info ][safepoint   ] Safepoint "Cleanup", Time since last: 2000419746 ns, Reaching safepoint: 365707 ns, Cleanup: 16846 ns, At safepoint: 5763 ns, Total: 388316 ns
[2025-03-05T19:38:40.520+0000][900.745s][debug][safepoint   ] Safepoint synchronization initiated using futex wait barrier. (204 threads)
[2025-03-05T19:38:40.521+0000][900.746s][info ][safepoint   ] Safepoint "Cleanup", Time since last: 11484761243 ns, Reaching safepoint: 718409 ns, Cleanup: 9867 ns, At safepoint: 2509 ns, Total: 730785 ns
[2025-03-05T19:39:02.523+0000][922.750s][debug][safepoint   ] Safepoint synchronization initiated using futex wait barrier. (204 threads)
[2025-03-05T19:39:02.524+0000][922.751s][info ][safepoint   ] Safepoint "Cleanup", Time since last: 22004299885 ns, Reaching safepoint: 794587 ns, Cleanup: 12262 ns, At safepoint: 4422 ns, Total: 811271 ns
[2025-03-05T19:39:14.527+0000][934.753s][debug][safepoint   ] Safepoint synchronization initiated using futex wait barrier. (203 threads)
[2025-03-05T19:39:14.527+0000][934.754s][info ][safepoint   ] Safepoint "Cleanup", Time since last: 12002742639 ns, Reaching safepoint: 804864 ns, Cleanup: 8429 ns, At safepoint: 3562 ns, Total: 816855 ns
[2025-03-05T19:39:16.529+0000][936.756s][debug][safepoint   ] Safepoint synchronization initiated using futex wait barrier. (203 threads)
[2025-03-05T19:39:16.530+0000][936.756s][info ][safepoint   ] Safepoint "Cleanup", Time since last: 2001244595 ns, Reaching safepoint: 884254 ns, Cleanup: 11594 ns, At safepoint: 4033 ns, Total: 899881 ns
[2025-03-05T19:39:25.529+0000][945.759s][debug][safepoint   ] Safepoint synchronization initiated using futex wait barrier. (205 threads)
[2025-03-05T19:39:25.530+0000][945.759s][info ][safepoint   ] Safepoint "Cleanup", Time since last: 9002268969 ns, Reaching safepoint: 385110 ns, Cleanup: 31854 ns, At safepoint: 14083 ns, Total: 431047 ns
[2025-03-05T19:39:27.243+0000][947.472s][debug][safepoint   ] Safepoint synchronization initiated using futex wait barrier. (217 threads)
[2025-03-05T19:39:27.243+0000][947.473s][info ][safepoint   ] Safepoint "Cleanup", Time since last: 1713094916 ns, Reaching safepoint: 690728 ns, Cleanup: 97526 ns, At safepoint: 5616 ns, Total: 793870 ns
[2025-03-05T19:39:27.936+0000][948.166s][debug][safepoint   ] Safepoint synchronization initiated using futex wait barrier. (217 threads)
[2025-03-05T19:39:27.937+0000][948.166s][info ][gc,start    ] GC(76) Pause Young (Normal) (G1 Evacuation Pause)
[2025-03-05T19:39:27.937+0000][948.167s][info ][gc,task     ] GC(76) Using 8 workers of 8 for evacuation
[2025-03-05T19:39:27.944+0000][948.174s][info ][gc,phases   ] GC(76)   Pre Evacuate Collection Set: 0.2ms
[2025-03-05T19:39:27.944+0000][948.174s][info ][gc,phases   ] GC(76)   Merge Heap Roots: 0.2ms
[2025-03-05T19:39:27.945+0000][948.175s][info ][gc,phases   ] GC(76)   Evacuate Collection Set: 5.1ms
[2025-03-05T19:39:27.946+0000][948.175s][info ][gc,phases   ] GC(76)   Post Evacuate Collection Set: 1.0ms
[2025-03-05T19:39:27.946+0000][948.176s][info ][gc,phases   ] GC(76)   Other: 0.9ms
[2025-03-05T19:39:27.947+0000][948.176s][info ][gc,heap     ] GC(76) Eden regions: 90->0(86)
[2025-03-05T19:39:27.947+0000][948.176s][info ][gc,heap     ] GC(76) Survivor regions: 5->7(12)
[2025-03-05T19:39:27.947+0000][948.177s][info ][gc,heap     ] GC(76) Old regions: 92->92
[2025-03-05T19:39:27.947+0000][948.177s][info ][gc,heap     ] GC(76) Archive regions: 2->2
[2025-03-05T19:39:27.948+0000][948.177s][info ][gc,heap     ] GC(76) Humongous regions: 0->0
[2025-03-05T19:39:27.948+0000][948.178s][info ][gc,metaspace] GC(76) Metaspace: 191709K(193408K)->191709K(193408K) NonClass: 168109K(169024K)->168109K(169024K) Class: 23599K(24384K)->23599K(24384K)
[2025-03-05T19:39:27.949+0000][948.178s][info ][gc          ] GC(76) Pause Young (Normal) (G1 Evacuation Pause) 374M->197M(432M) 11.932ms
[2025-03-05T19:39:27.949+0000][948.179s][info ][gc,cpu      ] GC(76) User=0.03s Sys=0.00s Real=0.01s
[2025-03-05T19:39:27.949+0000][948.179s][info ][safepoint   ] Safepoint "G1CollectForAllocation", Time since last: 692778360 ns, Reaching safepoint: 432978 ns, Cleanup: 4495 ns, At safepoint: 12778503 ns, Total: 13215976 ns
[2025-03-05T19:39:28.950+0000][949.179s][debug][safepoint   ] Safepoint synchronization initiated using futex wait barrier. (217 threads)
[2025-03-05T19:39:28.951+0000][949.180s][info ][safepoint   ] Safepoint "Cleanup", Time since last: 1000490666 ns, Reaching safepoint: 886661 ns, Cleanup: 9445 ns, At safepoint: 3877 ns, Total: 899983 ns
[2025-03-05T19:39:30.952+0000][951.181s][debug][safepoint   ] Safepoint synchronization initiated using futex wait barrier. (217 threads)
[2025-03-05T19:39:30.953+0000][951.182s][info ][safepoint   ] Safepoint "Cleanup", Time since last: 2001092265 ns, Reaching safepoint: 667982 ns, Cleanup: 18367 ns, At safepoint: 3244 ns, Total: 689593 ns
[2025-03-05T19:39:35.955+0000][956.184s][debug][safepoint   ] Safepoint synchronization initiated using futex wait barrier. (218 threads)
[2025-03-05T19:39:35.955+0000][956.185s][info ][safepoint   ] Safepoint "Cleanup", Time since last: 5002064288 ns, Reaching safepoint: 681916 ns, Cleanup: 13042 ns, At safepoint: 3491 ns, Total: 698449 ns
[2025-03-05T19:39:36.956+0000][957.186s][debug][safepoint   ] Safepoint synchronization initiated using futex wait barrier. (218 threads)
[2025-03-05T19:39:36.957+0000][957.186s][info ][safepoint   ] Safepoint "Cleanup", Time since last: 1000892859 ns, Reaching safepoint: 451840 ns, Cleanup: 11519 ns, At safepoint: 3435 ns, Total: 466794 ns
[2025-03-05T19:39:40.562+0000][960.792s][debug][safepoint   ] Safepoint synchronization initiated using futex wait barrier. (218 threads)
[2025-03-05T19:39:40.563+0000][960.792s][info ][safepoint   ] Safepoint "Cleanup", Time since last: 3605319052 ns, Reaching safepoint: 585917 ns, Cleanup: 9863 ns, At safepoint: 3251 ns, Total: 599031 ns
[2025-03-05T19:39:50.565+0000][970.795s][debug][safepoint   ] Safepoint synchronization initiated using futex wait barrier. (218 threads)
[2025-03-05T19:39:50.567+0000][970.796s][info ][safepoint   ] Safepoint "Cleanup", Time since last: 10002738086 ns, Reaching safepoint: 1147810 ns, Cleanup: 10692 ns, At safepoint: 3857 ns, Total: 1162359 ns
[2025-03-05T19:40:02.569+0000][982.800s][debug][safepoint   ] Safepoint synchronization initiated using futex wait barrier. (218 threads)
[2025-03-05T19:40:02.569+0000][982.801s][info ][safepoint   ] Safepoint "Cleanup", Time since last: 12004305673 ns, Reaching safepoint: 814773 ns, Cleanup: 10292 ns, At safepoint: 3929 ns, Total: 828994 ns
[2025-03-05T19:40:19.574+0000][999.806s][debug][safepoint   ] Safepoint synchronization initiated using futex wait barrier. (218 threads)
[2025-03-05T19:40:19.575+0000][999.807s][info ][safepoint   ] Safepoint "Cleanup", Time since last: 17004513889 ns, Reaching safepoint: 977263 ns, Cleanup: 12566 ns, At safepoint: 4523 ns, Total: 994352 ns
[2025-03-05T19:40:26.575+0000][1006.809s][debug][safepoint   ] Safepoint synchronization initiated using futex wait barrier. (214 threads)
[2025-03-05T19:40:26.578+0000][1006.813s][info ][safepoint   ] Safepoint "Cleanup", Time since last: 7002286938 ns, Reaching safepoint: 3666779 ns, Cleanup: 10655 ns, At safepoint: 3665 ns, Total: 3681099 ns
[2025-03-05T19:40:36.582+0000][1016.816s][debug][safepoint   ] Safepoint synchronization initiated using futex wait barrier. (214 threads)
[2025-03-05T19:40:36.584+0000][1016.818s][info ][safepoint   ] Safepoint "Cleanup", Time since last: 10003622218 ns, Reaching safepoint: 1813158 ns, Cleanup: 10086 ns, At safepoint: 3723 ns, Total: 1826967 ns
[2025-03-05T19:40:40.587+0000][1020.821s][debug][safepoint   ] Safepoint synchronization initiated using futex wait barrier. (211 threads)
[2025-03-05T19:40:40.588+0000][1020.822s][info ][safepoint   ] Safepoint "Cleanup", Time since last: 4002731756 ns, Reaching safepoint: 1108712 ns, Cleanup: 9910 ns, At safepoint: 3214 ns, Total: 1121836 ns
[2025-03-05T19:40:42.589+0000][1022.823s][debug][safepoint   ] Safepoint synchronization initiated using futex wait barrier. (211 threads)
[2025-03-05T19:40:42.591+0000][1022.825s][info ][safepoint   ] Safepoint "Cleanup", Time since last: 2001502545 ns, Reaching safepoint: 1705636 ns, Cleanup: 9041 ns, At safepoint: 3437 ns, Total: 1718114 ns
[2025-03-05T19:41:20.601+0000][1060.838s][debug][safepoint   ] Safepoint synchronization initiated using futex wait barrier. (208 threads)
[2025-03-05T19:41:20.603+0000][1060.839s][info ][safepoint   ] Safepoint "Cleanup", Time since last: 38012812499 ns, Reaching safepoint: 1064271 ns, Cleanup: 10299 ns, At safepoint: 3481 ns, Total: 1078051 ns
[2025-03-05T19:41:51.185+0000][1091.425s][debug][safepoint   ] Safepoint synchronization initiated using futex wait barrier. (206 threads)
[2025-03-05T19:41:51.187+0000][1091.426s][info ][gc,start    ] GC(77) Pause Young (Normal) (G1 Evacuation Pause)
[2025-03-05T19:41:51.188+0000][1091.427s][info ][gc,task     ] GC(77) Using 8 workers of 8 for evacuation
[2025-03-05T19:41:51.198+0000][1091.437s][info ][gc,phases   ] GC(77)   Pre Evacuate Collection Set: 0.6ms
[2025-03-05T19:41:51.199+0000][1091.438s][info ][gc,phases   ] GC(77)   Merge Heap Roots: 0.4ms
[2025-03-05T19:41:51.199+0000][1091.439s][info ][gc,phases   ] GC(77)   Evacuate Collection Set: 5.6ms
[2025-03-05T19:41:51.200+0000][1091.439s][info ][gc,phases   ] GC(77)   Post Evacuate Collection Set: 2.1ms
[2025-03-05T19:41:51.201+0000][1091.440s][info ][gc,phases   ] GC(77)   Other: 2.4ms
[2025-03-05T19:41:51.202+0000][1091.441s][info ][gc,heap     ] GC(77) Eden regions: 86->0(86)
[2025-03-05T19:41:51.203+0000][1091.442s][info ][gc,heap     ] GC(77) Survivor regions: 7->7(12)
[2025-03-05T19:41:51.204+0000][1091.443s][info ][gc,heap     ] GC(77) Old regions: 92->92
[2025-03-05T19:41:51.205+0000][1091.444s][info ][gc,heap     ] GC(77) Archive regions: 2->2
[2025-03-05T19:41:51.205+0000][1091.444s][info ][gc,heap     ] GC(77) Humongous regions: 0->0
[2025-03-05T19:41:51.206+0000][1091.445s][info ][gc,metaspace] GC(77) Metaspace: 191811K(193472K)->191811K(193472K) NonClass: 168205K(169088K)->168205K(169088K) Class: 23605K(24384K)->23605K(24384K)
[2025-03-05T19:41:51.207+0000][1091.446s][info ][gc          ] GC(77) Pause Young (Normal) (G1 Evacuation Pause) 369M->197M(432M) 20.062ms
[2025-03-05T19:41:51.208+0000][1091.447s][info ][gc,cpu      ] GC(77) User=0.04s Sys=0.00s Real=0.02s
[2025-03-05T19:41:51.208+0000][1091.448s][info ][safepoint   ] Safepoint "G1CollectForAllocation", Time since last: 30585484077 ns, Reaching safepoint: 1082575 ns, Cleanup: 4297 ns, At safepoint: 21870952 ns, Total: 22957824 ns
[2025-03-05T19:42:41.217+0000][1141.461s][debug][safepoint   ] Safepoint synchronization initiated using futex wait barrier. (206 threads)
[2025-03-05T19:42:41.218+0000][1141.461s][info ][safepoint   ] Safepoint "Cleanup", Time since last: 50013096762 ns, Reaching safepoint: 781533 ns, Cleanup: 26896 ns, At safepoint: 3293 ns, Total: 811722 ns
[2025-03-05T19:43:04.221+0000][1164.467s][debug][safepoint   ] Safepoint synchronization initiated using futex wait barrier. (206 threads)
[2025-03-05T19:43:04.222+0000][1164.468s][info ][safepoint   ] Safepoint "Cleanup", Time since last: 23005159421 ns, Reaching safepoint: 1025538 ns, Cleanup: 30183 ns, At safepoint: 3644 ns, Total: 1059365 ns
[2025-03-05T19:43:07.223+0000][1167.469s][debug][safepoint   ] Safepoint synchronization initiated using futex wait barrier. (206 threads)
[2025-03-05T19:43:07.224+0000][1167.470s][info ][safepoint   ] Safepoint "Cleanup", Time since last: 3001424295 ns, Reaching safepoint: 719342 ns, Cleanup: 13796 ns, At safepoint: 3541 ns, Total: 736679 ns
[2025-03-05T19:43:08.225+0000][1168.471s][debug][safepoint   ] Safepoint synchronization initiated using futex wait barrier. (205 threads)
[2025-03-05T19:43:08.225+0000][1168.471s][info ][safepoint   ] Safepoint "Cleanup", Time since last: 1000719203 ns, Reaching safepoint: 426155 ns, Cleanup: 16230 ns, At safepoint: 4177 ns, Total: 446562 ns
[2025-03-05T19:43:10.226+0000][1170.472s][debug][safepoint   ] Safepoint synchronization initiated using futex wait barrier. (205 threads)
[2025-03-05T19:43:10.227+0000][1170.473s][info ][safepoint   ] Safepoint "Cleanup", Time since last: 2001227556 ns, Reaching safepoint: 1110157 ns, Cleanup: 14042 ns, At safepoint: 3940 ns, Total: 1128139 ns
[2025-03-05T19:43:14.229+0000][1174.475s][debug][safepoint   ] Safepoint synchronization initiated using futex wait barrier. (205 threads)
[2025-03-05T19:43:14.230+0000][1174.476s][info ][safepoint   ] Safepoint "Cleanup", Time since last: 4001878690 ns, Reaching safepoint: 993062 ns, Cleanup: 18519 ns, At safepoint: 3988 ns, Total: 1015569 ns
[2025-03-05T19:43:41.234+0000][1201.482s][debug][safepoint   ] Safepoint synchronization initiated using futex wait barrier. (205 threads)
[2025-03-05T19:43:41.235+0000][1201.483s][info ][safepoint   ] Safepoint "Cleanup", Time since last: 27006245495 ns, Reaching safepoint: 810072 ns, Cleanup: 12740 ns, At safepoint: 3839 ns, Total: 826651 ns
[2025-03-05T19:44:02.237+0000][1222.488s][debug][safepoint   ] Safepoint synchronization initiated using futex wait barrier. (205 threads)
[2025-03-05T19:44:02.238+0000][1222.489s][info ][safepoint   ] Safepoint "Cleanup", Time since last: 21004693860 ns, Reaching safepoint: 853807 ns, Cleanup: 18068 ns, At safepoint: 3421 ns, Total: 875296 ns
[2025-03-05T19:44:14.128+0000][1234.379s][debug][safepoint   ] Safepoint synchronization initiated using futex wait barrier. (205 threads)
[2025-03-05T19:44:14.130+0000][1234.380s][info ][gc,start    ] GC(78) Pause Young (Normal) (G1 Evacuation Pause)
[2025-03-05T19:44:14.131+0000][1234.381s][info ][gc,task     ] GC(78) Using 8 workers of 8 for evacuation
[2025-03-05T19:44:14.140+0000][1234.390s][info ][gc,phases   ] GC(78)   Pre Evacuate Collection Set: 0.4ms
[2025-03-05T19:44:14.140+0000][1234.391s][info ][gc,phases   ] GC(78)   Merge Heap Roots: 0.3ms
[2025-03-05T19:44:14.141+0000][1234.391s][info ][gc,phases   ] GC(78)   Evacuate Collection Set: 6.1ms
[2025-03-05T19:44:14.141+0000][1234.392s][info ][gc,phases   ] GC(78)   Post Evacuate Collection Set: 1.2ms
[2025-03-05T19:44:14.142+0000][1234.393s][info ][gc,phases   ] GC(78)   Other: 2.1ms
[2025-03-05T19:44:14.142+0000][1234.393s][info ][gc,heap     ] GC(78) Eden regions: 86->0(86)
[2025-03-05T19:44:14.143+0000][1234.394s][info ][gc,heap     ] GC(78) Survivor regions: 7->7(12)
[2025-03-05T19:44:14.143+0000][1234.394s][info ][gc,heap     ] GC(78) Old regions: 92->92
[2025-03-05T19:44:14.144+0000][1234.395s][info ][gc,heap     ] GC(78) Archive regions: 2->2
[2025-03-05T19:44:14.145+0000][1234.395s][info ][gc,heap     ] GC(78) Humongous regions: 0->0
[2025-03-05T19:44:14.145+0000][1234.396s][info ][gc,metaspace] GC(78) Metaspace: 191871K(193472K)->191871K(193472K) NonClass: 168263K(169088K)->168263K(169088K) Class: 23608K(24384K)->23608K(24384K)
[2025-03-05T19:44:14.146+0000][1234.396s][info ][gc          ] GC(78) Pause Young (Normal) (G1 Evacuation Pause) 369M->196M(432M) 15.943ms
[2025-03-05T19:44:14.146+0000][1234.397s][info ][gc,cpu      ] GC(78) User=0.04s Sys=0.00s Real=0.02s
[2025-03-05T19:44:14.147+0000][1234.398s][info ][safepoint   ] Safepoint "G1CollectForAllocation", Time since last: 11890295465 ns, Reaching safepoint: 1078917 ns, Cleanup: 4180 ns, At safepoint: 17500836 ns, Total: 18583933 ns
[2025-03-05T19:44:24.148+0000][1244.401s][debug][safepoint   ] Safepoint synchronization initiated using futex wait barrier. (205 threads)
[2025-03-05T19:44:24.148+0000][1244.402s][info ][safepoint   ] Safepoint "Cleanup", Time since last: 10003200936 ns, Reaching safepoint: 640318 ns, Cleanup: 42664 ns, At safepoint: 4245 ns, Total: 687227 ns
[2025-03-05T19:45:43.161+0000][1323.419s][debug][safepoint   ] Safepoint synchronization initiated using futex wait barrier. (205 threads)
[2025-03-05T19:45:43.162+0000][1323.420s][info ][safepoint   ] Safepoint "Cleanup", Time since last: 79017087484 ns, Reaching safepoint: 869602 ns, Cleanup: 19612 ns, At safepoint: 4365 ns, Total: 893579 ns
[2025-03-05T19:46:39.171+0000][1379.432s][debug][safepoint   ] Safepoint synchronization initiated using futex wait barrier. (205 threads)
[2025-03-05T19:46:39.171+0000][1379.433s][info ][safepoint   ] Safepoint "Cleanup", Time since last: 56012844838 ns, Reaching safepoint: 615098 ns, Cleanup: 14429 ns, At safepoint: 5419 ns, Total: 634946 ns
[2025-03-05T19:46:39.394+0000][1379.656s][debug][safepoint   ] Safepoint synchronization initiated using futex wait barrier. (205 threads)
[2025-03-05T19:46:39.395+0000][1379.657s][info ][gc,start    ] GC(79) Pause Young (Normal) (G1 Evacuation Pause)
[2025-03-05T19:46:39.395+0000][1379.657s][info ][gc,task     ] GC(79) Using 8 workers of 8 for evacuation
[2025-03-05T19:46:39.403+0000][1379.665s][info ][gc,phases   ] GC(79)   Pre Evacuate Collection Set: 0.2ms
[2025-03-05T19:46:39.403+0000][1379.665s][info ][gc,phases   ] GC(79)   Merge Heap Roots: 0.3ms
[2025-03-05T19:46:39.404+0000][1379.666s][info ][gc,phases   ] GC(79)   Evacuate Collection Set: 5.6ms
[2025-03-05T19:46:39.405+0000][1379.666s][info ][gc,phases   ] GC(79)   Post Evacuate Collection Set: 1.1ms
[2025-03-05T19:46:39.405+0000][1379.667s][info ][gc,phases   ] GC(79)   Other: 1.0ms
[2025-03-05T19:46:39.406+0000][1379.668s][info ][gc,heap     ] GC(79) Eden regions: 86->0(86)
[2025-03-05T19:46:39.406+0000][1379.668s][info ][gc,heap     ] GC(79) Survivor regions: 7->7(12)
[2025-03-05T19:46:39.407+0000][1379.669s][info ][gc,heap     ] GC(79) Old regions: 92->92
[2025-03-05T19:46:39.408+0000][1379.670s][info ][gc,heap     ] GC(79) Archive regions: 2->2
[2025-03-05T19:46:39.408+0000][1379.670s][info ][gc,heap     ] GC(79) Humongous regions: 0->0
[2025-03-05T19:46:39.409+0000][1379.671s][info ][gc,metaspace] GC(79) Metaspace: 191884K(193536K)->191884K(193536K) NonClass: 168275K(169152K)->168275K(169152K) Class: 23609K(24384K)->23609K(24384K)
[2025-03-05T19:46:39.409+0000][1379.671s][info ][gc          ] GC(79) Pause Young (Normal) (G1 Evacuation Pause) 368M->197M(432M) 14.706ms
[2025-03-05T19:46:39.410+0000][1379.672s][info ][gc,cpu      ] GC(79) User=0.04s Sys=0.00s Real=0.01s
[2025-03-05T19:46:39.411+0000][1379.673s][info ][safepoint   ] Safepoint "G1CollectForAllocation", Time since last: 222595092 ns, Reaching safepoint: 943039 ns, Cleanup: 4640 ns, At safepoint: 16260538 ns, Total: 17208217 ns
[2025-03-05T19:46:59.414+0000][1399.678s][debug][safepoint   ] Safepoint synchronization initiated using futex wait barrier. (205 threads)
[2025-03-05T19:46:59.414+0000][1399.679s][info ][safepoint   ] Safepoint "Cleanup", Time since last: 20005116274 ns, Reaching safepoint: 703005 ns, Cleanup: 30280 ns, At safepoint: 4214 ns, Total: 737499 ns
