[2025-03-06T19:31:05.096+0000][0.052s][info][gc] Using G1
[2025-03-06T19:31:05.099+0000][0.055s][info][gc,init] Version: 17.0.12+7-Debian-2deb12u1 (release)
[2025-03-06T19:31:05.099+0000][0.055s][info][gc,init] CPUs: 8 total, 8 available
[2025-03-06T19:31:05.099+0000][0.055s][info][gc,init] Memory: 11966M
[2025-03-06T19:31:05.100+0000][0.056s][info][gc,init] Large Page Support: Disabled
[2025-03-06T19:31:05.100+0000][0.056s][info][gc,init] NUMA Support: Disabled
[2025-03-06T19:31:05.101+0000][0.057s][info][gc,init] Compressed Oops: Enabled (Zero based)
[2025-03-06T19:31:05.101+0000][0.057s][info][gc,init] Heap Region Size: 2M
[2025-03-06T19:31:05.102+0000][0.058s][info][gc,init] Heap Min Capacity: 8M
[2025-03-06T19:31:05.102+0000][0.058s][info][gc,init] Heap Initial Capacity: 188M
[2025-03-06T19:31:05.102+0000][0.058s][info][gc,init] Heap Max Capacity: 2992M
[2025-03-06T19:31:05.103+0000][0.059s][info][gc,init] Pre-touch: Disabled
[2025-03-06T19:31:05.103+0000][0.059s][info][gc,init] Parallel Workers: 8
[2025-03-06T19:31:05.104+0000][0.060s][info][gc,init] Concurrent Workers: 2
[2025-03-06T19:31:05.104+0000][0.060s][info][gc,init] Concurrent Refinement Workers: 8
[2025-03-06T19:31:05.104+0000][0.060s][info][gc,init] Periodic GC: Disabled
[2025-03-06T19:31:05.123+0000][0.080s][info][gc,metaspace] CDS archive(s) mapped at: [0x00007f953f000000-0x00007f953fbc4000-0x00007f953fbc4000), size 12337152, SharedBaseAddress: 0x00007f953f000000, ArchiveRelocationMode: 1.
[2025-03-06T19:31:05.124+0000][0.080s][info][gc,metaspace] Compressed class space mapped at: 0x00007f9540000000-0x00007f9580000000, reserved size: 1073741824
[2025-03-06T19:31:05.125+0000][0.081s][info][gc,metaspace] Narrow klass base: 0x00007f953f000000, Narrow klass shift: 0, Narrow klass range: 0x100000000
[2025-03-06T19:31:05.139+0000][0.095s][info][cds,heap    ] initialize_from_archived_subgraph java.lang.Module$ArchivedData 0x00007f953f184780 (early)
[2025-03-06T19:31:05.140+0000][0.096s][info][cds,heap    ] initialize_from_archived_subgraph java.util.ImmutableCollections 0x00007f953f0722d8 (early)
[2025-03-06T19:31:05.142+0000][0.098s][info][cds,heap    ] initialize_from_archived_subgraph java.lang.Integer$IntegerCache 0x00007f953f037660 (early)
[2025-03-06T19:31:05.148+0000][0.104s][info][cds,heap    ] initialize_from_archived_subgraph java.lang.module.Configuration 0x00007f953f172700 (early)
[2025-03-06T19:31:05.149+0000][0.105s][info][cds,heap    ] initialize_from_archived_subgraph java.lang.ModuleLayer 0x00007f953f146b38 (early)
[2025-03-06T19:31:05.149+0000][0.106s][info][cds,heap    ] initialize_from_archived_subgraph jdk.internal.loader.ArchivedClassLoaders 0x00007f953f1adb70 (early)
[2025-03-06T19:31:05.150+0000][0.106s][info][cds,heap    ] initialize_from_archived_subgraph jdk.internal.module.ArchivedBootLayer 0x00007f953f179340 (early)
[2025-03-06T19:31:05.153+0000][0.109s][info][cds,heap    ] initialize_from_archived_subgraph sun.util.locale.BaseLocale 0x00007f953f26d048
[2025-03-06T19:31:05.161+0000][0.117s][info][cds,heap    ] initialize_from_archived_subgraph java.util.jar.Attributes$Name 0x00007f953f19f5e8
[2025-03-06T19:31:05.182+0000][0.138s][info][cds,heap    ] initialize_from_archived_subgraph java.lang.Long$LongCache 0x00007f953f020f98
[2025-03-06T19:31:05.239+0000][0.195s][info][cds,heap    ] initialize_from_archived_subgraph java.lang.Character$CharacterCache 0x00007f953f03a9e8
[2025-03-06T19:31:05.605+0000][0.561s][debug][safepoint   ] Safepoint synchronization initiated using futex wait barrier. (14 threads)
[2025-03-06T19:31:05.606+0000][0.562s][info ][safepoint   ] Safepoint "ICBufferFull", Time since last: 468338246 ns, Reaching safepoint: 735356 ns, Cleanup: 56287 ns, At safepoint: 20175 ns, Total: 811818 ns
[2025-03-06T19:31:05.711+0000][0.667s][debug][safepoint   ] Safepoint synchronization initiated using futex wait barrier. (14 threads)
[2025-03-06T19:31:05.712+0000][0.668s][info ][gc,start    ] GC(0) Pause Young (Normal) (G1 Evacuation Pause)
[2025-03-06T19:31:05.713+0000][0.669s][info ][gc,task     ] GC(0) Using 4 workers of 8 for evacuation
[2025-03-06T19:31:05.719+0000][0.675s][info ][gc,phases   ] GC(0)   Pre Evacuate Collection Set: 0.1ms
[2025-03-06T19:31:05.720+0000][0.676s][info ][gc,phases   ] GC(0)   Merge Heap Roots: 0.1ms
[2025-03-06T19:31:05.720+0000][0.676s][info ][gc,phases   ] GC(0)   Evacuate Collection Set: 4.2ms
[2025-03-06T19:31:05.720+0000][0.677s][info ][gc,phases   ] GC(0)   Post Evacuate Collection Set: 1.3ms
[2025-03-06T19:31:05.721+0000][0.677s][info ][gc,phases   ] GC(0)   Other: 1.7ms
[2025-03-06T19:31:05.721+0000][0.677s][info ][gc,heap     ] GC(0) Eden regions: 31->0(44)
[2025-03-06T19:31:05.721+0000][0.677s][info ][gc,heap     ] GC(0) Survivor regions: 0->4(4)
[2025-03-06T19:31:05.721+0000][0.677s][info ][gc,heap     ] GC(0) Old regions: 0->1
[2025-03-06T19:31:05.722+0000][0.678s][info ][gc,heap     ] GC(0) Archive regions: 2->2
[2025-03-06T19:31:05.722+0000][0.678s][info ][gc,heap     ] GC(0) Humongous regions: 0->0
[2025-03-06T19:31:05.722+0000][0.678s][info ][gc,metaspace] GC(0) Metaspace: 2521K(2752K)->2521K(2752K) NonClass: 2284K(2432K)->2284K(2432K) Class: 237K(320K)->237K(320K)
[2025-03-06T19:31:05.722+0000][0.678s][info ][gc          ] GC(0) Pause Young (Normal) (G1 Evacuation Pause) 63M->10M(192M) 10.442ms
[2025-03-06T19:31:05.723+0000][0.679s][info ][gc,cpu      ] GC(0) User=0.01s Sys=0.01s Real=0.01s
[2025-03-06T19:31:05.723+0000][0.679s][info ][safepoint   ] Safepoint "G1CollectForAllocation", Time since last: 105043929 ns, Reaching safepoint: 567391 ns, Cleanup: 40908 ns, At safepoint: 11369651 ns, Total: 11977950 ns
[2025-03-06T19:31:06.129+0000][1.085s][debug][safepoint   ] Safepoint synchronization initiated using futex wait barrier. (15 threads)
[2025-03-06T19:31:06.130+0000][1.086s][info ][gc,start    ] GC(1) Pause Young (Normal) (G1 Evacuation Pause)
[2025-03-06T19:31:06.131+0000][1.087s][info ][gc,task     ] GC(1) Using 4 workers of 8 for evacuation
[2025-03-06T19:31:06.140+0000][1.096s][info ][gc,phases   ] GC(1)   Pre Evacuate Collection Set: 0.2ms
[2025-03-06T19:31:06.140+0000][1.096s][info ][gc,phases   ] GC(1)   Merge Heap Roots: 0.1ms
[2025-03-06T19:31:06.140+0000][1.096s][info ][gc,phases   ] GC(1)   Evacuate Collection Set: 6.6ms
[2025-03-06T19:31:06.140+0000][1.096s][info ][gc,phases   ] GC(1)   Post Evacuate Collection Set: 1.2ms
[2025-03-06T19:31:06.141+0000][1.097s][info ][gc,phases   ] GC(1)   Other: 1.2ms
[2025-03-06T19:31:06.141+0000][1.097s][info ][gc,heap     ] GC(1) Eden regions: 44->0(54)
[2025-03-06T19:31:06.141+0000][1.097s][info ][gc,heap     ] GC(1) Survivor regions: 4->2(6)
[2025-03-06T19:31:06.141+0000][1.097s][info ][gc,heap     ] GC(1) Old regions: 1->5
[2025-03-06T19:31:06.142+0000][1.098s][info ][gc,heap     ] GC(1) Archive regions: 2->2
[2025-03-06T19:31:06.142+0000][1.098s][info ][gc,heap     ] GC(1) Humongous regions: 0->0
[2025-03-06T19:31:06.143+0000][1.099s][info ][gc,metaspace] GC(1) Metaspace: 6225K(6528K)->6225K(6528K) NonClass: 5457K(5568K)->5457K(5568K) Class: 768K(960K)->768K(960K)
[2025-03-06T19:31:06.143+0000][1.099s][info ][gc          ] GC(1) Pause Young (Normal) (G1 Evacuation Pause) 98M->13M(192M) 12.513ms
[2025-03-06T19:31:06.143+0000][1.099s][info ][gc,cpu      ] GC(1) User=0.05s Sys=0.02s Real=0.01s
[2025-03-06T19:31:06.143+0000][1.099s][info ][safepoint   ] Safepoint "G1CollectForAllocation", Time since last: 406203994 ns, Reaching safepoint: 717854 ns, Cleanup: 125752 ns, At safepoint: 13004675 ns, Total: 13848281 ns
[2025-03-06T19:31:06.557+0000][1.513s][debug][safepoint   ] Safepoint synchronization initiated using futex wait barrier. (15 threads)
[2025-03-06T19:31:06.558+0000][1.514s][info ][gc,start    ] GC(2) Pause Young (Normal) (G1 Evacuation Pause)
[2025-03-06T19:31:06.558+0000][1.514s][info ][gc,task     ] GC(2) Using 4 workers of 8 for evacuation
[2025-03-06T19:31:06.562+0000][1.518s][info ][gc,phases   ] GC(2)   Pre Evacuate Collection Set: 0.1ms
[2025-03-06T19:31:06.563+0000][1.519s][info ][gc,phases   ] GC(2)   Merge Heap Roots: 0.1ms
[2025-03-06T19:31:06.563+0000][1.519s][info ][gc,phases   ] GC(2)   Evacuate Collection Set: 2.8ms
[2025-03-06T19:31:06.563+0000][1.519s][info ][gc,phases   ] GC(2)   Post Evacuate Collection Set: 0.5ms
[2025-03-06T19:31:06.564+0000][1.520s][info ][gc,phases   ] GC(2)   Other: 0.8ms
[2025-03-06T19:31:06.564+0000][1.520s][info ][gc,heap     ] GC(2) Eden regions: 54->0(54)
[2025-03-06T19:31:06.564+0000][1.520s][info ][gc,heap     ] GC(2) Survivor regions: 2->2(7)
[2025-03-06T19:31:06.565+0000][1.521s][info ][gc,heap     ] GC(2) Old regions: 5->5
[2025-03-06T19:31:06.565+0000][1.521s][info ][gc,heap     ] GC(2) Archive regions: 2->2
[2025-03-06T19:31:06.565+0000][1.521s][info ][gc,heap     ] GC(2) Humongous regions: 0->0
[2025-03-06T19:31:06.566+0000][1.522s][info ][gc,metaspace] GC(2) Metaspace: 11013K(11328K)->11013K(11328K) NonClass: 9573K(9728K)->9573K(9728K) Class: 1440K(1600K)->1440K(1600K)
[2025-03-06T19:31:06.566+0000][1.522s][info ][gc          ] GC(2) Pause Young (Normal) (G1 Evacuation Pause) 121M->14M(192M) 8.223ms
[2025-03-06T19:31:06.567+0000][1.523s][info ][gc,cpu      ] GC(2) User=0.02s Sys=0.00s Real=0.00s
[2025-03-06T19:31:06.567+0000][1.523s][info ][safepoint   ] Safepoint "G1CollectForAllocation", Time since last: 414039272 ns, Reaching safepoint: 539391 ns, Cleanup: 68425 ns, At safepoint: 8850751 ns, Total: 9458567 ns
[2025-03-06T19:31:06.655+0000][1.611s][debug][safepoint   ] Safepoint synchronization initiated using futex wait barrier. (15 threads)
[2025-03-06T19:31:06.655+0000][1.611s][info ][safepoint   ] Safepoint "ICBufferFull", Time since last: 87835926 ns, Reaching safepoint: 624467 ns, Cleanup: 60072 ns, At safepoint: 1470 ns, Total: 686009 ns
[2025-03-06T19:31:06.656+0000][1.612s][debug][safepoint   ] Safepoint synchronization initiated using futex wait barrier. (15 threads)
[2025-03-06T19:31:06.657+0000][1.613s][info ][safepoint   ] Safepoint "ICBufferFull", Time since last: 976665 ns, Reaching safepoint: 391571 ns, Cleanup: 8360 ns, At safepoint: 21976 ns, Total: 421907 ns
[2025-03-06T19:31:06.844+0000][1.801s][debug][safepoint   ] Safepoint synchronization initiated using futex wait barrier. (17 threads)
[2025-03-06T19:31:06.845+0000][1.801s][info ][safepoint   ] Safepoint "ICBufferFull", Time since last: 187799175 ns, Reaching safepoint: 244528 ns, Cleanup: 71746 ns, At safepoint: 11480 ns, Total: 327754 ns
[2025-03-06T19:31:06.912+0000][1.868s][debug][safepoint   ] Safepoint synchronization initiated using futex wait barrier. (17 threads)
[2025-03-06T19:31:06.912+0000][1.868s][info ][gc,start    ] GC(3) Pause Young (Normal) (G1 Evacuation Pause)
[2025-03-06T19:31:06.912+0000][1.868s][info ][gc,task     ] GC(3) Using 4 workers of 8 for evacuation
[2025-03-06T19:31:06.917+0000][1.873s][info ][gc,phases   ] GC(3)   Pre Evacuate Collection Set: 0.1ms
[2025-03-06T19:31:06.917+0000][1.873s][info ][gc,phases   ] GC(3)   Merge Heap Roots: 0.1ms
[2025-03-06T19:31:06.918+0000][1.874s][info ][gc,phases   ] GC(3)   Evacuate Collection Set: 3.8ms
[2025-03-06T19:31:06.918+0000][1.874s][info ][gc,phases   ] GC(3)   Post Evacuate Collection Set: 0.7ms
[2025-03-06T19:31:06.918+0000][1.875s][info ][gc,phases   ] GC(3)   Other: 0.4ms
[2025-03-06T19:31:06.919+0000][1.875s][info ][gc,heap     ] GC(3) Eden regions: 54->0(52)
[2025-03-06T19:31:06.919+0000][1.875s][info ][gc,heap     ] GC(3) Survivor regions: 2->4(7)
[2025-03-06T19:31:06.919+0000][1.875s][info ][gc,heap     ] GC(3) Old regions: 5->5
[2025-03-06T19:31:06.919+0000][1.876s][info ][gc,heap     ] GC(3) Archive regions: 2->2
[2025-03-06T19:31:06.920+0000][1.876s][info ][gc,heap     ] GC(3) Humongous regions: 0->0
[2025-03-06T19:31:06.920+0000][1.876s][info ][gc,metaspace] GC(3) Metaspace: 14738K(15040K)->14738K(15040K) NonClass: 12833K(12992K)->12833K(12992K) Class: 1904K(2048K)->1904K(2048K)
[2025-03-06T19:31:06.920+0000][1.876s][info ][gc          ] GC(3) Pause Young (Normal) (G1 Evacuation Pause) 122M->17M(192M) 7.790ms
[2025-03-06T19:31:06.920+0000][1.876s][info ][gc,cpu      ] GC(3) User=0.02s Sys=0.01s Real=0.01s
[2025-03-06T19:31:06.920+0000][1.876s][info ][safepoint   ] Safepoint "G1CollectForAllocation", Time since last: 67055588 ns, Reaching safepoint: 237037 ns, Cleanup: 19192 ns, At safepoint: 8278422 ns, Total: 8534651 ns
[2025-03-06T19:31:07.059+0000][2.015s][info ][cds,heap    ] initialize_from_archived_subgraph java.lang.Byte$ByteCache 0x00007f953f03abf8
[2025-03-06T19:31:07.059+0000][2.015s][info ][cds,heap    ] initialize_from_archived_subgraph java.lang.Short$ShortCache 0x00007f953f0412e8
[2025-03-06T19:31:07.241+0000][2.197s][debug][safepoint   ] Safepoint synchronization initiated using futex wait barrier. (16 threads)
[2025-03-06T19:31:07.242+0000][2.198s][info ][gc,start    ] GC(4) Pause Young (Normal) (G1 Evacuation Pause)
[2025-03-06T19:31:07.242+0000][2.198s][info ][gc,task     ] GC(4) Using 4 workers of 8 for evacuation
[2025-03-06T19:31:07.246+0000][2.202s][info ][gc,phases   ] GC(4)   Pre Evacuate Collection Set: 0.1ms
[2025-03-06T19:31:07.246+0000][2.202s][info ][gc,phases   ] GC(4)   Merge Heap Roots: 0.0ms
[2025-03-06T19:31:07.247+0000][2.203s][info ][gc,phases   ] GC(4)   Evacuate Collection Set: 2.4ms
[2025-03-06T19:31:07.247+0000][2.204s][info ][gc,phases   ] GC(4)   Post Evacuate Collection Set: 0.8ms
[2025-03-06T19:31:07.248+0000][2.204s][info ][gc,phases   ] GC(4)   Other: 0.6ms
[2025-03-06T19:31:07.248+0000][2.204s][info ][gc,heap     ] GC(4) Eden regions: 52->0(52)
[2025-03-06T19:31:07.249+0000][2.205s][info ][gc,heap     ] GC(4) Survivor regions: 4->4(7)
[2025-03-06T19:31:07.249+0000][2.205s][info ][gc,heap     ] GC(4) Old regions: 5->5
[2025-03-06T19:31:07.250+0000][2.206s][info ][gc,heap     ] GC(4) Archive regions: 2->2
[2025-03-06T19:31:07.250+0000][2.206s][info ][gc,heap     ] GC(4) Humongous regions: 0->0
[2025-03-06T19:31:07.250+0000][2.206s][info ][gc,metaspace] GC(4) Metaspace: 18876K(19200K)->18876K(19200K) NonClass: 16397K(16576K)->16397K(16576K) Class: 2479K(2624K)->2479K(2624K)
[2025-03-06T19:31:07.250+0000][2.206s][info ][gc          ] GC(4) Pause Young (Normal) (G1 Evacuation Pause) 121M->18M(192M) 8.428ms
[2025-03-06T19:31:07.250+0000][2.206s][info ][gc,cpu      ] GC(4) User=0.02s Sys=0.01s Real=0.01s
[2025-03-06T19:31:07.251+0000][2.207s][info ][safepoint   ] Safepoint "G1CollectForAllocation", Time since last: 320911937 ns, Reaching safepoint: 412970 ns, Cleanup: 46826 ns, At safepoint: 8816983 ns, Total: 9276779 ns
[2025-03-06T19:31:07.358+0000][2.314s][debug][safepoint   ] Safepoint synchronization initiated using futex wait barrier. (16 threads)
[2025-03-06T19:31:07.358+0000][2.314s][info ][gc,start    ] GC(5) Pause Young (Concurrent Start) (Metadata GC Threshold)
[2025-03-06T19:31:07.358+0000][2.314s][info ][gc,task     ] GC(5) Using 4 workers of 8 for evacuation
[2025-03-06T19:31:07.363+0000][2.319s][info ][gc,phases   ] GC(5)   Pre Evacuate Collection Set: 0.1ms
[2025-03-06T19:31:07.363+0000][2.319s][info ][gc,phases   ] GC(5)   Merge Heap Roots: 0.1ms
[2025-03-06T19:31:07.363+0000][2.319s][info ][gc,phases   ] GC(5)   Evacuate Collection Set: 3.5ms
[2025-03-06T19:31:07.364+0000][2.320s][info ][gc,phases   ] GC(5)   Post Evacuate Collection Set: 0.5ms
[2025-03-06T19:31:07.364+0000][2.320s][info ][gc,phases   ] GC(5)   Other: 0.6ms
[2025-03-06T19:31:07.364+0000][2.320s][info ][gc,heap     ] GC(5) Eden regions: 31->0(51)
[2025-03-06T19:31:07.364+0000][2.320s][info ][gc,heap     ] GC(5) Survivor regions: 4->5(7)
[2025-03-06T19:31:07.364+0000][2.320s][info ][gc,heap     ] GC(5) Old regions: 5->5
[2025-03-06T19:31:07.364+0000][2.320s][info ][gc,heap     ] GC(5) Archive regions: 2->2
[2025-03-06T19:31:07.364+0000][2.320s][info ][gc,heap     ] GC(5) Humongous regions: 0->0
[2025-03-06T19:31:07.364+0000][2.320s][info ][gc,metaspace] GC(5) Metaspace: 21264K(21504K)->21264K(21504K) NonClass: 18498K(18624K)->18498K(18624K) Class: 2766K(2880K)->2766K(2880K)
[2025-03-06T19:31:07.365+0000][2.321s][info ][gc          ] GC(5) Pause Young (Concurrent Start) (Metadata GC Threshold) 79M->20M(192M) 6.684ms
[2025-03-06T19:31:07.365+0000][2.321s][info ][gc,cpu      ] GC(5) User=0.02s Sys=0.01s Real=0.00s
[2025-03-06T19:31:07.365+0000][2.321s][info ][gc          ] GC(6) Concurrent Mark Cycle
[2025-03-06T19:31:07.365+0000][2.321s][info ][safepoint   ] Safepoint "CollectForMetadataAllocation", Time since last: 106969459 ns, Reaching safepoint: 337745 ns, Cleanup: 21221 ns, At safepoint: 7245686 ns, Total: 7604652 ns
[2025-03-06T19:31:07.365+0000][2.322s][info ][gc,marking  ] GC(6) Concurrent Clear Claimed Marks
[2025-03-06T19:31:07.366+0000][2.322s][debug][safepoint   ] Safepoint synchronization initiated using futex wait barrier. (16 threads)
[2025-03-06T19:31:07.366+0000][2.322s][info ][gc,marking  ] GC(6) Concurrent Clear Claimed Marks 0.485ms
[2025-03-06T19:31:07.366+0000][2.322s][info ][gc,marking  ] GC(6) Concurrent Scan Root Regions
[2025-03-06T19:31:07.366+0000][2.322s][info ][safepoint   ] Safepoint "CollectForMetadataAllocation", Time since last: 657703 ns, Reaching safepoint: 274977 ns, Cleanup: 2413 ns, At safepoint: 1794 ns, Total: 279184 ns
[2025-03-06T19:31:07.367+0000][2.323s][debug][safepoint   ] Safepoint synchronization initiated using futex wait barrier. (16 threads)
[2025-03-06T19:31:07.368+0000][2.324s][info ][safepoint   ] Safepoint "CollectForMetadataAllocation", Time since last: 1079513 ns, Reaching safepoint: 552372 ns, Cleanup: 4719 ns, At safepoint: 21225 ns, Total: 578316 ns
[2025-03-06T19:31:07.369+0000][2.325s][info ][gc,marking  ] GC(6) Concurrent Scan Root Regions 2.457ms
[2025-03-06T19:31:07.369+0000][2.325s][info ][gc,marking  ] GC(6) Concurrent Mark
[2025-03-06T19:31:07.369+0000][2.325s][info ][gc,marking  ] GC(6) Concurrent Mark From Roots
[2025-03-06T19:31:07.369+0000][2.325s][info ][gc,task     ] GC(6) Using 2 workers of 2 for marking
[2025-03-06T19:31:07.374+0000][2.330s][info ][gc,marking  ] GC(6) Concurrent Mark From Roots 4.516ms
[2025-03-06T19:31:07.374+0000][2.330s][info ][gc,marking  ] GC(6) Concurrent Preclean
[2025-03-06T19:31:07.374+0000][2.331s][info ][gc,marking  ] GC(6) Concurrent Preclean 0.360ms
[2025-03-06T19:31:07.375+0000][2.331s][debug][safepoint   ] Safepoint synchronization initiated using futex wait barrier. (16 threads)
[2025-03-06T19:31:07.375+0000][2.331s][info ][gc,start    ] GC(6) Pause Remark
[2025-03-06T19:31:07.377+0000][2.333s][info ][gc          ] GC(6) Pause Remark 23M->23M(94M) 1.926ms
[2025-03-06T19:31:07.377+0000][2.333s][info ][gc,cpu      ] GC(6) User=0.01s Sys=0.00s Real=0.00s
[2025-03-06T19:31:07.377+0000][2.334s][info ][safepoint   ] Safepoint "G1PauseRemark", Time since last: 7061026 ns, Reaching safepoint: 197971 ns, Cleanup: 2905 ns, At safepoint: 2450016 ns, Total: 2650892 ns
[2025-03-06T19:31:07.378+0000][2.334s][info ][gc,marking  ] GC(6) Concurrent Mark 8.754ms
[2025-03-06T19:31:07.378+0000][2.334s][info ][gc,marking  ] GC(6) Concurrent Rebuild Remembered Sets
[2025-03-06T19:31:07.380+0000][2.336s][info ][gc,marking  ] GC(6) Concurrent Rebuild Remembered Sets 1.674ms
[2025-03-06T19:31:07.380+0000][2.336s][debug][safepoint   ] Safepoint synchronization initiated using futex wait barrier. (16 threads)
[2025-03-06T19:31:07.380+0000][2.336s][info ][gc,start    ] GC(6) Pause Cleanup
[2025-03-06T19:31:07.380+0000][2.336s][info ][gc          ] GC(6) Pause Cleanup 23M->23M(94M) 0.295ms
[2025-03-06T19:31:07.381+0000][2.337s][info ][gc,cpu      ] GC(6) User=0.00s Sys=0.00s Real=0.00s
[2025-03-06T19:31:07.381+0000][2.337s][info ][safepoint   ] Safepoint "G1PauseCleanup", Time since last: 2416936 ns, Reaching safepoint: 246350 ns, Cleanup: 3228 ns, At safepoint: 702030 ns, Total: 951608 ns
[2025-03-06T19:31:07.381+0000][2.337s][info ][gc,marking  ] GC(6) Concurrent Cleanup for Next Mark
[2025-03-06T19:31:07.382+0000][2.338s][info ][gc,marking  ] GC(6) Concurrent Cleanup for Next Mark 0.780ms
[2025-03-06T19:31:07.382+0000][2.338s][info ][gc          ] GC(6) Concurrent Mark Cycle 16.900ms
[2025-03-06T19:31:07.600+0000][2.556s][debug][safepoint   ] Safepoint synchronization initiated using futex wait barrier. (16 threads)
[2025-03-06T19:31:07.600+0000][2.556s][info ][gc,start    ] GC(7) Pause Young (Prepare Mixed) (G1 Preventive Collection)
[2025-03-06T19:31:07.601+0000][2.557s][info ][gc,task     ] GC(7) Using 4 workers of 8 for evacuation
[2025-03-06T19:31:07.607+0000][2.563s][info ][gc,phases   ] GC(7)   Pre Evacuate Collection Set: 0.1ms
[2025-03-06T19:31:07.607+0000][2.563s][info ][gc,phases   ] GC(7)   Merge Heap Roots: 0.1ms
[2025-03-06T19:31:07.607+0000][2.563s][info ][gc,phases   ] GC(7)   Evacuate Collection Set: 4.9ms
[2025-03-06T19:31:07.608+0000][2.564s][info ][gc,phases   ] GC(7)   Post Evacuate Collection Set: 0.7ms
[2025-03-06T19:31:07.608+0000][2.564s][info ][gc,phases   ] GC(7)   Other: 0.5ms
[2025-03-06T19:31:07.608+0000][2.564s][info ][gc,heap     ] GC(7) Eden regions: 28->0(1)
[2025-03-06T19:31:07.608+0000][2.564s][info ][gc,heap     ] GC(7) Survivor regions: 5->5(7)
[2025-03-06T19:31:07.609+0000][2.565s][info ][gc,heap     ] GC(7) Old regions: 5->7
[2025-03-06T19:31:07.609+0000][2.565s][info ][gc,heap     ] GC(7) Archive regions: 2->2
[2025-03-06T19:31:07.609+0000][2.565s][info ][gc,heap     ] GC(7) Humongous regions: 0->0
[2025-03-06T19:31:07.610+0000][2.566s][info ][gc,metaspace] GC(7) Metaspace: 23847K(24192K)->23847K(24192K) NonClass: 20743K(20928K)->20743K(20928K) Class: 3104K(3264K)->3104K(3264K)
[2025-03-06T19:31:07.610+0000][2.566s][info ][gc          ] GC(7) Pause Young (Prepare Mixed) (G1 Preventive Collection) 76M->23M(114M) 9.646ms
[2025-03-06T19:31:07.610+0000][2.566s][info ][gc,cpu      ] GC(7) User=0.03s Sys=0.00s Real=0.01s
[2025-03-06T19:31:07.610+0000][2.566s][info ][safepoint   ] Safepoint "G1CollectForAllocation", Time since last: 218854477 ns, Reaching safepoint: 443822 ns, Cleanup: 57468 ns, At safepoint: 10240293 ns, Total: 10741583 ns
[2025-03-06T19:31:07.620+0000][2.576s][debug][safepoint   ] Safepoint synchronization initiated using futex wait barrier. (16 threads)
[2025-03-06T19:31:07.620+0000][2.576s][info ][gc,start    ] GC(8) Pause Young (Mixed) (G1 Evacuation Pause)
[2025-03-06T19:31:07.621+0000][2.577s][info ][gc,task     ] GC(8) Using 4 workers of 8 for evacuation
[2025-03-06T19:31:07.625+0000][2.581s][info ][gc,phases   ] GC(8)   Pre Evacuate Collection Set: 0.1ms
[2025-03-06T19:31:07.625+0000][2.581s][info ][gc,phases   ] GC(8)   Merge Heap Roots: 0.1ms
[2025-03-06T19:31:07.626+0000][2.582s][info ][gc,phases   ] GC(8)   Evacuate Collection Set: 2.9ms
[2025-03-06T19:31:07.626+0000][2.582s][info ][gc,phases   ] GC(8)   Post Evacuate Collection Set: 0.6ms
[2025-03-06T19:31:07.626+0000][2.582s][info ][gc,phases   ] GC(8)   Other: 0.7ms
[2025-03-06T19:31:07.626+0000][2.582s][info ][gc,heap     ] GC(8) Eden regions: 1->0(33)
[2025-03-06T19:31:07.626+0000][2.582s][info ][gc,heap     ] GC(8) Survivor regions: 5->1(1)
[2025-03-06T19:31:07.626+0000][2.582s][info ][gc,heap     ] GC(8) Old regions: 7->10
[2025-03-06T19:31:07.626+0000][2.582s][info ][gc,heap     ] GC(8) Archive regions: 2->2
[2025-03-06T19:31:07.626+0000][2.583s][info ][gc,heap     ] GC(8) Humongous regions: 0->0
[2025-03-06T19:31:07.627+0000][2.583s][info ][gc,metaspace] GC(8) Metaspace: 23966K(24256K)->23966K(24256K) NonClass: 20848K(20992K)->20848K(20992K) Class: 3117K(3264K)->3117K(3264K)
[2025-03-06T19:31:07.627+0000][2.583s][info ][gc          ] GC(8) Pause Young (Mixed) (G1 Evacuation Pause) 25M->23M(114M) 6.394ms
[2025-03-06T19:31:07.627+0000][2.583s][info ][gc,cpu      ] GC(8) User=0.02s Sys=0.00s Real=0.00s
[2025-03-06T19:31:07.627+0000][2.583s][info ][safepoint   ] Safepoint "G1CollectForAllocation", Time since last: 9300577 ns, Reaching safepoint: 664794 ns, Cleanup: 21370 ns, At safepoint: 6826720 ns, Total: 7512884 ns
[2025-03-06T19:31:07.775+0000][2.731s][debug][safepoint   ] Safepoint synchronization initiated using futex wait barrier. (15 threads)
[2025-03-06T19:31:07.776+0000][2.732s][info ][gc,start    ] GC(9) Pause Young (Normal) (G1 Evacuation Pause)
[2025-03-06T19:31:07.776+0000][2.732s][info ][gc,task     ] GC(9) Using 3 workers of 8 for evacuation
[2025-03-06T19:31:07.780+0000][2.736s][info ][gc,phases   ] GC(9)   Pre Evacuate Collection Set: 0.1ms
[2025-03-06T19:31:07.781+0000][2.737s][info ][gc,phases   ] GC(9)   Merge Heap Roots: 0.1ms
[2025-03-06T19:31:07.781+0000][2.737s][info ][gc,phases   ] GC(9)   Evacuate Collection Set: 2.9ms
[2025-03-06T19:31:07.781+0000][2.738s][info ][gc,phases   ] GC(9)   Post Evacuate Collection Set: 0.5ms
[2025-03-06T19:31:07.782+0000][2.738s][info ][gc,phases   ] GC(9)   Other: 0.6ms
[2025-03-06T19:31:07.782+0000][2.738s][info ][gc,heap     ] GC(9) Eden regions: 33->0(29)
[2025-03-06T19:31:07.782+0000][2.739s][info ][gc,heap     ] GC(9) Survivor regions: 1->4(5)
[2025-03-06T19:31:07.783+0000][2.739s][info ][gc,heap     ] GC(9) Old regions: 10->10
[2025-03-06T19:31:07.783+0000][2.739s][info ][gc,heap     ] GC(9) Archive regions: 2->2
[2025-03-06T19:31:07.783+0000][2.739s][info ][gc,heap     ] GC(9) Humongous regions: 0->0
[2025-03-06T19:31:07.784+0000][2.740s][info ][gc,metaspace] GC(9) Metaspace: 24515K(24896K)->24515K(24896K) NonClass: 21332K(21504K)->21332K(21504K) Class: 3183K(3392K)->3183K(3392K)
[2025-03-06T19:31:07.784+0000][2.740s][info ][gc          ] GC(9) Pause Young (Normal) (G1 Evacuation Pause) 89M->27M(114M) 7.822ms
[2025-03-06T19:31:07.784+0000][2.740s][info ][gc,cpu      ] GC(9) User=0.02s Sys=0.00s Real=0.01s
[2025-03-06T19:31:07.784+0000][2.740s][info ][safepoint   ] Safepoint "G1CollectForAllocation", Time since last: 148084141 ns, Reaching safepoint: 624878 ns, Cleanup: 57442 ns, At safepoint: 8428317 ns, Total: 9110637 ns
[2025-03-06T19:31:07.871+0000][2.827s][debug][safepoint   ] Safepoint synchronization initiated using futex wait barrier. (15 threads)
[2025-03-06T19:31:07.871+0000][2.827s][info ][gc,start    ] GC(10) Pause Young (Normal) (G1 Evacuation Pause)
[2025-03-06T19:31:07.872+0000][2.828s][info ][gc,task     ] GC(10) Using 2 workers of 8 for evacuation
[2025-03-06T19:31:07.882+0000][2.838s][info ][gc,phases   ] GC(10)   Pre Evacuate Collection Set: 0.1ms
[2025-03-06T19:31:07.882+0000][2.838s][info ][gc,phases   ] GC(10)   Merge Heap Roots: 0.0ms
[2025-03-06T19:31:07.882+0000][2.838s][info ][gc,phases   ] GC(10)   Evacuate Collection Set: 8.2ms
[2025-03-06T19:31:07.883+0000][2.839s][info ][gc,phases   ] GC(10)   Post Evacuate Collection Set: 1.3ms
[2025-03-06T19:31:07.883+0000][2.839s][info ][gc,phases   ] GC(10)   Other: 0.7ms
[2025-03-06T19:31:07.884+0000][2.840s][info ][gc,heap     ] GC(10) Eden regions: 29->0(25)
[2025-03-06T19:31:07.884+0000][2.840s][info ][gc,heap     ] GC(10) Survivor regions: 4->4(5)
[2025-03-06T19:31:07.885+0000][2.841s][info ][gc,heap     ] GC(10) Old regions: 10->13
[2025-03-06T19:31:07.885+0000][2.841s][info ][gc,heap     ] GC(10) Archive regions: 2->2
[2025-03-06T19:31:07.886+0000][2.842s][info ][gc,heap     ] GC(10) Humongous regions: 0->0
[2025-03-06T19:31:07.886+0000][2.842s][info ][gc,metaspace] GC(10) Metaspace: 24527K(24960K)->24527K(24960K) NonClass: 21340K(21568K)->21340K(21568K) Class: 3186K(3392K)->3186K(3392K)
[2025-03-06T19:31:07.887+0000][2.843s][info ][gc          ] GC(10) Pause Young (Normal) (G1 Evacuation Pause) 85M->35M(114M) 15.272ms
[2025-03-06T19:31:07.887+0000][2.843s][info ][gc,cpu      ] GC(10) User=0.05s Sys=0.00s Real=0.01s
[2025-03-06T19:31:07.887+0000][2.843s][info ][safepoint   ] Safepoint "G1CollectForAllocation", Time since last: 86223643 ns, Reaching safepoint: 552669 ns, Cleanup: 4534 ns, At safepoint: 15740911 ns, Total: 16298114 ns
[2025-03-06T19:31:07.975+0000][2.931s][debug][safepoint   ] Safepoint synchronization initiated using futex wait barrier. (15 threads)
[2025-03-06T19:31:07.976+0000][2.932s][info ][gc,start    ] GC(11) Pause Young (Normal) (G1 Evacuation Pause)
[2025-03-06T19:31:07.976+0000][2.932s][info ][gc,task     ] GC(11) Using 2 workers of 8 for evacuation
[2025-03-06T19:31:07.987+0000][2.943s][info ][gc,phases   ] GC(11)   Pre Evacuate Collection Set: 0.1ms
[2025-03-06T19:31:07.987+0000][2.944s][info ][gc,phases   ] GC(11)   Merge Heap Roots: 0.1ms
[2025-03-06T19:31:07.988+0000][2.944s][info ][gc,phases   ] GC(11)   Evacuate Collection Set: 9.1ms
[2025-03-06T19:31:07.988+0000][2.945s][info ][gc,phases   ] GC(11)   Post Evacuate Collection Set: 1.0ms
[2025-03-06T19:31:07.989+0000][2.945s][info ][gc,phases   ] GC(11)   Other: 0.7ms
[2025-03-06T19:31:07.989+0000][2.945s][info ][gc,heap     ] GC(11) Eden regions: 25->0(63)
[2025-03-06T19:31:07.990+0000][2.946s][info ][gc,heap     ] GC(11) Survivor regions: 4->3(4)
[2025-03-06T19:31:07.990+0000][2.946s][info ][gc,heap     ] GC(11) Old regions: 13->17
[2025-03-06T19:31:07.990+0000][2.946s][info ][gc,heap     ] GC(11) Archive regions: 2->2
[2025-03-06T19:31:07.990+0000][2.947s][info ][gc,heap     ] GC(11) Humongous regions: 0->0
[2025-03-06T19:31:07.991+0000][2.947s][info ][gc,metaspace] GC(11) Metaspace: 24678K(25024K)->24678K(25024K) NonClass: 21464K(21632K)->21464K(21632K) Class: 3214K(3392K)->3214K(3392K)
[2025-03-06T19:31:07.991+0000][2.947s][info ][gc          ] GC(11) Pause Young (Normal) (G1 Evacuation Pause) 85M->40M(228M) 15.561ms
[2025-03-06T19:31:07.991+0000][2.948s][info ][gc,cpu      ] GC(11) User=0.06s Sys=0.00s Real=0.02s
[2025-03-06T19:31:07.992+0000][2.948s][info ][safepoint   ] Safepoint "G1CollectForAllocation", Time since last: 88324375 ns, Reaching safepoint: 384432 ns, Cleanup: 18595 ns, At safepoint: 16198182 ns, Total: 16601209 ns
[2025-03-06T19:31:08.002+0000][2.958s][debug][safepoint   ] ... found polling page loop exception at pc = 0x00007f95ad10af28, stub =0x00007f95acb10400
[2025-03-06T19:31:08.261+0000][3.217s][debug][safepoint   ] Safepoint synchronization initiated using futex wait barrier. (15 threads)
[2025-03-06T19:31:08.262+0000][3.218s][info ][safepoint   ] Safepoint "ICBufferFull", Time since last: 268929308 ns, Reaching safepoint: 766603 ns, Cleanup: 101017 ns, At safepoint: 1706 ns, Total: 869326 ns
[2025-03-06T19:31:08.351+0000][3.308s][debug][safepoint   ] Safepoint synchronization initiated using futex wait barrier. (15 threads)
[2025-03-06T19:31:08.352+0000][3.308s][info ][gc,start    ] GC(12) Pause Young (Normal) (G1 Evacuation Pause)
[2025-03-06T19:31:08.353+0000][3.309s][info ][gc,task     ] GC(12) Using 5 workers of 8 for evacuation
[2025-03-06T19:31:08.360+0000][3.316s][info ][gc,phases   ] GC(12)   Pre Evacuate Collection Set: 0.2ms
[2025-03-06T19:31:08.361+0000][3.317s][info ][gc,phases   ] GC(12)   Merge Heap Roots: 0.3ms
[2025-03-06T19:31:08.361+0000][3.317s][info ][gc,phases   ] GC(12)   Evacuate Collection Set: 5.6ms
[2025-03-06T19:31:08.362+0000][3.318s][info ][gc,phases   ] GC(12)   Post Evacuate Collection Set: 1.1ms
[2025-03-06T19:31:08.362+0000][3.318s][info ][gc,phases   ] GC(12)   Other: 1.1ms
[2025-03-06T19:31:08.363+0000][3.319s][info ][gc,heap     ] GC(12) Eden regions: 63->0(59)
[2025-03-06T19:31:08.363+0000][3.319s][info ][gc,heap     ] GC(12) Survivor regions: 3->8(9)
[2025-03-06T19:31:08.363+0000][3.320s][info ][gc,heap     ] GC(12) Old regions: 17->17
[2025-03-06T19:31:08.364+0000][3.320s][info ][gc,heap     ] GC(12) Archive regions: 2->2
[2025-03-06T19:31:08.364+0000][3.320s][info ][gc,heap     ] GC(12) Humongous regions: 0->0
[2025-03-06T19:31:08.365+0000][3.321s][info ][gc,metaspace] GC(12) Metaspace: 25208K(25600K)->25208K(25600K) NonClass: 21951K(22144K)->21951K(22144K) Class: 3256K(3456K)->3256K(3456K)
[2025-03-06T19:31:08.365+0000][3.321s][info ][gc          ] GC(12) Pause Young (Normal) (G1 Evacuation Pause) 166M->49M(228M) 13.334ms
[2025-03-06T19:31:08.366+0000][3.322s][info ][gc,cpu      ] GC(12) User=0.06s Sys=0.00s Real=0.01s
[2025-03-06T19:31:08.367+0000][3.323s][info ][safepoint   ] Safepoint "G1CollectForAllocation", Time since last: 89766807 ns, Reaching safepoint: 554196 ns, Cleanup: 33549 ns, At safepoint: 14463760 ns, Total: 15051505 ns
[2025-03-06T19:31:08.602+0000][3.558s][debug][safepoint   ] Safepoint synchronization initiated using futex wait barrier. (15 threads)
[2025-03-06T19:31:08.603+0000][3.559s][info ][gc,start    ] GC(13) Pause Young (Normal) (G1 Evacuation Pause)
[2025-03-06T19:31:08.603+0000][3.559s][info ][gc,task     ] GC(13) Using 5 workers of 8 for evacuation
[2025-03-06T19:31:08.610+0000][3.566s][info ][gc,phases   ] GC(13)   Pre Evacuate Collection Set: 0.3ms
[2025-03-06T19:31:08.611+0000][3.567s][info ][gc,phases   ] GC(13)   Merge Heap Roots: 0.1ms
[2025-03-06T19:31:08.611+0000][3.567s][info ][gc,phases   ] GC(13)   Evacuate Collection Set: 5.0ms
[2025-03-06T19:31:08.612+0000][3.568s][info ][gc,phases   ] GC(13)   Post Evacuate Collection Set: 0.9ms
[2025-03-06T19:31:08.612+0000][3.568s][info ][gc,phases   ] GC(13)   Other: 1.3ms
[2025-03-06T19:31:08.613+0000][3.569s][info ][gc,heap     ] GC(13) Eden regions: 59->0(60)
[2025-03-06T19:31:08.613+0000][3.569s][info ][gc,heap     ] GC(13) Survivor regions: 8->3(9)
[2025-03-06T19:31:08.613+0000][3.569s][info ][gc,heap     ] GC(13) Old regions: 17->24
[2025-03-06T19:31:08.614+0000][3.570s][info ][gc,heap     ] GC(13) Archive regions: 2->2
[2025-03-06T19:31:08.614+0000][3.570s][info ][gc,heap     ] GC(13) Humongous regions: 0->0
[2025-03-06T19:31:08.614+0000][3.570s][info ][gc,metaspace] GC(13) Metaspace: 25327K(25728K)->25327K(25728K) NonClass: 22055K(22272K)->22055K(22272K) Class: 3272K(3456K)->3272K(3456K)
[2025-03-06T19:31:08.615+0000][3.571s][info ][gc          ] GC(13) Pause Young (Normal) (G1 Evacuation Pause) 167M->54M(228M) 11.866ms
[2025-03-06T19:31:08.615+0000][3.571s][info ][gc,cpu      ] GC(13) User=0.03s Sys=0.01s Real=0.01s
[2025-03-06T19:31:08.615+0000][3.571s][info ][safepoint   ] Safepoint "G1CollectForAllocation", Time since last: 235519667 ns, Reaching safepoint: 572988 ns, Cleanup: 79306 ns, At safepoint: 12450156 ns, Total: 13102450 ns
[2025-03-06T19:31:08.938+0000][3.894s][debug][safepoint   ] Safepoint synchronization initiated using futex wait barrier. (16 threads)
[2025-03-06T19:31:08.939+0000][3.895s][info ][gc,start    ] GC(14) Pause Young (Normal) (G1 Evacuation Pause)
[2025-03-06T19:31:08.939+0000][3.895s][info ][gc,task     ] GC(14) Using 5 workers of 8 for evacuation
[2025-03-06T19:31:08.942+0000][3.898s][info ][gc,phases   ] GC(14)   Pre Evacuate Collection Set: 0.1ms
[2025-03-06T19:31:08.942+0000][3.898s][info ][gc,phases   ] GC(14)   Merge Heap Roots: 0.1ms
[2025-03-06T19:31:08.943+0000][3.899s][info ][gc,phases   ] GC(14)   Evacuate Collection Set: 1.6ms
[2025-03-06T19:31:08.943+0000][3.899s][info ][gc,phases   ] GC(14)   Post Evacuate Collection Set: 0.4ms
[2025-03-06T19:31:08.944+0000][3.900s][info ][gc,phases   ] GC(14)   Other: 0.8ms
[2025-03-06T19:31:08.944+0000][3.900s][info ][gc,heap     ] GC(14) Eden regions: 60->0(62)
[2025-03-06T19:31:08.944+0000][3.900s][info ][gc,heap     ] GC(14) Survivor regions: 3->3(8)
[2025-03-06T19:31:08.945+0000][3.901s][info ][gc,heap     ] GC(14) Old regions: 24->24
[2025-03-06T19:31:08.945+0000][3.901s][info ][gc,heap     ] GC(14) Archive regions: 2->2
[2025-03-06T19:31:08.945+0000][3.901s][info ][gc,heap     ] GC(14) Humongous regions: 0->0
[2025-03-06T19:31:08.945+0000][3.901s][info ][gc,metaspace] GC(14) Metaspace: 26929K(27264K)->26929K(27264K) NonClass: 23531K(23680K)->23531K(23680K) Class: 3397K(3584K)->3397K(3584K)
[2025-03-06T19:31:08.945+0000][3.901s][info ][gc          ] GC(14) Pause Young (Normal) (G1 Evacuation Pause) 174M->54M(228M) 6.584ms
[2025-03-06T19:31:08.946+0000][3.902s][info ][gc,cpu      ] GC(14) User=0.01s Sys=0.00s Real=0.00s
[2025-03-06T19:31:08.946+0000][3.902s][info ][safepoint   ] Safepoint "G1CollectForAllocation", Time since last: 323286554 ns, Reaching safepoint: 379943 ns, Cleanup: 27945 ns, At safepoint: 6964900 ns, Total: 7372788 ns
[2025-03-06T19:31:09.327+0000][4.283s][debug][safepoint   ] Safepoint synchronization initiated using futex wait barrier. (15 threads)
[2025-03-06T19:31:09.328+0000][4.284s][info ][gc,start    ] GC(15) Pause Young (Normal) (G1 Evacuation Pause)
[2025-03-06T19:31:09.328+0000][4.285s][info ][gc,task     ] GC(15) Using 5 workers of 8 for evacuation
[2025-03-06T19:31:09.332+0000][4.289s][info ][gc,phases   ] GC(15)   Pre Evacuate Collection Set: 0.1ms
[2025-03-06T19:31:09.333+0000][4.289s][info ][gc,phases   ] GC(15)   Merge Heap Roots: 0.1ms
[2025-03-06T19:31:09.333+0000][4.289s][info ][gc,phases   ] GC(15)   Evacuate Collection Set: 2.1ms
[2025-03-06T19:31:09.334+0000][4.290s][info ][gc,phases   ] GC(15)   Post Evacuate Collection Set: 1.0ms
[2025-03-06T19:31:09.334+0000][4.290s][info ][gc,phases   ] GC(15)   Other: 1.6ms
[2025-03-06T19:31:09.335+0000][4.291s][info ][gc,heap     ] GC(15) Eden regions: 62->0(63)
[2025-03-06T19:31:09.335+0000][4.291s][info ][gc,heap     ] GC(15) Survivor regions: 3->4(9)
[2025-03-06T19:31:09.336+0000][4.292s][info ][gc,heap     ] GC(15) Old regions: 24->24
[2025-03-06T19:31:09.336+0000][4.292s][info ][gc,heap     ] GC(15) Archive regions: 2->2
[2025-03-06T19:31:09.337+0000][4.293s][info ][gc,heap     ] GC(15) Humongous regions: 0->0
[2025-03-06T19:31:09.337+0000][4.293s][info ][gc,metaspace] GC(15) Metaspace: 32071K(32448K)->32071K(32448K) NonClass: 28110K(28288K)->28110K(28288K) Class: 3961K(4160K)->3961K(4160K)
[2025-03-06T19:31:09.338+0000][4.294s][info ][gc          ] GC(15) Pause Young (Normal) (G1 Evacuation Pause) 178M->56M(228M) 10.175ms
[2025-03-06T19:31:09.338+0000][4.294s][info ][gc,cpu      ] GC(15) User=0.01s Sys=0.00s Real=0.02s
[2025-03-06T19:31:09.339+0000][4.295s][info ][safepoint   ] Safepoint "G1CollectForAllocation", Time since last: 381092029 ns, Reaching safepoint: 660602 ns, Cleanup: 54515 ns, At safepoint: 11096639 ns, Total: 11811756 ns
[2025-03-06T19:31:09.718+0000][4.674s][debug][safepoint   ] Safepoint synchronization initiated using futex wait barrier. (15 threads)
[2025-03-06T19:31:09.721+0000][4.677s][info ][gc,start    ] GC(16) Pause Young (Normal) (G1 Evacuation Pause)
[2025-03-06T19:31:09.721+0000][4.677s][info ][gc,task     ] GC(16) Using 5 workers of 8 for evacuation
[2025-03-06T19:31:09.725+0000][4.681s][info ][gc,phases   ] GC(16)   Pre Evacuate Collection Set: 0.1ms
[2025-03-06T19:31:09.725+0000][4.681s][info ][gc,phases   ] GC(16)   Merge Heap Roots: 0.1ms
[2025-03-06T19:31:09.725+0000][4.681s][info ][gc,phases   ] GC(16)   Evacuate Collection Set: 2.3ms
[2025-03-06T19:31:09.725+0000][4.681s][info ][gc,phases   ] GC(16)   Post Evacuate Collection Set: 0.6ms
[2025-03-06T19:31:09.726+0000][4.682s][info ][gc,phases   ] GC(16)   Other: 0.6ms
[2025-03-06T19:31:09.726+0000][4.682s][info ][gc,heap     ] GC(16) Eden regions: 63->0(63)
[2025-03-06T19:31:09.726+0000][4.682s][info ][gc,heap     ] GC(16) Survivor regions: 4->5(9)
[2025-03-06T19:31:09.726+0000][4.682s][info ][gc,heap     ] GC(16) Old regions: 24->24
[2025-03-06T19:31:09.726+0000][4.683s][info ][gc,heap     ] GC(16) Archive regions: 2->2
[2025-03-06T19:31:09.727+0000][4.683s][info ][gc,heap     ] GC(16) Humongous regions: 0->0
[2025-03-06T19:31:09.727+0000][4.683s][info ][gc,metaspace] GC(16) Metaspace: 34441K(34880K)->34441K(34880K) NonClass: 30175K(30400K)->30175K(30400K) Class: 4266K(4480K)->4266K(4480K)
[2025-03-06T19:31:09.727+0000][4.683s][info ][gc          ] GC(16) Pause Young (Normal) (G1 Evacuation Pause) 182M->58M(228M) 6.396ms
[2025-03-06T19:31:09.728+0000][4.684s][info ][gc,cpu      ] GC(16) User=0.03s Sys=0.00s Real=0.01s
[2025-03-06T19:31:09.728+0000][4.684s][info ][safepoint   ] Safepoint "G1CollectForAllocation", Time since last: 379136546 ns, Reaching safepoint: 3020264 ns, Cleanup: 106536 ns, At safepoint: 7055852 ns, Total: 10182652 ns
[2025-03-06T19:31:10.009+0000][4.965s][debug][safepoint   ] Safepoint synchronization initiated using futex wait barrier. (15 threads)
[2025-03-06T19:31:10.010+0000][4.966s][info ][gc,start    ] GC(17) Pause Young (Concurrent Start) (Metadata GC Threshold)
[2025-03-06T19:31:10.010+0000][4.966s][info ][gc,task     ] GC(17) Using 5 workers of 8 for evacuation
[2025-03-06T19:31:10.015+0000][4.971s][info ][gc,phases   ] GC(17)   Pre Evacuate Collection Set: 0.1ms
[2025-03-06T19:31:10.015+0000][4.971s][info ][gc,phases   ] GC(17)   Merge Heap Roots: 0.1ms
[2025-03-06T19:31:10.016+0000][4.972s][info ][gc,phases   ] GC(17)   Evacuate Collection Set: 4.0ms
[2025-03-06T19:31:10.016+0000][4.972s][info ][gc,phases   ] GC(17)   Post Evacuate Collection Set: 0.6ms
[2025-03-06T19:31:10.016+0000][4.972s][info ][gc,phases   ] GC(17)   Other: 0.5ms
[2025-03-06T19:31:10.017+0000][4.973s][info ][gc,heap     ] GC(17) Eden regions: 48->0(64)
[2025-03-06T19:31:10.017+0000][4.973s][info ][gc,heap     ] GC(17) Survivor regions: 5->4(9)
[2025-03-06T19:31:10.017+0000][4.973s][info ][gc,heap     ] GC(17) Old regions: 24->24
[2025-03-06T19:31:10.017+0000][4.973s][info ][gc,heap     ] GC(17) Archive regions: 2->2
[2025-03-06T19:31:10.018+0000][4.974s][info ][gc,heap     ] GC(17) Humongous regions: 0->0
[2025-03-06T19:31:10.018+0000][4.974s][info ][gc,metaspace] GC(17) Metaspace: 35864K(36288K)->35864K(36288K) NonClass: 31423K(31616K)->31423K(31616K) Class: 4441K(4672K)->4441K(4672K)
[2025-03-06T19:31:10.019+0000][4.975s][info ][gc          ] GC(17) Pause Young (Concurrent Start) (Metadata GC Threshold) 154M->57M(228M) 9.250ms
[2025-03-06T19:31:10.019+0000][4.976s][info ][gc,cpu      ] GC(17) User=0.05s Sys=0.00s Real=0.01s
[2025-03-06T19:31:10.020+0000][4.976s][info ][gc          ] GC(18) Concurrent Mark Cycle
[2025-03-06T19:31:10.020+0000][4.976s][info ][gc,marking  ] GC(18) Concurrent Clear Claimed Marks
[2025-03-06T19:31:10.020+0000][4.976s][info ][safepoint   ] Safepoint "CollectForMetadataAllocation", Time since last: 281053853 ns, Reaching safepoint: 450849 ns, Cleanup: 85270 ns, At safepoint: 10195374 ns, Total: 10731493 ns
[2025-03-06T19:31:10.020+0000][4.977s][info ][gc,marking  ] GC(18) Concurrent Clear Claimed Marks 0.376ms
[2025-03-06T19:31:10.021+0000][4.977s][info ][gc,marking  ] GC(18) Concurrent Scan Root Regions
[2025-03-06T19:31:10.025+0000][4.981s][info ][gc,marking  ] GC(18) Concurrent Scan Root Regions 4.274ms
[2025-03-06T19:31:10.026+0000][4.982s][info ][gc,marking  ] GC(18) Concurrent Mark
[2025-03-06T19:31:10.026+0000][4.982s][info ][gc,marking  ] GC(18) Concurrent Mark From Roots
[2025-03-06T19:31:10.026+0000][4.983s][info ][gc,task     ] GC(18) Using 2 workers of 2 for marking
[2025-03-06T19:31:10.052+0000][5.008s][info ][gc,marking  ] GC(18) Concurrent Mark From Roots 25.779ms
[2025-03-06T19:31:10.052+0000][5.008s][info ][gc,marking  ] GC(18) Concurrent Preclean
[2025-03-06T19:31:10.053+0000][5.009s][info ][gc,marking  ] GC(18) Concurrent Preclean 0.448ms
[2025-03-06T19:31:10.053+0000][5.009s][debug][safepoint   ] Safepoint synchronization initiated using futex wait barrier. (15 threads)
[2025-03-06T19:31:10.053+0000][5.009s][info ][gc,start    ] GC(18) Pause Remark
[2025-03-06T19:31:10.056+0000][5.012s][info ][gc          ] GC(18) Pause Remark 62M->62M(220M) 2.325ms
[2025-03-06T19:31:10.056+0000][5.012s][info ][gc,cpu      ] GC(18) User=0.01s Sys=0.00s Real=0.00s
[2025-03-06T19:31:10.056+0000][5.012s][info ][safepoint   ] Safepoint "G1PauseRemark", Time since last: 33211394 ns, Reaching safepoint: 298113 ns, Cleanup: 54566 ns, At safepoint: 2998816 ns, Total: 3351495 ns
[2025-03-06T19:31:10.057+0000][5.013s][info ][gc,marking  ] GC(18) Concurrent Mark 30.774ms
[2025-03-06T19:31:10.057+0000][5.013s][info ][gc,marking  ] GC(18) Concurrent Rebuild Remembered Sets
[2025-03-06T19:31:10.069+0000][5.025s][info ][gc,marking  ] GC(18) Concurrent Rebuild Remembered Sets 12.251ms
[2025-03-06T19:31:10.069+0000][5.026s][debug][safepoint   ] Safepoint synchronization initiated using futex wait barrier. (15 threads)
[2025-03-06T19:31:10.070+0000][5.026s][info ][gc,start    ] GC(18) Pause Cleanup
[2025-03-06T19:31:10.070+0000][5.026s][info ][gc          ] GC(18) Pause Cleanup 63M->63M(220M) 0.331ms
[2025-03-06T19:31:10.070+0000][5.027s][info ][gc,cpu      ] GC(18) User=0.00s Sys=0.00s Real=0.00s
[2025-03-06T19:31:10.071+0000][5.027s][info ][safepoint   ] Safepoint "G1PauseCleanup", Time since last: 13096180 ns, Reaching safepoint: 442857 ns, Cleanup: 14287 ns, At safepoint: 737663 ns, Total: 1194807 ns
[2025-03-06T19:31:10.071+0000][5.027s][info ][gc,marking  ] GC(18) Concurrent Cleanup for Next Mark
[2025-03-06T19:31:10.073+0000][5.029s][info ][gc,marking  ] GC(18) Concurrent Cleanup for Next Mark 1.657ms
[2025-03-06T19:31:10.073+0000][5.029s][info ][gc          ] GC(18) Concurrent Mark Cycle 53.084ms
[2025-03-06T19:31:10.385+0000][5.341s][debug][safepoint   ] Safepoint synchronization initiated using futex wait barrier. (15 threads)
[2025-03-06T19:31:10.386+0000][5.342s][info ][gc,start    ] GC(19) Pause Young (Prepare Mixed) (G1 Evacuation Pause)
[2025-03-06T19:31:10.386+0000][5.342s][info ][gc,task     ] GC(19) Using 5 workers of 8 for evacuation
[2025-03-06T19:31:10.390+0000][5.346s][info ][gc,phases   ] GC(19)   Pre Evacuate Collection Set: 0.1ms
[2025-03-06T19:31:10.390+0000][5.347s][info ][gc,phases   ] GC(19)   Merge Heap Roots: 0.1ms
[2025-03-06T19:31:10.391+0000][5.347s][info ][gc,phases   ] GC(19)   Evacuate Collection Set: 2.7ms
[2025-03-06T19:31:10.391+0000][5.347s][info ][gc,phases   ] GC(19)   Post Evacuate Collection Set: 0.6ms
[2025-03-06T19:31:10.391+0000][5.347s][info ][gc,phases   ] GC(19)   Other: 0.9ms
[2025-03-06T19:31:10.392+0000][5.348s][info ][gc,heap     ] GC(19) Eden regions: 62->0(1)
[2025-03-06T19:31:10.392+0000][5.348s][info ][gc,heap     ] GC(19) Survivor regions: 4->5(9)
[2025-03-06T19:31:10.392+0000][5.348s][info ][gc,heap     ] GC(19) Old regions: 24->24
[2025-03-06T19:31:10.392+0000][5.348s][info ][gc,heap     ] GC(19) Archive regions: 2->2
[2025-03-06T19:31:10.392+0000][5.348s][info ][gc,heap     ] GC(19) Humongous regions: 0->0
[2025-03-06T19:31:10.392+0000][5.349s][info ][gc,metaspace] GC(19) Metaspace: 38855K(39296K)->38855K(39296K) NonClass: 33960K(34176K)->33960K(34176K) Class: 4894K(5120K)->4894K(5120K)
[2025-03-06T19:31:10.393+0000][5.349s][info ][gc          ] GC(19) Pause Young (Prepare Mixed) (G1 Evacuation Pause) 181M->58M(220M) 6.797ms
[2025-03-06T19:31:10.393+0000][5.349s][info ][gc,cpu      ] GC(19) User=0.02s Sys=0.00s Real=0.01s
[2025-03-06T19:31:10.393+0000][5.349s][info ][safepoint   ] Safepoint "G1CollectForAllocation", Time since last: 314775208 ns, Reaching safepoint: 387889 ns, Cleanup: 58408 ns, At safepoint: 7222238 ns, Total: 7668535 ns
[2025-03-06T19:31:10.400+0000][5.356s][debug][safepoint   ] Safepoint synchronization initiated using futex wait barrier. (15 threads)
[2025-03-06T19:31:10.401+0000][5.357s][info ][gc,start    ] GC(20) Pause Young (Mixed) (G1 Evacuation Pause)
[2025-03-06T19:31:10.401+0000][5.357s][info ][gc,task     ] GC(20) Using 5 workers of 8 for evacuation
[2025-03-06T19:31:10.405+0000][5.361s][info ][gc,phases   ] GC(20)   Pre Evacuate Collection Set: 0.1ms
[2025-03-06T19:31:10.405+0000][5.361s][info ][gc,phases   ] GC(20)   Merge Heap Roots: 0.1ms
[2025-03-06T19:31:10.406+0000][5.362s][info ][gc,phases   ] GC(20)   Evacuate Collection Set: 3.2ms
[2025-03-06T19:31:10.406+0000][5.362s][info ][gc,phases   ] GC(20)   Post Evacuate Collection Set: 0.5ms
[2025-03-06T19:31:10.406+0000][5.362s][info ][gc,phases   ] GC(20)   Other: 0.5ms
[2025-03-06T19:31:10.407+0000][5.363s][info ][gc,heap     ] GC(20) Eden regions: 1->0(62)
[2025-03-06T19:31:10.407+0000][5.363s][info ][gc,heap     ] GC(20) Survivor regions: 5->1(1)
[2025-03-06T19:31:10.407+0000][5.363s][info ][gc,heap     ] GC(20) Old regions: 24->28
[2025-03-06T19:31:10.407+0000][5.363s][info ][gc,heap     ] GC(20) Archive regions: 2->2
[2025-03-06T19:31:10.408+0000][5.364s][info ][gc,heap     ] GC(20) Humongous regions: 0->0
[2025-03-06T19:31:10.408+0000][5.364s][info ][gc,metaspace] GC(20) Metaspace: 38864K(39296K)->38864K(39296K) NonClass: 33970K(34176K)->33970K(34176K) Class: 4894K(5120K)->4894K(5120K)
[2025-03-06T19:31:10.408+0000][5.364s][info ][gc          ] GC(20) Pause Young (Mixed) (G1 Evacuation Pause) 60M->58M(220M) 7.393ms
[2025-03-06T19:31:10.408+0000][5.364s][info ][gc,cpu      ] GC(20) User=0.02s Sys=0.00s Real=0.01s
[2025-03-06T19:31:10.409+0000][5.365s][info ][safepoint   ] Safepoint "G1CollectForAllocation", Time since last: 7159098 ns, Reaching safepoint: 357226 ns, Cleanup: 5649 ns, At safepoint: 7957288 ns, Total: 8320163 ns
[2025-03-06T19:31:10.835+0000][5.791s][debug][safepoint   ] Safepoint synchronization initiated using futex wait barrier. (15 threads)
[2025-03-06T19:31:10.835+0000][5.791s][info ][safepoint   ] Safepoint "ICBufferFull", Time since last: 426315160 ns, Reaching safepoint: 325116 ns, Cleanup: 107031 ns, At safepoint: 1729 ns, Total: 433876 ns
[2025-03-06T19:31:10.836+0000][5.792s][debug][safepoint   ] Safepoint synchronization initiated using futex wait barrier. (15 threads)
[2025-03-06T19:31:10.836+0000][5.792s][info ][safepoint   ] Safepoint "ICBufferFull", Time since last: 274071 ns, Reaching safepoint: 314321 ns, Cleanup: 4437 ns, At safepoint: 9247 ns, Total: 328005 ns
[2025-03-06T19:31:10.838+0000][5.794s][debug][safepoint   ] Safepoint synchronization initiated using futex wait barrier. (15 threads)
[2025-03-06T19:31:10.839+0000][5.795s][info ][gc,start    ] GC(21) Pause Young (Normal) (G1 Evacuation Pause)
[2025-03-06T19:31:10.839+0000][5.795s][info ][gc,task     ] GC(21) Using 5 workers of 8 for evacuation
[2025-03-06T19:31:10.842+0000][5.798s][info ][gc,phases   ] GC(21)   Pre Evacuate Collection Set: 0.1ms
[2025-03-06T19:31:10.843+0000][5.799s][info ][gc,phases   ] GC(21)   Merge Heap Roots: 0.1ms
[2025-03-06T19:31:10.843+0000][5.799s][info ][gc,phases   ] GC(21)   Evacuate Collection Set: 1.4ms
[2025-03-06T19:31:10.843+0000][5.799s][info ][gc,phases   ] GC(21)   Post Evacuate Collection Set: 1.5ms
[2025-03-06T19:31:10.843+0000][5.799s][info ][gc,phases   ] GC(21)   Other: 0.5ms
[2025-03-06T19:31:10.844+0000][5.800s][info ][gc,heap     ] GC(21) Eden regions: 62->0(130)
[2025-03-06T19:31:10.844+0000][5.800s][info ][gc,heap     ] GC(21) Survivor regions: 1->2(8)
[2025-03-06T19:31:10.844+0000][5.800s][info ][gc,heap     ] GC(21) Old regions: 28->28
[2025-03-06T19:31:10.844+0000][5.800s][info ][gc,heap     ] GC(21) Archive regions: 2->2
[2025-03-06T19:31:10.844+0000][5.800s][info ][gc,heap     ] GC(21) Humongous regions: 0->0
[2025-03-06T19:31:10.844+0000][5.800s][info ][gc,metaspace] GC(21) Metaspace: 41216K(41664K)->41216K(41664K) NonClass: 36003K(36224K)->36003K(36224K) Class: 5213K(5440K)->5213K(5440K)
[2025-03-06T19:31:10.845+0000][5.801s][info ][gc          ] GC(21) Pause Young (Normal) (G1 Evacuation Pause) 182M->59M(440M) 5.991ms
[2025-03-06T19:31:10.845+0000][5.801s][info ][gc,cpu      ] GC(21) User=0.01s Sys=0.00s Real=0.00s
[2025-03-06T19:31:10.845+0000][5.801s][info ][safepoint   ] Safepoint "G1CollectForAllocation", Time since last: 2259414 ns, Reaching safepoint: 349312 ns, Cleanup: 10924 ns, At safepoint: 6495098 ns, Total: 6855334 ns
[2025-03-06T19:31:11.444+0000][6.400s][debug][safepoint   ] Safepoint synchronization initiated using futex wait barrier. (15 threads)
[2025-03-06T19:31:11.447+0000][6.403s][info ][safepoint   ] Safepoint "ICBufferFull", Time since last: 599064950 ns, Reaching safepoint: 2565347 ns, Cleanup: 129942 ns, At safepoint: 2263 ns, Total: 2697552 ns
[2025-03-06T19:31:12.018+0000][6.974s][debug][safepoint   ] Safepoint synchronization initiated using futex wait barrier. (15 threads)
[2025-03-06T19:31:12.019+0000][6.975s][info ][gc,start    ] GC(22) Pause Young (Normal) (G1 Evacuation Pause)
[2025-03-06T19:31:12.019+0000][6.975s][info ][gc,task     ] GC(22) Using 8 workers of 8 for evacuation
[2025-03-06T19:31:12.023+0000][6.979s][info ][gc,phases   ] GC(22)   Pre Evacuate Collection Set: 0.1ms
[2025-03-06T19:31:12.024+0000][6.980s][info ][gc,phases   ] GC(22)   Merge Heap Roots: 0.1ms
[2025-03-06T19:31:12.025+0000][6.981s][info ][gc,phases   ] GC(22)   Evacuate Collection Set: 3.1ms
[2025-03-06T19:31:12.025+0000][6.982s][info ][gc,phases   ] GC(22)   Post Evacuate Collection Set: 0.7ms
[2025-03-06T19:31:12.026+0000][6.982s][info ][gc,phases   ] GC(22)   Other: 1.0ms
[2025-03-06T19:31:12.027+0000][6.983s][info ][gc,heap     ] GC(22) Eden regions: 130->0(128)
[2025-03-06T19:31:12.027+0000][6.983s][info ][gc,heap     ] GC(22) Survivor regions: 2->4(17)
[2025-03-06T19:31:12.027+0000][6.983s][info ][gc,heap     ] GC(22) Old regions: 28->28
[2025-03-06T19:31:12.027+0000][6.983s][info ][gc,heap     ] GC(22) Archive regions: 2->2
[2025-03-06T19:31:12.028+0000][6.984s][info ][gc,heap     ] GC(22) Humongous regions: 0->0
[2025-03-06T19:31:12.028+0000][6.984s][info ][gc,metaspace] GC(22) Metaspace: 48793K(49280K)->48793K(49280K) NonClass: 42546K(42816K)->42546K(42816K) Class: 6246K(6464K)->6246K(6464K)
[2025-03-06T19:31:12.028+0000][6.984s][info ][gc          ] GC(22) Pause Young (Normal) (G1 Evacuation Pause) 319M->64M(440M) 9.836ms
[2025-03-06T19:31:12.029+0000][6.985s][info ][gc,cpu      ] GC(22) User=0.02s Sys=0.00s Real=0.01s
[2025-03-06T19:31:12.029+0000][6.985s][info ][safepoint   ] Safepoint "G1CollectForAllocation", Time since last: 571028938 ns, Reaching safepoint: 553545 ns, Cleanup: 105550 ns, At safepoint: 10631417 ns, Total: 11290512 ns
[2025-03-06T19:31:13.293+0000][8.249s][debug][safepoint   ] Safepoint synchronization initiated using futex wait barrier. (17 threads)
[2025-03-06T19:31:13.305+0000][8.261s][info ][safepoint   ] Safepoint "Cleanup", Time since last: 1263677976 ns, Reaching safepoint: 11951156 ns, Cleanup: 90925 ns, At safepoint: 27853 ns, Total: 12069934 ns
[2025-03-06T19:31:13.404+0000][8.360s][debug][safepoint   ] Safepoint synchronization initiated using futex wait barrier. (17 threads)
[2025-03-06T19:31:13.405+0000][8.361s][info ][safepoint   ] Safepoint "ICBufferFull", Time since last: 99444157 ns, Reaching safepoint: 506409 ns, Cleanup: 85922 ns, At safepoint: 2123 ns, Total: 594454 ns
[2025-03-06T19:31:13.970+0000][8.926s][debug][safepoint   ] Safepoint synchronization initiated using futex wait barrier. (16 threads)
[2025-03-06T19:31:13.976+0000][8.932s][info ][gc,start    ] GC(23) Pause Young (Normal) (G1 Evacuation Pause)
[2025-03-06T19:31:13.979+0000][8.935s][info ][gc,task     ] GC(23) Using 8 workers of 8 for evacuation
[2025-03-06T19:31:13.989+0000][8.945s][info ][gc,phases   ] GC(23)   Pre Evacuate Collection Set: 0.1ms
[2025-03-06T19:31:13.990+0000][8.946s][info ][gc,phases   ] GC(23)   Merge Heap Roots: 0.1ms
[2025-03-06T19:31:13.990+0000][8.946s][info ][gc,phases   ] GC(23)   Evacuate Collection Set: 4.4ms
[2025-03-06T19:31:13.992+0000][8.948s][info ][gc,phases   ] GC(23)   Post Evacuate Collection Set: 0.9ms
[2025-03-06T19:31:13.995+0000][8.951s][info ][gc,phases   ] GC(23)   Other: 7.5ms
[2025-03-06T19:31:13.999+0000][8.955s][info ][gc,heap     ] GC(23) Eden regions: 128->0(126)
[2025-03-06T19:31:14.000+0000][8.956s][info ][gc,heap     ] GC(23) Survivor regions: 4->6(17)
[2025-03-06T19:31:14.000+0000][8.956s][info ][gc,heap     ] GC(23) Old regions: 28->28
[2025-03-06T19:31:14.000+0000][8.956s][info ][gc,heap     ] GC(23) Archive regions: 2->2
[2025-03-06T19:31:14.000+0000][8.956s][info ][gc,heap     ] GC(23) Humongous regions: 0->0
[2025-03-06T19:31:14.000+0000][8.956s][info ][gc,metaspace] GC(23) Metaspace: 58387K(58816K)->58387K(58816K) NonClass: 50915K(51136K)->50915K(51136K) Class: 7472K(7680K)->7472K(7680K)
[2025-03-06T19:31:14.003+0000][8.959s][info ][gc          ] GC(23) Pause Young (Normal) (G1 Evacuation Pause) 320M->67M(440M) 26.462ms
[2025-03-06T19:31:14.005+0000][8.961s][info ][gc,cpu      ] GC(23) User=0.03s Sys=0.00s Real=0.03s
[2025-03-06T19:31:14.005+0000][8.961s][info ][safepoint   ] Safepoint "G1CollectForAllocation", Time since last: 564855501 ns, Reaching safepoint: 6418214 ns, Cleanup: 125031 ns, At safepoint: 29030792 ns, Total: 35574037 ns
[2025-03-06T19:31:14.439+0000][9.395s][debug][safepoint   ] Safepoint synchronization initiated using futex wait barrier. (17 threads)
[2025-03-06T19:31:14.440+0000][9.396s][info ][gc,start    ] GC(24) Pause Young (Concurrent Start) (Metadata GC Threshold)
[2025-03-06T19:31:14.440+0000][9.396s][info ][gc,task     ] GC(24) Using 8 workers of 8 for evacuation
[2025-03-06T19:31:14.445+0000][9.401s][info ][gc,phases   ] GC(24)   Pre Evacuate Collection Set: 0.1ms
[2025-03-06T19:31:14.445+0000][9.401s][info ][gc,phases   ] GC(24)   Merge Heap Roots: 0.1ms
[2025-03-06T19:31:14.445+0000][9.401s][info ][gc,phases   ] GC(24)   Evacuate Collection Set: 3.5ms
[2025-03-06T19:31:14.445+0000][9.402s][info ][gc,phases   ] GC(24)   Post Evacuate Collection Set: 0.6ms
[2025-03-06T19:31:14.446+0000][9.402s][info ][gc,phases   ] GC(24)   Other: 0.6ms
[2025-03-06T19:31:14.446+0000][9.402s][info ][gc,heap     ] GC(24) Eden regions: 12->0(126)
[2025-03-06T19:31:14.446+0000][9.402s][info ][gc,heap     ] GC(24) Survivor regions: 6->6(17)
[2025-03-06T19:31:14.446+0000][9.402s][info ][gc,heap     ] GC(24) Old regions: 28->28
[2025-03-06T19:31:14.446+0000][9.402s][info ][gc,heap     ] GC(24) Archive regions: 2->2
[2025-03-06T19:31:14.447+0000][9.403s][info ][gc,heap     ] GC(24) Humongous regions: 0->0
[2025-03-06T19:31:14.447+0000][9.403s][info ][gc,metaspace] GC(24) Metaspace: 60330K(60800K)->60330K(60800K) NonClass: 52653K(52864K)->52653K(52864K) Class: 7677K(7936K)->7677K(7936K)
[2025-03-06T19:31:14.447+0000][9.403s][info ][gc          ] GC(24) Pause Young (Concurrent Start) (Metadata GC Threshold) 91M->68M(440M) 7.363ms
[2025-03-06T19:31:14.447+0000][9.403s][info ][gc,cpu      ] GC(24) User=0.02s Sys=0.00s Real=0.00s
[2025-03-06T19:31:14.447+0000][9.404s][info ][gc          ] GC(25) Concurrent Mark Cycle
[2025-03-06T19:31:14.448+0000][9.404s][info ][gc,marking  ] GC(25) Concurrent Clear Claimed Marks
[2025-03-06T19:31:14.447+0000][9.404s][info ][safepoint   ] Safepoint "CollectForMetadataAllocation", Time since last: 433876684 ns, Reaching safepoint: 361408 ns, Cleanup: 23292 ns, At safepoint: 7875114 ns, Total: 8259814 ns
[2025-03-06T19:31:14.448+0000][9.404s][info ][gc,marking  ] GC(25) Concurrent Clear Claimed Marks 0.179ms
[2025-03-06T19:31:14.448+0000][9.404s][info ][gc,marking  ] GC(25) Concurrent Scan Root Regions
[2025-03-06T19:31:14.451+0000][9.407s][info ][gc,marking  ] GC(25) Concurrent Scan Root Regions 3.249ms
[2025-03-06T19:31:14.452+0000][9.408s][info ][gc,marking  ] GC(25) Concurrent Mark
[2025-03-06T19:31:14.452+0000][9.408s][info ][gc,marking  ] GC(25) Concurrent Mark From Roots
[2025-03-06T19:31:14.452+0000][9.408s][info ][gc,task     ] GC(25) Using 2 workers of 2 for marking
[2025-03-06T19:31:14.479+0000][9.436s][info ][gc,marking  ] GC(25) Concurrent Mark From Roots 27.634ms
[2025-03-06T19:31:14.480+0000][9.436s][info ][gc,marking  ] GC(25) Concurrent Preclean
[2025-03-06T19:31:14.480+0000][9.436s][info ][gc,marking  ] GC(25) Concurrent Preclean 0.288ms
[2025-03-06T19:31:14.480+0000][9.436s][debug][safepoint   ] Safepoint synchronization initiated using futex wait barrier. (17 threads)
[2025-03-06T19:31:14.480+0000][9.436s][info ][gc,start    ] GC(25) Pause Remark
[2025-03-06T19:31:14.483+0000][9.439s][info ][gc          ] GC(25) Pause Remark 69M->69M(248M) 2.467ms
[2025-03-06T19:31:14.483+0000][9.439s][info ][gc,cpu      ] GC(25) User=0.01s Sys=0.00s Real=0.00s
[2025-03-06T19:31:14.483+0000][9.439s][info ][safepoint   ] Safepoint "G1PauseRemark", Time since last: 32653266 ns, Reaching safepoint: 123039 ns, Cleanup: 3834 ns, At safepoint: 2916456 ns, Total: 3043329 ns
[2025-03-06T19:31:14.483+0000][9.439s][info ][gc,marking  ] GC(25) Concurrent Mark 31.661ms
[2025-03-06T19:31:14.484+0000][9.440s][info ][gc,marking  ] GC(25) Concurrent Rebuild Remembered Sets
[2025-03-06T19:31:14.498+0000][9.454s][info ][gc,marking  ] GC(25) Concurrent Rebuild Remembered Sets 14.654ms
[2025-03-06T19:31:14.499+0000][9.455s][debug][safepoint   ] Safepoint synchronization initiated using futex wait barrier. (17 threads)
[2025-03-06T19:31:14.499+0000][9.455s][info ][gc,start    ] GC(25) Pause Cleanup
[2025-03-06T19:31:14.499+0000][9.455s][info ][gc          ] GC(25) Pause Cleanup 73M->73M(248M) 0.332ms
[2025-03-06T19:31:14.499+0000][9.455s][info ][gc,cpu      ] GC(25) User=0.00s Sys=0.00s Real=0.00s
[2025-03-06T19:31:14.499+0000][9.455s][info ][safepoint   ] Safepoint "G1PauseCleanup", Time since last: 15425819 ns, Reaching safepoint: 209857 ns, Cleanup: 2607 ns, At safepoint: 573022 ns, Total: 785486 ns
[2025-03-06T19:31:14.500+0000][9.456s][info ][gc,marking  ] GC(25) Concurrent Cleanup for Next Mark
[2025-03-06T19:31:14.502+0000][9.458s][info ][gc,marking  ] GC(25) Concurrent Cleanup for Next Mark 2.082ms
[2025-03-06T19:31:14.502+0000][9.458s][info ][gc          ] GC(25) Concurrent Mark Cycle 54.476ms
[2025-03-06T19:31:14.906+0000][9.862s][debug][safepoint   ] Safepoint synchronization initiated using futex wait barrier. (20 threads)
[2025-03-06T19:31:14.907+0000][9.863s][info ][gc,start    ] GC(26) Pause Young (Prepare Mixed) (G1 Evacuation Pause)
[2025-03-06T19:31:14.907+0000][9.864s][info ][gc,task     ] GC(26) Using 6 workers of 8 for evacuation
[2025-03-06T19:31:14.912+0000][9.868s][info ][gc,phases   ] GC(26)   Pre Evacuate Collection Set: 0.1ms
[2025-03-06T19:31:14.912+0000][9.868s][info ][gc,phases   ] GC(26)   Merge Heap Roots: 0.1ms
[2025-03-06T19:31:14.912+0000][9.868s][info ][gc,phases   ] GC(26)   Evacuate Collection Set: 3.3ms
[2025-03-06T19:31:14.913+0000][9.869s][info ][gc,phases   ] GC(26)   Post Evacuate Collection Set: 0.6ms
[2025-03-06T19:31:14.913+0000][9.869s][info ][gc,phases   ] GC(26)   Other: 0.5ms
[2025-03-06T19:31:14.913+0000][9.869s][info ][gc,heap     ] GC(26) Eden regions: 68->0(1)
[2025-03-06T19:31:14.913+0000][9.869s][info ][gc,heap     ] GC(26) Survivor regions: 6->6(10)
[2025-03-06T19:31:14.914+0000][9.870s][info ][gc,heap     ] GC(26) Old regions: 28->29
[2025-03-06T19:31:14.914+0000][9.870s][info ][gc,heap     ] GC(26) Archive regions: 2->2
[2025-03-06T19:31:14.914+0000][9.870s][info ][gc,heap     ] GC(26) Humongous regions: 0->0
[2025-03-06T19:31:14.914+0000][9.870s][info ][gc,metaspace] GC(26) Metaspace: 63312K(63808K)->63312K(63808K) NonClass: 55234K(55488K)->55234K(55488K) Class: 8077K(8320K)->8077K(8320K)
[2025-03-06T19:31:14.915+0000][9.871s][info ][gc          ] GC(26) Pause Young (Prepare Mixed) (G1 Evacuation Pause) 204M->68M(248M) 7.290ms
[2025-03-06T19:31:14.915+0000][9.871s][info ][gc,cpu      ] GC(26) User=0.02s Sys=0.00s Real=0.01s
[2025-03-06T19:31:14.915+0000][9.871s][info ][safepoint   ] Safepoint "G1CollectForAllocation", Time since last: 406272360 ns, Reaching safepoint: 329918 ns, Cleanup: 1220206 ns, At safepoint: 7773215 ns, Total: 9323339 ns
[2025-03-06T19:31:14.921+0000][9.877s][debug][safepoint   ] Safepoint synchronization initiated using futex wait barrier. (20 threads)
[2025-03-06T19:31:14.921+0000][9.877s][info ][gc,start    ] GC(27) Pause Young (Mixed) (G1 Evacuation Pause)
[2025-03-06T19:31:14.921+0000][9.877s][info ][gc,task     ] GC(27) Using 5 workers of 8 for evacuation
[2025-03-06T19:31:14.926+0000][9.882s][info ][gc,phases   ] GC(27)   Pre Evacuate Collection Set: 0.1ms
[2025-03-06T19:31:14.926+0000][9.882s][info ][gc,phases   ] GC(27)   Merge Heap Roots: 0.1ms
[2025-03-06T19:31:14.926+0000][9.882s][info ][gc,phases   ] GC(27)   Evacuate Collection Set: 3.7ms
[2025-03-06T19:31:14.926+0000][9.882s][info ][gc,phases   ] GC(27)   Post Evacuate Collection Set: 0.4ms
[2025-03-06T19:31:14.927+0000][9.883s][info ][gc,phases   ] GC(27)   Other: 0.6ms
[2025-03-06T19:31:14.927+0000][9.883s][info ][gc,heap     ] GC(27) Eden regions: 1->0(71)
[2025-03-06T19:31:14.927+0000][9.883s][info ][gc,heap     ] GC(27) Survivor regions: 6->1(1)
[2025-03-06T19:31:14.927+0000][9.883s][info ][gc,heap     ] GC(27) Old regions: 29->33
[2025-03-06T19:31:14.927+0000][9.883s][info ][gc,heap     ] GC(27) Archive regions: 2->2
[2025-03-06T19:31:14.928+0000][9.884s][info ][gc,heap     ] GC(27) Humongous regions: 0->0
[2025-03-06T19:31:14.928+0000][9.884s][info ][gc,metaspace] GC(27) Metaspace: 63334K(63808K)->63334K(63808K) NonClass: 55250K(55488K)->55250K(55488K) Class: 8083K(8320K)->8083K(8320K)
[2025-03-06T19:31:14.928+0000][9.884s][info ][gc          ] GC(27) Pause Young (Mixed) (G1 Evacuation Pause) 70M->68M(248M) 7.055ms
[2025-03-06T19:31:14.928+0000][9.884s][info ][gc,cpu      ] GC(27) User=0.02s Sys=0.01s Real=0.01s
[2025-03-06T19:31:14.928+0000][9.884s][info ][safepoint   ] Safepoint "G1CollectForAllocation", Time since last: 5616358 ns, Reaching safepoint: 287057 ns, Cleanup: 2444 ns, At safepoint: 7460435 ns, Total: 7749936 ns
[2025-03-06T19:31:15.264+0000][10.220s][debug][safepoint   ] Safepoint synchronization initiated using futex wait barrier. (19 threads)
[2025-03-06T19:31:15.264+0000][10.220s][info ][gc,start    ] GC(28) Pause Young (Normal) (G1 Evacuation Pause)
[2025-03-06T19:31:15.264+0000][10.221s][info ][gc,task     ] GC(28) Using 5 workers of 8 for evacuation
[2025-03-06T19:31:15.268+0000][10.224s][info ][gc,phases   ] GC(28)   Pre Evacuate Collection Set: 0.1ms
[2025-03-06T19:31:15.268+0000][10.224s][info ][gc,phases   ] GC(28)   Merge Heap Roots: 0.1ms
[2025-03-06T19:31:15.268+0000][10.224s][info ][gc,phases   ] GC(28)   Evacuate Collection Set: 1.8ms
[2025-03-06T19:31:15.269+0000][10.225s][info ][gc,phases   ] GC(28)   Post Evacuate Collection Set: 0.6ms
[2025-03-06T19:31:15.269+0000][10.225s][info ][gc,phases   ] GC(28)   Other: 1.0ms
[2025-03-06T19:31:15.270+0000][10.226s][info ][gc,heap     ] GC(28) Eden regions: 71->0(70)
[2025-03-06T19:31:15.270+0000][10.226s][info ][gc,heap     ] GC(28) Survivor regions: 1->2(9)
[2025-03-06T19:31:15.271+0000][10.227s][info ][gc,heap     ] GC(28) Old regions: 33->33
[2025-03-06T19:31:15.271+0000][10.227s][info ][gc,heap     ] GC(28) Archive regions: 2->2
[2025-03-06T19:31:15.271+0000][10.227s][info ][gc,heap     ] GC(28) Humongous regions: 0->0
[2025-03-06T19:31:15.271+0000][10.227s][info ][gc,metaspace] GC(28) Metaspace: 67268K(67712K)->67268K(67712K) NonClass: 58602K(58816K)->58602K(58816K) Class: 8666K(8896K)->8666K(8896K)
[2025-03-06T19:31:15.272+0000][10.228s][info ][gc          ] GC(28) Pause Young (Normal) (G1 Evacuation Pause) 210M->69M(248M) 7.603ms
[2025-03-06T19:31:15.272+0000][10.228s][info ][gc,cpu      ] GC(28) User=0.02s Sys=0.01s Real=0.01s
[2025-03-06T19:31:15.272+0000][10.229s][info ][safepoint   ] Safepoint "G1CollectForAllocation", Time since last: 335200899 ns, Reaching safepoint: 513426 ns, Cleanup: 43373 ns, At safepoint: 8385702 ns, Total: 8942501 ns
[2025-03-06T19:31:15.399+0000][10.355s][debug][safepoint   ] Safepoint synchronization initiated using futex wait barrier. (20 threads)
[2025-03-06T19:31:15.400+0000][10.356s][info ][safepoint   ] Safepoint "ICBufferFull", Time since last: 126551563 ns, Reaching safepoint: 364371 ns, Cleanup: 91972 ns, At safepoint: 13702 ns, Total: 470045 ns
[2025-03-06T19:31:15.609+0000][10.565s][debug][safepoint   ] Safepoint synchronization initiated using futex wait barrier. (20 threads)
[2025-03-06T19:31:15.609+0000][10.565s][info ][safepoint   ] Safepoint "ICBufferFull", Time since last: 209524638 ns, Reaching safepoint: 212281 ns, Cleanup: 82430 ns, At safepoint: 1350 ns, Total: 296061 ns
[2025-03-06T19:31:15.682+0000][10.638s][debug][safepoint   ] Safepoint synchronization initiated using futex wait barrier. (20 threads)
[2025-03-06T19:31:15.682+0000][10.638s][info ][gc,start    ] GC(29) Pause Young (Normal) (G1 Evacuation Pause)
[2025-03-06T19:31:15.682+0000][10.638s][info ][gc,task     ] GC(29) Using 5 workers of 8 for evacuation
[2025-03-06T19:31:15.686+0000][10.642s][info ][gc,phases   ] GC(29)   Pre Evacuate Collection Set: 0.1ms
[2025-03-06T19:31:15.686+0000][10.642s][info ][gc,phases   ] GC(29)   Merge Heap Roots: 0.1ms
[2025-03-06T19:31:15.686+0000][10.642s][info ][gc,phases   ] GC(29)   Evacuate Collection Set: 2.2ms
[2025-03-06T19:31:15.686+0000][10.642s][info ][gc,phases   ] GC(29)   Post Evacuate Collection Set: 0.5ms
[2025-03-06T19:31:15.687+0000][10.643s][info ][gc,phases   ] GC(29)   Other: 0.7ms
[2025-03-06T19:31:15.687+0000][10.643s][info ][gc,heap     ] GC(29) Eden regions: 70->0(68)
[2025-03-06T19:31:15.687+0000][10.643s][info ][gc,heap     ] GC(29) Survivor regions: 2->4(9)
[2025-03-06T19:31:15.688+0000][10.644s][info ][gc,heap     ] GC(29) Old regions: 33->33
[2025-03-06T19:31:15.688+0000][10.644s][info ][gc,heap     ] GC(29) Archive regions: 2->2
[2025-03-06T19:31:15.688+0000][10.644s][info ][gc,heap     ] GC(29) Humongous regions: 0->0
[2025-03-06T19:31:15.689+0000][10.645s][info ][gc,metaspace] GC(29) Metaspace: 70551K(71040K)->70551K(71040K) NonClass: 61504K(61760K)->61504K(61760K) Class: 9047K(9280K)->9047K(9280K)
[2025-03-06T19:31:15.689+0000][10.645s][info ][gc          ] GC(29) Pause Young (Normal) (G1 Evacuation Pause) 209M->73M(248M) 6.884ms
[2025-03-06T19:31:15.689+0000][10.645s][info ][gc,cpu      ] GC(29) User=0.00s Sys=0.01s Real=0.01s
[2025-03-06T19:31:15.690+0000][10.646s][info ][safepoint   ] Safepoint "G1CollectForAllocation", Time since last: 72505369 ns, Reaching safepoint: 192915 ns, Cleanup: 8521 ns, At safepoint: 7907621 ns, Total: 8109057 ns
[2025-03-06T19:31:15.799+0000][10.755s][debug][safepoint   ] Safepoint synchronization initiated using futex wait barrier. (20 threads)
[2025-03-06T19:31:15.799+0000][10.755s][info ][safepoint   ] Safepoint "ICBufferFull", Time since last: 108856326 ns, Reaching safepoint: 329380 ns, Cleanup: 174576 ns, At safepoint: 27006 ns, Total: 530962 ns
[2025-03-06T19:31:16.099+0000][11.055s][debug][safepoint   ] Safepoint synchronization initiated using futex wait barrier. (20 threads)
[2025-03-06T19:31:16.100+0000][11.056s][info ][gc,start    ] GC(30) Pause Young (Normal) (G1 Evacuation Pause)
[2025-03-06T19:31:16.100+0000][11.056s][info ][gc,task     ] GC(30) Using 5 workers of 8 for evacuation
[2025-03-06T19:31:16.104+0000][11.060s][info ][gc,phases   ] GC(30)   Pre Evacuate Collection Set: 0.1ms
[2025-03-06T19:31:16.104+0000][11.060s][info ][gc,phases   ] GC(30)   Merge Heap Roots: 0.0ms
[2025-03-06T19:31:16.105+0000][11.061s][info ][gc,phases   ] GC(30)   Evacuate Collection Set: 2.9ms
[2025-03-06T19:31:16.105+0000][11.061s][info ][gc,phases   ] GC(30)   Post Evacuate Collection Set: 0.5ms
[2025-03-06T19:31:16.105+0000][11.061s][info ][gc,phases   ] GC(30)   Other: 0.5ms
[2025-03-06T19:31:16.105+0000][11.061s][info ][gc,heap     ] GC(30) Eden regions: 68->0(68)
[2025-03-06T19:31:16.106+0000][11.062s][info ][gc,heap     ] GC(30) Survivor regions: 4->4(9)
[2025-03-06T19:31:16.106+0000][11.062s][info ][gc,heap     ] GC(30) Old regions: 33->33
[2025-03-06T19:31:16.106+0000][11.062s][info ][gc,heap     ] GC(30) Archive regions: 2->2
[2025-03-06T19:31:16.107+0000][11.063s][info ][gc,heap     ] GC(30) Humongous regions: 0->0
[2025-03-06T19:31:16.107+0000][11.063s][info ][gc,metaspace] GC(30) Metaspace: 75863K(76352K)->75863K(76352K) NonClass: 66060K(66304K)->66060K(66304K) Class: 9802K(10048K)->9802K(10048K)
[2025-03-06T19:31:16.107+0000][11.063s][info ][gc          ] GC(30) Pause Young (Normal) (G1 Evacuation Pause) 209M->74M(248M) 7.531ms
[2025-03-06T19:31:16.108+0000][11.064s][info ][gc,cpu      ] GC(30) User=0.01s Sys=0.00s Real=0.00s
[2025-03-06T19:31:16.108+0000][11.064s][info ][safepoint   ] Safepoint "G1CollectForAllocation", Time since last: 299858483 ns, Reaching safepoint: 504193 ns, Cleanup: 54885 ns, At safepoint: 8098808 ns, Total: 8657886 ns
[2025-03-06T19:31:16.370+0000][11.326s][debug][safepoint   ] Safepoint synchronization initiated using futex wait barrier. (20 threads)
[2025-03-06T19:31:16.371+0000][11.327s][info ][gc,start    ] GC(31) Pause Young (Normal) (G1 Evacuation Pause)
[2025-03-06T19:31:16.372+0000][11.328s][info ][gc,task     ] GC(31) Using 5 workers of 8 for evacuation
[2025-03-06T19:31:16.376+0000][11.332s][info ][gc,phases   ] GC(31)   Pre Evacuate Collection Set: 0.1ms
[2025-03-06T19:31:16.376+0000][11.332s][info ][gc,phases   ] GC(31)   Merge Heap Roots: 0.1ms
[2025-03-06T19:31:16.377+0000][11.333s][info ][gc,phases   ] GC(31)   Evacuate Collection Set: 2.6ms
[2025-03-06T19:31:16.377+0000][11.333s][info ][gc,phases   ] GC(31)   Post Evacuate Collection Set: 0.6ms
[2025-03-06T19:31:16.377+0000][11.334s][info ][gc,phases   ] GC(31)   Other: 1.2ms
[2025-03-06T19:31:16.378+0000][11.334s][info ][gc,heap     ] GC(31) Eden regions: 68->0(66)
[2025-03-06T19:31:16.378+0000][11.334s][info ][gc,heap     ] GC(31) Survivor regions: 4->5(9)
[2025-03-06T19:31:16.379+0000][11.335s][info ][gc,heap     ] GC(31) Old regions: 33->33
[2025-03-06T19:31:16.379+0000][11.336s][info ][gc,heap     ] GC(31) Archive regions: 2->2
[2025-03-06T19:31:16.380+0000][11.336s][info ][gc,heap     ] GC(31) Humongous regions: 0->0
[2025-03-06T19:31:16.381+0000][11.337s][info ][gc,metaspace] GC(31) Metaspace: 78067K(78528K)->78067K(78528K) NonClass: 67816K(68032K)->67816K(68032K) Class: 10250K(10496K)->10250K(10496K)
[2025-03-06T19:31:16.381+0000][11.337s][info ][gc          ] GC(31) Pause Young (Normal) (G1 Evacuation Pause) 210M->75M(248M) 10.140ms
[2025-03-06T19:31:16.382+0000][11.338s][info ][gc,cpu      ] GC(31) User=0.02s Sys=0.00s Real=0.01s
[2025-03-06T19:31:16.382+0000][11.338s][info ][safepoint   ] Safepoint "G1CollectForAllocation", Time since last: 262243473 ns, Reaching safepoint: 838308 ns, Cleanup: 96174 ns, At safepoint: 11083159 ns, Total: 12017641 ns
[2025-03-06T19:31:16.454+0000][11.410s][debug][safepoint   ] Safepoint synchronization initiated using futex wait barrier. (20 threads)
[2025-03-06T19:31:16.454+0000][11.410s][info ][safepoint   ] Safepoint "ICBufferFull", Time since last: 71454166 ns, Reaching safepoint: 431428 ns, Cleanup: 95525 ns, At safepoint: 1991 ns, Total: 528944 ns
[2025-03-06T19:31:16.498+0000][11.454s][debug][safepoint   ] Safepoint synchronization initiated using futex wait barrier. (20 threads)
[2025-03-06T19:31:16.498+0000][11.454s][info ][safepoint   ] Safepoint "ICBufferFull", Time since last: 43622456 ns, Reaching safepoint: 506856 ns, Cleanup: 63979 ns, At safepoint: 2140 ns, Total: 572975 ns
[2025-03-06T19:31:16.542+0000][11.498s][debug][safepoint   ] Safepoint synchronization initiated using futex wait barrier. (20 threads)
[2025-03-06T19:31:16.543+0000][11.499s][info ][safepoint   ] Safepoint "ICBufferFull", Time since last: 44136648 ns, Reaching safepoint: 494859 ns, Cleanup: 74276 ns, At safepoint: 22798 ns, Total: 591933 ns
[2025-03-06T19:31:16.605+0000][11.561s][debug][safepoint   ] Safepoint synchronization initiated using futex wait barrier. (20 threads)
[2025-03-06T19:31:16.606+0000][11.562s][info ][safepoint   ] Safepoint "ICBufferFull", Time since last: 61838600 ns, Reaching safepoint: 632815 ns, Cleanup: 85798 ns, At safepoint: 2044 ns, Total: 720657 ns
[2025-03-06T19:31:16.686+0000][11.642s][debug][safepoint   ] Safepoint synchronization initiated using futex wait barrier. (20 threads)
[2025-03-06T19:31:16.687+0000][11.643s][info ][safepoint   ] Safepoint "ICBufferFull", Time since last: 80662356 ns, Reaching safepoint: 528580 ns, Cleanup: 74125 ns, At safepoint: 1852 ns, Total: 604557 ns
[2025-03-06T19:31:16.841+0000][11.797s][debug][safepoint   ] Safepoint synchronization initiated using futex wait barrier. (21 threads)
[2025-03-06T19:31:16.842+0000][11.798s][info ][gc,start    ] GC(32) Pause Young (Normal) (G1 Evacuation Pause)
[2025-03-06T19:31:16.842+0000][11.798s][info ][gc,task     ] GC(32) Using 5 workers of 8 for evacuation
[2025-03-06T19:31:16.846+0000][11.802s][info ][gc,phases   ] GC(32)   Pre Evacuate Collection Set: 0.1ms
[2025-03-06T19:31:16.847+0000][11.803s][info ][gc,phases   ] GC(32)   Merge Heap Roots: 0.1ms
[2025-03-06T19:31:16.847+0000][11.803s][info ][gc,phases   ] GC(32)   Evacuate Collection Set: 3.2ms
[2025-03-06T19:31:16.847+0000][11.803s][info ][gc,phases   ] GC(32)   Post Evacuate Collection Set: 0.7ms
[2025-03-06T19:31:16.848+0000][11.804s][info ][gc,phases   ] GC(32)   Other: 0.8ms
[2025-03-06T19:31:16.848+0000][11.804s][info ][gc,heap     ] GC(32) Eden regions: 66->0(64)
[2025-03-06T19:31:16.848+0000][11.804s][info ][gc,heap     ] GC(32) Survivor regions: 5->6(9)
[2025-03-06T19:31:16.848+0000][11.804s][info ][gc,heap     ] GC(32) Old regions: 33->33
[2025-03-06T19:31:16.848+0000][11.804s][info ][gc,heap     ] GC(32) Archive regions: 2->2
[2025-03-06T19:31:16.848+0000][11.804s][info ][gc,heap     ] GC(32) Humongous regions: 0->0
[2025-03-06T19:31:16.849+0000][11.805s][info ][gc,metaspace] GC(32) Metaspace: 81049K(81536K)->81049K(81536K) NonClass: 70440K(70656K)->70440K(70656K) Class: 10608K(10880K)->10608K(10880K)
[2025-03-06T19:31:16.849+0000][11.805s][info ][gc          ] GC(32) Pause Young (Normal) (G1 Evacuation Pause) 207M->77M(248M) 7.380ms
[2025-03-06T19:31:16.849+0000][11.805s][info ][gc,cpu      ] GC(32) User=0.02s Sys=0.00s Real=0.01s
[2025-03-06T19:31:16.849+0000][11.805s][info ][safepoint   ] Safepoint "G1CollectForAllocation", Time since last: 154139406 ns, Reaching safepoint: 473027 ns, Cleanup: 54116 ns, At safepoint: 7838156 ns, Total: 8365299 ns
[2025-03-06T19:31:17.147+0000][12.103s][debug][safepoint   ] Safepoint synchronization initiated using futex wait barrier. (21 threads)
[2025-03-06T19:31:17.148+0000][12.104s][info ][gc,start    ] GC(33) Pause Young (Normal) (G1 Evacuation Pause)
[2025-03-06T19:31:17.148+0000][12.104s][info ][gc,task     ] GC(33) Using 5 workers of 8 for evacuation
[2025-03-06T19:31:17.154+0000][12.110s][info ][gc,phases   ] GC(33)   Pre Evacuate Collection Set: 0.1ms
[2025-03-06T19:31:17.154+0000][12.110s][info ][gc,phases   ] GC(33)   Merge Heap Roots: 0.1ms
[2025-03-06T19:31:17.155+0000][12.111s][info ][gc,phases   ] GC(33)   Evacuate Collection Set: 4.4ms
[2025-03-06T19:31:17.155+0000][12.111s][info ][gc,phases   ] GC(33)   Post Evacuate Collection Set: 0.8ms
[2025-03-06T19:31:17.155+0000][12.111s][info ][gc,phases   ] GC(33)   Other: 0.8ms
[2025-03-06T19:31:17.156+0000][12.112s][info ][gc,heap     ] GC(33) Eden regions: 64->0(64)
[2025-03-06T19:31:17.156+0000][12.112s][info ][gc,heap     ] GC(33) Survivor regions: 6->6(9)
[2025-03-06T19:31:17.156+0000][12.112s][info ][gc,heap     ] GC(33) Old regions: 33->33
[2025-03-06T19:31:17.157+0000][12.113s][info ][gc,heap     ] GC(33) Archive regions: 2->2
[2025-03-06T19:31:17.157+0000][12.113s][info ][gc,heap     ] GC(33) Humongous regions: 0->0
[2025-03-06T19:31:17.157+0000][12.113s][info ][gc,metaspace] GC(33) Metaspace: 83701K(84224K)->83701K(84224K) NonClass: 72764K(73024K)->72764K(73024K) Class: 10937K(11200K)->10937K(11200K)
[2025-03-06T19:31:17.158+0000][12.114s][info ][gc          ] GC(33) Pause Young (Normal) (G1 Evacuation Pause) 205M->78M(248M) 9.745ms
[2025-03-06T19:31:17.158+0000][12.114s][info ][gc,cpu      ] GC(33) User=0.02s Sys=0.00s Real=0.01s
[2025-03-06T19:31:17.158+0000][12.114s][info ][safepoint   ] Safepoint "G1CollectForAllocation", Time since last: 297887107 ns, Reaching safepoint: 548004 ns, Cleanup: 81195 ns, At safepoint: 10327368 ns, Total: 10956567 ns
[2025-03-06T19:31:17.313+0000][12.269s][debug][safepoint   ] Safepoint synchronization initiated using futex wait barrier. (21 threads)
[2025-03-06T19:31:17.320+0000][12.276s][info ][safepoint   ] Safepoint "ICBufferFull", Time since last: 154720873 ns, Reaching safepoint: 7210106 ns, Cleanup: 110978 ns, At safepoint: 16042 ns, Total: 7337126 ns
[2025-03-06T19:31:17.574+0000][12.530s][debug][safepoint   ] Safepoint synchronization initiated using futex wait barrier. (21 threads)
[2025-03-06T19:31:17.575+0000][12.531s][info ][safepoint   ] Safepoint "ICBufferFull", Time since last: 254088224 ns, Reaching safepoint: 321946 ns, Cleanup: 104995 ns, At safepoint: 1596 ns, Total: 428537 ns
[2025-03-06T19:31:17.683+0000][12.639s][debug][safepoint   ] Safepoint synchronization initiated using futex wait barrier. (21 threads)
[2025-03-06T19:31:17.684+0000][12.640s][info ][gc,start    ] GC(34) Pause Young (Normal) (G1 Evacuation Pause)
[2025-03-06T19:31:17.684+0000][12.640s][info ][gc,task     ] GC(34) Using 5 workers of 8 for evacuation
[2025-03-06T19:31:17.691+0000][12.647s][info ][gc,phases   ] GC(34)   Pre Evacuate Collection Set: 0.1ms
[2025-03-06T19:31:17.691+0000][12.647s][info ][gc,phases   ] GC(34)   Merge Heap Roots: 0.1ms
[2025-03-06T19:31:17.691+0000][12.647s][info ][gc,phases   ] GC(34)   Evacuate Collection Set: 5.6ms
[2025-03-06T19:31:17.691+0000][12.648s][info ][gc,phases   ] GC(34)   Post Evacuate Collection Set: 1.0ms
[2025-03-06T19:31:17.692+0000][12.648s][info ][gc,phases   ] GC(34)   Other: 0.4ms
[2025-03-06T19:31:17.692+0000][12.648s][info ][gc,heap     ] GC(34) Eden regions: 64->0(61)
[2025-03-06T19:31:17.692+0000][12.648s][info ][gc,heap     ] GC(34) Survivor regions: 6->7(9)
[2025-03-06T19:31:17.692+0000][12.648s][info ][gc,heap     ] GC(34) Old regions: 33->34
[2025-03-06T19:31:17.692+0000][12.648s][info ][gc,heap     ] GC(34) Archive regions: 2->2
[2025-03-06T19:31:17.693+0000][12.649s][info ][gc,heap     ] GC(34) Humongous regions: 0->0
[2025-03-06T19:31:17.693+0000][12.649s][info ][gc,metaspace] GC(34) Metaspace: 86036K(86656K)->86036K(86656K) NonClass: 74943K(75264K)->74943K(75264K) Class: 11093K(11392K)->11093K(11392K)
[2025-03-06T19:31:17.693+0000][12.649s][info ][gc          ] GC(34) Pause Young (Normal) (G1 Evacuation Pause) 206M->81M(248M) 9.446ms
[2025-03-06T19:31:17.693+0000][12.649s][info ][gc,cpu      ] GC(34) User=0.06s Sys=0.00s Real=0.01s
[2025-03-06T19:31:17.694+0000][12.650s][info ][safepoint   ] Safepoint "G1CollectForAllocation", Time since last: 108503560 ns, Reaching safepoint: 275162 ns, Cleanup: 42613 ns, At safepoint: 9941300 ns, Total: 10259075 ns
[2025-03-06T19:31:18.041+0000][12.997s][debug][safepoint   ] Safepoint synchronization initiated using futex wait barrier. (25 threads)
[2025-03-06T19:31:18.042+0000][12.998s][info ][safepoint   ] Safepoint "ICBufferFull", Time since last: 347855266 ns, Reaching safepoint: 422318 ns, Cleanup: 75858 ns, At safepoint: 2014 ns, Total: 500190 ns
[2025-03-06T19:31:18.150+0000][13.107s][debug][safepoint   ] Safepoint synchronization initiated using futex wait barrier. (25 threads)
[2025-03-06T19:31:18.151+0000][13.107s][info ][gc,start    ] GC(35) Pause Young (Normal) (G1 Evacuation Pause)
[2025-03-06T19:31:18.152+0000][13.108s][info ][gc,task     ] GC(35) Using 8 workers of 8 for evacuation
[2025-03-06T19:31:18.158+0000][13.114s][info ][gc,phases   ] GC(35)   Pre Evacuate Collection Set: 0.1ms
[2025-03-06T19:31:18.158+0000][13.114s][info ][gc,phases   ] GC(35)   Merge Heap Roots: 0.1ms
[2025-03-06T19:31:18.159+0000][13.115s][info ][gc,phases   ] GC(35)   Evacuate Collection Set: 4.2ms
[2025-03-06T19:31:18.159+0000][13.115s][info ][gc,phases   ] GC(35)   Post Evacuate Collection Set: 0.9ms
[2025-03-06T19:31:18.159+0000][13.115s][info ][gc,phases   ] GC(35)   Other: 1.3ms
[2025-03-06T19:31:18.159+0000][13.116s][info ][gc,heap     ] GC(35) Eden regions: 61->0(61)
[2025-03-06T19:31:18.160+0000][13.116s][info ][gc,heap     ] GC(35) Survivor regions: 7->6(9)
[2025-03-06T19:31:18.160+0000][13.116s][info ][gc,heap     ] GC(35) Old regions: 34->36
[2025-03-06T19:31:18.161+0000][13.117s][info ][gc,heap     ] GC(35) Archive regions: 2->2
[2025-03-06T19:31:18.162+0000][13.118s][info ][gc,heap     ] GC(35) Humongous regions: 0->0
[2025-03-06T19:31:18.162+0000][13.118s][info ][gc,metaspace] GC(35) Metaspace: 88277K(88832K)->88277K(88832K) NonClass: 76989K(77248K)->76989K(77248K) Class: 11287K(11584K)->11287K(11584K)
[2025-03-06T19:31:18.163+0000][13.119s][info ][gc          ] GC(35) Pause Young (Normal) (G1 Evacuation Pause) 203M->84M(248M) 11.600ms
[2025-03-06T19:31:18.163+0000][13.119s][info ][gc,cpu      ] GC(35) User=0.03s Sys=0.01s Real=0.01s
[2025-03-06T19:31:18.163+0000][13.119s][info ][safepoint   ] Safepoint "G1CollectForAllocation", Time since last: 108572670 ns, Reaching safepoint: 630610 ns, Cleanup: 16552 ns, At safepoint: 12290533 ns, Total: 12937695 ns
[2025-03-06T19:31:18.553+0000][13.509s][debug][safepoint   ] Safepoint synchronization initiated using futex wait barrier. (25 threads)
[2025-03-06T19:31:18.553+0000][13.510s][info ][safepoint   ] Safepoint "ICBufferFull", Time since last: 389625063 ns, Reaching safepoint: 342955 ns, Cleanup: 110286 ns, At safepoint: 27984 ns, Total: 481225 ns
[2025-03-06T19:31:18.675+0000][13.631s][debug][safepoint   ] Safepoint synchronization initiated using futex wait barrier. (25 threads)
[2025-03-06T19:31:18.675+0000][13.631s][info ][gc,start    ] GC(36) Pause Young (Normal) (G1 Evacuation Pause)
[2025-03-06T19:31:18.675+0000][13.631s][info ][gc,task     ] GC(36) Using 8 workers of 8 for evacuation
[2025-03-06T19:31:18.681+0000][13.637s][info ][gc,phases   ] GC(36)   Pre Evacuate Collection Set: 0.1ms
[2025-03-06T19:31:18.681+0000][13.637s][info ][gc,phases   ] GC(36)   Merge Heap Roots: 0.1ms
[2025-03-06T19:31:18.681+0000][13.637s][info ][gc,phases   ] GC(36)   Evacuate Collection Set: 4.0ms
[2025-03-06T19:31:18.681+0000][13.637s][info ][gc,phases   ] GC(36)   Post Evacuate Collection Set: 0.8ms
[2025-03-06T19:31:18.682+0000][13.638s][info ][gc,phases   ] GC(36)   Other: 0.6ms
[2025-03-06T19:31:18.682+0000][13.638s][info ][gc,heap     ] GC(36) Eden regions: 61->0(60)
[2025-03-06T19:31:18.682+0000][13.638s][info ][gc,heap     ] GC(36) Survivor regions: 6->6(9)
[2025-03-06T19:31:18.682+0000][13.638s][info ][gc,heap     ] GC(36) Old regions: 36->37
[2025-03-06T19:31:18.682+0000][13.638s][info ][gc,heap     ] GC(36) Archive regions: 2->2
[2025-03-06T19:31:18.683+0000][13.639s][info ][gc,heap     ] GC(36) Humongous regions: 0->0
[2025-03-06T19:31:18.683+0000][13.639s][info ][gc,metaspace] GC(36) Metaspace: 92147K(92672K)->92147K(92672K) NonClass: 80310K(80576K)->80310K(80576K) Class: 11837K(12096K)->11837K(12096K)
[2025-03-06T19:31:18.683+0000][13.639s][info ][gc          ] GC(36) Pause Young (Normal) (G1 Evacuation Pause) 206M->86M(248M) 7.915ms
[2025-03-06T19:31:18.683+0000][13.639s][info ][gc,cpu      ] GC(36) User=0.03s Sys=0.00s Real=0.01s
[2025-03-06T19:31:18.683+0000][13.639s][info ][safepoint   ] Safepoint "G1CollectForAllocation", Time since last: 121092667 ns, Reaching safepoint: 276137 ns, Cleanup: 27021 ns, At safepoint: 8527852 ns, Total: 8831010 ns
[2025-03-06T19:31:18.985+0000][13.941s][debug][safepoint   ] Safepoint synchronization initiated using futex wait barrier. (25 threads)
[2025-03-06T19:31:18.985+0000][13.941s][info ][gc,start    ] GC(37) Pause Young (Normal) (G1 Evacuation Pause)
[2025-03-06T19:31:18.986+0000][13.942s][info ][gc,task     ] GC(37) Using 8 workers of 8 for evacuation
[2025-03-06T19:31:18.992+0000][13.948s][info ][gc,phases   ] GC(37)   Pre Evacuate Collection Set: 0.1ms
[2025-03-06T19:31:18.992+0000][13.948s][info ][gc,phases   ] GC(37)   Merge Heap Roots: 0.1ms
[2025-03-06T19:31:18.993+0000][13.949s][info ][gc,phases   ] GC(37)   Evacuate Collection Set: 4.8ms
[2025-03-06T19:31:18.993+0000][13.949s][info ][gc,phases   ] GC(37)   Post Evacuate Collection Set: 0.8ms
[2025-03-06T19:31:18.994+0000][13.950s][info ][gc,phases   ] GC(37)   Other: 0.3ms
[2025-03-06T19:31:18.994+0000][13.950s][info ][gc,heap     ] GC(37) Eden regions: 60->0(59)
[2025-03-06T19:31:18.994+0000][13.950s][info ][gc,heap     ] GC(37) Survivor regions: 6->5(9)
[2025-03-06T19:31:18.994+0000][13.950s][info ][gc,heap     ] GC(37) Old regions: 37->40
[2025-03-06T19:31:18.995+0000][13.951s][info ][gc,heap     ] GC(37) Archive regions: 2->2
[2025-03-06T19:31:18.995+0000][13.951s][info ][gc,heap     ] GC(37) Humongous regions: 0->0
[2025-03-06T19:31:18.995+0000][13.951s][info ][gc,metaspace] GC(37) Metaspace: 95327K(95872K)->95327K(95872K) NonClass: 82839K(83136K)->82839K(83136K) Class: 12488K(12736K)->12488K(12736K)
[2025-03-06T19:31:18.996+0000][13.952s][info ][gc          ] GC(37) Pause Young (Normal) (G1 Evacuation Pause) 206M->89M(248M) 10.273ms
[2025-03-06T19:31:18.996+0000][13.952s][info ][gc,cpu      ] GC(37) User=0.04s Sys=0.00s Real=0.01s
[2025-03-06T19:31:18.996+0000][13.952s][info ][safepoint   ] Safepoint "G1CollectForAllocation", Time since last: 301380071 ns, Reaching safepoint: 497927 ns, Cleanup: 76464 ns, At safepoint: 10690170 ns, Total: 11264561 ns
[2025-03-06T19:31:19.382+0000][14.338s][debug][safepoint   ] Safepoint synchronization initiated using futex wait barrier. (25 threads)
[2025-03-06T19:31:19.382+0000][14.339s][info ][gc,start    ] GC(38) Pause Young (Normal) (G1 Evacuation Pause)
[2025-03-06T19:31:19.383+0000][14.339s][info ][gc,task     ] GC(38) Using 8 workers of 8 for evacuation
[2025-03-06T19:31:19.390+0000][14.346s][info ][gc,phases   ] GC(38)   Pre Evacuate Collection Set: 0.1ms
[2025-03-06T19:31:19.391+0000][14.347s][info ][gc,phases   ] GC(38)   Merge Heap Roots: 0.1ms
[2025-03-06T19:31:19.391+0000][14.347s][info ][gc,phases   ] GC(38)   Evacuate Collection Set: 5.1ms
[2025-03-06T19:31:19.392+0000][14.348s][info ][gc,phases   ] GC(38)   Post Evacuate Collection Set: 0.9ms
[2025-03-06T19:31:19.392+0000][14.349s][info ][gc,phases   ] GC(38)   Other: 1.2ms
[2025-03-06T19:31:19.393+0000][14.349s][info ][gc,heap     ] GC(38) Eden regions: 59->0(57)
[2025-03-06T19:31:19.393+0000][14.349s][info ][gc,heap     ] GC(38) Survivor regions: 5->6(8)
[2025-03-06T19:31:19.393+0000][14.349s][info ][gc,heap     ] GC(38) Old regions: 40->40
[2025-03-06T19:31:19.393+0000][14.350s][info ][gc,heap     ] GC(38) Archive regions: 2->2
[2025-03-06T19:31:19.394+0000][14.350s][info ][gc,heap     ] GC(38) Humongous regions: 0->0
[2025-03-06T19:31:19.394+0000][14.350s][info ][gc,metaspace] GC(38) Metaspace: 97373K(97984K)->97373K(97984K) NonClass: 84597K(84928K)->84597K(84928K) Class: 12776K(13056K)->12776K(13056K)
[2025-03-06T19:31:19.395+0000][14.351s][info ][gc          ] GC(38) Pause Young (Normal) (G1 Evacuation Pause) 207M->91M(248M) 12.072ms
[2025-03-06T19:31:19.395+0000][14.351s][info ][gc,cpu      ] GC(38) User=0.06s Sys=0.00s Real=0.01s
[2025-03-06T19:31:19.396+0000][14.352s][info ][safepoint   ] Safepoint "G1CollectForAllocation", Time since last: 385562102 ns, Reaching safepoint: 765529 ns, Cleanup: 72814 ns, At safepoint: 13060094 ns, Total: 13898437 ns
[2025-03-06T19:31:19.757+0000][14.713s][debug][safepoint   ] Safepoint synchronization initiated using futex wait barrier. (26 threads)
[2025-03-06T19:31:19.758+0000][14.714s][info ][gc,start    ] GC(39) Pause Young (Concurrent Start) (Metadata GC Threshold)
[2025-03-06T19:31:19.758+0000][14.714s][info ][gc,task     ] GC(39) Using 8 workers of 8 for evacuation
[2025-03-06T19:31:19.766+0000][14.722s][info ][gc,phases   ] GC(39)   Pre Evacuate Collection Set: 0.2ms
[2025-03-06T19:31:19.766+0000][14.722s][info ][gc,phases   ] GC(39)   Merge Heap Roots: 0.1ms
[2025-03-06T19:31:19.767+0000][14.723s][info ][gc,phases   ] GC(39)   Evacuate Collection Set: 5.9ms
[2025-03-06T19:31:19.767+0000][14.723s][info ][gc,phases   ] GC(39)   Post Evacuate Collection Set: 0.8ms
[2025-03-06T19:31:19.768+0000][14.724s][info ][gc,phases   ] GC(39)   Other: 1.2ms
[2025-03-06T19:31:19.768+0000][14.724s][info ][gc,heap     ] GC(39) Eden regions: 39->0(58)
[2025-03-06T19:31:19.768+0000][14.724s][info ][gc,heap     ] GC(39) Survivor regions: 6->5(8)
[2025-03-06T19:31:19.768+0000][14.724s][info ][gc,heap     ] GC(39) Old regions: 40->41
[2025-03-06T19:31:19.769+0000][14.725s][info ][gc,heap     ] GC(39) Archive regions: 2->2
[2025-03-06T19:31:19.769+0000][14.725s][info ][gc,heap     ] GC(39) Humongous regions: 0->0
[2025-03-06T19:31:19.769+0000][14.725s][info ][gc,metaspace] GC(39) Metaspace: 100999K(101568K)->100999K(101568K) NonClass: 87778K(88064K)->87778K(88064K) Class: 13220K(13504K)->13220K(13504K)
[2025-03-06T19:31:19.769+0000][14.725s][info ][gc          ] GC(39) Pause Young (Concurrent Start) (Metadata GC Threshold) 169M->92M(248M) 11.380ms
[2025-03-06T19:31:19.770+0000][14.726s][info ][gc,cpu      ] GC(39) User=0.06s Sys=0.00s Real=0.01s
[2025-03-06T19:31:19.770+0000][14.726s][info ][gc          ] GC(40) Concurrent Mark Cycle
[2025-03-06T19:31:19.770+0000][14.726s][info ][gc,marking  ] GC(40) Concurrent Clear Claimed Marks
[2025-03-06T19:31:19.770+0000][14.726s][info ][safepoint   ] Safepoint "CollectForMetadataAllocation", Time since last: 361347194 ns, Reaching safepoint: 878206 ns, Cleanup: 51819 ns, At safepoint: 12078783 ns, Total: 13008808 ns
[2025-03-06T19:31:19.770+0000][14.726s][info ][gc,marking  ] GC(40) Concurrent Clear Claimed Marks 0.285ms
[2025-03-06T19:31:19.773+0000][14.729s][info ][gc,marking  ] GC(40) Concurrent Scan Root Regions
[2025-03-06T19:31:19.780+0000][14.736s][info ][gc,marking  ] GC(40) Concurrent Scan Root Regions 7.703ms
[2025-03-06T19:31:19.782+0000][14.739s][info ][gc,marking  ] GC(40) Concurrent Mark
[2025-03-06T19:31:19.784+0000][14.740s][info ][gc,marking  ] GC(40) Concurrent Mark From Roots
[2025-03-06T19:31:19.788+0000][14.744s][info ][gc,task     ] GC(40) Using 2 workers of 2 for marking
[2025-03-06T19:31:19.837+0000][14.793s][info ][gc,marking  ] GC(40) Concurrent Mark From Roots 53.134ms
[2025-03-06T19:31:19.838+0000][14.794s][info ][gc,marking  ] GC(40) Concurrent Preclean
[2025-03-06T19:31:19.838+0000][14.794s][info ][gc,marking  ] GC(40) Concurrent Preclean 0.327ms
[2025-03-06T19:31:19.838+0000][14.794s][debug][safepoint   ] Safepoint synchronization initiated using futex wait barrier. (26 threads)
[2025-03-06T19:31:19.838+0000][14.794s][info ][gc,start    ] GC(40) Pause Remark
[2025-03-06T19:31:19.842+0000][14.798s][info ][gc          ] GC(40) Pause Remark 103M->103M(248M) 4.043ms
[2025-03-06T19:31:19.843+0000][14.799s][info ][gc,cpu      ] GC(40) User=0.02s Sys=0.00s Real=0.00s
[2025-03-06T19:31:19.843+0000][14.799s][info ][safepoint   ] Safepoint "G1PauseRemark", Time since last: 68246777 ns, Reaching safepoint: 209225 ns, Cleanup: 10171 ns, At safepoint: 4789832 ns, Total: 5009228 ns
[2025-03-06T19:31:19.843+0000][14.799s][info ][gc,marking  ] GC(40) Concurrent Mark 60.967ms
[2025-03-06T19:31:19.844+0000][14.800s][info ][gc,marking  ] GC(40) Concurrent Rebuild Remembered Sets
[2025-03-06T19:31:19.871+0000][14.827s][info ][gc,marking  ] GC(40) Concurrent Rebuild Remembered Sets 26.971ms
[2025-03-06T19:31:19.871+0000][14.827s][debug][safepoint   ] Safepoint synchronization initiated using futex wait barrier. (26 threads)
[2025-03-06T19:31:19.871+0000][14.827s][debug][safepoint   ] ... found polling page loop exception at pc = 0x00007f95ad18c69c, stub =0x00007f95acb10400
[2025-03-06T19:31:19.871+0000][14.827s][info ][gc,start    ] GC(40) Pause Cleanup
[2025-03-06T19:31:19.872+0000][14.828s][info ][gc          ] GC(40) Pause Cleanup 110M->110M(248M) 0.491ms
[2025-03-06T19:31:19.872+0000][14.828s][info ][gc,cpu      ] GC(40) User=0.01s Sys=0.00s Real=0.00s
[2025-03-06T19:31:19.873+0000][14.829s][info ][safepoint   ] Safepoint "G1PauseCleanup", Time since last: 27795160 ns, Reaching safepoint: 488747 ns, Cleanup: 8887 ns, At safepoint: 1083374 ns, Total: 1581008 ns
[2025-03-06T19:31:19.873+0000][14.829s][info ][gc,marking  ] GC(40) Concurrent Cleanup for Next Mark
[2025-03-06T19:31:19.874+0000][14.830s][info ][gc,marking  ] GC(40) Concurrent Cleanup for Next Mark 0.762ms
[2025-03-06T19:31:19.874+0000][14.830s][info ][gc          ] GC(40) Concurrent Mark Cycle 104.156ms
[2025-03-06T19:31:20.234+0000][15.190s][debug][safepoint   ] Safepoint synchronization initiated using futex wait barrier. (28 threads)
[2025-03-06T19:31:20.235+0000][15.191s][info ][gc,start    ] GC(41) Pause Young (Prepare Mixed) (G1 Evacuation Pause)
[2025-03-06T19:31:20.235+0000][15.191s][info ][gc,task     ] GC(41) Using 8 workers of 8 for evacuation
[2025-03-06T19:31:20.240+0000][15.196s][info ][gc,phases   ] GC(41)   Pre Evacuate Collection Set: 0.1ms
[2025-03-06T19:31:20.240+0000][15.197s][info ][gc,phases   ] GC(41)   Merge Heap Roots: 0.1ms
[2025-03-06T19:31:20.241+0000][15.197s][info ][gc,phases   ] GC(41)   Evacuate Collection Set: 4.2ms
[2025-03-06T19:31:20.241+0000][15.197s][info ][gc,phases   ] GC(41)   Post Evacuate Collection Set: 0.7ms
[2025-03-06T19:31:20.241+0000][15.197s][info ][gc,phases   ] GC(41)   Other: 0.4ms
[2025-03-06T19:31:20.241+0000][15.197s][info ][gc,heap     ] GC(41) Eden regions: 58->0(1)
[2025-03-06T19:31:20.241+0000][15.197s][info ][gc,heap     ] GC(41) Survivor regions: 5->5(8)
[2025-03-06T19:31:20.242+0000][15.198s][info ][gc,heap     ] GC(41) Old regions: 41->43
[2025-03-06T19:31:20.242+0000][15.198s][info ][gc,heap     ] GC(41) Archive regions: 2->2
[2025-03-06T19:31:20.242+0000][15.198s][info ][gc,heap     ] GC(41) Humongous regions: 0->0
[2025-03-06T19:31:20.242+0000][15.198s][info ][gc,metaspace] GC(41) Metaspace: 103502K(104128K)->103502K(104128K) NonClass: 89857K(90176K)->89857K(90176K) Class: 13644K(13952K)->13644K(13952K)
[2025-03-06T19:31:20.242+0000][15.198s][info ][gc          ] GC(41) Pause Young (Prepare Mixed) (G1 Evacuation Pause) 208M->95M(248M) 7.795ms
[2025-03-06T19:31:20.242+0000][15.199s][info ][gc,cpu      ] GC(41) User=0.04s Sys=0.00s Real=0.01s
[2025-03-06T19:31:20.243+0000][15.199s][info ][safepoint   ] Safepoint "G1CollectForAllocation", Time since last: 361642572 ns, Reaching safepoint: 289024 ns, Cleanup: 81616 ns, At safepoint: 8132554 ns, Total: 8503194 ns
[2025-03-06T19:31:20.248+0000][15.204s][debug][safepoint   ] Safepoint synchronization initiated using futex wait barrier. (28 threads)
[2025-03-06T19:31:20.249+0000][15.205s][info ][gc,start    ] GC(42) Pause Young (Mixed) (G1 Evacuation Pause)
[2025-03-06T19:31:20.249+0000][15.205s][info ][gc,task     ] GC(42) Using 8 workers of 8 for evacuation
[2025-03-06T19:31:20.256+0000][15.212s][info ][gc,phases   ] GC(42)   Pre Evacuate Collection Set: 0.1ms
[2025-03-06T19:31:20.257+0000][15.213s][info ][gc,phases   ] GC(42)   Merge Heap Roots: 0.1ms
[2025-03-06T19:31:20.257+0000][15.213s][info ][gc,phases   ] GC(42)   Evacuate Collection Set: 6.4ms
[2025-03-06T19:31:20.258+0000][15.214s][info ][gc,phases   ] GC(42)   Post Evacuate Collection Set: 0.6ms
[2025-03-06T19:31:20.258+0000][15.214s][info ][gc,phases   ] GC(42)   Other: 0.5ms
[2025-03-06T19:31:20.258+0000][15.214s][info ][gc,heap     ] GC(42) Eden regions: 1->0(58)
[2025-03-06T19:31:20.258+0000][15.214s][info ][gc,heap     ] GC(42) Survivor regions: 5->1(1)
[2025-03-06T19:31:20.259+0000][15.215s][info ][gc,heap     ] GC(42) Old regions: 43->46
[2025-03-06T19:31:20.259+0000][15.215s][info ][gc,heap     ] GC(42) Archive regions: 2->2
[2025-03-06T19:31:20.259+0000][15.215s][info ][gc,heap     ] GC(42) Humongous regions: 0->0
[2025-03-06T19:31:20.259+0000][15.215s][info ][gc,metaspace] GC(42) Metaspace: 103543K(104192K)->103543K(104192K) NonClass: 89892K(90240K)->89892K(90240K) Class: 13650K(13952K)->13650K(13952K)
[2025-03-06T19:31:20.259+0000][15.215s][info ][gc          ] GC(42) Pause Young (Mixed) (G1 Evacuation Pause) 97M->94M(248M) 10.915ms
[2025-03-06T19:31:20.260+0000][15.216s][info ][gc,cpu      ] GC(42) User=0.06s Sys=0.00s Real=0.01s
[2025-03-06T19:31:20.260+0000][15.216s][info ][safepoint   ] Safepoint "G1CollectForAllocation", Time since last: 5501425 ns, Reaching safepoint: 319799 ns, Cleanup: 4188 ns, At safepoint: 11449090 ns, Total: 11773077 ns
[2025-03-06T19:31:20.690+0000][15.646s][debug][safepoint   ] Safepoint synchronization initiated using futex wait barrier. (31 threads)
[2025-03-06T19:31:20.691+0000][15.647s][info ][gc,start    ] GC(43) Pause Young (Normal) (G1 Evacuation Pause)
[2025-03-06T19:31:20.691+0000][15.648s][info ][gc,task     ] GC(43) Using 8 workers of 8 for evacuation
[2025-03-06T19:31:20.694+0000][15.650s][info ][gc,phases   ] GC(43)   Pre Evacuate Collection Set: 0.1ms
[2025-03-06T19:31:20.695+0000][15.651s][info ][gc,phases   ] GC(43)   Merge Heap Roots: 0.1ms
[2025-03-06T19:31:20.695+0000][15.651s][info ][gc,phases   ] GC(43)   Evacuate Collection Set: 1.8ms
[2025-03-06T19:31:20.695+0000][15.651s][info ][gc,phases   ] GC(43)   Post Evacuate Collection Set: 0.6ms
[2025-03-06T19:31:20.695+0000][15.652s][info ][gc,phases   ] GC(43)   Other: 0.7ms
[2025-03-06T19:31:20.696+0000][15.652s][info ][gc,heap     ] GC(43) Eden regions: 58->0(57)
[2025-03-06T19:31:20.696+0000][15.652s][info ][gc,heap     ] GC(43) Survivor regions: 1->2(8)
[2025-03-06T19:31:20.696+0000][15.652s][info ][gc,heap     ] GC(43) Old regions: 46->46
[2025-03-06T19:31:20.697+0000][15.653s][info ][gc,heap     ] GC(43) Archive regions: 2->2
[2025-03-06T19:31:20.697+0000][15.653s][info ][gc,heap     ] GC(43) Humongous regions: 0->0
[2025-03-06T19:31:20.697+0000][15.653s][info ][gc,metaspace] GC(43) Metaspace: 105793K(106496K)->105793K(106496K) NonClass: 91904K(92288K)->91904K(92288K) Class: 13888K(14208K)->13888K(14208K)
[2025-03-06T19:31:20.697+0000][15.653s][info ][gc          ] GC(43) Pause Young (Normal) (G1 Evacuation Pause) 210M->95M(248M) 6.222ms
[2025-03-06T19:31:20.698+0000][15.654s][info ][gc,cpu      ] GC(43) User=0.01s Sys=0.00s Real=0.01s
[2025-03-06T19:31:20.698+0000][15.654s][info ][safepoint   ] Safepoint "G1CollectForAllocation", Time since last: 430448998 ns, Reaching safepoint: 678734 ns, Cleanup: 49687 ns, At safepoint: 7260470 ns, Total: 7988891 ns
[2025-03-06T19:31:21.083+0000][16.039s][debug][safepoint   ] Safepoint synchronization initiated using futex wait barrier. (36 threads)
[2025-03-06T19:31:21.086+0000][16.042s][info ][gc,start    ] GC(44) Pause Young (Normal) (G1 Evacuation Pause)
[2025-03-06T19:31:21.087+0000][16.043s][info ][gc,task     ] GC(44) Using 8 workers of 8 for evacuation
[2025-03-06T19:31:21.090+0000][16.047s][info ][gc,phases   ] GC(44)   Pre Evacuate Collection Set: 0.1ms
[2025-03-06T19:31:21.091+0000][16.047s][info ][gc,phases   ] GC(44)   Merge Heap Roots: 0.1ms
[2025-03-06T19:31:21.091+0000][16.047s][info ][gc,phases   ] GC(44)   Evacuate Collection Set: 2.4ms
[2025-03-06T19:31:21.091+0000][16.047s][info ][gc,phases   ] GC(44)   Post Evacuate Collection Set: 0.7ms
[2025-03-06T19:31:21.091+0000][16.048s][info ][gc,phases   ] GC(44)   Other: 0.7ms
[2025-03-06T19:31:21.092+0000][16.048s][info ][gc,heap     ] GC(44) Eden regions: 57->0(56)
[2025-03-06T19:31:21.092+0000][16.048s][info ][gc,heap     ] GC(44) Survivor regions: 2->3(8)
[2025-03-06T19:31:21.092+0000][16.048s][info ][gc,heap     ] GC(44) Old regions: 46->46
[2025-03-06T19:31:21.092+0000][16.048s][info ][gc,heap     ] GC(44) Archive regions: 2->2
[2025-03-06T19:31:21.093+0000][16.049s][info ][gc,heap     ] GC(44) Humongous regions: 0->0
[2025-03-06T19:31:21.093+0000][16.049s][info ][gc,metaspace] GC(44) Metaspace: 107953K(108608K)->107953K(108608K) NonClass: 93860K(94208K)->93860K(94208K) Class: 14092K(14400K)->14092K(14400K)
[2025-03-06T19:31:21.093+0000][16.049s][info ][gc          ] GC(44) Pause Young (Normal) (G1 Evacuation Pause) 209M->98M(248M) 6.758ms
[2025-03-06T19:31:21.093+0000][16.049s][info ][gc,cpu      ] GC(44) User=0.03s Sys=0.00s Real=0.01s
[2025-03-06T19:31:21.094+0000][16.050s][info ][safepoint   ] Safepoint "G1CollectForAllocation", Time since last: 384714658 ns, Reaching safepoint: 3172629 ns, Cleanup: 65885 ns, At safepoint: 7238056 ns, Total: 10476570 ns
[2025-03-06T19:31:21.493+0000][16.449s][debug][safepoint   ] Safepoint synchronization initiated using futex wait barrier. (40 threads)
[2025-03-06T19:31:21.493+0000][16.449s][info ][gc,start    ] GC(45) Pause Young (Normal) (G1 Evacuation Pause)
[2025-03-06T19:31:21.494+0000][16.450s][info ][gc,task     ] GC(45) Using 8 workers of 8 for evacuation
[2025-03-06T19:31:21.500+0000][16.456s][info ][gc,phases   ] GC(45)   Pre Evacuate Collection Set: 0.3ms
[2025-03-06T19:31:21.500+0000][16.456s][info ][gc,phases   ] GC(45)   Merge Heap Roots: 0.2ms
[2025-03-06T19:31:21.501+0000][16.457s][info ][gc,phases   ] GC(45)   Evacuate Collection Set: 3.8ms
[2025-03-06T19:31:21.501+0000][16.457s][info ][gc,phases   ] GC(45)   Post Evacuate Collection Set: 1.4ms
[2025-03-06T19:31:21.501+0000][16.457s][info ][gc,phases   ] GC(45)   Other: 0.8ms
[2025-03-06T19:31:21.501+0000][16.458s][info ][gc,heap     ] GC(45) Eden regions: 56->0(53)
[2025-03-06T19:31:21.502+0000][16.458s][info ][gc,heap     ] GC(45) Survivor regions: 3->5(8)
[2025-03-06T19:31:21.502+0000][16.458s][info ][gc,heap     ] GC(45) Old regions: 46->46
[2025-03-06T19:31:21.502+0000][16.459s][info ][gc,heap     ] GC(45) Archive regions: 2->2
[2025-03-06T19:31:21.503+0000][16.459s][info ][gc,heap     ] GC(45) Humongous regions: 0->0
[2025-03-06T19:31:21.503+0000][16.459s][info ][gc,metaspace] GC(45) Metaspace: 109674K(110336K)->109674K(110336K) NonClass: 95386K(95744K)->95386K(95744K) Class: 14287K(14592K)->14287K(14592K)
[2025-03-06T19:31:21.503+0000][16.459s][info ][gc          ] GC(45) Pause Young (Normal) (G1 Evacuation Pause) 210M->102M(248M) 9.992ms
[2025-03-06T19:31:21.503+0000][16.460s][info ][gc,cpu      ] GC(45) User=0.05s Sys=0.00s Real=0.01s
[2025-03-06T19:31:21.504+0000][16.460s][info ][safepoint   ] Safepoint "G1CollectForAllocation", Time since last: 398993310 ns, Reaching safepoint: 524397 ns, Cleanup: 174803 ns, At safepoint: 10578155 ns, Total: 11277355 ns
[2025-03-06T19:31:21.929+0000][16.885s][debug][safepoint   ] Safepoint synchronization initiated using futex wait barrier. (40 threads)
[2025-03-06T19:31:21.930+0000][16.886s][info ][safepoint   ] Safepoint "ICBufferFull", Time since last: 425466711 ns, Reaching safepoint: 399775 ns, Cleanup: 105703 ns, At safepoint: 2544 ns, Total: 508022 ns
[2025-03-06T19:31:22.295+0000][17.251s][debug][safepoint   ] Safepoint synchronization initiated using futex wait barrier. (40 threads)
[2025-03-06T19:31:22.295+0000][17.251s][info ][safepoint   ] Safepoint "ICBufferFull", Time since last: 364766638 ns, Reaching safepoint: 619777 ns, Cleanup: 101734 ns, At safepoint: 11382 ns, Total: 732893 ns
[2025-03-06T19:31:22.425+0000][17.381s][debug][safepoint   ] Safepoint synchronization initiated using futex wait barrier. (40 threads)
[2025-03-06T19:31:22.425+0000][17.382s][info ][gc,start    ] GC(46) Pause Young (Normal) (G1 Evacuation Pause)
[2025-03-06T19:31:22.426+0000][17.382s][info ][gc,task     ] GC(46) Using 8 workers of 8 for evacuation
[2025-03-06T19:31:22.431+0000][17.387s][info ][gc,phases   ] GC(46)   Pre Evacuate Collection Set: 0.1ms
[2025-03-06T19:31:22.431+0000][17.387s][info ][gc,phases   ] GC(46)   Merge Heap Roots: 0.1ms
[2025-03-06T19:31:22.432+0000][17.388s][info ][gc,phases   ] GC(46)   Evacuate Collection Set: 2.9ms
[2025-03-06T19:31:22.432+0000][17.388s][info ][gc,phases   ] GC(46)   Post Evacuate Collection Set: 1.4ms
[2025-03-06T19:31:22.433+0000][17.389s][info ][gc,phases   ] GC(46)   Other: 0.9ms
[2025-03-06T19:31:22.433+0000][17.389s][info ][gc,heap     ] GC(46) Eden regions: 53->0(143)
[2025-03-06T19:31:22.433+0000][17.389s][info ][gc,heap     ] GC(46) Survivor regions: 5->5(8)
[2025-03-06T19:31:22.434+0000][17.390s][info ][gc,heap     ] GC(46) Old regions: 46->47
[2025-03-06T19:31:22.434+0000][17.390s][info ][gc,heap     ] GC(46) Archive regions: 2->2
[2025-03-06T19:31:22.434+0000][17.390s][info ][gc,heap     ] GC(46) Humongous regions: 0->0
[2025-03-06T19:31:22.434+0000][17.390s][info ][gc,metaspace] GC(46) Metaspace: 113896K(114560K)->113896K(114560K) NonClass: 99174K(99520K)->99174K(99520K) Class: 14722K(15040K)->14722K(15040K)
[2025-03-06T19:31:22.435+0000][17.391s][info ][gc          ] GC(46) Pause Young (Normal) (G1 Evacuation Pause) 208M->103M(496M) 9.063ms
[2025-03-06T19:31:22.435+0000][17.391s][info ][gc,cpu      ] GC(46) User=0.03s Sys=0.00s Real=0.01s
[2025-03-06T19:31:22.435+0000][17.391s][info ][safepoint   ] Safepoint "G1CollectForAllocation", Time since last: 129576124 ns, Reaching safepoint: 549878 ns, Cleanup: 36198 ns, At safepoint: 9509257 ns, Total: 10095333 ns
[2025-03-06T19:31:23.388+0000][18.344s][debug][safepoint   ] Safepoint synchronization initiated using futex wait barrier. (41 threads)
[2025-03-06T19:31:23.418+0000][18.375s][info ][safepoint   ] Safepoint "ICBufferFull", Time since last: 953071946 ns, Reaching safepoint: 30328478 ns, Cleanup: 96578 ns, At safepoint: 2939 ns, Total: 30427995 ns
[2025-03-06T19:31:23.938+0000][18.894s][debug][safepoint   ] Safepoint synchronization initiated using futex wait barrier. (44 threads)
[2025-03-06T19:31:23.938+0000][18.895s][info ][gc,start    ] GC(47) Pause Young (Normal) (G1 Evacuation Pause)
[2025-03-06T19:31:23.939+0000][18.895s][info ][gc,task     ] GC(47) Using 8 workers of 8 for evacuation
[2025-03-06T19:31:23.946+0000][18.902s][info ][gc,phases   ] GC(47)   Pre Evacuate Collection Set: 0.1ms
[2025-03-06T19:31:23.946+0000][18.902s][info ][gc,phases   ] GC(47)   Merge Heap Roots: 0.1ms
[2025-03-06T19:31:23.946+0000][18.902s][info ][gc,phases   ] GC(47)   Evacuate Collection Set: 5.3ms
[2025-03-06T19:31:23.947+0000][18.903s][info ][gc,phases   ] GC(47)   Post Evacuate Collection Set: 1.3ms
[2025-03-06T19:31:23.947+0000][18.903s][info ][gc,phases   ] GC(47)   Other: 0.5ms
[2025-03-06T19:31:23.947+0000][18.903s][info ][gc,heap     ] GC(47) Eden regions: 143->0(139)
[2025-03-06T19:31:23.947+0000][18.903s][info ][gc,heap     ] GC(47) Survivor regions: 5->9(19)
[2025-03-06T19:31:23.947+0000][18.903s][info ][gc,heap     ] GC(47) Old regions: 47->47
[2025-03-06T19:31:23.947+0000][18.903s][info ][gc,heap     ] GC(47) Archive regions: 2->2
[2025-03-06T19:31:23.947+0000][18.904s][info ][gc,heap     ] GC(47) Humongous regions: 0->0
[2025-03-06T19:31:23.948+0000][18.904s][info ][gc,metaspace] GC(47) Metaspace: 120498K(121280K)->120498K(121280K) NonClass: 105069K(105472K)->105069K(105472K) Class: 15428K(15808K)->15428K(15808K)
[2025-03-06T19:31:23.948+0000][18.904s][info ][gc          ] GC(47) Pause Young (Normal) (G1 Evacuation Pause) 389M->112M(496M) 9.468ms
[2025-03-06T19:31:23.948+0000][18.904s][info ][gc,cpu      ] GC(47) User=0.04s Sys=0.00s Real=0.01s
[2025-03-06T19:31:23.948+0000][18.904s][info ][safepoint   ] Safepoint "G1CollectForAllocation", Time since last: 519525398 ns, Reaching safepoint: 370467 ns, Cleanup: 66796 ns, At safepoint: 9844597 ns, Total: 10281860 ns
[2025-03-06T19:31:24.305+0000][19.261s][debug][safepoint   ] Safepoint synchronization initiated using futex wait barrier. (44 threads)
[2025-03-06T19:31:24.306+0000][19.262s][info ][safepoint   ] Safepoint "ICBufferFull", Time since last: 356779376 ns, Reaching safepoint: 493595 ns, Cleanup: 119015 ns, At safepoint: 2231 ns, Total: 614841 ns
[2025-03-06T19:31:24.811+0000][19.767s][debug][safepoint   ] Safepoint synchronization initiated using futex wait barrier. (52 threads)
[2025-03-06T19:31:24.812+0000][19.768s][info ][gc,start    ] GC(48) Pause Young (Normal) (G1 Evacuation Pause)
[2025-03-06T19:31:24.812+0000][19.768s][info ][gc,task     ] GC(48) Using 8 workers of 8 for evacuation
[2025-03-06T19:31:24.820+0000][19.777s][info ][gc,phases   ] GC(48)   Pre Evacuate Collection Set: 0.1ms
[2025-03-06T19:31:24.821+0000][19.777s][info ][gc,phases   ] GC(48)   Merge Heap Roots: 0.1ms
[2025-03-06T19:31:24.822+0000][19.778s][info ][gc,phases   ] GC(48)   Evacuate Collection Set: 6.6ms
[2025-03-06T19:31:24.822+0000][19.778s][info ][gc,phases   ] GC(48)   Post Evacuate Collection Set: 1.3ms
[2025-03-06T19:31:24.823+0000][19.779s][info ][gc,phases   ] GC(48)   Other: 0.8ms
[2025-03-06T19:31:24.824+0000][19.780s][info ][gc,heap     ] GC(48) Eden regions: 139->0(138)
[2025-03-06T19:31:24.824+0000][19.780s][info ][gc,heap     ] GC(48) Survivor regions: 9->10(19)
[2025-03-06T19:31:24.824+0000][19.780s][info ][gc,heap     ] GC(48) Old regions: 47->47
[2025-03-06T19:31:24.825+0000][19.781s][info ][gc,heap     ] GC(48) Archive regions: 2->2
[2025-03-06T19:31:24.825+0000][19.781s][info ][gc,heap     ] GC(48) Humongous regions: 0->0
[2025-03-06T19:31:24.826+0000][19.782s][info ][gc,metaspace] GC(48) Metaspace: 131295K(132288K)->131295K(132288K) NonClass: 114657K(115136K)->114657K(115136K) Class: 16638K(17152K)->16638K(17152K)
[2025-03-06T19:31:24.826+0000][19.782s][info ][gc          ] GC(48) Pause Young (Normal) (G1 Evacuation Pause) 390M->115M(496M) 14.828ms
[2025-03-06T19:31:24.827+0000][19.783s][info ][gc,cpu      ] GC(48) User=0.04s Sys=0.00s Real=0.01s
[2025-03-06T19:31:24.827+0000][19.784s][info ][safepoint   ] Safepoint "G1CollectForAllocation", Time since last: 505389808 ns, Reaching safepoint: 473336 ns, Cleanup: 32249 ns, At safepoint: 15904193 ns, Total: 16409778 ns
[2025-03-06T19:31:25.611+0000][20.567s][debug][safepoint   ] Safepoint synchronization initiated using futex wait barrier. (56 threads)
[2025-03-06T19:31:25.612+0000][20.568s][info ][gc,start    ] GC(49) Pause Young (Normal) (G1 Evacuation Pause)
[2025-03-06T19:31:25.612+0000][20.568s][info ][gc,task     ] GC(49) Using 8 workers of 8 for evacuation
[2025-03-06T19:31:25.623+0000][20.579s][info ][gc,phases   ] GC(49)   Pre Evacuate Collection Set: 0.2ms
[2025-03-06T19:31:25.624+0000][20.580s][info ][gc,phases   ] GC(49)   Merge Heap Roots: 0.1ms
[2025-03-06T19:31:25.624+0000][20.580s][info ][gc,phases   ] GC(49)   Evacuate Collection Set: 9.0ms
[2025-03-06T19:31:25.624+0000][20.580s][info ][gc,phases   ] GC(49)   Post Evacuate Collection Set: 1.5ms
[2025-03-06T19:31:25.624+0000][20.581s][info ][gc,phases   ] GC(49)   Other: 0.6ms
[2025-03-06T19:31:25.625+0000][20.581s][info ][gc,heap     ] GC(49) Eden regions: 138->0(134)
[2025-03-06T19:31:25.625+0000][20.581s][info ][gc,heap     ] GC(49) Survivor regions: 10->14(19)
[2025-03-06T19:31:25.626+0000][20.582s][info ][gc,heap     ] GC(49) Old regions: 47->48
[2025-03-06T19:31:25.626+0000][20.582s][info ][gc,heap     ] GC(49) Archive regions: 2->2
[2025-03-06T19:31:25.626+0000][20.582s][info ][gc,heap     ] GC(49) Humongous regions: 0->0
[2025-03-06T19:31:25.626+0000][20.582s][info ][gc,metaspace] GC(49) Metaspace: 136821K(137856K)->136821K(137856K) NonClass: 119784K(120320K)->119784K(120320K) Class: 17037K(17536K)->17037K(17536K)
[2025-03-06T19:31:25.627+0000][20.583s][info ][gc          ] GC(49) Pause Young (Normal) (G1 Evacuation Pause) 391M->123M(496M) 14.923ms
[2025-03-06T19:31:25.627+0000][20.583s][info ][gc,cpu      ] GC(49) User=0.08s Sys=0.00s Real=0.01s
[2025-03-06T19:31:25.627+0000][20.583s][info ][safepoint   ] Safepoint "G1CollectForAllocation", Time since last: 783817315 ns, Reaching safepoint: 295026 ns, Cleanup: 66036 ns, At safepoint: 15647099 ns, Total: 16008161 ns
[2025-03-06T19:31:26.475+0000][21.431s][debug][safepoint   ] Safepoint synchronization initiated using futex wait barrier. (62 threads)
[2025-03-06T19:31:26.475+0000][21.431s][info ][gc,start    ] GC(50) Pause Young (Normal) (G1 Evacuation Pause)
[2025-03-06T19:31:26.476+0000][21.432s][info ][gc,task     ] GC(50) Using 8 workers of 8 for evacuation
[2025-03-06T19:31:26.487+0000][21.443s][info ][gc,phases   ] GC(50)   Pre Evacuate Collection Set: 0.1ms
[2025-03-06T19:31:26.487+0000][21.443s][info ][gc,phases   ] GC(50)   Merge Heap Roots: 0.1ms
[2025-03-06T19:31:26.488+0000][21.444s][info ][gc,phases   ] GC(50)   Evacuate Collection Set: 8.9ms
[2025-03-06T19:31:26.488+0000][21.444s][info ][gc,phases   ] GC(50)   Post Evacuate Collection Set: 1.5ms
[2025-03-06T19:31:26.489+0000][21.445s][info ][gc,phases   ] GC(50)   Other: 1.0ms
[2025-03-06T19:31:26.489+0000][21.445s][info ][gc,heap     ] GC(50) Eden regions: 134->0(137)
[2025-03-06T19:31:26.489+0000][21.445s][info ][gc,heap     ] GC(50) Survivor regions: 14->11(19)
[2025-03-06T19:31:26.490+0000][21.446s][info ][gc,heap     ] GC(50) Old regions: 48->54
[2025-03-06T19:31:26.490+0000][21.446s][info ][gc,heap     ] GC(50) Archive regions: 2->2
[2025-03-06T19:31:26.490+0000][21.446s][info ][gc,heap     ] GC(50) Humongous regions: 0->0
[2025-03-06T19:31:26.490+0000][21.447s][info ][gc,metaspace] GC(50) Metaspace: 144241K(145280K)->144241K(145280K) NonClass: 126542K(127104K)->126542K(127104K) Class: 17699K(18176K)->17699K(18176K)
[2025-03-06T19:31:26.491+0000][21.447s][info ][gc          ] GC(50) Pause Young (Normal) (G1 Evacuation Pause) 391M->131M(496M) 15.570ms
[2025-03-06T19:31:26.491+0000][21.447s][info ][gc,cpu      ] GC(50) User=0.08s Sys=0.00s Real=0.02s
[2025-03-06T19:31:26.491+0000][21.447s][info ][safepoint   ] Safepoint "G1CollectForAllocation", Time since last: 847376173 ns, Reaching safepoint: 425626 ns, Cleanup: 93385 ns, At safepoint: 16099852 ns, Total: 16618863 ns
[2025-03-06T19:31:26.523+0000][21.479s][info ][cds,heap    ] initialize_from_archived_subgraph jdk.internal.math.FDBigInteger 0x00007f953f14ece8
[2025-03-06T19:31:27.339+0000][22.295s][debug][safepoint   ] Safepoint synchronization initiated using futex wait barrier. (76 threads)
[2025-03-06T19:31:27.339+0000][22.295s][info ][safepoint   ] Safepoint "ICBufferFull", Time since last: 847372237 ns, Reaching safepoint: 491308 ns, Cleanup: 87701 ns, At safepoint: 2760 ns, Total: 581769 ns
[2025-03-06T19:31:27.370+0000][22.326s][debug][safepoint   ] Safepoint synchronization initiated using futex wait barrier. (77 threads)
[2025-03-06T19:31:27.372+0000][22.328s][info ][gc,start    ] GC(51) Pause Young (Normal) (G1 Evacuation Pause)
[2025-03-06T19:31:27.372+0000][22.328s][info ][gc,task     ] GC(51) Using 8 workers of 8 for evacuation
[2025-03-06T19:31:27.384+0000][22.341s][info ][gc,phases   ] GC(51)   Pre Evacuate Collection Set: 0.2ms
[2025-03-06T19:31:27.385+0000][22.341s][info ][gc,phases   ] GC(51)   Merge Heap Roots: 0.2ms
[2025-03-06T19:31:27.386+0000][22.342s][info ][gc,phases   ] GC(51)   Evacuate Collection Set: 9.8ms
[2025-03-06T19:31:27.386+0000][22.342s][info ][gc,phases   ] GC(51)   Post Evacuate Collection Set: 1.6ms
[2025-03-06T19:31:27.387+0000][22.343s][info ][gc,phases   ] GC(51)   Other: 1.1ms
[2025-03-06T19:31:27.387+0000][22.343s][info ][gc,heap     ] GC(51) Eden regions: 137->0(136)
[2025-03-06T19:31:27.387+0000][22.343s][info ][gc,heap     ] GC(51) Survivor regions: 11->12(19)
[2025-03-06T19:31:27.388+0000][22.344s][info ][gc,heap     ] GC(51) Old regions: 54->56
[2025-03-06T19:31:27.388+0000][22.344s][info ][gc,heap     ] GC(51) Archive regions: 2->2
[2025-03-06T19:31:27.388+0000][22.344s][info ][gc,heap     ] GC(51) Humongous regions: 0->0
[2025-03-06T19:31:27.388+0000][22.344s][info ][gc,metaspace] GC(51) Metaspace: 149857K(150976K)->149857K(150976K) NonClass: 131461K(132032K)->131461K(132032K) Class: 18396K(18944K)->18396K(18944K)
[2025-03-06T19:31:27.389+0000][22.345s][info ][gc          ] GC(51) Pause Young (Normal) (G1 Evacuation Pause) 405M->136M(496M) 17.113ms
[2025-03-06T19:31:27.389+0000][22.345s][info ][gc,cpu      ] GC(51) User=0.07s Sys=0.00s Real=0.02s
[2025-03-06T19:31:27.389+0000][22.345s][info ][safepoint   ] Safepoint "G1CollectForAllocation", Time since last: 30362533 ns, Reaching safepoint: 1926284 ns, Cleanup: 18739 ns, At safepoint: 17860857 ns, Total: 19805880 ns
[2025-03-06T19:31:27.913+0000][22.869s][debug][safepoint   ] Safepoint synchronization initiated using futex wait barrier. (78 threads)
[2025-03-06T19:31:27.914+0000][22.870s][info ][safepoint   ] Safepoint "ICBufferFull", Time since last: 523459175 ns, Reaching safepoint: 721868 ns, Cleanup: 97713 ns, At safepoint: 17837 ns, Total: 837418 ns
[2025-03-06T19:31:28.032+0000][22.988s][debug][safepoint   ] Safepoint synchronization initiated using futex wait barrier. (78 threads)
[2025-03-06T19:31:28.032+0000][22.988s][info ][gc,start    ] GC(52) Pause Young (Normal) (G1 Evacuation Pause)
[2025-03-06T19:31:28.033+0000][22.989s][info ][gc,task     ] GC(52) Using 8 workers of 8 for evacuation
[2025-03-06T19:31:28.047+0000][23.003s][info ][gc,phases   ] GC(52)   Pre Evacuate Collection Set: 1.1ms
[2025-03-06T19:31:28.047+0000][23.003s][info ][gc,phases   ] GC(52)   Merge Heap Roots: 0.2ms
[2025-03-06T19:31:28.048+0000][23.004s][info ][gc,phases   ] GC(52)   Evacuate Collection Set: 11.0ms
[2025-03-06T19:31:28.049+0000][23.005s][info ][gc,phases   ] GC(52)   Post Evacuate Collection Set: 1.4ms
[2025-03-06T19:31:28.049+0000][23.005s][info ][gc,phases   ] GC(52)   Other: 0.7ms
[2025-03-06T19:31:28.049+0000][23.005s][info ][gc,heap     ] GC(52) Eden regions: 136->0(137)
[2025-03-06T19:31:28.050+0000][23.006s][info ][gc,heap     ] GC(52) Survivor regions: 12->11(19)
[2025-03-06T19:31:28.050+0000][23.006s][info ][gc,heap     ] GC(52) Old regions: 56->61
[2025-03-06T19:31:28.050+0000][23.006s][info ][gc,heap     ] GC(52) Archive regions: 2->2
[2025-03-06T19:31:28.051+0000][23.007s][info ][gc,heap     ] GC(52) Humongous regions: 0->0
[2025-03-06T19:31:28.051+0000][23.007s][info ][gc,metaspace] GC(52) Metaspace: 151532K(152576K)->151532K(152576K) NonClass: 132857K(133376K)->132857K(133376K) Class: 18674K(19200K)->18674K(19200K)
[2025-03-06T19:31:28.051+0000][23.007s][info ][gc          ] GC(52) Pause Young (Normal) (G1 Evacuation Pause) 408M->143M(496M) 18.916ms
[2025-03-06T19:31:28.051+0000][23.007s][info ][gc,cpu      ] GC(52) User=0.08s Sys=0.01s Real=0.02s
[2025-03-06T19:31:28.052+0000][23.008s][info ][safepoint   ] Safepoint "G1CollectForAllocation", Time since last: 117837017 ns, Reaching safepoint: 610415 ns, Cleanup: 36923 ns, At safepoint: 20009203 ns, Total: 20656541 ns
[2025-03-06T19:31:28.766+0000][23.722s][debug][safepoint   ] Safepoint synchronization initiated using futex wait barrier. (87 threads)
[2025-03-06T19:31:28.767+0000][23.723s][info ][gc,start    ] GC(53) Pause Young (Normal) (G1 Evacuation Pause)
[2025-03-06T19:31:28.767+0000][23.723s][info ][gc,task     ] GC(53) Using 8 workers of 8 for evacuation
[2025-03-06T19:31:28.784+0000][23.740s][info ][gc,phases   ] GC(53)   Pre Evacuate Collection Set: 0.1ms
[2025-03-06T19:31:28.801+0000][23.757s][info ][gc,phases   ] GC(53)   Merge Heap Roots: 0.1ms
[2025-03-06T19:31:28.803+0000][23.760s][info ][gc,phases   ] GC(53)   Evacuate Collection Set: 14.8ms
[2025-03-06T19:31:28.804+0000][23.760s][info ][gc,phases   ] GC(53)   Post Evacuate Collection Set: 1.8ms
[2025-03-06T19:31:28.805+0000][23.761s][info ][gc,phases   ] GC(53)   Other: 0.6ms
[2025-03-06T19:31:28.805+0000][23.761s][info ][gc,heap     ] GC(53) Eden regions: 137->0(135)
[2025-03-06T19:31:28.806+0000][23.762s][info ][gc,heap     ] GC(53) Survivor regions: 11->10(19)
[2025-03-06T19:31:28.806+0000][23.762s][info ][gc,heap     ] GC(53) Old regions: 61->65
[2025-03-06T19:31:28.807+0000][23.763s][info ][gc,heap     ] GC(53) Archive regions: 2->2
[2025-03-06T19:31:28.807+0000][23.763s][info ][gc,heap     ] GC(53) Humongous regions: 0->0
[2025-03-06T19:31:28.807+0000][23.763s][info ][gc,metaspace] GC(53) Metaspace: 154982K(156160K)->154982K(156160K) NonClass: 135778K(136384K)->135778K(136384K) Class: 19204K(19776K)->19204K(19776K)
[2025-03-06T19:31:28.808+0000][23.764s][info ][gc          ] GC(53) Pause Young (Normal) (G1 Evacuation Pause) 417M->149M(496M) 41.025ms
[2025-03-06T19:31:28.808+0000][23.764s][info ][gc,cpu      ] GC(53) User=0.13s Sys=0.00s Real=0.05s
[2025-03-06T19:31:28.809+0000][23.765s][info ][safepoint   ] Safepoint "G1CollectForAllocation", Time since last: 713687780 ns, Reaching safepoint: 731981 ns, Cleanup: 87880 ns, At safepoint: 42119947 ns, Total: 42939808 ns
[2025-03-06T19:31:29.269+0000][24.225s][debug][safepoint   ] Safepoint synchronization initiated using futex wait barrier. (115 threads)
[2025-03-06T19:31:29.270+0000][24.226s][debug][safepoint   ] ... found polling page loop exception at pc = 0x00007f95ada33a79, stub =0x00007f95acb10400
[2025-03-06T19:31:29.270+0000][24.226s][info ][safepoint   ] Safepoint "ICBufferFull", Time since last: 457849556 ns, Reaching safepoint: 3133022 ns, Cleanup: 110790 ns, At safepoint: 45356 ns, Total: 3289168 ns
[2025-03-06T19:31:29.498+0000][24.454s][debug][safepoint   ] Safepoint synchronization initiated using futex wait barrier. (166 threads)
[2025-03-06T19:31:29.498+0000][24.454s][info ][safepoint   ] Safepoint "ICBufferFull", Time since last: 228003229 ns, Reaching safepoint: 271753 ns, Cleanup: 91302 ns, At safepoint: 33909 ns, Total: 396964 ns
[2025-03-06T19:31:29.523+0000][24.479s][debug][safepoint   ] Safepoint synchronization initiated using futex wait barrier. (166 threads)
[2025-03-06T19:31:29.523+0000][24.479s][info ][gc,start    ] GC(54) Pause Young (Normal) (G1 Evacuation Pause)
[2025-03-06T19:31:29.523+0000][24.479s][info ][gc,task     ] GC(54) Using 8 workers of 8 for evacuation
[2025-03-06T19:31:29.544+0000][24.500s][info ][gc,phases   ] GC(54)   Pre Evacuate Collection Set: 0.1ms
[2025-03-06T19:31:29.544+0000][24.500s][info ][gc,phases   ] GC(54)   Merge Heap Roots: 0.2ms
[2025-03-06T19:31:29.544+0000][24.500s][info ][gc,phases   ] GC(54)   Evacuate Collection Set: 18.6ms
[2025-03-06T19:31:29.544+0000][24.500s][info ][gc,phases   ] GC(54)   Post Evacuate Collection Set: 1.5ms
[2025-03-06T19:31:29.545+0000][24.501s][info ][gc,phases   ] GC(54)   Other: 0.5ms
[2025-03-06T19:31:29.545+0000][24.501s][info ][gc,heap     ] GC(54) Eden regions: 135->0(130)
[2025-03-06T19:31:29.545+0000][24.501s][info ][gc,heap     ] GC(54) Survivor regions: 10->13(19)
[2025-03-06T19:31:29.545+0000][24.501s][info ][gc,heap     ] GC(54) Old regions: 65->65
[2025-03-06T19:31:29.545+0000][24.501s][info ][gc,heap     ] GC(54) Archive regions: 2->2
[2025-03-06T19:31:29.546+0000][24.502s][info ][gc,heap     ] GC(54) Humongous regions: 0->0
[2025-03-06T19:31:29.546+0000][24.502s][info ][gc,metaspace] GC(54) Metaspace: 160597K(161792K)->160597K(161792K) NonClass: 140679K(141312K)->140679K(141312K) Class: 19917K(20480K)->19917K(20480K)
[2025-03-06T19:31:29.546+0000][24.502s][info ][gc          ] GC(54) Pause Young (Normal) (G1 Evacuation Pause) 419M->155M(496M) 22.935ms
[2025-03-06T19:31:29.546+0000][24.502s][info ][gc,cpu      ] GC(54) User=0.14s Sys=0.00s Real=0.02s
[2025-03-06T19:31:29.546+0000][24.502s][info ][safepoint   ] Safepoint "G1CollectForAllocation", Time since last: 24226706 ns, Reaching safepoint: 267553 ns, Cleanup: 16988 ns, At safepoint: 23361920 ns, Total: 23646461 ns
[2025-03-06T19:31:29.657+0000][24.613s][debug][safepoint   ] Safepoint synchronization initiated using futex wait barrier. (183 threads)
[2025-03-06T19:31:29.657+0000][24.614s][info ][safepoint   ] Safepoint "ICBufferFull", Time since last: 110669431 ns, Reaching safepoint: 373745 ns, Cleanup: 101461 ns, At safepoint: 49813 ns, Total: 525019 ns
[2025-03-06T19:31:29.828+0000][24.784s][debug][safepoint   ] Safepoint synchronization initiated using futex wait barrier. (185 threads)
[2025-03-06T19:31:29.829+0000][24.785s][info ][safepoint   ] Safepoint "ICBufferFull", Time since last: 170747756 ns, Reaching safepoint: 351434 ns, Cleanup: 87468 ns, At safepoint: 44593 ns, Total: 483495 ns
[2025-03-06T19:31:29.829+0000][24.785s][debug][safepoint   ] Safepoint synchronization initiated using futex wait barrier. (185 threads)
[2025-03-06T19:31:29.829+0000][24.786s][info ][safepoint   ] Safepoint "ICBufferFull", Time since last: 479701 ns, Reaching safepoint: 297762 ns, Cleanup: 2159 ns, At safepoint: 23174 ns, Total: 323095 ns
[2025-03-06T19:31:30.099+0000][25.055s][debug][safepoint   ] Safepoint synchronization initiated using futex wait barrier. (191 threads)
[2025-03-06T19:31:30.104+0000][25.060s][info ][safepoint   ] Safepoint "ICBufferFull", Time since last: 269645767 ns, Reaching safepoint: 4882092 ns, Cleanup: 109295 ns, At safepoint: 4895 ns, Total: 4996282 ns
[2025-03-06T19:31:30.108+0000][25.064s][debug][safepoint   ] Safepoint synchronization initiated using futex wait barrier. (191 threads)
[2025-03-06T19:31:30.110+0000][25.066s][info ][safepoint   ] Safepoint "ICBufferFull", Time since last: 4167897 ns, Reaching safepoint: 1576376 ns, Cleanup: 11055 ns, At safepoint: 4408 ns, Total: 1591839 ns
[2025-03-06T19:31:30.111+0000][25.067s][debug][safepoint   ] Safepoint synchronization initiated using futex wait barrier. (191 threads)
[2025-03-06T19:31:30.112+0000][25.068s][info ][safepoint   ] Safepoint "ICBufferFull", Time since last: 1305810 ns, Reaching safepoint: 427596 ns, Cleanup: 4116 ns, At safepoint: 82572 ns, Total: 514284 ns
[2025-03-06T19:31:30.113+0000][25.070s][debug][safepoint   ] Safepoint synchronization initiated using futex wait barrier. (191 threads)
[2025-03-06T19:31:30.126+0000][25.082s][info ][safepoint   ] Safepoint "ICBufferFull", Time since last: 1789835 ns, Reaching safepoint: 12158207 ns, Cleanup: 5040 ns, At safepoint: 5561 ns, Total: 12168808 ns
[2025-03-06T19:31:30.127+0000][25.083s][debug][safepoint   ] Safepoint synchronization initiated using futex wait barrier. (191 threads)
[2025-03-06T19:31:30.131+0000][25.087s][info ][safepoint   ] Safepoint "ICBufferFull", Time since last: 1145448 ns, Reaching safepoint: 4339153 ns, Cleanup: 5331 ns, At safepoint: 5421 ns, Total: 4349905 ns
[2025-03-06T19:31:30.132+0000][25.088s][debug][safepoint   ] Safepoint synchronization initiated using futex wait barrier. (191 threads)
[2025-03-06T19:31:30.132+0000][25.088s][info ][safepoint   ] Safepoint "ICBufferFull", Time since last: 684296 ns, Reaching safepoint: 186732 ns, Cleanup: 2890 ns, At safepoint: 3334 ns, Total: 192956 ns
[2025-03-06T19:31:30.133+0000][25.089s][debug][safepoint   ] Safepoint synchronization initiated using futex wait barrier. (191 threads)
[2025-03-06T19:31:30.133+0000][25.090s][info ][safepoint   ] Safepoint "ICBufferFull", Time since last: 1030715 ns, Reaching safepoint: 402935 ns, Cleanup: 2956 ns, At safepoint: 3911 ns, Total: 409802 ns
[2025-03-06T19:31:30.134+0000][25.090s][debug][safepoint   ] Safepoint synchronization initiated using futex wait barrier. (191 threads)
[2025-03-06T19:31:30.135+0000][25.091s][info ][safepoint   ] Safepoint "ICBufferFull", Time since last: 937646 ns, Reaching safepoint: 333501 ns, Cleanup: 3301 ns, At safepoint: 66208 ns, Total: 403010 ns
[2025-03-06T19:31:30.135+0000][25.091s][debug][safepoint   ] Safepoint synchronization initiated using futex wait barrier. (191 threads)
[2025-03-06T19:31:30.136+0000][25.092s][info ][safepoint   ] Safepoint "ICBufferFull", Time since last: 500432 ns, Reaching safepoint: 191648 ns, Cleanup: 1973 ns, At safepoint: 14212 ns, Total: 207833 ns
[2025-03-06T19:31:30.136+0000][25.092s][debug][safepoint   ] Safepoint synchronization initiated using futex wait barrier. (191 threads)
[2025-03-06T19:31:30.136+0000][25.092s][info ][safepoint   ] Safepoint "ICBufferFull", Time since last: 264684 ns, Reaching safepoint: 596183 ns, Cleanup: 2360 ns, At safepoint: 24287 ns, Total: 622830 ns
[2025-03-06T19:31:30.138+0000][25.094s][debug][safepoint   ] Safepoint synchronization initiated using futex wait barrier. (191 threads)
[2025-03-06T19:31:30.138+0000][25.094s][info ][safepoint   ] Safepoint "ICBufferFull", Time since last: 1126762 ns, Reaching safepoint: 362246 ns, Cleanup: 2548 ns, At safepoint: 14213 ns, Total: 379007 ns
[2025-03-06T19:31:30.138+0000][25.094s][debug][safepoint   ] Safepoint synchronization initiated using futex wait barrier. (191 threads)
[2025-03-06T19:31:30.139+0000][25.095s][info ][safepoint   ] Safepoint "ICBufferFull", Time since last: 492763 ns, Reaching safepoint: 512977 ns, Cleanup: 3663 ns, At safepoint: 6013 ns, Total: 522653 ns
[2025-03-06T19:31:30.140+0000][25.096s][debug][safepoint   ] Safepoint synchronization initiated using futex wait barrier. (191 threads)
[2025-03-06T19:31:30.141+0000][25.097s][info ][safepoint   ] Safepoint "ICBufferFull", Time since last: 1057782 ns, Reaching safepoint: 577163 ns, Cleanup: 5598 ns, At safepoint: 119663 ns, Total: 702424 ns
[2025-03-06T19:31:30.141+0000][25.097s][debug][safepoint   ] Safepoint synchronization initiated using futex wait barrier. (191 threads)
[2025-03-06T19:31:30.142+0000][25.098s][info ][safepoint   ] Safepoint "ICBufferFull", Time since last: 726161 ns, Reaching safepoint: 200374 ns, Cleanup: 2146 ns, At safepoint: 25275 ns, Total: 227795 ns
[2025-03-06T19:31:30.142+0000][25.098s][debug][safepoint   ] Safepoint synchronization initiated using futex wait barrier. (191 threads)
[2025-03-06T19:31:30.142+0000][25.098s][info ][safepoint   ] Safepoint "ICBufferFull", Time since last: 519303 ns, Reaching safepoint: 159267 ns, Cleanup: 1919 ns, At safepoint: 33780 ns, Total: 194966 ns
[2025-03-06T19:31:30.143+0000][25.099s][debug][safepoint   ] Safepoint synchronization initiated using futex wait barrier. (191 threads)
[2025-03-06T19:31:30.143+0000][25.099s][info ][safepoint   ] Safepoint "ICBufferFull", Time since last: 330850 ns, Reaching safepoint: 318963 ns, Cleanup: 6777 ns, At safepoint: 33030 ns, Total: 358770 ns
[2025-03-06T19:31:30.143+0000][25.099s][debug][safepoint   ] Safepoint synchronization initiated using futex wait barrier. (191 threads)
[2025-03-06T19:31:30.144+0000][25.100s][info ][safepoint   ] Safepoint "ICBufferFull", Time since last: 261052 ns, Reaching safepoint: 705614 ns, Cleanup: 5892 ns, At safepoint: 40471 ns, Total: 751977 ns
[2025-03-06T19:31:30.148+0000][25.104s][debug][safepoint   ] Safepoint synchronization initiated using futex wait barrier. (191 threads)
[2025-03-06T19:31:30.149+0000][25.105s][info ][safepoint   ] Safepoint "ICBufferFull", Time since last: 4189510 ns, Reaching safepoint: 559906 ns, Cleanup: 3328 ns, At safepoint: 19024 ns, Total: 582258 ns
[2025-03-06T19:31:30.149+0000][25.105s][debug][safepoint   ] Safepoint synchronization initiated using futex wait barrier. (191 threads)
[2025-03-06T19:31:30.149+0000][25.105s][info ][safepoint   ] Safepoint "ICBufferFull", Time since last: 301082 ns, Reaching safepoint: 244387 ns, Cleanup: 3574 ns, At safepoint: 38547 ns, Total: 286508 ns
[2025-03-06T19:31:30.151+0000][25.107s][debug][safepoint   ] Safepoint synchronization initiated using futex wait barrier. (191 threads)
[2025-03-06T19:31:30.151+0000][25.107s][info ][safepoint   ] Safepoint "ICBufferFull", Time since last: 1170113 ns, Reaching safepoint: 383485 ns, Cleanup: 2907 ns, At safepoint: 50124 ns, Total: 436516 ns
[2025-03-06T19:31:30.151+0000][25.108s][debug][safepoint   ] Safepoint synchronization initiated using futex wait barrier. (191 threads)
[2025-03-06T19:31:30.152+0000][25.108s][info ][safepoint   ] Safepoint "ICBufferFull", Time since last: 435157 ns, Reaching safepoint: 682376 ns, Cleanup: 5377 ns, At safepoint: 84042 ns, Total: 771795 ns
[2025-03-06T19:31:30.153+0000][25.109s][debug][safepoint   ] Safepoint synchronization initiated using futex wait barrier. (191 threads)
[2025-03-06T19:31:30.153+0000][25.109s][info ][safepoint   ] Safepoint "ICBufferFull", Time since last: 368039 ns, Reaching safepoint: 213250 ns, Cleanup: 2538 ns, At safepoint: 57458 ns, Total: 273246 ns
[2025-03-06T19:31:30.153+0000][25.109s][debug][safepoint   ] Safepoint synchronization initiated using futex wait barrier. (191 threads)
[2025-03-06T19:31:30.154+0000][25.110s][info ][safepoint   ] Safepoint "ICBufferFull", Time since last: 461814 ns, Reaching safepoint: 269598 ns, Cleanup: 7454 ns, At safepoint: 91908 ns, Total: 368960 ns
[2025-03-06T19:31:30.154+0000][25.110s][debug][safepoint   ] Safepoint synchronization initiated using futex wait barrier. (191 threads)
[2025-03-06T19:31:30.154+0000][25.110s][info ][safepoint   ] Safepoint "ICBufferFull", Time since last: 325111 ns, Reaching safepoint: 254290 ns, Cleanup: 3199 ns, At safepoint: 61262 ns, Total: 318751 ns
[2025-03-06T19:31:30.155+0000][25.111s][debug][safepoint   ] Safepoint synchronization initiated using futex wait barrier. (191 threads)
[2025-03-06T19:31:30.155+0000][25.111s][info ][safepoint   ] Safepoint "ICBufferFull", Time since last: 436525 ns, Reaching safepoint: 451663 ns, Cleanup: 4431 ns, At safepoint: 53023 ns, Total: 509117 ns
[2025-03-06T19:31:30.156+0000][25.112s][debug][safepoint   ] Safepoint synchronization initiated using futex wait barrier. (191 threads)
[2025-03-06T19:31:30.157+0000][25.113s][info ][safepoint   ] Safepoint "ICBufferFull", Time since last: 700694 ns, Reaching safepoint: 547780 ns, Cleanup: 4601 ns, At safepoint: 141299 ns, Total: 693680 ns
[2025-03-06T19:31:30.157+0000][25.113s][debug][safepoint   ] Safepoint synchronization initiated using futex wait barrier. (191 threads)
[2025-03-06T19:31:30.158+0000][25.114s][info ][safepoint   ] Safepoint "ICBufferFull", Time since last: 744130 ns, Reaching safepoint: 349578 ns, Cleanup: 2934 ns, At safepoint: 28940 ns, Total: 381452 ns
[2025-03-06T19:31:30.158+0000][25.114s][debug][safepoint   ] Safepoint synchronization initiated using futex wait barrier. (191 threads)
[2025-03-06T19:31:30.159+0000][25.115s][info ][safepoint   ] Safepoint "ICBufferFull", Time since last: 500737 ns, Reaching safepoint: 449818 ns, Cleanup: 2266 ns, At safepoint: 51414 ns, Total: 503498 ns
[2025-03-06T19:31:30.159+0000][25.115s][debug][safepoint   ] Safepoint synchronization initiated using futex wait barrier. (191 threads)
[2025-03-06T19:31:30.159+0000][25.116s][info ][safepoint   ] Safepoint "ICBufferFull", Time since last: 327186 ns, Reaching safepoint: 287891 ns, Cleanup: 1242 ns, At safepoint: 25874 ns, Total: 315007 ns
[2025-03-06T19:31:30.161+0000][25.117s][debug][safepoint   ] Safepoint synchronization initiated using futex wait barrier. (191 threads)
[2025-03-06T19:31:30.162+0000][25.118s][info ][safepoint   ] Safepoint "ICBufferFull", Time since last: 1632285 ns, Reaching safepoint: 296066 ns, Cleanup: 4074 ns, At safepoint: 125219 ns, Total: 425359 ns
[2025-03-06T19:31:30.162+0000][25.118s][debug][safepoint   ] Safepoint synchronization initiated using futex wait barrier. (191 threads)
[2025-03-06T19:31:30.162+0000][25.118s][info ][safepoint   ] Safepoint "ICBufferFull", Time since last: 565456 ns, Reaching safepoint: 279771 ns, Cleanup: 3054 ns, At safepoint: 61685 ns, Total: 344510 ns
[2025-03-06T19:31:30.163+0000][25.119s][debug][safepoint   ] Safepoint synchronization initiated using futex wait barrier. (191 threads)
[2025-03-06T19:31:30.163+0000][25.120s][info ][safepoint   ] Safepoint "ICBufferFull", Time since last: 591787 ns, Reaching safepoint: 355756 ns, Cleanup: 4762 ns, At safepoint: 62774 ns, Total: 423292 ns
[2025-03-06T19:31:30.164+0000][25.120s][debug][safepoint   ] Safepoint synchronization initiated using futex wait barrier. (191 threads)
[2025-03-06T19:31:30.164+0000][25.120s][info ][safepoint   ] Safepoint "ICBufferFull", Time since last: 462405 ns, Reaching safepoint: 449491 ns, Cleanup: 2127 ns, At safepoint: 40321 ns, Total: 491939 ns
[2025-03-06T19:31:30.165+0000][25.121s][debug][safepoint   ] Safepoint synchronization initiated using futex wait barrier. (191 threads)
[2025-03-06T19:31:30.166+0000][25.122s][info ][safepoint   ] Safepoint "ICBufferFull", Time since last: 418988 ns, Reaching safepoint: 923580 ns, Cleanup: 3077 ns, At safepoint: 45618 ns, Total: 972275 ns
[2025-03-06T19:31:30.253+0000][25.209s][debug][safepoint   ] Safepoint synchronization initiated using futex wait barrier. (203 threads)
[2025-03-06T19:31:30.254+0000][25.210s][info ][gc,start    ] GC(55) Pause Young (Normal) (G1 Evacuation Pause)
[2025-03-06T19:31:30.254+0000][25.210s][info ][gc,task     ] GC(55) Using 8 workers of 8 for evacuation
[2025-03-06T19:31:30.274+0000][25.230s][info ][gc,phases   ] GC(55)   Pre Evacuate Collection Set: 0.2ms
[2025-03-06T19:31:30.274+0000][25.230s][info ][gc,phases   ] GC(55)   Merge Heap Roots: 0.2ms
[2025-03-06T19:31:30.274+0000][25.231s][info ][gc,phases   ] GC(55)   Evacuate Collection Set: 17.9ms
[2025-03-06T19:31:30.275+0000][25.231s][info ][gc,phases   ] GC(55)   Post Evacuate Collection Set: 1.4ms
[2025-03-06T19:31:30.275+0000][25.231s][info ][gc,phases   ] GC(55)   Other: 0.6ms
[2025-03-06T19:31:30.275+0000][25.231s][info ][gc,heap     ] GC(55) Eden regions: 130->0(127)
[2025-03-06T19:31:30.275+0000][25.231s][info ][gc,heap     ] GC(55) Survivor regions: 13->12(18)
[2025-03-06T19:31:30.275+0000][25.231s][info ][gc,heap     ] GC(55) Old regions: 65->70
[2025-03-06T19:31:30.276+0000][25.232s][info ][gc,heap     ] GC(55) Archive regions: 2->2
[2025-03-06T19:31:30.276+0000][25.232s][info ][gc,heap     ] GC(55) Humongous regions: 0->0
[2025-03-06T19:31:30.276+0000][25.232s][info ][gc,metaspace] GC(55) Metaspace: 166817K(168000K)->166817K(168000K) NonClass: 146122K(146752K)->146122K(146752K) Class: 20694K(21248K)->20694K(21248K)
[2025-03-06T19:31:30.276+0000][25.232s][info ][gc          ] GC(55) Pause Young (Normal) (G1 Evacuation Pause) 415M->165M(496M) 22.511ms
[2025-03-06T19:31:30.277+0000][25.233s][info ][gc,cpu      ] GC(55) User=0.10s Sys=0.01s Real=0.02s
[2025-03-06T19:31:30.278+0000][25.234s][info ][safepoint   ] Safepoint "G1CollectForAllocation", Time since last: 87599451 ns, Reaching safepoint: 328269 ns, Cleanup: 55586 ns, At safepoint: 23804714 ns, Total: 24188569 ns
[2025-03-06T19:31:30.431+0000][25.387s][debug][safepoint   ] Safepoint synchronization initiated using futex wait barrier. (207 threads)
[2025-03-06T19:31:30.431+0000][25.387s][info ][gc,start    ] GC(56) Pause Young (Concurrent Start) (Metadata GC Threshold)
[2025-03-06T19:31:30.431+0000][25.388s][info ][gc,task     ] GC(56) Using 8 workers of 8 for evacuation
[2025-03-06T19:31:30.444+0000][25.400s][info ][gc,phases   ] GC(56)   Pre Evacuate Collection Set: 0.4ms
[2025-03-06T19:31:30.445+0000][25.401s][info ][gc,phases   ] GC(56)   Merge Heap Roots: 0.2ms
[2025-03-06T19:31:30.445+0000][25.401s][info ][gc,phases   ] GC(56)   Evacuate Collection Set: 11.0ms
[2025-03-06T19:31:30.445+0000][25.401s][info ][gc,phases   ] GC(56)   Post Evacuate Collection Set: 1.1ms
[2025-03-06T19:31:30.446+0000][25.402s][info ][gc,phases   ] GC(56)   Other: 0.5ms
[2025-03-06T19:31:30.446+0000][25.402s][info ][gc,heap     ] GC(56) Eden regions: 33->0(128)
[2025-03-06T19:31:30.446+0000][25.402s][info ][gc,heap     ] GC(56) Survivor regions: 12->10(18)
[2025-03-06T19:31:30.446+0000][25.402s][info ][gc,heap     ] GC(56) Old regions: 70->73
[2025-03-06T19:31:30.447+0000][25.403s][info ][gc,heap     ] GC(56) Archive regions: 2->2
[2025-03-06T19:31:30.447+0000][25.403s][info ][gc,heap     ] GC(56) Humongous regions: 0->0
[2025-03-06T19:31:30.448+0000][25.404s][info ][gc,metaspace] GC(56) Metaspace: 168397K(169600K)->168397K(169600K) NonClass: 147498K(148160K)->147498K(148160K) Class: 20899K(21440K)->20899K(21440K)
[2025-03-06T19:31:30.448+0000][25.404s][info ][gc          ] GC(56) Pause Young (Concurrent Start) (Metadata GC Threshold) 231M->166M(496M) 16.730ms
[2025-03-06T19:31:30.448+0000][25.404s][info ][gc,cpu      ] GC(56) User=0.07s Sys=0.00s Real=0.02s
[2025-03-06T19:31:30.449+0000][25.405s][info ][gc          ] GC(57) Concurrent Mark Cycle
[2025-03-06T19:31:30.449+0000][25.405s][info ][gc,marking  ] GC(57) Concurrent Clear Claimed Marks
[2025-03-06T19:31:30.449+0000][25.405s][info ][safepoint   ] Safepoint "CollectForMetadataAllocation", Time since last: 153215710 ns, Reaching safepoint: 395500 ns, Cleanup: 90093 ns, At safepoint: 17374694 ns, Total: 17860287 ns
[2025-03-06T19:31:30.449+0000][25.406s][info ][gc,marking  ] GC(57) Concurrent Clear Claimed Marks 0.449ms
[2025-03-06T19:31:30.450+0000][25.406s][info ][gc,marking  ] GC(57) Concurrent Scan Root Regions
[2025-03-06T19:31:30.459+0000][25.415s][info ][gc,marking  ] GC(57) Concurrent Scan Root Regions 9.214ms
[2025-03-06T19:31:30.460+0000][25.416s][info ][gc,marking  ] GC(57) Concurrent Mark
[2025-03-06T19:31:30.460+0000][25.416s][info ][gc,marking  ] GC(57) Concurrent Mark From Roots
[2025-03-06T19:31:30.460+0000][25.417s][info ][gc,task     ] GC(57) Using 2 workers of 2 for marking
[2025-03-06T19:31:30.491+0000][25.447s][debug][safepoint   ] Safepoint synchronization initiated using futex wait barrier. (207 threads)
[2025-03-06T19:31:30.491+0000][25.448s][info ][safepoint   ] Safepoint "CollectForMetadataAllocation", Time since last: 42367814 ns, Reaching safepoint: 411598 ns, Cleanup: 10233 ns, At safepoint: 53349 ns, Total: 475180 ns
[2025-03-06T19:31:30.546+0000][25.502s][debug][safepoint   ] Safepoint synchronization initiated using futex wait barrier. (207 threads)
[2025-03-06T19:31:30.548+0000][25.504s][info ][safepoint   ] Safepoint "CollectForMetadataAllocation", Time since last: 54115700 ns, Reaching safepoint: 2456398 ns, Cleanup: 17008 ns, At safepoint: 56492 ns, Total: 2529898 ns
[2025-03-06T19:31:30.595+0000][25.551s][info ][gc,marking  ] GC(57) Concurrent Mark From Roots 134.445ms
[2025-03-06T19:31:30.610+0000][25.566s][info ][gc,marking  ] GC(57) Concurrent Preclean
[2025-03-06T19:31:30.612+0000][25.568s][info ][gc,marking  ] GC(57) Concurrent Preclean 1.653ms
[2025-03-06T19:31:30.614+0000][25.570s][debug][safepoint   ] Safepoint synchronization initiated using futex wait barrier. (206 threads)
[2025-03-06T19:31:30.620+0000][25.576s][info ][safepoint   ] Safepoint "CollectForMetadataAllocation", Time since last: 66163004 ns, Reaching safepoint: 5406089 ns, Cleanup: 16938 ns, At safepoint: 42538 ns, Total: 5465565 ns
[2025-03-06T19:31:30.620+0000][25.576s][debug][safepoint   ] Safepoint synchronization initiated using futex wait barrier. (206 threads)
[2025-03-06T19:31:30.621+0000][25.577s][info ][gc,start    ] GC(57) Pause Remark
[2025-03-06T19:31:30.626+0000][25.582s][info ][gc          ] GC(57) Pause Remark 204M->204M(496M) 5.431ms
[2025-03-06T19:31:30.627+0000][25.583s][info ][gc,cpu      ] GC(57) User=0.03s Sys=0.00s Real=0.00s
[2025-03-06T19:31:30.627+0000][25.583s][info ][safepoint   ] Safepoint "G1PauseRemark", Time since last: 507101 ns, Reaching safepoint: 681827 ns, Cleanup: 4009 ns, At safepoint: 6318332 ns, Total: 7004168 ns
[2025-03-06T19:31:30.628+0000][25.584s][info ][gc,marking  ] GC(57) Concurrent Mark 167.991ms
[2025-03-06T19:31:30.628+0000][25.584s][info ][gc,marking  ] GC(57) Concurrent Rebuild Remembered Sets
[2025-03-06T19:31:30.716+0000][25.672s][info ][gc,marking  ] GC(57) Concurrent Rebuild Remembered Sets 87.704ms
[2025-03-06T19:31:30.717+0000][25.673s][debug][safepoint   ] Safepoint synchronization initiated using futex wait barrier. (205 threads)
[2025-03-06T19:31:30.718+0000][25.674s][info ][gc,start    ] GC(57) Pause Cleanup
[2025-03-06T19:31:30.719+0000][25.675s][info ][gc          ] GC(57) Pause Cleanup 220M->220M(496M) 0.564ms
[2025-03-06T19:31:30.719+0000][25.675s][info ][gc,cpu      ] GC(57) User=0.00s Sys=0.00s Real=0.00s
[2025-03-06T19:31:30.720+0000][25.676s][info ][safepoint   ] Safepoint "G1PauseCleanup", Time since last: 90127168 ns, Reaching safepoint: 624020 ns, Cleanup: 22997 ns, At safepoint: 2122431 ns, Total: 2769448 ns
[2025-03-06T19:31:30.721+0000][25.678s][info ][gc,marking  ] GC(57) Concurrent Cleanup for Next Mark
[2025-03-06T19:31:30.742+0000][25.698s][info ][gc,marking  ] GC(57) Concurrent Cleanup for Next Mark 20.698ms
[2025-03-06T19:31:30.743+0000][25.699s][info ][gc          ] GC(57) Concurrent Mark Cycle 294.531ms
[2025-03-06T19:31:31.991+0000][26.947s][debug][safepoint   ] Safepoint synchronization initiated using futex wait barrier. (206 threads)
[2025-03-06T19:31:31.992+0000][26.948s][info ][safepoint   ] Safepoint "Cleanup", Time since last: 1270726905 ns, Reaching safepoint: 606203 ns, Cleanup: 26039 ns, At safepoint: 3179 ns, Total: 635421 ns
[2025-03-06T19:31:32.992+0000][27.948s][debug][safepoint   ] Safepoint synchronization initiated using futex wait barrier. (206 threads)
[2025-03-06T19:31:32.993+0000][27.949s][info ][safepoint   ] Safepoint "Cleanup", Time since last: 1000595637 ns, Reaching safepoint: 536712 ns, Cleanup: 12545 ns, At safepoint: 5312 ns, Total: 554569 ns
[2025-03-06T19:31:33.993+0000][28.949s][debug][safepoint   ] Safepoint synchronization initiated using futex wait barrier. (206 threads)
[2025-03-06T19:31:33.994+0000][28.950s][info ][safepoint   ] Safepoint "Cleanup", Time since last: 1000640657 ns, Reaching safepoint: 786758 ns, Cleanup: 13596 ns, At safepoint: 33010 ns, Total: 833364 ns
[2025-03-06T19:31:34.994+0000][29.952s][debug][safepoint   ] Safepoint synchronization initiated using futex wait barrier. (206 threads)
[2025-03-06T19:31:34.995+0000][29.953s][info ][safepoint   ] Safepoint "Cleanup", Time since last: 1002040188 ns, Reaching safepoint: 806290 ns, Cleanup: 12953 ns, At safepoint: 4124 ns, Total: 823367 ns
[2025-03-06T19:31:35.996+0000][30.954s][debug][safepoint   ] Safepoint synchronization initiated using futex wait barrier. (206 threads)
[2025-03-06T19:31:35.996+0000][30.954s][info ][safepoint   ] Safepoint "Cleanup", Time since last: 1000931589 ns, Reaching safepoint: 298790 ns, Cleanup: 12789 ns, At safepoint: 4196 ns, Total: 315775 ns
[2025-03-06T19:31:36.997+0000][31.955s][debug][safepoint   ] Safepoint synchronization initiated using futex wait barrier. (207 threads)
[2025-03-06T19:31:36.998+0000][31.955s][info ][safepoint   ] Safepoint "Cleanup", Time since last: 1000232598 ns, Reaching safepoint: 902231 ns, Cleanup: 9573 ns, At safepoint: 3914 ns, Total: 915718 ns
[2025-03-06T19:31:37.999+0000][32.957s][debug][safepoint   ] Safepoint synchronization initiated using futex wait barrier. (207 threads)
[2025-03-06T19:31:37.999+0000][32.957s][info ][safepoint   ] Safepoint "Cleanup", Time since last: 1001055870 ns, Reaching safepoint: 415213 ns, Cleanup: 10275 ns, At safepoint: 3416 ns, Total: 428904 ns
[2025-03-06T19:31:40.000+0000][34.958s][debug][safepoint   ] Safepoint synchronization initiated using futex wait barrier. (207 threads)
[2025-03-06T19:31:40.001+0000][34.959s][info ][safepoint   ] Safepoint "Cleanup", Time since last: 2001471855 ns, Reaching safepoint: 818066 ns, Cleanup: 12412 ns, At safepoint: 3916 ns, Total: 834394 ns
[2025-03-06T19:31:41.002+0000][35.960s][debug][safepoint   ] Safepoint synchronization initiated using futex wait barrier. (207 threads)
[2025-03-06T19:31:41.003+0000][35.961s][info ][safepoint   ] Safepoint "Cleanup", Time since last: 1000850853 ns, Reaching safepoint: 753981 ns, Cleanup: 14145 ns, At safepoint: 3654 ns, Total: 771780 ns
[2025-03-06T19:31:45.004+0000][39.962s][debug][safepoint   ] Safepoint synchronization initiated using futex wait barrier. (207 threads)
[2025-03-06T19:31:45.005+0000][39.963s][info ][safepoint   ] Safepoint "Cleanup", Time since last: 4001429575 ns, Reaching safepoint: 772139 ns, Cleanup: 15591 ns, At safepoint: 3854 ns, Total: 791584 ns
[2025-03-06T19:31:46.006+0000][40.964s][debug][safepoint   ] Safepoint synchronization initiated using futex wait barrier. (207 threads)
[2025-03-06T19:31:46.007+0000][40.965s][info ][safepoint   ] Safepoint "Cleanup", Time since last: 1000794412 ns, Reaching safepoint: 1150082 ns, Cleanup: 16152 ns, At safepoint: 3083 ns, Total: 1169317 ns
[2025-03-06T19:31:50.184+0000][45.142s][debug][safepoint   ] Safepoint synchronization initiated using futex wait barrier. (207 threads)
[2025-03-06T19:31:50.185+0000][45.143s][info ][safepoint   ] Safepoint "Cleanup", Time since last: 4177099063 ns, Reaching safepoint: 929529 ns, Cleanup: 25099 ns, At safepoint: 4010 ns, Total: 958638 ns
[2025-03-06T19:32:07.234+0000][62.193s][debug][safepoint   ] Safepoint synchronization initiated using futex wait barrier. (207 threads)
[2025-03-06T19:32:07.235+0000][62.194s][info ][safepoint   ] Safepoint "Cleanup", Time since last: 17050331948 ns, Reaching safepoint: 679048 ns, Cleanup: 38962 ns, At safepoint: 7428 ns, Total: 725438 ns
[2025-03-06T19:32:13.236+0000][68.196s][debug][safepoint   ] Safepoint synchronization initiated using futex wait barrier. (206 threads)
[2025-03-06T19:32:13.237+0000][68.197s][info ][safepoint   ] Safepoint "Cleanup", Time since last: 6001741305 ns, Reaching safepoint: 814588 ns, Cleanup: 9965 ns, At safepoint: 3825 ns, Total: 828378 ns
[2025-03-06T19:32:17.238+0000][72.198s][debug][safepoint   ] Safepoint synchronization initiated using futex wait barrier. (206 threads)
[2025-03-06T19:32:17.239+0000][72.198s][info ][safepoint   ] Safepoint "Cleanup", Time since last: 4001181215 ns, Reaching safepoint: 519912 ns, Cleanup: 11253 ns, At safepoint: 14344 ns, Total: 545509 ns
[2025-03-06T19:32:24.241+0000][79.200s][debug][safepoint   ] Safepoint synchronization initiated using futex wait barrier. (206 threads)
[2025-03-06T19:32:24.241+0000][79.201s][info ][safepoint   ] Safepoint "Cleanup", Time since last: 7001617114 ns, Reaching safepoint: 797667 ns, Cleanup: 11354 ns, At safepoint: 2958 ns, Total: 811979 ns
[2025-03-06T19:32:29.243+0000][84.203s][debug][safepoint   ] Safepoint synchronization initiated using futex wait barrier. (207 threads)
[2025-03-06T19:32:29.243+0000][84.203s][info ][safepoint   ] Safepoint "Cleanup", Time since last: 5001615014 ns, Reaching safepoint: 450305 ns, Cleanup: 27953 ns, At safepoint: 22610 ns, Total: 500868 ns
[2025-03-06T19:32:30.244+0000][85.204s][debug][safepoint   ] Safepoint synchronization initiated using futex wait barrier. (199 threads)
[2025-03-06T19:32:30.245+0000][85.204s][info ][safepoint   ] Safepoint "Cleanup", Time since last: 1000773810 ns, Reaching safepoint: 620489 ns, Cleanup: 18784 ns, At safepoint: 3599 ns, Total: 642872 ns
[2025-03-06T19:32:32.246+0000][87.206s][debug][safepoint   ] Safepoint synchronization initiated using futex wait barrier. (194 threads)
[2025-03-06T19:32:32.247+0000][87.207s][info ][safepoint   ] Safepoint "Cleanup", Time since last: 2001261279 ns, Reaching safepoint: 845152 ns, Cleanup: 12805 ns, At safepoint: 3104 ns, Total: 861061 ns
[2025-03-06T19:32:34.248+0000][89.208s][debug][safepoint   ] Safepoint synchronization initiated using futex wait barrier. (194 threads)
[2025-03-06T19:32:34.249+0000][89.208s][info ][safepoint   ] Safepoint "Cleanup", Time since last: 2001027979 ns, Reaching safepoint: 630821 ns, Cleanup: 14640 ns, At safepoint: 13405 ns, Total: 658866 ns
[2025-03-06T19:32:45.249+0000][100.210s][debug][safepoint   ] Safepoint synchronization initiated using futex wait barrier. (194 threads)
[2025-03-06T19:32:45.250+0000][100.211s][info ][safepoint   ] Safepoint "Cleanup", Time since last: 11002122494 ns, Reaching safepoint: 652911 ns, Cleanup: 11465 ns, At safepoint: 3797 ns, Total: 668173 ns
[2025-03-06T19:32:49.251+0000][104.212s][debug][safepoint   ] Safepoint synchronization initiated using futex wait barrier. (198 threads)
[2025-03-06T19:32:49.251+0000][104.213s][info ][safepoint   ] Safepoint "Cleanup", Time since last: 4001288588 ns, Reaching safepoint: 282472 ns, Cleanup: 15726 ns, At safepoint: 21856 ns, Total: 320054 ns
[2025-03-06T19:32:49.342+0000][104.303s][debug][safepoint   ] Safepoint synchronization initiated using futex wait barrier. (202 threads)
[2025-03-06T19:32:49.343+0000][104.304s][info ][gc,start    ] GC(58) Pause Young (Prepare Mixed) (G1 Evacuation Pause)
[2025-03-06T19:32:49.343+0000][104.304s][info ][gc,task     ] GC(58) Using 8 workers of 8 for evacuation
[2025-03-06T19:32:49.352+0000][104.313s][info ][gc,phases   ] GC(58)   Pre Evacuate Collection Set: 0.1ms
[2025-03-06T19:32:49.353+0000][104.314s][info ][gc,phases   ] GC(58)   Merge Heap Roots: 0.1ms
[2025-03-06T19:32:49.353+0000][104.314s][info ][gc,phases   ] GC(58)   Evacuate Collection Set: 6.5ms
[2025-03-06T19:32:49.353+0000][104.314s][info ][gc,phases   ] GC(58)   Post Evacuate Collection Set: 1.8ms
[2025-03-06T19:32:49.354+0000][104.315s][info ][gc,phases   ] GC(58)   Other: 1.0ms
[2025-03-06T19:32:49.354+0000][104.315s][info ][gc,heap     ] GC(58) Eden regions: 128->0(2)
[2025-03-06T19:32:49.354+0000][104.315s][info ][gc,heap     ] GC(58) Survivor regions: 10->10(18)
[2025-03-06T19:32:49.354+0000][104.315s][info ][gc,heap     ] GC(58) Old regions: 73->73
[2025-03-06T19:32:49.354+0000][104.316s][info ][gc,heap     ] GC(58) Archive regions: 2->2
[2025-03-06T19:32:49.355+0000][104.316s][info ][gc,heap     ] GC(58) Humongous regions: 0->0
[2025-03-06T19:32:49.355+0000][104.316s][info ][gc,metaspace] GC(58) Metaspace: 174398K(175744K)->174398K(175744K) NonClass: 152730K(153408K)->152730K(153408K) Class: 21668K(22336K)->21668K(22336K)
[2025-03-06T19:32:49.355+0000][104.316s][info ][gc          ] GC(58) Pause Young (Prepare Mixed) (G1 Evacuation Pause) 422M->167M(496M) 12.468ms
[2025-03-06T19:32:49.356+0000][104.317s][info ][gc,cpu      ] GC(58) User=0.06s Sys=0.01s Real=0.01s
[2025-03-06T19:32:49.356+0000][104.317s][info ][safepoint   ] Safepoint "G1CollectForAllocation", Time since last: 90443828 ns, Reaching safepoint: 725480 ns, Cleanup: 42624 ns, At safepoint: 13332137 ns, Total: 14100241 ns
[2025-03-06T19:32:49.378+0000][104.339s][debug][safepoint   ] Safepoint synchronization initiated using futex wait barrier. (204 threads)
[2025-03-06T19:32:49.378+0000][104.339s][info ][gc,start    ] GC(59) Pause Young (Mixed) (G1 Evacuation Pause)
[2025-03-06T19:32:49.378+0000][104.340s][info ][gc,task     ] GC(59) Using 8 workers of 8 for evacuation
[2025-03-06T19:32:49.387+0000][104.348s][info ][gc,phases   ] GC(59)   Pre Evacuate Collection Set: 0.2ms
[2025-03-06T19:32:49.387+0000][104.348s][info ][gc,phases   ] GC(59)   Merge Heap Roots: 0.2ms
[2025-03-06T19:32:49.387+0000][104.348s][info ][gc,phases   ] GC(59)   Evacuate Collection Set: 6.5ms
[2025-03-06T19:32:49.387+0000][104.349s][info ][gc,phases   ] GC(59)   Post Evacuate Collection Set: 1.0ms
[2025-03-06T19:32:49.387+0000][104.349s][info ][gc,phases   ] GC(59)   Other: 0.7ms
[2025-03-06T19:32:49.388+0000][104.349s][info ][gc,heap     ] GC(59) Eden regions: 2->0(135)
[2025-03-06T19:32:49.388+0000][104.349s][info ][gc,heap     ] GC(59) Survivor regions: 10->2(2)
[2025-03-06T19:32:49.388+0000][104.349s][info ][gc,heap     ] GC(59) Old regions: 73->75
[2025-03-06T19:32:49.388+0000][104.349s][info ][gc,heap     ] GC(59) Archive regions: 2->2
[2025-03-06T19:32:49.388+0000][104.350s][info ][gc,heap     ] GC(59) Humongous regions: 0->0
[2025-03-06T19:32:49.389+0000][104.350s][info ][gc,metaspace] GC(59) Metaspace: 174530K(175872K)->174530K(175872K) NonClass: 152849K(153536K)->152849K(153536K) Class: 21681K(22336K)->21681K(22336K)
[2025-03-06T19:32:49.389+0000][104.350s][info ][gc          ] GC(59) Pause Young (Mixed) (G1 Evacuation Pause) 171M->152M(496M) 10.642ms
[2025-03-06T19:32:49.389+0000][104.350s][info ][gc,cpu      ] GC(59) User=0.05s Sys=0.00s Real=0.01s
[2025-03-06T19:32:49.389+0000][104.351s][info ][safepoint   ] Safepoint "G1CollectForAllocation", Time since last: 21743788 ns, Reaching safepoint: 343353 ns, Cleanup: 14448 ns, At safepoint: 11286887 ns, Total: 11644688 ns
[2025-03-06T19:32:49.634+0000][104.595s][debug][safepoint   ] Safepoint synchronization initiated using futex wait barrier. (208 threads)
[2025-03-06T19:32:49.635+0000][104.596s][info ][safepoint   ] Safepoint "ICBufferFull", Time since last: 244647379 ns, Reaching safepoint: 702471 ns, Cleanup: 126784 ns, At safepoint: 44874 ns, Total: 874129 ns
[2025-03-06T19:32:49.903+0000][104.864s][debug][safepoint   ] Safepoint synchronization initiated using futex wait barrier. (213 threads)
[2025-03-06T19:32:49.904+0000][104.865s][info ][safepoint   ] Safepoint "ICBufferFull", Time since last: 267962193 ns, Reaching safepoint: 539668 ns, Cleanup: 128490 ns, At safepoint: 5670 ns, Total: 673828 ns
[2025-03-06T19:32:50.673+0000][105.634s][debug][safepoint   ] Safepoint synchronization initiated using futex wait barrier. (212 threads)
[2025-03-06T19:32:50.674+0000][105.635s][info ][gc,start    ] GC(60) Pause Young (Concurrent Start) (G1 Evacuation Pause)
[2025-03-06T19:32:50.674+0000][105.636s][info ][gc,task     ] GC(60) Using 8 workers of 8 for evacuation
[2025-03-06T19:32:50.681+0000][105.642s][info ][gc,phases   ] GC(60)   Pre Evacuate Collection Set: 0.3ms
[2025-03-06T19:32:50.681+0000][105.642s][info ][gc,phases   ] GC(60)   Merge Heap Roots: 0.2ms
[2025-03-06T19:32:50.681+0000][105.642s][info ][gc,phases   ] GC(60)   Evacuate Collection Set: 4.3ms
[2025-03-06T19:32:50.681+0000][105.643s][info ][gc,phases   ] GC(60)   Post Evacuate Collection Set: 0.9ms
[2025-03-06T19:32:50.682+0000][105.643s][info ][gc,phases   ] GC(60)   Other: 1.1ms
[2025-03-06T19:32:50.682+0000][105.643s][info ][gc,heap     ] GC(60) Eden regions: 135->0(131)
[2025-03-06T19:32:50.682+0000][105.643s][info ][gc,heap     ] GC(60) Survivor regions: 2->5(18)
[2025-03-06T19:32:50.682+0000][105.643s][info ][gc,heap     ] GC(60) Old regions: 75->75
[2025-03-06T19:32:50.682+0000][105.644s][info ][gc,heap     ] GC(60) Archive regions: 2->2
[2025-03-06T19:32:50.683+0000][105.644s][info ][gc,heap     ] GC(60) Humongous regions: 0->0
[2025-03-06T19:32:50.683+0000][105.644s][info ][gc,metaspace] GC(60) Metaspace: 179877K(181248K)->179877K(181248K) NonClass: 157505K(158208K)->157505K(158208K) Class: 22371K(23040K)->22371K(23040K)
[2025-03-06T19:32:50.683+0000][105.644s][info ][gc          ] GC(60) Pause Young (Concurrent Start) (G1 Evacuation Pause) 422M->160M(496M) 9.103ms
[2025-03-06T19:32:50.683+0000][105.644s][info ][gc,cpu      ] GC(60) User=0.03s Sys=0.00s Real=0.01s
[2025-03-06T19:32:50.683+0000][105.645s][info ][gc          ] GC(61) Concurrent Mark Cycle
[2025-03-06T19:32:50.684+0000][105.645s][info ][gc,marking  ] GC(61) Concurrent Clear Claimed Marks
[2025-03-06T19:32:50.684+0000][105.645s][info ][safepoint   ] Safepoint "G1CollectForAllocation", Time since last: 769669352 ns, Reaching safepoint: 622750 ns, Cleanup: 54364 ns, At safepoint: 9876942 ns, Total: 10554056 ns
[2025-03-06T19:32:50.684+0000][105.645s][info ][gc,marking  ] GC(61) Concurrent Clear Claimed Marks 0.278ms
[2025-03-06T19:32:50.684+0000][105.645s][info ][gc,marking  ] GC(61) Concurrent Scan Root Regions
[2025-03-06T19:32:50.688+0000][105.650s][info ][gc,marking  ] GC(61) Concurrent Scan Root Regions 4.073ms
[2025-03-06T19:32:50.689+0000][105.650s][info ][gc,marking  ] GC(61) Concurrent Mark
[2025-03-06T19:32:50.689+0000][105.650s][info ][gc,marking  ] GC(61) Concurrent Mark From Roots
[2025-03-06T19:32:50.689+0000][105.650s][info ][gc,task     ] GC(61) Using 2 workers of 2 for marking
[2025-03-06T19:32:50.762+0000][105.724s][info ][gc,marking  ] GC(61) Concurrent Mark From Roots 73.410ms
[2025-03-06T19:32:50.763+0000][105.724s][info ][gc,marking  ] GC(61) Concurrent Preclean
[2025-03-06T19:32:50.763+0000][105.725s][info ][gc,marking  ] GC(61) Concurrent Preclean 0.551ms
[2025-03-06T19:32:50.764+0000][105.725s][debug][safepoint   ] Safepoint synchronization initiated using futex wait barrier. (211 threads)
[2025-03-06T19:32:50.764+0000][105.726s][info ][gc,start    ] GC(61) Pause Remark
[2025-03-06T19:32:50.775+0000][105.736s][info ][gc          ] GC(61) Pause Remark 163M->163M(496M) 10.880ms
[2025-03-06T19:32:50.776+0000][105.737s][info ][gc,cpu      ] GC(61) User=0.07s Sys=0.00s Real=0.01s
[2025-03-06T19:32:50.777+0000][105.738s][info ][safepoint   ] Safepoint "G1PauseRemark", Time since last: 80034401 ns, Reaching safepoint: 486169 ns, Cleanup: 4661 ns, At safepoint: 12470788 ns, Total: 12961618 ns
[2025-03-06T19:32:50.777+0000][105.739s][info ][gc,marking  ] GC(61) Concurrent Mark 88.753ms
[2025-03-06T19:32:50.778+0000][105.739s][info ][gc,marking  ] GC(61) Concurrent Rebuild Remembered Sets
[2025-03-06T19:32:50.824+0000][105.785s][info ][gc,marking  ] GC(61) Concurrent Rebuild Remembered Sets 46.138ms
[2025-03-06T19:32:50.825+0000][105.786s][debug][safepoint   ] Safepoint synchronization initiated using futex wait barrier. (211 threads)
[2025-03-06T19:32:50.831+0000][105.792s][info ][gc,start    ] GC(61) Pause Cleanup
[2025-03-06T19:32:50.832+0000][105.793s][info ][gc          ] GC(61) Pause Cleanup 163M->163M(496M) 0.842ms
[2025-03-06T19:32:50.833+0000][105.794s][info ][gc,cpu      ] GC(61) User=0.00s Sys=0.00s Real=0.01s
[2025-03-06T19:32:50.833+0000][105.794s][info ][safepoint   ] Safepoint "G1PauseCleanup", Time since last: 48194532 ns, Reaching safepoint: 6272582 ns, Cleanup: 10375 ns, At safepoint: 1779024 ns, Total: 8061981 ns
[2025-03-06T19:32:50.833+0000][105.795s][info ][gc,marking  ] GC(61) Concurrent Cleanup for Next Mark
[2025-03-06T19:32:50.835+0000][105.796s][info ][gc,marking  ] GC(61) Concurrent Cleanup for Next Mark 1.627ms
[2025-03-06T19:32:50.835+0000][105.796s][info ][gc          ] GC(61) Concurrent Mark Cycle 151.804ms
[2025-03-06T19:32:54.834+0000][109.795s][debug][safepoint   ] Safepoint synchronization initiated using futex wait barrier. (211 threads)
[2025-03-06T19:32:54.835+0000][109.796s][info ][safepoint   ] Safepoint "Cleanup", Time since last: 4001107953 ns, Reaching safepoint: 499982 ns, Cleanup: 35306 ns, At safepoint: 3590 ns, Total: 538878 ns
[2025-03-06T19:32:56.836+0000][111.797s][debug][safepoint   ] Safepoint synchronization initiated using futex wait barrier. (211 threads)
[2025-03-06T19:32:56.836+0000][111.798s][info ][safepoint   ] Safepoint "Cleanup", Time since last: 2000979526 ns, Reaching safepoint: 747556 ns, Cleanup: 12514 ns, At safepoint: 3316 ns, Total: 763386 ns
[2025-03-06T19:32:59.837+0000][114.799s][debug][safepoint   ] Safepoint synchronization initiated using futex wait barrier. (211 threads)
[2025-03-06T19:32:59.838+0000][114.799s][info ][safepoint   ] Safepoint "Cleanup", Time since last: 3000924206 ns, Reaching safepoint: 817058 ns, Cleanup: 21630 ns, At safepoint: 5928 ns, Total: 844616 ns
[2025-03-06T19:33:04.273+0000][119.234s][debug][safepoint   ] Safepoint synchronization initiated using futex wait barrier. (212 threads)
[2025-03-06T19:33:04.274+0000][119.236s][info ][safepoint   ] Safepoint "Cleanup", Time since last: 4434902751 ns, Reaching safepoint: 1328776 ns, Cleanup: 26468 ns, At safepoint: 92517 ns, Total: 1447761 ns
[2025-03-06T19:33:05.274+0000][120.237s][debug][safepoint   ] Safepoint synchronization initiated using futex wait barrier. (215 threads)
[2025-03-06T19:33:05.275+0000][120.238s][info ][safepoint   ] Safepoint "Cleanup", Time since last: 1000845333 ns, Reaching safepoint: 1322773 ns, Cleanup: 42448 ns, At safepoint: 3442 ns, Total: 1368663 ns
[2025-03-06T19:33:06.277+0000][121.239s][debug][safepoint   ] Safepoint synchronization initiated using futex wait barrier. (213 threads)
[2025-03-06T19:33:06.278+0000][121.241s][info ][safepoint   ] Safepoint "Cleanup", Time since last: 1001506785 ns, Reaching safepoint: 1186396 ns, Cleanup: 9389 ns, At safepoint: 3878 ns, Total: 1199663 ns
[2025-03-06T19:33:09.279+0000][124.242s][debug][safepoint   ] Safepoint synchronization initiated using futex wait barrier. (213 threads)
[2025-03-06T19:33:09.279+0000][124.242s][info ][safepoint   ] Safepoint "Cleanup", Time since last: 3000963770 ns, Reaching safepoint: 371807 ns, Cleanup: 18035 ns, At safepoint: 40479 ns, Total: 430321 ns
[2025-03-06T19:33:11.280+0000][126.243s][debug][safepoint   ] Safepoint synchronization initiated using futex wait barrier. (213 threads)
[2025-03-06T19:33:11.281+0000][126.244s][info ][safepoint   ] Safepoint "Cleanup", Time since last: 2000887081 ns, Reaching safepoint: 697868 ns, Cleanup: 9737 ns, At safepoint: 3781 ns, Total: 711386 ns
[2025-03-06T19:33:12.282+0000][127.244s][debug][safepoint   ] Safepoint synchronization initiated using futex wait barrier. (213 threads)
[2025-03-06T19:33:12.282+0000][127.245s][info ][safepoint   ] Safepoint "Cleanup", Time since last: 1000707992 ns, Reaching safepoint: 644756 ns, Cleanup: 10355 ns, At safepoint: 3714 ns, Total: 658825 ns
[2025-03-06T19:33:14.283+0000][129.246s][debug][safepoint   ] Safepoint synchronization initiated using futex wait barrier. (213 threads)
[2025-03-06T19:33:14.284+0000][129.247s][info ][safepoint   ] Safepoint "Cleanup", Time since last: 2000926267 ns, Reaching safepoint: 917396 ns, Cleanup: 15295 ns, At safepoint: 4444 ns, Total: 937135 ns
[2025-03-06T19:33:16.285+0000][131.248s][debug][safepoint   ] Safepoint synchronization initiated using futex wait barrier. (213 threads)
[2025-03-06T19:33:16.286+0000][131.249s][info ][safepoint   ] Safepoint "Cleanup", Time since last: 2001043568 ns, Reaching safepoint: 672581 ns, Cleanup: 10805 ns, At safepoint: 4058 ns, Total: 687444 ns
[2025-03-06T19:33:21.287+0000][136.250s][debug][safepoint   ] Safepoint synchronization initiated using futex wait barrier. (213 threads)
[2025-03-06T19:33:21.289+0000][136.251s][info ][safepoint   ] Safepoint "Cleanup", Time since last: 5001654809 ns, Reaching safepoint: 1126584 ns, Cleanup: 12417 ns, At safepoint: 3903 ns, Total: 1142904 ns
[2025-03-06T19:33:29.291+0000][144.254s][debug][safepoint   ] Safepoint synchronization initiated using futex wait barrier. (213 threads)
[2025-03-06T19:33:29.291+0000][144.254s][info ][safepoint   ] Safepoint "Cleanup", Time since last: 8002261140 ns, Reaching safepoint: 607929 ns, Cleanup: 11880 ns, At safepoint: 3377 ns, Total: 623186 ns
[2025-03-06T19:33:33.293+0000][148.256s][debug][safepoint   ] Safepoint synchronization initiated using futex wait barrier. (212 threads)
[2025-03-06T19:33:33.293+0000][148.256s][info ][safepoint   ] Safepoint "Cleanup", Time since last: 4001357059 ns, Reaching safepoint: 579948 ns, Cleanup: 22919 ns, At safepoint: 4310 ns, Total: 607177 ns
[2025-03-06T19:33:34.294+0000][149.257s][debug][safepoint   ] Safepoint synchronization initiated using futex wait barrier. (212 threads)
[2025-03-06T19:33:34.295+0000][149.258s][info ][safepoint   ] Safepoint "Cleanup", Time since last: 1000846711 ns, Reaching safepoint: 1167643 ns, Cleanup: 13274 ns, At safepoint: 4144 ns, Total: 1185061 ns
[2025-03-06T19:33:37.295+0000][152.260s][debug][safepoint   ] Safepoint synchronization initiated using futex wait barrier. (212 threads)
[2025-03-06T19:33:37.297+0000][152.261s][info ][safepoint   ] Safepoint "Cleanup", Time since last: 3001454594 ns, Reaching safepoint: 1525120 ns, Cleanup: 9862 ns, At safepoint: 3104 ns, Total: 1538086 ns
[2025-03-06T19:33:41.298+0000][156.262s][debug][safepoint   ] Safepoint synchronization initiated using futex wait barrier. (212 threads)
[2025-03-06T19:33:41.299+0000][156.263s][info ][safepoint   ] Safepoint "Cleanup", Time since last: 4000948614 ns, Reaching safepoint: 854612 ns, Cleanup: 9875 ns, At safepoint: 2943 ns, Total: 867430 ns
[2025-03-06T19:33:52.301+0000][167.265s][debug][safepoint   ] Safepoint synchronization initiated using futex wait barrier. (208 threads)
[2025-03-06T19:33:52.302+0000][167.266s][info ][safepoint   ] Safepoint "Cleanup", Time since last: 11002320179 ns, Reaching safepoint: 1002013 ns, Cleanup: 12770 ns, At safepoint: 3555 ns, Total: 1018338 ns
[2025-03-06T19:34:21.312+0000][196.278s][debug][safepoint   ] Safepoint synchronization initiated using futex wait barrier. (202 threads)
[2025-03-06T19:34:21.313+0000][196.279s][info ][safepoint   ] Safepoint "Cleanup", Time since last: 29011881204 ns, Reaching safepoint: 979634 ns, Cleanup: 11306 ns, At safepoint: 3705 ns, Total: 994645 ns
[2025-03-06T19:34:33.316+0000][208.282s][debug][safepoint   ] Safepoint synchronization initiated using futex wait barrier. (201 threads)
[2025-03-06T19:34:33.317+0000][208.283s][info ][safepoint   ] Safepoint "Cleanup", Time since last: 12003110345 ns, Reaching safepoint: 525902 ns, Cleanup: 10128 ns, At safepoint: 2989 ns, Total: 539019 ns
[2025-03-06T19:34:34.318+0000][209.284s][debug][safepoint   ] Safepoint synchronization initiated using futex wait barrier. (201 threads)
[2025-03-06T19:34:34.318+0000][209.284s][info ][safepoint   ] Safepoint "Cleanup", Time since last: 1000819147 ns, Reaching safepoint: 682743 ns, Cleanup: 16684 ns, At safepoint: 3293 ns, Total: 702720 ns
[2025-03-06T19:34:39.318+0000][214.286s][debug][safepoint   ] Safepoint synchronization initiated using futex wait barrier. (201 threads)
[2025-03-06T19:34:39.319+0000][214.287s][info ][safepoint   ] Safepoint "Cleanup", Time since last: 5001317580 ns, Reaching safepoint: 996615 ns, Cleanup: 9635 ns, At safepoint: 3317 ns, Total: 1009567 ns
[2025-03-06T19:35:24.326+0000][259.295s][debug][safepoint   ] Safepoint synchronization initiated using futex wait barrier. (196 threads)
[2025-03-06T19:35:24.327+0000][259.296s][info ][safepoint   ] Safepoint "Cleanup", Time since last: 45008652009 ns, Reaching safepoint: 961561 ns, Cleanup: 10842 ns, At safepoint: 3425 ns, Total: 975828 ns
[2025-03-06T19:35:49.332+0000][284.303s][debug][safepoint   ] Safepoint synchronization initiated using futex wait barrier. (196 threads)
[2025-03-06T19:35:49.333+0000][284.303s][info ][safepoint   ] Safepoint "Cleanup", Time since last: 25006070910 ns, Reaching safepoint: 708267 ns, Cleanup: 13377 ns, At safepoint: 3891 ns, Total: 725535 ns
[2025-03-06T19:36:11.156+0000][306.128s][debug][safepoint   ] Safepoint synchronization initiated using futex wait barrier. (195 threads)
[2025-03-06T19:36:11.156+0000][306.129s][info ][gc,start    ] GC(62) Pause Young (Prepare Mixed) (G1 Evacuation Pause)
[2025-03-06T19:36:11.157+0000][306.129s][info ][gc,task     ] GC(62) Using 8 workers of 8 for evacuation
[2025-03-06T19:36:11.162+0000][306.135s][info ][gc,phases   ] GC(62)   Pre Evacuate Collection Set: 0.2ms
[2025-03-06T19:36:11.163+0000][306.135s][info ][gc,phases   ] GC(62)   Merge Heap Roots: 0.2ms
[2025-03-06T19:36:11.163+0000][306.135s][info ][gc,phases   ] GC(62)   Evacuate Collection Set: 3.6ms
[2025-03-06T19:36:11.163+0000][306.136s][info ][gc,phases   ] GC(62)   Post Evacuate Collection Set: 1.3ms
[2025-03-06T19:36:11.164+0000][306.136s][info ][gc,phases   ] GC(62)   Other: 0.9ms
[2025-03-06T19:36:11.164+0000][306.136s][info ][gc,heap     ] GC(62) Eden regions: 131->0(6)
[2025-03-06T19:36:11.164+0000][306.137s][info ][gc,heap     ] GC(62) Survivor regions: 5->6(17)
[2025-03-06T19:36:11.165+0000][306.137s][info ][gc,heap     ] GC(62) Old regions: 75->75
[2025-03-06T19:36:11.165+0000][306.138s][info ][gc,heap     ] GC(62) Archive regions: 2->2
[2025-03-06T19:36:11.166+0000][306.138s][info ][gc,heap     ] GC(62) Humongous regions: 0->0
[2025-03-06T19:36:11.166+0000][306.139s][info ][gc,metaspace] GC(62) Metaspace: 180517K(181888K)->180517K(181888K) NonClass: 158111K(158848K)->158111K(158848K) Class: 22406K(23040K)->22406K(23040K)
[2025-03-06T19:36:11.166+0000][306.139s][info ][gc          ] GC(62) Pause Young (Prepare Mixed) (G1 Evacuation Pause) 422M->161M(496M) 10.113ms
[2025-03-06T19:36:11.167+0000][306.139s][info ][gc,cpu      ] GC(62) User=0.01s Sys=0.01s Real=0.01s
[2025-03-06T19:36:11.168+0000][306.140s][info ][safepoint   ] Safepoint "G1CollectForAllocation", Time since last: 21825006723 ns, Reaching safepoint: 534574 ns, Cleanup: 4900 ns, At safepoint: 11212874 ns, Total: 11752348 ns
[2025-03-06T19:36:16.169+0000][311.142s][debug][safepoint   ] Safepoint synchronization initiated using futex wait barrier. (195 threads)
[2025-03-06T19:36:16.170+0000][311.143s][info ][safepoint   ] Safepoint "Cleanup", Time since last: 5001578344 ns, Reaching safepoint: 1197519 ns, Cleanup: 20477 ns, At safepoint: 3460 ns, Total: 1221456 ns
[2025-03-06T19:36:19.126+0000][314.098s][debug][safepoint   ] Safepoint synchronization initiated using futex wait barrier. (195 threads)
[2025-03-06T19:36:19.127+0000][314.100s][info ][gc,start    ] GC(63) Pause Young (Mixed) (G1 Evacuation Pause)
[2025-03-06T19:36:19.128+0000][314.100s][info ][gc,task     ] GC(63) Using 8 workers of 8 for evacuation
[2025-03-06T19:36:19.136+0000][314.108s][info ][gc,phases   ] GC(63)   Pre Evacuate Collection Set: 0.1ms
[2025-03-06T19:36:19.136+0000][314.108s][info ][gc,phases   ] GC(63)   Merge Heap Roots: 0.1ms
[2025-03-06T19:36:19.136+0000][314.109s][info ][gc,phases   ] GC(63)   Evacuate Collection Set: 5.3ms
[2025-03-06T19:36:19.137+0000][314.110s][info ][gc,phases   ] GC(63)   Post Evacuate Collection Set: 1.0ms
[2025-03-06T19:36:19.138+0000][314.110s][info ][gc,phases   ] GC(63)   Other: 1.8ms
[2025-03-06T19:36:19.138+0000][314.111s][info ][gc,heap     ] GC(63) Eden regions: 6->0(133)
[2025-03-06T19:36:19.139+0000][314.111s][info ][gc,heap     ] GC(63) Survivor regions: 6->2(2)
[2025-03-06T19:36:19.140+0000][314.113s][info ][gc,heap     ] GC(63) Old regions: 75->77
[2025-03-06T19:36:19.141+0000][314.114s][info ][gc,heap     ] GC(63) Archive regions: 2->2
[2025-03-06T19:36:19.142+0000][314.114s][info ][gc,heap     ] GC(63) Humongous regions: 0->0
[2025-03-06T19:36:19.142+0000][314.114s][info ][gc,metaspace] GC(63) Metaspace: 180522K(181888K)->180522K(181888K) NonClass: 158115K(158848K)->158115K(158848K) Class: 22406K(23040K)->22406K(23040K)
[2025-03-06T19:36:19.142+0000][314.115s][info ][gc          ] GC(63) Pause Young (Mixed) (G1 Evacuation Pause) 173M->156M(496M) 15.133ms
[2025-03-06T19:36:19.143+0000][314.115s][info ][gc,cpu      ] GC(63) User=0.04s Sys=0.00s Real=0.02s
[2025-03-06T19:36:19.144+0000][314.116s][info ][safepoint   ] Safepoint "G1CollectForAllocation", Time since last: 2955595016 ns, Reaching safepoint: 1266972 ns, Cleanup: 4592 ns, At safepoint: 16657772 ns, Total: 17929336 ns
[2025-03-06T19:36:21.145+0000][316.117s][debug][safepoint   ] Safepoint synchronization initiated using futex wait barrier. (195 threads)
[2025-03-06T19:36:21.146+0000][316.118s][info ][safepoint   ] Safepoint "Cleanup", Time since last: 2000696364 ns, Reaching safepoint: 1023719 ns, Cleanup: 19341 ns, At safepoint: 3380 ns, Total: 1046440 ns
[2025-03-06T19:36:24.148+0000][319.120s][debug][safepoint   ] Safepoint synchronization initiated using futex wait barrier. (195 threads)
[2025-03-06T19:36:24.149+0000][319.122s][info ][safepoint   ] Safepoint "Cleanup", Time since last: 3001918567 ns, Reaching safepoint: 1739418 ns, Cleanup: 12543 ns, At safepoint: 3399 ns, Total: 1755360 ns
[2025-03-06T19:36:34.153+0000][329.125s][debug][safepoint   ] Safepoint synchronization initiated using futex wait barrier. (195 threads)
[2025-03-06T19:36:34.153+0000][329.126s][info ][safepoint   ] Safepoint "Cleanup", Time since last: 10003359131 ns, Reaching safepoint: 668457 ns, Cleanup: 12637 ns, At safepoint: 3605 ns, Total: 684699 ns
[2025-03-06T19:36:36.153+0000][331.127s][debug][safepoint   ] Safepoint synchronization initiated using futex wait barrier. (195 threads)
[2025-03-06T19:36:36.155+0000][331.128s][info ][safepoint   ] Safepoint "Cleanup", Time since last: 2001061512 ns, Reaching safepoint: 1178287 ns, Cleanup: 10072 ns, At safepoint: 3653 ns, Total: 1192012 ns
[2025-03-06T19:36:41.157+0000][336.130s][debug][safepoint   ] Safepoint synchronization initiated using futex wait barrier. (195 threads)
[2025-03-06T19:36:41.158+0000][336.131s][info ][safepoint   ] Safepoint "Cleanup", Time since last: 5002007334 ns, Reaching safepoint: 1350627 ns, Cleanup: 9046 ns, At safepoint: 2878 ns, Total: 1362551 ns
[2025-03-06T19:37:01.162+0000][356.136s][debug][safepoint   ] Safepoint synchronization initiated using futex wait barrier. (195 threads)
[2025-03-06T19:37:01.163+0000][356.136s][info ][safepoint   ] Safepoint "Cleanup", Time since last: 20004421309 ns, Reaching safepoint: 636526 ns, Cleanup: 9682 ns, At safepoint: 3554 ns, Total: 649762 ns
[2025-03-06T19:37:02.164+0000][357.137s][debug][safepoint   ] Safepoint synchronization initiated using futex wait barrier. (195 threads)
[2025-03-06T19:37:02.165+0000][357.138s][info ][safepoint   ] Safepoint "Cleanup", Time since last: 1000542525 ns, Reaching safepoint: 1022289 ns, Cleanup: 11862 ns, At safepoint: 3433 ns, Total: 1037584 ns
[2025-03-06T19:37:08.165+0000][363.140s][debug][safepoint   ] Safepoint synchronization initiated using futex wait barrier. (195 threads)
[2025-03-06T19:37:08.165+0000][363.141s][info ][safepoint   ] Safepoint "Cleanup", Time since last: 6002072786 ns, Reaching safepoint: 898281 ns, Cleanup: 10231 ns, At safepoint: 3796 ns, Total: 912308 ns
[2025-03-06T19:37:31.172+0000][386.147s][debug][safepoint   ] Safepoint synchronization initiated using futex wait barrier. (195 threads)
[2025-03-06T19:37:31.173+0000][386.148s][info ][safepoint   ] Safepoint "Cleanup", Time since last: 23006315329 ns, Reaching safepoint: 913187 ns, Cleanup: 10728 ns, At safepoint: 5318 ns, Total: 929233 ns
[2025-03-06T19:37:34.174+0000][389.150s][debug][safepoint   ] Safepoint synchronization initiated using futex wait barrier. (195 threads)
[2025-03-06T19:37:34.175+0000][389.151s][info ][safepoint   ] Safepoint "Cleanup", Time since last: 3001617626 ns, Reaching safepoint: 897159 ns, Cleanup: 15940 ns, At safepoint: 3061 ns, Total: 916160 ns
[2025-03-06T19:37:37.174+0000][392.152s][debug][safepoint   ] Safepoint synchronization initiated using futex wait barrier. (195 threads)
[2025-03-06T19:37:37.175+0000][392.153s][info ][safepoint   ] Safepoint "Cleanup", Time since last: 3000925718 ns, Reaching safepoint: 925172 ns, Cleanup: 24177 ns, At safepoint: 3534 ns, Total: 952883 ns
[2025-03-06T19:38:22.183+0000][437.162s][debug][safepoint   ] Safepoint synchronization initiated using futex wait barrier. (195 threads)
[2025-03-06T19:38:22.184+0000][437.163s][info ][safepoint   ] Safepoint "Cleanup", Time since last: 45009040126 ns, Reaching safepoint: 767720 ns, Cleanup: 13770 ns, At safepoint: 3159 ns, Total: 784649 ns
[2025-03-06T19:38:29.186+0000][444.164s][debug][safepoint   ] Safepoint synchronization initiated using futex wait barrier. (195 threads)
[2025-03-06T19:38:29.186+0000][444.165s][info ][safepoint   ] Safepoint "Cleanup", Time since last: 7001657611 ns, Reaching safepoint: 323842 ns, Cleanup: 10838 ns, At safepoint: 3496 ns, Total: 338176 ns
[2025-03-06T19:38:34.187+0000][449.165s][debug][safepoint   ] Safepoint synchronization initiated using futex wait barrier. (195 threads)
[2025-03-06T19:38:34.188+0000][449.166s][info ][safepoint   ] Safepoint "Cleanup", Time since last: 5000860042 ns, Reaching safepoint: 684012 ns, Cleanup: 18789 ns, At safepoint: 4760 ns, Total: 707561 ns
[2025-03-06T19:38:39.187+0000][454.167s][debug][safepoint   ] Safepoint synchronization initiated using futex wait barrier. (195 threads)
[2025-03-06T19:38:39.188+0000][454.168s][info ][safepoint   ] Safepoint "Cleanup", Time since last: 5001133382 ns, Reaching safepoint: 833924 ns, Cleanup: 7644 ns, At safepoint: 4040 ns, Total: 845608 ns
[2025-03-06T19:39:34.196+0000][509.178s][debug][safepoint   ] Safepoint synchronization initiated using futex wait barrier. (195 threads)
[2025-03-06T19:39:34.196+0000][509.178s][info ][safepoint   ] Safepoint "Cleanup", Time since last: 55009468905 ns, Reaching safepoint: 510699 ns, Cleanup: 19988 ns, At safepoint: 7245 ns, Total: 537932 ns
[2025-03-06T19:39:39.196+0000][514.180s][debug][safepoint   ] Safepoint synchronization initiated using futex wait barrier. (195 threads)
[2025-03-06T19:39:39.198+0000][514.181s][info ][safepoint   ] Safepoint "Cleanup", Time since last: 5001485491 ns, Reaching safepoint: 1262578 ns, Cleanup: 18524 ns, At safepoint: 3122 ns, Total: 1284224 ns
[2025-03-06T19:39:41.200+0000][516.183s][debug][safepoint   ] Safepoint synchronization initiated using futex wait barrier. (195 threads)
[2025-03-06T19:39:41.200+0000][516.184s][info ][safepoint   ] Safepoint "Cleanup", Time since last: 2001891393 ns, Reaching safepoint: 764786 ns, Cleanup: 10950 ns, At safepoint: 3797 ns, Total: 779533 ns
[2025-03-06T19:40:02.838+0000][537.821s][debug][safepoint   ] Safepoint synchronization initiated using futex wait barrier. (195 threads)
[2025-03-06T19:40:02.839+0000][537.822s][info ][gc,start    ] GC(64) Pause Young (Normal) (G1 Evacuation Pause)
[2025-03-06T19:40:02.839+0000][537.823s][info ][gc,task     ] GC(64) Using 8 workers of 8 for evacuation
[2025-03-06T19:40:02.843+0000][537.826s][info ][gc,phases   ] GC(64)   Pre Evacuate Collection Set: 0.2ms
[2025-03-06T19:40:02.843+0000][537.826s][info ][gc,phases   ] GC(64)   Merge Heap Roots: 0.2ms
[2025-03-06T19:40:02.844+0000][537.827s][info ][gc,phases   ] GC(64)   Evacuate Collection Set: 1.2ms
[2025-03-06T19:40:02.844+0000][537.828s][info ][gc,phases   ] GC(64)   Post Evacuate Collection Set: 1.2ms
[2025-03-06T19:40:02.845+0000][537.828s][info ][gc,phases   ] GC(64)   Other: 1.5ms
[2025-03-06T19:40:02.845+0000][537.829s][info ][gc,heap     ] GC(64) Eden regions: 133->0(136)
[2025-03-06T19:40:02.846+0000][537.829s][info ][gc,heap     ] GC(64) Survivor regions: 2->1(17)
[2025-03-06T19:40:02.847+0000][537.830s][info ][gc,heap     ] GC(64) Old regions: 77->77
[2025-03-06T19:40:02.847+0000][537.830s][info ][gc,heap     ] GC(64) Archive regions: 2->2
[2025-03-06T19:40:02.848+0000][537.831s][info ][gc,heap     ] GC(64) Humongous regions: 0->0
[2025-03-06T19:40:02.848+0000][537.832s][info ][gc,metaspace] GC(64) Metaspace: 180669K(182016K)->180669K(182016K) NonClass: 158262K(158976K)->158262K(158976K) Class: 22406K(23040K)->22406K(23040K)
[2025-03-06T19:40:02.849+0000][537.832s][info ][gc          ] GC(64) Pause Young (Normal) (G1 Evacuation Pause) 422M->155M(496M) 10.598ms
[2025-03-06T19:40:02.849+0000][537.833s][info ][gc,cpu      ] GC(64) User=0.00s Sys=0.01s Real=0.01s
[2025-03-06T19:40:02.850+0000][537.833s][info ][safepoint   ] Safepoint "G1CollectForAllocation", Time since last: 21637439852 ns, Reaching safepoint: 714287 ns, Cleanup: 4657 ns, At safepoint: 11414046 ns, Total: 12132990 ns
[2025-03-06T19:40:21.851+0000][556.836s][debug][safepoint   ] Safepoint synchronization initiated using futex wait barrier. (195 threads)
[2025-03-06T19:40:21.852+0000][556.837s][info ][safepoint   ] Safepoint "Cleanup", Time since last: 19003258439 ns, Reaching safepoint: 876913 ns, Cleanup: 33410 ns, At safepoint: 4225 ns, Total: 914548 ns
[2025-03-06T19:40:29.854+0000][564.839s][debug][safepoint   ] Safepoint synchronization initiated using futex wait barrier. (195 threads)
[2025-03-06T19:40:29.855+0000][564.840s][info ][safepoint   ] Safepoint "Cleanup", Time since last: 8001921973 ns, Reaching safepoint: 806716 ns, Cleanup: 10647 ns, At safepoint: 3681 ns, Total: 821044 ns
[2025-03-06T19:40:30.856+0000][565.841s][debug][safepoint   ] Safepoint synchronization initiated using futex wait barrier. (195 threads)
[2025-03-06T19:40:30.856+0000][565.841s][info ][safepoint   ] Safepoint "Cleanup", Time since last: 1001019173 ns, Reaching safepoint: 434875 ns, Cleanup: 8708 ns, At safepoint: 3919 ns, Total: 447502 ns
[2025-03-06T19:40:31.857+0000][566.842s][debug][safepoint   ] Safepoint synchronization initiated using futex wait barrier. (195 threads)
[2025-03-06T19:40:31.858+0000][566.843s][info ][safepoint   ] Safepoint "Cleanup", Time since last: 1000910485 ns, Reaching safepoint: 820825 ns, Cleanup: 10997 ns, At safepoint: 3768 ns, Total: 835590 ns
[2025-03-06T19:40:34.858+0000][569.844s][debug][safepoint   ] Safepoint synchronization initiated using futex wait barrier. (195 threads)
[2025-03-06T19:40:34.858+0000][569.845s][info ][safepoint   ] Safepoint "Cleanup", Time since last: 3001181997 ns, Reaching safepoint: 633364 ns, Cleanup: 19873 ns, At safepoint: 4766 ns, Total: 658003 ns
[2025-03-06T19:40:39.860+0000][574.847s][debug][safepoint   ] Safepoint synchronization initiated using futex wait barrier. (195 threads)
[2025-03-06T19:40:39.860+0000][574.847s][info ][safepoint   ] Safepoint "Cleanup", Time since last: 5001507364 ns, Reaching safepoint: 471968 ns, Cleanup: 16596 ns, At safepoint: 4246 ns, Total: 492810 ns
[2025-03-06T19:40:41.861+0000][576.848s][debug][safepoint   ] Safepoint synchronization initiated using futex wait barrier. (195 threads)
[2025-03-06T19:40:41.862+0000][576.849s][info ][safepoint   ] Safepoint "Cleanup", Time since last: 2000719024 ns, Reaching safepoint: 847109 ns, Cleanup: 10943 ns, At safepoint: 3155 ns, Total: 861207 ns
[2025-03-06T19:41:11.867+0000][606.855s][debug][safepoint   ] Safepoint synchronization initiated using futex wait barrier. (207 threads)
[2025-03-06T19:41:11.868+0000][606.855s][info ][safepoint   ] Safepoint "Cleanup", Time since last: 30005930294 ns, Reaching safepoint: 759596 ns, Cleanup: 31983 ns, At safepoint: 3944 ns, Total: 795523 ns
[2025-03-06T19:41:14.869+0000][609.857s][debug][safepoint   ] Safepoint synchronization initiated using futex wait barrier. (207 threads)
[2025-03-06T19:41:14.870+0000][609.857s][info ][safepoint   ] Safepoint "Cleanup", Time since last: 3001271153 ns, Reaching safepoint: 788568 ns, Cleanup: 9783 ns, At safepoint: 3080 ns, Total: 801431 ns
[2025-03-06T19:41:16.871+0000][611.858s][debug][safepoint   ] Safepoint synchronization initiated using futex wait barrier. (211 threads)
[2025-03-06T19:41:16.871+0000][611.859s][info ][safepoint   ] Safepoint "Cleanup", Time since last: 2001055430 ns, Reaching safepoint: 459779 ns, Cleanup: 25491 ns, At safepoint: 3989 ns, Total: 489259 ns
[2025-03-06T19:41:17.872+0000][612.860s][debug][safepoint   ] Safepoint synchronization initiated using futex wait barrier. (211 threads)
[2025-03-06T19:41:17.873+0000][612.860s][info ][safepoint   ] Safepoint "Cleanup", Time since last: 1000630446 ns, Reaching safepoint: 778053 ns, Cleanup: 10013 ns, At safepoint: 3574 ns, Total: 791640 ns
[2025-03-06T19:41:21.874+0000][616.862s][debug][safepoint   ] Safepoint synchronization initiated using futex wait barrier. (211 threads)
[2025-03-06T19:41:21.875+0000][616.862s][info ][safepoint   ] Safepoint "Cleanup", Time since last: 4001189183 ns, Reaching safepoint: 757805 ns, Cleanup: 13323 ns, At safepoint: 4123 ns, Total: 775251 ns
[2025-03-06T19:41:24.875+0000][619.863s][debug][safepoint   ] Safepoint synchronization initiated using futex wait barrier. (211 threads)
[2025-03-06T19:41:24.876+0000][619.864s][info ][safepoint   ] Safepoint "Cleanup", Time since last: 3000865628 ns, Reaching safepoint: 791559 ns, Cleanup: 13854 ns, At safepoint: 3628 ns, Total: 809041 ns
[2025-03-06T19:41:29.878+0000][624.866s][debug][safepoint   ] Safepoint synchronization initiated using futex wait barrier. (211 threads)
[2025-03-06T19:41:29.879+0000][624.867s][info ][safepoint   ] Safepoint "Cleanup", Time since last: 5001632334 ns, Reaching safepoint: 1379619 ns, Cleanup: 12075 ns, At safepoint: 4122 ns, Total: 1395816 ns
[2025-03-06T19:41:39.880+0000][634.869s][debug][safepoint   ] Safepoint synchronization initiated using futex wait barrier. (211 threads)
[2025-03-06T19:41:39.881+0000][634.870s][info ][safepoint   ] Safepoint "Cleanup", Time since last: 10002372708 ns, Reaching safepoint: 960298 ns, Cleanup: 13165 ns, At safepoint: 3639 ns, Total: 977102 ns
[2025-03-06T19:41:40.882+0000][635.871s][debug][safepoint   ] Safepoint synchronization initiated using futex wait barrier. (211 threads)
[2025-03-06T19:41:40.882+0000][635.872s][info ][safepoint   ] Safepoint "Cleanup", Time since last: 1000999423 ns, Reaching safepoint: 472704 ns, Cleanup: 11358 ns, At safepoint: 4372 ns, Total: 488434 ns
[2025-03-06T19:41:49.884+0000][644.874s][debug][safepoint   ] Safepoint synchronization initiated using futex wait barrier. (211 threads)
[2025-03-06T19:41:49.885+0000][644.875s][info ][safepoint   ] Safepoint "Cleanup", Time since last: 9002072459 ns, Reaching safepoint: 832958 ns, Cleanup: 10204 ns, At safepoint: 3367 ns, Total: 846529 ns
[2025-03-06T19:41:59.888+0000][654.878s][debug][safepoint   ] Safepoint synchronization initiated using futex wait barrier. (211 threads)
[2025-03-06T19:41:59.889+0000][654.879s][info ][safepoint   ] Safepoint "Cleanup", Time since last: 10002777329 ns, Reaching safepoint: 948760 ns, Cleanup: 20635 ns, At safepoint: 4654 ns, Total: 974049 ns
[2025-03-06T19:42:00.890+0000][655.879s][debug][safepoint   ] Safepoint synchronization initiated using futex wait barrier. (211 threads)
[2025-03-06T19:42:00.891+0000][655.880s][info ][safepoint   ] Safepoint "Cleanup", Time since last: 1000725188 ns, Reaching safepoint: 800913 ns, Cleanup: 11002 ns, At safepoint: 3801 ns, Total: 815716 ns
[2025-03-06T19:42:09.886+0000][664.883s][debug][safepoint   ] Safepoint synchronization initiated using futex wait barrier. (211 threads)
[2025-03-06T19:42:09.887+0000][664.883s][info ][safepoint   ] Safepoint "Cleanup", Time since last: 9002424216 ns, Reaching safepoint: 709451 ns, Cleanup: 35052 ns, At safepoint: 4374 ns, Total: 748877 ns
[2025-03-06T19:42:19.890+0000][674.886s][debug][safepoint   ] Safepoint synchronization initiated using futex wait barrier. (206 threads)
[2025-03-06T19:42:19.890+0000][674.887s][info ][safepoint   ] Safepoint "Cleanup", Time since last: 10002835314 ns, Reaching safepoint: 570320 ns, Cleanup: 11284 ns, At safepoint: 4020 ns, Total: 585624 ns
[2025-03-06T19:42:29.893+0000][684.889s][debug][safepoint   ] Safepoint synchronization initiated using futex wait barrier. (201 threads)
[2025-03-06T19:42:29.894+0000][684.890s][info ][safepoint   ] Safepoint "Cleanup", Time since last: 10002182994 ns, Reaching safepoint: 854816 ns, Cleanup: 11171 ns, At safepoint: 3459 ns, Total: 869446 ns
[2025-03-06T19:42:34.898+0000][689.891s][debug][safepoint   ] Safepoint synchronization initiated using futex wait barrier. (201 threads)
[2025-03-06T19:42:34.899+0000][689.892s][info ][safepoint   ] Safepoint "Cleanup", Time since last: 5001341929 ns, Reaching safepoint: 785280 ns, Cleanup: 11859 ns, At safepoint: 4583 ns, Total: 801722 ns
[2025-03-06T19:42:36.900+0000][691.893s][debug][safepoint   ] Safepoint synchronization initiated using futex wait barrier. (201 threads)
[2025-03-06T19:42:36.900+0000][691.893s][info ][safepoint   ] Safepoint "Cleanup", Time since last: 2000885123 ns, Reaching safepoint: 512970 ns, Cleanup: 12926 ns, At safepoint: 4075 ns, Total: 529971 ns
[2025-03-06T19:42:40.902+0000][695.895s][debug][safepoint   ] Safepoint synchronization initiated using futex wait barrier. (201 threads)
[2025-03-06T19:42:40.903+0000][695.895s][info ][safepoint   ] Safepoint "Cleanup", Time since last: 4001385615 ns, Reaching safepoint: 735435 ns, Cleanup: 8647 ns, At safepoint: 3280 ns, Total: 747362 ns
[2025-03-06T19:42:41.903+0000][696.896s][debug][safepoint   ] Safepoint synchronization initiated using futex wait barrier. (201 threads)
[2025-03-06T19:42:41.904+0000][696.897s][info ][safepoint   ] Safepoint "Cleanup", Time since last: 1000816111 ns, Reaching safepoint: 595936 ns, Cleanup: 14477 ns, At safepoint: 11984 ns, Total: 622397 ns
[2025-03-06T19:43:03.909+0000][718.902s][debug][safepoint   ] Safepoint synchronization initiated using futex wait barrier. (201 threads)
[2025-03-06T19:43:03.910+0000][718.903s][info ][safepoint   ] Safepoint "Cleanup", Time since last: 22005103424 ns, Reaching safepoint: 743219 ns, Cleanup: 14434 ns, At safepoint: 3344 ns, Total: 760997 ns
[2025-03-06T19:43:13.911+0000][728.905s][debug][safepoint   ] Safepoint synchronization initiated using futex wait barrier. (201 threads)
[2025-03-06T19:43:13.912+0000][728.906s][info ][safepoint   ] Safepoint "Cleanup", Time since last: 10002363596 ns, Reaching safepoint: 1254400 ns, Cleanup: 8824 ns, At safepoint: 3738 ns, Total: 1266962 ns
[2025-03-06T19:43:23.916+0000][738.910s][debug][safepoint   ] Safepoint synchronization initiated using futex wait barrier. (199 threads)
[2025-03-06T19:43:23.916+0000][738.911s][info ][safepoint   ] Safepoint "Cleanup", Time since last: 10003377811 ns, Reaching safepoint: 713405 ns, Cleanup: 24282 ns, At safepoint: 2846 ns, Total: 740533 ns
[2025-03-06T19:43:25.917+0000][740.911s][debug][safepoint   ] Safepoint synchronization initiated using futex wait barrier. (199 threads)
[2025-03-06T19:43:25.918+0000][740.912s][info ][safepoint   ] Safepoint "Cleanup", Time since last: 2000835930 ns, Reaching safepoint: 433570 ns, Cleanup: 11043 ns, At safepoint: 3797 ns, Total: 448410 ns
[2025-03-06T19:43:34.918+0000][749.914s][debug][safepoint   ] Safepoint synchronization initiated using futex wait barrier. (196 threads)
[2025-03-06T19:43:34.919+0000][749.915s][info ][safepoint   ] Safepoint "Cleanup", Time since last: 9002408205 ns, Reaching safepoint: 663668 ns, Cleanup: 11423 ns, At safepoint: 3328 ns, Total: 678419 ns
[2025-03-06T19:43:42.921+0000][757.917s][debug][safepoint   ] Safepoint synchronization initiated using futex wait barrier. (196 threads)
[2025-03-06T19:43:42.922+0000][757.918s][info ][safepoint   ] Safepoint "Cleanup", Time since last: 8002145847 ns, Reaching safepoint: 1206881 ns, Cleanup: 13395 ns, At safepoint: 20329 ns, Total: 1240605 ns
[2025-03-06T19:43:48.454+0000][763.450s][debug][safepoint   ] Safepoint synchronization initiated using futex wait barrier. (196 threads)
[2025-03-06T19:43:48.455+0000][763.451s][info ][gc,start    ] GC(65) Pause Young (Concurrent Start) (G1 Evacuation Pause)
[2025-03-06T19:43:48.456+0000][763.451s][info ][gc,task     ] GC(65) Using 8 workers of 8 for evacuation
[2025-03-06T19:43:48.461+0000][763.457s][info ][gc,phases   ] GC(65)   Pre Evacuate Collection Set: 0.6ms
[2025-03-06T19:43:48.461+0000][763.457s][info ][gc,phases   ] GC(65)   Merge Heap Roots: 0.2ms
[2025-03-06T19:43:48.462+0000][763.458s][info ][gc,phases   ] GC(65)   Evacuate Collection Set: 1.8ms
[2025-03-06T19:43:48.462+0000][763.458s][info ][gc,phases   ] GC(65)   Post Evacuate Collection Set: 1.9ms
[2025-03-06T19:43:48.463+0000][763.459s][info ][gc,phases   ] GC(65)   Other: 1.8ms
[2025-03-06T19:43:48.464+0000][763.460s][info ][gc,heap     ] GC(65) Eden regions: 136->0(137)
[2025-03-06T19:43:48.464+0000][763.460s][info ][gc,heap     ] GC(65) Survivor regions: 1->1(18)
[2025-03-06T19:43:48.465+0000][763.461s][info ][gc,heap     ] GC(65) Old regions: 77->77
[2025-03-06T19:43:48.465+0000][763.461s][info ][gc,heap     ] GC(65) Archive regions: 2->2
[2025-03-06T19:43:48.466+0000][763.462s][info ][gc,heap     ] GC(65) Humongous regions: 0->0
[2025-03-06T19:43:48.466+0000][763.462s][info ][gc,metaspace] GC(65) Metaspace: 181016K(182400K)->181016K(182400K) NonClass: 158597K(159296K)->158597K(159296K) Class: 22418K(23104K)->22418K(23104K)
[2025-03-06T19:43:48.467+0000][763.463s][info ][gc          ] GC(65) Pause Young (Concurrent Start) (G1 Evacuation Pause) 427M->155M(496M) 12.334ms
[2025-03-06T19:43:48.468+0000][763.464s][info ][gc,cpu      ] GC(65) User=0.02s Sys=0.00s Real=0.01s
[2025-03-06T19:43:48.468+0000][763.464s][info ][gc          ] GC(66) Concurrent Mark Cycle
[2025-03-06T19:43:48.469+0000][763.465s][info ][gc,marking  ] GC(66) Concurrent Clear Claimed Marks
[2025-03-06T19:43:48.468+0000][763.464s][info ][safepoint   ] Safepoint "G1CollectForAllocation", Time since last: 5531605884 ns, Reaching safepoint: 635833 ns, Cleanup: 5831 ns, At safepoint: 13669498 ns, Total: 14311162 ns
[2025-03-06T19:43:48.470+0000][763.466s][info ][gc,marking  ] GC(66) Concurrent Clear Claimed Marks 0.690ms
[2025-03-06T19:43:48.471+0000][763.466s][info ][gc,marking  ] GC(66) Concurrent Scan Root Regions
[2025-03-06T19:43:48.475+0000][763.471s][info ][gc,marking  ] GC(66) Concurrent Scan Root Regions 4.508ms
[2025-03-06T19:43:48.476+0000][763.472s][info ][gc,marking  ] GC(66) Concurrent Mark
[2025-03-06T19:43:48.476+0000][763.472s][info ][gc,marking  ] GC(66) Concurrent Mark From Roots
[2025-03-06T19:43:48.477+0000][763.473s][info ][gc,task     ] GC(66) Using 2 workers of 2 for marking
[2025-03-06T19:43:48.556+0000][763.552s][info ][gc,marking  ] GC(66) Concurrent Mark From Roots 79.472ms
[2025-03-06T19:43:48.557+0000][763.552s][info ][gc,marking  ] GC(66) Concurrent Preclean
[2025-03-06T19:43:48.557+0000][763.553s][info ][gc,marking  ] GC(66) Concurrent Preclean 0.901ms
[2025-03-06T19:43:48.558+0000][763.554s][debug][safepoint   ] Safepoint synchronization initiated using futex wait barrier. (196 threads)
[2025-03-06T19:43:48.559+0000][763.555s][info ][gc,start    ] GC(66) Pause Remark
[2025-03-06T19:43:48.566+0000][763.561s][info ][gc          ] GC(66) Pause Remark 160M->160M(496M) 6.880ms
[2025-03-06T19:43:48.566+0000][763.562s][info ][gc,cpu      ] GC(66) User=0.04s Sys=0.00s Real=0.00s
[2025-03-06T19:43:48.567+0000][763.563s][info ][safepoint   ] Safepoint "G1PauseRemark", Time since last: 89742710 ns, Reaching safepoint: 631976 ns, Cleanup: 9852 ns, At safepoint: 8467658 ns, Total: 9109486 ns
[2025-03-06T19:43:48.568+0000][763.564s][info ][gc,marking  ] GC(66) Concurrent Mark 91.934ms
[2025-03-06T19:43:48.568+0000][763.564s][info ][gc,marking  ] GC(66) Concurrent Rebuild Remembered Sets
[2025-03-06T19:43:48.615+0000][763.611s][info ][gc,marking  ] GC(66) Concurrent Rebuild Remembered Sets 46.725ms
[2025-03-06T19:43:48.616+0000][763.612s][debug][safepoint   ] Safepoint synchronization initiated using futex wait barrier. (196 threads)
[2025-03-06T19:43:48.616+0000][763.612s][info ][gc,start    ] GC(66) Pause Cleanup
[2025-03-06T19:43:48.617+0000][763.613s][info ][gc          ] GC(66) Pause Cleanup 160M->160M(496M) 0.714ms
[2025-03-06T19:43:48.618+0000][763.614s][info ][gc,cpu      ] GC(66) User=0.00s Sys=0.00s Real=0.00s
[2025-03-06T19:43:48.619+0000][763.614s][info ][safepoint   ] Safepoint "G1PauseCleanup", Time since last: 48701999 ns, Reaching safepoint: 495507 ns, Cleanup: 23861 ns, At safepoint: 2135817 ns, Total: 2655185 ns
[2025-03-06T19:43:48.619+0000][763.615s][info ][gc,marking  ] GC(66) Concurrent Cleanup for Next Mark
[2025-03-06T19:43:48.621+0000][763.617s][info ][gc,marking  ] GC(66) Concurrent Cleanup for Next Mark 1.547ms
[2025-03-06T19:43:48.621+0000][763.617s][info ][gc          ] GC(66) Concurrent Mark Cycle 153.103ms
